CRITICAL:root:아리
CRITICAL:root:르블랑
CRITICAL:root:베이가
CRITICAL:root:애니
CRITICAL:root:제드
CRITICAL:root:신드라
CRITICAL:root:피오라
CRITICAL:root:니달리
CRITICAL:root:트위스티드 페이트
CRITICAL:root:리 신
CRITICAL:root:카사딘
CRITICAL:root:그라가스
CRITICAL:root:브라움
CRITICAL:root:라이즈
CRITICAL:root:사일러스
CRITICAL:root:리산드라
CRITICAL:root:오리아나
CRITICAL:root:세트
CRITICAL:root:요네
CRITICAL:root:판테온
CRITICAL:root:이렐리아
CRITICAL:root:빅토르
CRITICAL:root:레넥톤
CRITICAL:root:제이스
CRITICAL:root:갱플랭크
CRITICAL:root:쓰레쉬
CRITICAL:root:마오카이
CRITICAL:root:카시오페아
CRITICAL:root:럭스
CRITICAL:root:다리우스
CRITICAL:root:마스터 이
CRITICAL:root:신 짜오
CRITICAL:root:애쉬
CRITICAL:root:아트록스
CRITICAL:root:비에고
CRITICAL:root:나르
CRITICAL:root:진
CRITICAL:root:케이틀린
CRITICAL:root:이즈리얼
CRITICAL:root:조이
CRITICAL:root:조이 == 조이
CRITICAL:root:카직스
CRITICAL:root:아무무
CRITICAL:root:자르반 4세
CRITICAL:root:자르반 4세 == 자르반 4세
CRITICAL:root:노틸러스
CRITICAL:root:블리츠크랭크
CRITICAL:root:아무무
CRITICAL:root:럭스
CRITICAL:root:나미
CRITICAL:root:말파이트
CRITICAL:root:쓰레쉬
CRITICAL:root:오른
CRITICAL:root:자르반 4세
CRITICAL:root:모르가나
CRITICAL:root:레오나
CRITICAL:root:파이크
CRITICAL:root:잭스
CRITICAL:root:모데카이저
CRITICAL:root:유미
CRITICAL:root:헤카림
CRITICAL:root:케넨
CRITICAL:root:케넨 == 케넨
CRITICAL:root:아펠리오스
CRITICAL:root:카이사
CRITICAL:root:자야
CRITICAL:root:징크스
CRITICAL:root:이즈리얼
CRITICAL:root:진
CRITICAL:root:진 == 진
CRITICAL:root:이즈리얼
CRITICAL:root:루시안
CRITICAL:root:카이사
CRITICAL:root:자야
CRITICAL:root:카르마
CRITICAL:root:징크스
CRITICAL:root:진
CRITICAL:root:오른
CRITICAL:root:시비르
CRITICAL:root:시비르 == 시비르
CRITICAL:root:라이즈
CRITICAL:root:카서스
CRITICAL:root:카서스 == 카서스
CRITICAL:root:블리츠크랭크
CRITICAL:root:노틸러스
CRITICAL:root:모르가나
CRITICAL:root:레오나
CRITICAL:root:레오나 == 레오나
CRITICAL:root:리 신
CRITICAL:root:사일러스
CRITICAL:root:에코
CRITICAL:root:자르반 4세
CRITICAL:root:마스터 이
CRITICAL:root:카직스
CRITICAL:root:마오카이
CRITICAL:root:요네
CRITICAL:root:케인
CRITICAL:root:아리
CRITICAL:root:탈론
CRITICAL:root:카이사
CRITICAL:root:그라가스
CRITICAL:root:그라가스 == 그라가스
CRITICAL:root:노틸러스
CRITICAL:root:라칸
CRITICAL:root:라칸 == 라칸
CRITICAL:root:잭스
CRITICAL:root:그라가스
CRITICAL:root:오른
CRITICAL:root:레넥톤
CRITICAL:root:모데카이저
CRITICAL:root:카밀
CRITICAL:root:뽀삐
CRITICAL:root:레오나
CRITICAL:root:쉔
CRITICAL:root:마오카이
CRITICAL:root:아트록스
CRITICAL:root:아트록스 == 아트록스
CRITICAL:root:쓰레쉬
CRITICAL:root:이즈리얼
CRITICAL:root:카이사
CRITICAL:root:바드
CRITICAL:root:진
CRITICAL:root:블리츠크랭크
CRITICAL:root:노틸러스
CRITICAL:root:직스
CRITICAL:root:자야
CRITICAL:root:바루스
CRITICAL:root:라칸
CRITICAL:root:밀리오
CRITICAL:root:파이크
CRITICAL:root:케이틀린
CRITICAL:root:징크스
CRITICAL:root:리 신
CRITICAL:root:트리스타나
CRITICAL:root:유미
CRITICAL:root:애쉬
CRITICAL:root:럭스
CRITICAL:root:사일러스
CRITICAL:root:시비르
CRITICAL:root:쉔
CRITICAL:root:레오나
CRITICAL:root:에코
CRITICAL:root:엘리스
CRITICAL:root:아리
CRITICAL:root:룰루
CRITICAL:root:그레이브즈
CRITICAL:root:미스 포츈
CRITICAL:root:제이스
CRITICAL:root:헤카림
CRITICAL:root:베이가
CRITICAL:root:르블랑
CRITICAL:root:르블랑 == 르블랑
CRITICAL:root:노틸러스
CRITICAL:root:루시안
CRITICAL:root:루시안 == 루시안
CRITICAL:root:사일러스
CRITICAL:root:루시안
CRITICAL:root:애니
CRITICAL:root:벡스
CRITICAL:root:럼블
CRITICAL:root:럼블 == 럼블
CRITICAL:root:리 신
CRITICAL:root:바루스
CRITICAL:root:바이
CRITICAL:root:니달리
CRITICAL:root:쓰레쉬
CRITICAL:root:세주아니
CRITICAL:root:오공
CRITICAL:root:아리
CRITICAL:root:비에고
CRITICAL:root:킨드레드
CRITICAL:root:엘리스
CRITICAL:root:리산드라
CRITICAL:root:그라가스
CRITICAL:root:럼블
CRITICAL:root:카직스
CRITICAL:root:이렐리아
CRITICAL:root:레넥톤
CRITICAL:root:유미
CRITICAL:root:그레이브즈
CRITICAL:root:뽀삐
CRITICAL:root:알리스타
CRITICAL:root:다리우스
CRITICAL:root:파이크
CRITICAL:root:카르마
CRITICAL:root:자르반 4세
CRITICAL:root:말파이트
CRITICAL:root:루시안
CRITICAL:root:사일러스
CRITICAL:root:오른
CRITICAL:root:마오카이
CRITICAL:root:진
CRITICAL:root:피오라
CRITICAL:root:라칸
CRITICAL:root:이즈리얼
CRITICAL:root:니코
CRITICAL:root:에코
CRITICAL:root:탐 켄치
CRITICAL:root:제드
CRITICAL:root:노틸러스
CRITICAL:root:케넨
CRITICAL:root:케넨 == 케넨
CRITICAL:root:크산테
CRITICAL:root:판테온
CRITICAL:root:잭스
CRITICAL:root:레넥톤
CRITICAL:root:피오라
CRITICAL:root:피오라 == 피오라
CRITICAL:root:탈론
CRITICAL:root:탈론 == 탈론
CRITICAL:root:룰루
CRITICAL:root:룰루 == 룰루
CRITICAL:root:리븐
CRITICAL:root:블라디미르
CRITICAL:root:나서스
CRITICAL:root:오른
CRITICAL:root:피오라
CRITICAL:root:우디르
CRITICAL:root:이즈리얼
CRITICAL:root:케인
CRITICAL:root:베인
CRITICAL:root:카이사
CRITICAL:root:제라스
CRITICAL:root:제라스 == 제라스
CRITICAL:root:아트록스
CRITICAL:root:빅토르
CRITICAL:root:제라스
CRITICAL:root:노틸러스
CRITICAL:root:리산드라
CRITICAL:root:마오카이
CRITICAL:root:다이애나
CRITICAL:root:베이가
CRITICAL:root:말자하
CRITICAL:root:말자하 == 말자하
CRITICAL:root:우르곳
CRITICAL:root:우르곳 == 우르곳
CRITICAL:root:자야
CRITICAL:root:이즈리얼
CRITICAL:root:오공
CRITICAL:root:카이사
CRITICAL:root:바루스
CRITICAL:root:진
CRITICAL:root:쓰레쉬
CRITICAL:root:징크스
CRITICAL:root:케이틀린
CRITICAL:root:카르마
CRITICAL:root:블리츠크랭크
CRITICAL:root:노틸러스
CRITICAL:root:리 신
CRITICAL:root:라칸
CRITICAL:root:라칸 == 라칸
CRITICAL:root:루시안
CRITICAL:root:루시안 == 루시안
CRITICAL:root:니달리
CRITICAL:root:니달리 == 니달리
CRITICAL:root:이즈리얼
CRITICAL:root:진
CRITICAL:root:징크스
CRITICAL:root:바루스
CRITICAL:root:루시안
CRITICAL:root:루시안 == 루시안
CRITICAL:root:럼블
CRITICAL:root:빅토르
CRITICAL:root:빅토르 == 빅토르
CRITICAL:root:제리 느억쩜 26
CRITICAL:root:Traceback (most recent call last):
  File "/Users/nicode./MainSpace/BigDataTermendProject/OpggProficiencyCrawler.py", line 35, in <module>
    cnn = elem.select_one("td:nth-child(2) > div.champion-container > div.summoner-name > a").text
AttributeError: 'NoneType' object has no attribute 'text'

CRITICAL:root:아우렐리온 솔
CRITICAL:root:아우렐리온 솔 == 아우렐리온 솔
CRITICAL:root:루시안
CRITICAL:root:크산테
CRITICAL:root:아트록스
CRITICAL:root:진
CRITICAL:root:제리
CRITICAL:root:사이온
CRITICAL:root:다리우스
CRITICAL:root:사미라
CRITICAL:root:그레이브즈
CRITICAL:root:이렐리아
CRITICAL:root:이즈리얼
CRITICAL:root:블라디미르
CRITICAL:root:피오라
CRITICAL:root:리 신
CRITICAL:root:브라움
CRITICAL:root:잭스
CRITICAL:root:케일
CRITICAL:root:케인
CRITICAL:root:바이
CRITICAL:root:징크스
CRITICAL:root:아리
CRITICAL:root:르블랑
CRITICAL:root:자야
CRITICAL:root:비에고
CRITICAL:root:나르
CRITICAL:root:렝가
CRITICAL:root:판테온
CRITICAL:root:마스터 이
CRITICAL:root:소라카
CRITICAL:root:야스오
CRITICAL:root:노틸러스
CRITICAL:root:세트
CRITICAL:root:갱플랭크
CRITICAL:root:유미
CRITICAL:root:케이틀린
CRITICAL:root:코그모
CRITICAL:root:탈론
CRITICAL:root:카이사
CRITICAL:root:그라가스
CRITICAL:root:레넥톤
CRITICAL:root:아우렐리온 솔
CRITICAL:root:트린다미어
CRITICAL:root:신지드
CRITICAL:root:애니비아
CRITICAL:root:레오나
CRITICAL:root:빅토르
CRITICAL:root:자르반 4세
CRITICAL:root:사일러스
CRITICAL:root:질리언
CRITICAL:root:말자하
CRITICAL:root:나서스
CRITICAL:root:뽀삐
CRITICAL:root:말파이트
CRITICAL:root:쓰레쉬
CRITICAL:root:가렌
CRITICAL:root:모데카이저
CRITICAL:root:밀리오
CRITICAL:root:밀리오 == 밀리오
CRITICAL:root:리 신
CRITICAL:root:사일러스
CRITICAL:root:사일러스 == 사일러스
CRITICAL:root:이렐리아
CRITICAL:root:제이스
CRITICAL:root:아칼리
CRITICAL:root:이즈리얼
CRITICAL:root:크산테
CRITICAL:root:다리우스
CRITICAL:root:리븐
CRITICAL:root:아트록스
CRITICAL:root:말파이트
CRITICAL:root:뽀삐
CRITICAL:root:베이가
CRITICAL:root:루시안
CRITICAL:root:피오라
CRITICAL:root:잭스
CRITICAL:root:징크스
CRITICAL:root:징크스 == 징크스
CRITICAL:root:벡스
CRITICAL:root:그레이브즈
CRITICAL:root:그레이브즈 == 그레이브즈
CRITICAL:root:밀리오
CRITICAL:root:세나
CRITICAL:root:아리
CRITICAL:root:쓰레쉬
CRITICAL:root:그레이브즈
CRITICAL:root:세라핀
CRITICAL:root:잔나
CRITICAL:root:나미
CRITICAL:root:블리츠크랭크
CRITICAL:root:노틸러스
CRITICAL:root:바드
CRITICAL:root:스웨인
CRITICAL:root:트위스티드 페이트
CRITICAL:root:르블랑
CRITICAL:root:야스오
CRITICAL:root:애니비아
CRITICAL:root:렐
CRITICAL:root:레넥톤
CRITICAL:root:리 신
CRITICAL:root:판테온
CRITICAL:root:니달리
CRITICAL:root:킨드레드
CRITICAL:root:자르반 4세
CRITICAL:root:럭스
CRITICAL:root:유미
CRITICAL:root:신드라
CRITICAL:root:자이라
CRITICAL:root:세주아니
CRITICAL:root:제드
CRITICAL:root:사일러스
CRITICAL:root:엘리스
CRITICAL:root:카서스
CRITICAL:root:바루스
CRITICAL:root:애쉬
CRITICAL:root:잭스
CRITICAL:root:이즈리얼
CRITICAL:root:라칸
CRITICAL:root:카직스
CRITICAL:root:레오나
CRITICAL:root:룰루
CRITICAL:root:자야
CRITICAL:root:모르가나
CRITICAL:root:제라스
CRITICAL:root:초가스
CRITICAL:root:진
CRITICAL:root:요네
CRITICAL:root:아지르
CRITICAL:root:마오카이
CRITICAL:root:피오라
CRITICAL:root:미스 포츈
CRITICAL:root:렝가
CRITICAL:root:애니
CRITICAL:root:카시오페아
CRITICAL:root:세트
CRITICAL:root:칼리스타
CRITICAL:root:녹턴
CRITICAL:root:리산드라
CRITICAL:root:리산드라 == 리산드라
CRITICAL:root:니달리
CRITICAL:root:오공
CRITICAL:root:에코
CRITICAL:root:닐라
CRITICAL:root:비에고
CRITICAL:root:아펠리오스
CRITICAL:root:케인
CRITICAL:root:그라가스
CRITICAL:root:그레이브즈
CRITICAL:root:야스오
CRITICAL:root:신 짜오
CRITICAL:root:신 짜오 == 신 짜오
CRITICAL:root:카르마
CRITICAL:root:룰루
CRITICAL:root:럭스
CRITICAL:root:이즈리얼
CRITICAL:root:징크스
CRITICAL:root:제라스
CRITICAL:root:세라핀
CRITICAL:root:자야
CRITICAL:root:루시안
CRITICAL:root:루시안 == 루시안
CRITICAL:root:아지르
CRITICAL:root:아지르 == 아지르
CRITICAL:root:아리
CRITICAL:root:블라디미르
CRITICAL:root:레넥톤
CRITICAL:root:리산드라
CRITICAL:root:리산드라 == 리산드라
CRITICAL:root:아펠리오스
CRITICAL:root:아펠리오스 == 아펠리오스
CRITICAL:root:사이온
CRITICAL:root:아칼리
CRITICAL:root:아칼리 == 아칼리
CRITICAL:root:다리우스
CRITICAL:root:다리우스 == 다리우스
CRITICAL:root:파이크
CRITICAL:root:킨드레드
CRITICAL:root:카르마
CRITICAL:root:사일러스
CRITICAL:root:하이머딩거
CRITICAL:root:그라가스
CRITICAL:root:그레이브즈
CRITICAL:root:누누와 윌럼프
CRITICAL:root:이즈리얼
CRITICAL:root:피들스틱
CRITICAL:root:비에고
CRITICAL:root:르블랑
CRITICAL:root:아무무
CRITICAL:root:말파이트
CRITICAL:root:케인
CRITICAL:root:럭스
CRITICAL:root:블리츠크랭크
CRITICAL:root:엘리스
CRITICAL:root:진
CRITICAL:root:케넨
CRITICAL:root:케넨 == 케넨
CRITICAL:root:말파이트
CRITICAL:root:말파이트 == 말파이트
CRITICAL:root:이렐리아
CRITICAL:root:이렐리아 == 이렐리아
CRITICAL:root:드레이븐
CRITICAL:root:드레이븐 == 드레이븐
CRITICAL:root:아트록스
CRITICAL:root:아트록스 == 아트록스
CRITICAL:root:야스오
CRITICAL:root:트린다미어
CRITICAL:root:아우렐리온 솔
CRITICAL:root:요네
CRITICAL:root:요네 == 요네
CRITICAL:root:쉔
CRITICAL:root:세트
CRITICAL:root:세트 == 세트
CRITICAL:root:아이번
CRITICAL:root:그레이브즈
CRITICAL:root:자르반 4세
CRITICAL:root:케인
CRITICAL:root:케인 == 케인
CRITICAL:root:다리우스
CRITICAL:root:레넥톤
CRITICAL:root:레넥톤 == 레넥톤
CRITICAL:root:그라가스
CRITICAL:root:헤카림
CRITICAL:root:그레이브즈
CRITICAL:root:사일러스
CRITICAL:root:리 신
CRITICAL:root:요네
CRITICAL:root:킨드레드
CRITICAL:root:킨드레드 == 킨드레드
CRITICAL:root:질리언
CRITICAL:root:질리언 == 질리언
CRITICAL:root:애니비아
CRITICAL:root:애니비아 == 애니비아
CRITICAL:root:이즈리얼
CRITICAL:root:아펠리오스
CRITICAL:root:진
CRITICAL:root:진 == 진
CRITICAL:root:세나 강력반형사장강력 54
CRITICAL:root:Traceback (most recent call last):
  File "/Users/nicode./MainSpace/BigDataTermendProject/OpggProficiencyCrawler.py", line 35, in <module>
    cnn = elem.select_one("td:nth-child(2) > div.champion-container > div.summoner-name > a").text
AttributeError: 'NoneType' object has no attribute 'text'

CRITICAL:root:제이스
CRITICAL:root:아트록스
CRITICAL:root:잭스
CRITICAL:root:크산테
CRITICAL:root:나서스
CRITICAL:root:나서스 == 나서스
CRITICAL:root:리 신
CRITICAL:root:자르반 4세
CRITICAL:root:이즈리얼
CRITICAL:root:징크스
CRITICAL:root:루시안
CRITICAL:root:루시안 == 루시안
CRITICAL:root:그레이브즈
CRITICAL:root:자르반 4세
CRITICAL:root:리 신
CRITICAL:root:리 신 == 리 신
CRITICAL:root:사일러스
CRITICAL:root:사일러스 == 사일러스
CRITICAL:root:세나
CRITICAL:root:진
CRITICAL:root:징크스
CRITICAL:root:자야
CRITICAL:root:이즈리얼
CRITICAL:root:베이가
CRITICAL:root:직스
CRITICAL:root:루시안
CRITICAL:root:유미
CRITICAL:root:아리
CRITICAL:root:아리 == 아리
CRITICAL:root:르블랑
CRITICAL:root:진
CRITICAL:root:진 == 진
CRITICAL:root:리 신
CRITICAL:root:그레이브즈
CRITICAL:root:세주아니
CRITICAL:root:에코
CRITICAL:root:사일러스
CRITICAL:root:쓰레쉬
CRITICAL:root:그라가스
CRITICAL:root:릴리아
CRITICAL:root:나르
CRITICAL:root:킨드레드
CRITICAL:root:킨드레드 == 킨드레드
CRITICAL:root:카이사
CRITICAL:root:카이사 == 카이사
CRITICAL:root:샤코
CRITICAL:root:사일러스
CRITICAL:root:사일러스 == 사일러스
CRITICAL:root:제리
CRITICAL:root:아크샨
CRITICAL:root:트위치
CRITICAL:root:샤코
CRITICAL:root:키아나
CRITICAL:root:세라핀
CRITICAL:root:코르키
CRITICAL:root:아지르
CRITICAL:root:조이
CRITICAL:root:아펠리오스
CRITICAL:root:바루스
CRITICAL:root:자야
CRITICAL:root:닐라
CRITICAL:root:판테온
CRITICAL:root:베이가
CRITICAL:root:에코
CRITICAL:root:케이틀린
CRITICAL:root:제라스
CRITICAL:root:시비르
CRITICAL:root:트위스티드 페이트
CRITICAL:root:트위스티드 페이트 == 트위스티드 페이트
CRITICAL:root:야스오
CRITICAL:root:요네
CRITICAL:root:아트록스
CRITICAL:root:사일러스
CRITICAL:root:제드
CRITICAL:root:트위스티드 페이트
CRITICAL:root:트위스티드 페이트 == 트위스티드 페이트
CRITICAL:root:제리
CRITICAL:root:제리 == 제리
CRITICAL:root:빅토르
CRITICAL:root:그레이브즈
CRITICAL:root:리 신
CRITICAL:root:사일러스
CRITICAL:root:에코
CRITICAL:root:렉사이
CRITICAL:root:렉사이 == 렉사이
CRITICAL:root:닐라
CRITICAL:root:리 신
CRITICAL:root:아칼리
CRITICAL:root:제리
CRITICAL:root:자야
CRITICAL:root:벡스
CRITICAL:root:세주아니
CRITICAL:root:모르가나
CRITICAL:root:라이즈
CRITICAL:root:케인
CRITICAL:root:사일러스
CRITICAL:root:라칸
CRITICAL:root:블라디미르
CRITICAL:root:이즈리얼
CRITICAL:root:징크스
CRITICAL:root:세나
CRITICAL:root:그웬
CRITICAL:root:르블랑
CRITICAL:root:쉔
CRITICAL:root:애쉬
CRITICAL:root:애쉬 == 애쉬
CRITICAL:root:라이즈
CRITICAL:root:라이즈 == 라이즈
CRITICAL:root:이렐리아
CRITICAL:root:잭스
CRITICAL:root:요네
CRITICAL:root:케일
CRITICAL:root:케일 == 케일
CRITICAL:root:제드
CRITICAL:root:아우렐리온 솔
CRITICAL:root:이렐리아
CRITICAL:root:탈론
CRITICAL:root:사일러스
CRITICAL:root:야스오
CRITICAL:root:야스오 == 야스오
CRITICAL:root:사일러스
CRITICAL:root:리 신
CRITICAL:root:아리
CRITICAL:root:카이사
CRITICAL:root:이즈리얼
CRITICAL:root:사미라
CRITICAL:root:야스오
CRITICAL:root:레넥톤
CRITICAL:root:요네
CRITICAL:root:리산드라
CRITICAL:root:리산드라 == 리산드라
CRITICAL:root:마오카이
CRITICAL:root:마오카이 == 마오카이
CRITICAL:root:잭스
CRITICAL:root:사일러스
CRITICAL:root:마스터 이
CRITICAL:root:리 신
CRITICAL:root:헤카림
CRITICAL:root:에코
CRITICAL:root:케인
CRITICAL:root:카직스
CRITICAL:root:판테온
CRITICAL:root:니코
CRITICAL:root:마오카이
CRITICAL:root:그레이브즈
CRITICAL:root:렉사이
CRITICAL:root:우디르
CRITICAL:root:비에고
CRITICAL:root:아우렐리온 솔
CRITICAL:root:파이크
CRITICAL:root:모데카이저
CRITICAL:root:벨베스
CRITICAL:root:다이애나
CRITICAL:root:신 짜오
CRITICAL:root:킨드레드
CRITICAL:root:킨드레드 == 킨드레드
CRITICAL:root:사미라
CRITICAL:root:자야
CRITICAL:root:이즈리얼
CRITICAL:root:징크스
CRITICAL:root:카이사
CRITICAL:root:제리
CRITICAL:root:제리 == 제리
CRITICAL:root:뽀삐
CRITICAL:root:그웬
CRITICAL:root:그웬 == 그웬
CRITICAL:root:제드
CRITICAL:root:야스오
CRITICAL:root:리산드라
CRITICAL:root:카시오페아
CRITICAL:root:아리
CRITICAL:root:아리 == 아리
CRITICAL:root:카타리나
CRITICAL:root:이렐리아
CRITICAL:root:제드
CRITICAL:root:벡스
CRITICAL:root:리산드라
CRITICAL:root:트위스티드 페이트
CRITICAL:root:이즈리얼
CRITICAL:root:이즈리얼 == 이즈리얼
CRITICAL:root:노틸러스
CRITICAL:root:노틸러스 == 노틸러스
CRITICAL:root:아크샨
CRITICAL:root:아리
CRITICAL:root:크산테
CRITICAL:root:그라가스
CRITICAL:root:그라가스 == 그라가스
CRITICAL:root:샤코
CRITICAL:root:세트
CRITICAL:root:다리우스
CRITICAL:root:요네
CRITICAL:root:야스오
CRITICAL:root:카사딘
CRITICAL:root:제드
CRITICAL:root:브랜드
CRITICAL:root:그라가스
CRITICAL:root:마오카이
CRITICAL:root:파이크
CRITICAL:root:피들스틱
CRITICAL:root:블라디미르
CRITICAL:root:블라디미르 == 블라디미르
CRITICAL:root:바이
CRITICAL:root:룰루
CRITICAL:root:에코
CRITICAL:root:노틸러스
CRITICAL:root:카타리나
CRITICAL:root:람머스
CRITICAL:root:유미
CRITICAL:root:라칸
CRITICAL:root:아우렐리온 솔
CRITICAL:root:요네
CRITICAL:root:자르반 4세
CRITICAL:root:세주아니
CRITICAL:root:이즈리얼
CRITICAL:root:카르마
CRITICAL:root:마오카이
CRITICAL:root:트위스티드 페이트
CRITICAL:root:레넥톤
CRITICAL:root:블리츠크랭크
CRITICAL:root:브랜드
CRITICAL:root:녹턴
CRITICAL:root:빅토르
CRITICAL:root:사일러스
CRITICAL:root:그레이브즈
CRITICAL:root:이블린
CRITICAL:root:오공
CRITICAL:root:모르가나
CRITICAL:root:밀리오
CRITICAL:root:밀리오 == 밀리오
CRITICAL:root:카이사
CRITICAL:root:이즈리얼
CRITICAL:root:마오카이
CRITICAL:root:제이스
CRITICAL:root:베인
CRITICAL:root:징크스
CRITICAL:root:케이틀린
CRITICAL:root:케일
CRITICAL:root:사미라
CRITICAL:root:잭스
CRITICAL:root:말파이트
CRITICAL:root:드레이븐
CRITICAL:root:자야
CRITICAL:root:진
CRITICAL:root:야스오
CRITICAL:root:알리스타
CRITICAL:root:카르마
CRITICAL:root:루시안
CRITICAL:root:애쉬
CRITICAL:root:바루스
CRITICAL:root:쓰레쉬
CRITICAL:root:레오나
CRITICAL:root:빅토르
CRITICAL:root:레넥톤
CRITICAL:root:사일러스
CRITICAL:root:피오라
CRITICAL:root:트리스타나
CRITICAL:root:룰루
CRITICAL:root:티모
CRITICAL:root:오른
CRITICAL:root:노틸러스
CRITICAL:root:럼블
CRITICAL:root:하이머딩거
CRITICAL:root:그레이브즈
CRITICAL:root:아펠리오스
CRITICAL:root:나서스
CRITICAL:root:소라카
CRITICAL:root:올라프
CRITICAL:root:애니
CRITICAL:root:브라움
CRITICAL:root:제라스
CRITICAL:root:카직스
CRITICAL:root:트위스티드 페이트
CRITICAL:root:다리우스
CRITICAL:root:블라디미르
CRITICAL:root:블라디미르 == 블라디미르
CRITICAL:root:요네
CRITICAL:root:야스오
CRITICAL:root:야스오 == 야스오
CRITICAL:root:케이틀린
CRITICAL:root:카이사
CRITICAL:root:이즈리얼
CRITICAL:root:루시안
CRITICAL:root:제리
CRITICAL:root:자야
CRITICAL:root:아펠리오스
CRITICAL:root:징크스
CRITICAL:root:아리
CRITICAL:root:진
CRITICAL:root:코그모
CRITICAL:root:칼리스타
CRITICAL:root:바루스
CRITICAL:root:제이스
CRITICAL:root:트리스타나
CRITICAL:root:트위치
CRITICAL:root:그라가스
CRITICAL:root:블라디미르
CRITICAL:root:블라디미르 == 블라디미르
CRITICAL:root:아칼리
CRITICAL:root:아칼리 == 아칼리
CRITICAL:root:사일러스
CRITICAL:root:빅토르
CRITICAL:root:제라스
CRITICAL:root:아지르
CRITICAL:root:이렐리아
CRITICAL:root:갈리오
CRITICAL:root:블라디미르
CRITICAL:root:블라디미르 == 블라디미르
CRITICAL:root:노틸러스
CRITICAL:root:노틸러스 == 노틸러스
CRITICAL:root:모데카이저
CRITICAL:root:모데카이저 == 모데카이저
CRITICAL:root:징크스
CRITICAL:root:이즈리얼
CRITICAL:root:다이애나
CRITICAL:root:카이사
CRITICAL:root:카이사 == 카이사
CRITICAL:root:잭스
CRITICAL:root:라칸
CRITICAL:root:쉔
CRITICAL:root:사이온
CRITICAL:root:사이온 == 사이온
CRITICAL:root:쓰레쉬
CRITICAL:root:나미
CRITICAL:root:나미 == 나미
CRITICAL:root:다이애나
CRITICAL:root:람머스
CRITICAL:root:마오카이
CRITICAL:root:렉사이
CRITICAL:root:렉사이 == 렉사이
CRITICAL:root:아펠리오스
CRITICAL:root:니달리
CRITICAL:root:니달리 == 니달리
CRITICAL:root:블리츠크랭크
CRITICAL:root:라칸
CRITICAL:root:쓰레쉬
CRITICAL:root:노틸러스
CRITICAL:root:레오나
CRITICAL:root:아무무
CRITICAL:root:마오카이
CRITICAL:root:오른
CRITICAL:root:제라스
CRITICAL:root:초가스
CRITICAL:root:아트록스
CRITICAL:root:소라카
CRITICAL:root:소라카 == 소라카
CRITICAL:root:제이스
CRITICAL:root:진
CRITICAL:root:진 == 진
CRITICAL:root:나르
CRITICAL:root:세나
CRITICAL:root:레오나
CRITICAL:root:알리스타
CRITICAL:root:말파이트
CRITICAL:root:케일
CRITICAL:root:케일 == 케일
CRITICAL:root:조이
CRITICAL:root:아리
CRITICAL:root:아리 == 아리
CRITICAL:root:레넥톤
CRITICAL:root:럼블
CRITICAL:root:카밀
CRITICAL:root:카밀 == 카밀
CRITICAL:root:아리
CRITICAL:root:아리 == 아리
CRITICAL:root:이렐리아
CRITICAL:root:세트
CRITICAL:root:다리우스
CRITICAL:root:그웬
CRITICAL:root:요네
CRITICAL:root:아트록스
CRITICAL:root:레넥톤
CRITICAL:root:레넥톤 == 레넥톤
CRITICAL:root:이즈리얼
CRITICAL:root:케이틀린
CRITICAL:root:크산테
CRITICAL:root:제리
CRITICAL:root:카이사
CRITICAL:root:진
CRITICAL:root:징크스
CRITICAL:root:뽀삐
CRITICAL:root:레넥톤
CRITICAL:root:요네
CRITICAL:root:아리
CRITICAL:root:아리 == 아리
CRITICAL:root:카타리나 광배고립 103
CRITICAL:root:Traceback (most recent call last):
  File "/Users/nicode./MainSpace/BigDataTermendProject/OpggProficiencyCrawler.py", line 35, in <module>
    cnn = elem.select_one("td:nth-child(2) > div.champion-container > div.summoner-name > a").text
AttributeError: 'NoneType' object has no attribute 'text'

CRITICAL:root:아펠리오스
CRITICAL:root:이즈리얼
CRITICAL:root:루시안
CRITICAL:root:루시안 == 루시안
CRITICAL:root:그라가스
CRITICAL:root:사일러스
CRITICAL:root:리 신
CRITICAL:root:진
CRITICAL:root:자크
CRITICAL:root:오공
CRITICAL:root:니달리
CRITICAL:root:마스터 이
CRITICAL:root:에코
CRITICAL:root:헤카림
CRITICAL:root:엘리스
CRITICAL:root:바이
CRITICAL:root:애니비아
CRITICAL:root:렝가
CRITICAL:root:릴리아
CRITICAL:root:자르반 4세
CRITICAL:root:카직스
CRITICAL:root:세주아니
CRITICAL:root:카서스
CRITICAL:root:카서스 == 카서스
CRITICAL:root:바루스
CRITICAL:root:카서스
CRITICAL:root:이블린
CRITICAL:root:킨드레드
CRITICAL:root:볼리베어
CRITICAL:root:아펠리오스
CRITICAL:root:사일러스
CRITICAL:root:벨베스
CRITICAL:root:녹턴
CRITICAL:root:카직스
CRITICAL:root:누누와 윌럼프
CRITICAL:root:벡스
CRITICAL:root:뽀삐
CRITICAL:root:그레이브즈
CRITICAL:root:그레이브즈 == 그레이브즈
CRITICAL:root:제이스
CRITICAL:root:녹턴
CRITICAL:root:녹턴 == 녹턴
CRITICAL:root:타릭
CRITICAL:root:쓰레쉬
CRITICAL:root:밀리오
CRITICAL:root:라칸
CRITICAL:root:블리츠크랭크
CRITICAL:root:블리츠크랭크 == 블리츠크랭크
CRITICAL:root:니달리
CRITICAL:root:킨드레드
CRITICAL:root:킨드레드 == 킨드레드
CRITICAL:root:니달리
CRITICAL:root:제리
CRITICAL:root:케인
CRITICAL:root:자야
CRITICAL:root:리 신
CRITICAL:root:징크스
CRITICAL:root:사미라
CRITICAL:root:사일러스
CRITICAL:root:비에고
CRITICAL:root:이즈리얼
CRITICAL:root:아리
CRITICAL:root:칼리스타
CRITICAL:root:신드라
CRITICAL:root:제드
CRITICAL:root:루시안
CRITICAL:root:트위스티드 페이트
CRITICAL:root:케이틀린
CRITICAL:root:티모
CRITICAL:root:카타리나
CRITICAL:root:카타리나 == 카타리나
CRITICAL:root:쓰레쉬
CRITICAL:root:룰루
CRITICAL:root:카르마
CRITICAL:root:유미
CRITICAL:root:유미 == 유미
CRITICAL:root:아리
CRITICAL:root:아리 == 아리
CRITICAL:root:리 신
CRITICAL:root:자르반 4세
CRITICAL:root:쓰레쉬
CRITICAL:root:녹턴
CRITICAL:root:카직스
CRITICAL:root:쉔
CRITICAL:root:레오나
CRITICAL:root:레오나 == 레오나
CRITICAL:root:제이스
CRITICAL:root:아펠리오스
CRITICAL:root:드레이븐
CRITICAL:root:루시안
CRITICAL:root:바루스
CRITICAL:root:말파이트
CRITICAL:root:자야
CRITICAL:root:케이틀린
CRITICAL:root:징크스
CRITICAL:root:이즈리얼
CRITICAL:root:오리아나
CRITICAL:root:리 신
CRITICAL:root:이렐리아
CRITICAL:root:트위스티드 페이트
CRITICAL:root:진
CRITICAL:root:사이온
CRITICAL:root:아지르
CRITICAL:root:럼블
CRITICAL:root:아리
CRITICAL:root:올라프
CRITICAL:root:헤카림
CRITICAL:root:탈론
CRITICAL:root:사일러스
CRITICAL:root:블리츠크랭크
CRITICAL:root:잭스
CRITICAL:root:마오카이
CRITICAL:root:쓰레쉬
CRITICAL:root:카밀
CRITICAL:root:갱플랭크
CRITICAL:root:제리
CRITICAL:root:그레이브즈
CRITICAL:root:그라가스
CRITICAL:root:아트록스
CRITICAL:root:레넥톤
CRITICAL:root:자크
CRITICAL:root:크산테
CRITICAL:root:엘리스
CRITICAL:root:카시오페아
CRITICAL:root:라칸
CRITICAL:root:오공
CRITICAL:root:카이사
CRITICAL:root:나서스
CRITICAL:root:나서스 == 나서스
CRITICAL:root:닐라
CRITICAL:root:제리
CRITICAL:root:카이사
CRITICAL:root:이즈리얼
CRITICAL:root:사미라
CRITICAL:root:애쉬
CRITICAL:root:자야
CRITICAL:root:진
CRITICAL:root:루시안
CRITICAL:root:징크스
CRITICAL:root:트리스타나
CRITICAL:root:룰루
CRITICAL:root:바루스
CRITICAL:root:유미
CRITICAL:root:트위치
CRITICAL:root:라칸
CRITICAL:root:카르마
CRITICAL:root:리 신
CRITICAL:root:노틸러스
CRITICAL:root:탈론
CRITICAL:root:애니
CRITICAL:root:아펠리오스
CRITICAL:root:카타리나
CRITICAL:root:카시오페아
CRITICAL:root:시비르
CRITICAL:root:코그모
CRITICAL:root:코그모 == 코그모
CRITICAL:root:잭스
CRITICAL:root:잭스 == 잭스
CRITICAL:root:리 신
CRITICAL:root:갱플랭크
CRITICAL:root:사일러스
CRITICAL:root:제이스
CRITICAL:root:아우렐리온 솔
CRITICAL:root:루시안
CRITICAL:root:진
CRITICAL:root:킨드레드
CRITICAL:root:애니
CRITICAL:root:뽀삐
CRITICAL:root:르블랑
CRITICAL:root:트위치
CRITICAL:root:아펠리오스
CRITICAL:root:니달리
CRITICAL:root:트위스티드 페이트
CRITICAL:root:쓰레쉬
CRITICAL:root:엘리스
CRITICAL:root:바루스
CRITICAL:root:바루스 == 바루스
CRITICAL:root:바루스 왕자는 잘못없어 118
CRITICAL:root:Traceback (most recent call last):
  File "/Users/nicode./MainSpace/BigDataTermendProject/OpggProficiencyCrawler.py", line 35, in <module>
    cnn = elem.select_one("td:nth-child(2) > div.champion-container > div.summoner-name > a").text
AttributeError: 'NoneType' object has no attribute 'text'

CRITICAL:root:말파이트
CRITICAL:root:트린다미어
CRITICAL:root:트린다미어 == 트린다미어
CRITICAL:root:조이
CRITICAL:root:아칼리
CRITICAL:root:아리
CRITICAL:root:아리 == 아리
CRITICAL:root:그레이브즈
CRITICAL:root:마스터 이
CRITICAL:root:리 신
CRITICAL:root:사일러스
CRITICAL:root:그라가스
CRITICAL:root:니코
CRITICAL:root:니코 == 니코
CRITICAL:root:사일러스
CRITICAL:root:블리츠크랭크
CRITICAL:root:이즈리얼
CRITICAL:root:노틸러스
CRITICAL:root:파이크
CRITICAL:root:럼블
CRITICAL:root:아트록스
CRITICAL:root:징크스
CRITICAL:root:바루스
CRITICAL:root:유미
CRITICAL:root:그라가스
CRITICAL:root:쓰레쉬
CRITICAL:root:피오라
CRITICAL:root:제리
CRITICAL:root:베이가
CRITICAL:root:루시안
CRITICAL:root:크산테
CRITICAL:root:조이
CRITICAL:root:다리우스
CRITICAL:root:요네
CRITICAL:root:자야
CRITICAL:root:이블린
CRITICAL:root:이블린 == 이블린
CRITICAL:root:노틸러스
CRITICAL:root:사미라
CRITICAL:root:에코
CRITICAL:root:블리츠크랭크
CRITICAL:root:블리츠크랭크 == 블리츠크랭크
CRITICAL:root:자르반 4세
CRITICAL:root:자르반 4세 == 자르반 4세
CRITICAL:root:징크스
CRITICAL:root:베이가
CRITICAL:root:이즈리얼
CRITICAL:root:제리
CRITICAL:root:아펠리오스
CRITICAL:root:루시안
CRITICAL:root:시비르
CRITICAL:root:코그모
CRITICAL:root:코그모 == 코그모
CRITICAL:root:니달리
CRITICAL:root:크산테
CRITICAL:root:크산테 == 크산테
CRITICAL:root:카르마
CRITICAL:root:노틸러스
CRITICAL:root:라칸
CRITICAL:root:쓰레쉬
CRITICAL:root:애쉬
CRITICAL:root:알리스타
CRITICAL:root:블리츠크랭크
CRITICAL:root:파이크
CRITICAL:root:럭스
CRITICAL:root:럭스 == 럭스
CRITICAL:root:리 신
CRITICAL:root:리 신 == 리 신
CRITICAL:root:아펠리오스
CRITICAL:root:아펠리오스 == 아펠리오스
CRITICAL:root:쉔
CRITICAL:root:진
CRITICAL:root:오른
CRITICAL:root:케이틀린
CRITICAL:root:사이온
CRITICAL:root:사이온 == 사이온
CRITICAL:root:피오라
CRITICAL:root:말파이트
CRITICAL:root:케인
CRITICAL:root:카밀
CRITICAL:root:징크스
CRITICAL:root:나서스
CRITICAL:root:제이스
CRITICAL:root:에코
CRITICAL:root:이즈리얼
CRITICAL:root:블라디미르
CRITICAL:root:트위치
CRITICAL:root:케넨
CRITICAL:root:요네
CRITICAL:root:카이사
CRITICAL:root:아펠리오스
CRITICAL:root:그레이브즈
CRITICAL:root:레넥톤
CRITICAL:root:리산드라
CRITICAL:root:사일러스
CRITICAL:root:자야
CRITICAL:root:자야 == 자야
CRITICAL:root:진
CRITICAL:root:이즈리얼
CRITICAL:root:바루스
CRITICAL:root:케이틀린
CRITICAL:root:코그모
CRITICAL:root:코그모 == 코그모
CRITICAL:root:뽀삐
CRITICAL:root:뽀삐 == 뽀삐
CRITICAL:root:요네
CRITICAL:root:루시안
CRITICAL:root:이즈리얼
CRITICAL:root:사일러스
CRITICAL:root:제리
CRITICAL:root:징크스
CRITICAL:root:야스오
CRITICAL:root:아펠리오스
CRITICAL:root:리 신
CRITICAL:root:제드
CRITICAL:root:크산테
CRITICAL:root:카이사
CRITICAL:root:진
CRITICAL:root:코그모
CRITICAL:root:제이스
CRITICAL:root:아트록스
CRITICAL:root:아크샨
CRITICAL:root:이렐리아
CRITICAL:root:애쉬
CRITICAL:root:자야
CRITICAL:root:아칼리
CRITICAL:root:블리츠크랭크
CRITICAL:root:바루스
CRITICAL:root:그웬
CRITICAL:root:니달리
CRITICAL:root:파이크
CRITICAL:root:피오라
CRITICAL:root:말파이트
CRITICAL:root:그레이브즈
CRITICAL:root:세트
CRITICAL:root:베인
CRITICAL:root:세나
CRITICAL:root:드레이븐
CRITICAL:root:케이틀린
CRITICAL:root:빅토르
CRITICAL:root:카르마
CRITICAL:root:칼리스타
CRITICAL:root:칼리스타 == 칼리스타
CRITICAL:root:요네
CRITICAL:root:이렐리아
CRITICAL:root:사일러스
CRITICAL:root:제드
CRITICAL:root:빅토르
CRITICAL:root:야스오
CRITICAL:root:카시오페아
CRITICAL:root:라이즈
CRITICAL:root:아리
CRITICAL:root:리 신
CRITICAL:root:피오라
CRITICAL:root:카밀
CRITICAL:root:제이스
CRITICAL:root:카타리나
CRITICAL:root:블라디미르
CRITICAL:root:베인
CRITICAL:root:오리아나
CRITICAL:root:그라가스
CRITICAL:root:갈리오
CRITICAL:root:아우렐리온 솔
CRITICAL:root:니코
CRITICAL:root:니코 == 니코
CRITICAL:root:뽀삐
CRITICAL:root:뽀삐 == 뽀삐
CRITICAL:root:바이
CRITICAL:root:다이애나
CRITICAL:root:그라가스
CRITICAL:root:자르반 4세
CRITICAL:root:엘리스
CRITICAL:root:카직스
CRITICAL:root:카직스 == 카직스
CRITICAL:root:아크샨
CRITICAL:root:피즈
CRITICAL:root:카시오페아
CRITICAL:root:갈리오
CRITICAL:root:노틸러스
CRITICAL:root:라이즈
CRITICAL:root:라이즈 == 라이즈
CRITICAL:root:크산테
CRITICAL:root:제이스
CRITICAL:root:잭스
CRITICAL:root:이렐리아
CRITICAL:root:요네
CRITICAL:root:피오라
CRITICAL:root:그웬
CRITICAL:root:그웬 == 그웬
CRITICAL:root:비에고
CRITICAL:root:비에고 == 비에고
CRITICAL:root:소라카
CRITICAL:root:소라카 == 소라카
CRITICAL:root:말파이트
CRITICAL:root:뽀삐
CRITICAL:root:마오카이
CRITICAL:root:잭스
CRITICAL:root:오른
CRITICAL:root:제이스
CRITICAL:root:리 신
CRITICAL:root:나서스
CRITICAL:root:그라가스
CRITICAL:root:레넥톤
CRITICAL:root:케이틀린
CRITICAL:root:이즈리얼
CRITICAL:root:징크스
CRITICAL:root:케넨
CRITICAL:root:사일러스
CRITICAL:root:바루스
CRITICAL:root:시비르
CRITICAL:root:르블랑
CRITICAL:root:쓰레쉬
CRITICAL:root:세나
CRITICAL:root:애니
CRITICAL:root:이렐리아
CRITICAL:root:아리
CRITICAL:root:바이
CRITICAL:root:애쉬
CRITICAL:root:리산드라
CRITICAL:root:피즈
CRITICAL:root:카이사
CRITICAL:root:아무무
CRITICAL:root:진
CRITICAL:root:니코
CRITICAL:root:니코 == 니코
CRITICAL:root:갱플랭크
CRITICAL:root:그라가스
CRITICAL:root:제이스
CRITICAL:root:제이스 == 제이스
CRITICAL:root:아리
CRITICAL:root:애니
CRITICAL:root:애니 == 애니
CRITICAL:root:마오카이
CRITICAL:root:유미
CRITICAL:root:유미 == 유미
CRITICAL:root:아펠리오스
CRITICAL:root:아펠리오스 == 아펠리오스
CRITICAL:root:이즈리얼
CRITICAL:root:루시안
CRITICAL:root:제리
CRITICAL:root:아펠리오스
CRITICAL:root:코그모
CRITICAL:root:키아나
CRITICAL:root:케이틀린
CRITICAL:root:케이틀린 == 케이틀린
CRITICAL:root:케인
CRITICAL:root:카직스
CRITICAL:root:카직스 == 카직스
CRITICAL:root:리 신
CRITICAL:root:니달리
CRITICAL:root:그레이브즈
CRITICAL:root:사일러스
CRITICAL:root:제이스
CRITICAL:root:그라가스
CRITICAL:root:킨드레드
CRITICAL:root:비에고
CRITICAL:root:릴리아
CRITICAL:root:카직스
CRITICAL:root:마오카이
CRITICAL:root:엘리스
CRITICAL:root:오공
CRITICAL:root:다이애나
CRITICAL:root:세주아니
CRITICAL:root:바이
CRITICAL:root:에코
CRITICAL:root:사이온
CRITICAL:root:자르반 4세
CRITICAL:root:쓰레쉬
CRITICAL:root:쉬바나
CRITICAL:root:클레드
CRITICAL:root:말파이트
CRITICAL:root:룰루
CRITICAL:root:뽀삐
CRITICAL:root:소나
CRITICAL:root:이즈리얼
CRITICAL:root:베이가
CRITICAL:root:케인
CRITICAL:root:노틸러스
CRITICAL:root:카서스
CRITICAL:root:바루스
CRITICAL:root:벨베스
CRITICAL:root:렉사이
CRITICAL:root:판테온
CRITICAL:root:루시안
CRITICAL:root:초가스
CRITICAL:root:자크
CRITICAL:root:케이틀린
CRITICAL:root:트리스타나
CRITICAL:root:진
CRITICAL:root:진 == 진
CRITICAL:root:리 신
CRITICAL:root:리 신 == 리 신
CRITICAL:root:아우렐리온 솔
CRITICAL:root:아펠리오스
CRITICAL:root:크산테
CRITICAL:root:제리
CRITICAL:root:징크스
CRITICAL:root:이즈리얼
CRITICAL:root:이즈리얼 == 이즈리얼
CRITICAL:root:탈론
CRITICAL:root:탈론 == 탈론
CRITICAL:root:아펠리오스
CRITICAL:root:진
CRITICAL:root:진 == 진
CRITICAL:root:제라스
CRITICAL:root:진
CRITICAL:root:샤코
CRITICAL:root:샤코 == 샤코
CRITICAL:root:리 신
CRITICAL:root:그라가스
CRITICAL:root:자르반 4세
CRITICAL:root:사일러스
CRITICAL:root:사일러스 == 사일러스
CRITICAL:root:렝가
CRITICAL:root:렝가 == 렝가
CRITICAL:root:아펠리오스
CRITICAL:root:아펠리오스 == 아펠리오스
CRITICAL:root:세트
CRITICAL:root:아우렐리온 솔
CRITICAL:root:사일러스
CRITICAL:root:아칼리
CRITICAL:root:사미라
CRITICAL:root:벡스
CRITICAL:root:조이
CRITICAL:root:니달리
CRITICAL:root:카이사
CRITICAL:root:르블랑
CRITICAL:root:아리
CRITICAL:root:비에고
CRITICAL:root:키아나
CRITICAL:root:신 짜오
CRITICAL:root:갱플랭크
CRITICAL:root:레넥톤
CRITICAL:root:뽀삐
CRITICAL:root:요네
CRITICAL:root:세나
CRITICAL:root:베이가
CRITICAL:root:아무무
CRITICAL:root:판테온
CRITICAL:root:신드라
CRITICAL:root:신드라 == 신드라
CRITICAL:root:아지르
CRITICAL:root:아펠리오스
CRITICAL:root:이즈리얼
CRITICAL:root:루시안
CRITICAL:root:조이
CRITICAL:root:사미라
CRITICAL:root:그라가스
CRITICAL:root:르블랑
CRITICAL:root:쓰레쉬
CRITICAL:root:아리
CRITICAL:root:제리
CRITICAL:root:블리츠크랭크
CRITICAL:root:케이틀린
CRITICAL:root:니코
CRITICAL:root:아우렐리온 솔
CRITICAL:root:초가스
CRITICAL:root:밀리오
CRITICAL:root:밀리오 == 밀리오
CRITICAL:root:오리아나
CRITICAL:root:신지드
CRITICAL:root:티모
CRITICAL:root:티모 == 티모
CRITICAL:root:카사딘
CRITICAL:root:제드
CRITICAL:root:빅토르
CRITICAL:root:빅토르 == 빅토르
CRITICAL:root:징크스
CRITICAL:root:징크스 == 징크스
CRITICAL:root:니코
CRITICAL:root:크산테
CRITICAL:root:신드라
CRITICAL:root:신드라 == 신드라
CRITICAL:root:탈리야
CRITICAL:root:킨드레드
CRITICAL:root:에코
CRITICAL:root:에코 == 에코
CRITICAL:root:트리스타나
CRITICAL:root:트리스타나 == 트리스타나
CRITICAL:root:밀리오
CRITICAL:root:유미
CRITICAL:root:마오카이
CRITICAL:root:레오나
CRITICAL:root:신 짜오
CRITICAL:root:소나
CRITICAL:root:라칸
CRITICAL:root:아무무
CRITICAL:root:노틸러스
CRITICAL:root:애니
CRITICAL:root:카직스
CRITICAL:root:자크
CRITICAL:root:피들스틱
CRITICAL:root:다이애나
CRITICAL:root:갈리오
CRITICAL:root:누누와 윌럼프
CRITICAL:root:세주아니
CRITICAL:root:볼리베어
CRITICAL:root:나서스
CRITICAL:root:오른
CRITICAL:root:세나
CRITICAL:root:말파이트
CRITICAL:root:블리츠크랭크
CRITICAL:root:제라스
CRITICAL:root:제라스 == 제라스
CRITICAL:root:잭스
CRITICAL:root:이렐리아
CRITICAL:root:바루스
CRITICAL:root:판테온
CRITICAL:root:판테온 == 판테온
CRITICAL:root:제라스
CRITICAL:root:판테온
CRITICAL:root:럭스
CRITICAL:root:애쉬
CRITICAL:root:룰루
CRITICAL:root:룰루 == 룰루
CRITICAL:root:말파이트
CRITICAL:root:블리츠크랭크
CRITICAL:root:판테온
CRITICAL:root:노틸러스
CRITICAL:root:아리
CRITICAL:root:아리 == 아리
CRITICAL:root:루시안
CRITICAL:root:드레이븐
CRITICAL:root:진
CRITICAL:root:카이사
CRITICAL:root:자야
CRITICAL:root:이즈리얼
CRITICAL:root:바루스
CRITICAL:root:징크스
CRITICAL:root:사미라
CRITICAL:root:애쉬
CRITICAL:root:애쉬 == 애쉬
CRITICAL:root:그레이브즈
CRITICAL:root:그레이브즈 == 그레이브즈
CRITICAL:root:세트
CRITICAL:root:렉사이
CRITICAL:root:렝가
CRITICAL:root:킨드레드
CRITICAL:root:아트록스
CRITICAL:root:아트록스 == 아트록스
CRITICAL:root:아이번
CRITICAL:root:샤코
CRITICAL:root:신지드
CRITICAL:root:마오카이
CRITICAL:root:피들스틱
CRITICAL:root:릴리아
CRITICAL:root:누누와 윌럼프
CRITICAL:root:갱플랭크
CRITICAL:root:판테온
CRITICAL:root:스웨인
CRITICAL:root:비에고
CRITICAL:root:모데카이저
CRITICAL:root:자르반 4세
CRITICAL:root:자르반 4세 == 자르반 4세
CRITICAL:root:레오나
CRITICAL:root:쓰레쉬
CRITICAL:root:렐
CRITICAL:root:렐 == 렐
CRITICAL:root:사미라
CRITICAL:root:이즈리얼
CRITICAL:root:드레이븐
CRITICAL:root:미스 포츈
CRITICAL:root:미스 포츈 == 미스 포츈
CRITICAL:root:진
CRITICAL:root:카이사
CRITICAL:root:제리
CRITICAL:root:이즈리얼
CRITICAL:root:루시안
CRITICAL:root:징크스
CRITICAL:root:자야
CRITICAL:root:애쉬
CRITICAL:root:아펠리오스
CRITICAL:root:케이틀린
CRITICAL:root:아칼리
CRITICAL:root:블리츠크랭크
CRITICAL:root:세나
CRITICAL:root:쓰레쉬
CRITICAL:root:쓰레쉬 == 쓰레쉬
CRITICAL:root:제드
CRITICAL:root:제드 == 제드
CRITICAL:root:럭스
CRITICAL:root:럭스 == 럭스
CRITICAL:root:뽀삐
CRITICAL:root:이렐리아
CRITICAL:root:아펠리오스
CRITICAL:root:제리
CRITICAL:root:이즈리얼
CRITICAL:root:이즈리얼 == 이즈리얼
CRITICAL:root:요네
CRITICAL:root:라이즈
CRITICAL:root:그라가스
CRITICAL:root:야스오
CRITICAL:root:사일러스
CRITICAL:root:피오라
CRITICAL:root:잭스
CRITICAL:root:사이온
CRITICAL:root:아리
CRITICAL:root:세트
CRITICAL:root:빅토르
CRITICAL:root:제이스
CRITICAL:root:오른
CRITICAL:root:제라스
CRITICAL:root:쓰레쉬
CRITICAL:root:쓰레쉬 == 쓰레쉬
CRITICAL:root:사일러스
CRITICAL:root:비에고
CRITICAL:root:그레이브즈
CRITICAL:root:그레이브즈 == 그레이브즈
CRITICAL:root:카타리나
CRITICAL:root:카타리나 == 카타리나
CRITICAL:root:그레이브즈
CRITICAL:root:퀸
CRITICAL:root:신지드
CRITICAL:root:신지드 == 신지드
CRITICAL:root:제이스
CRITICAL:root:나르
CRITICAL:root:카밀
CRITICAL:root:리 신
CRITICAL:root:라이즈
CRITICAL:root:루시안
CRITICAL:root:레넥톤
CRITICAL:root:이즈리얼
CRITICAL:root:사일러스
CRITICAL:root:아리
CRITICAL:root:아칼리
CRITICAL:root:그라가스
CRITICAL:root:갱플랭크
CRITICAL:root:아트록스
CRITICAL:root:세트
CRITICAL:root:말파이트
CRITICAL:root:카이사
CRITICAL:root:바루스
CRITICAL:root:오른
CRITICAL:root:자야
CRITICAL:root:피오라
CRITICAL:root:사미라
CRITICAL:root:카시오페아
CRITICAL:root:세나
CRITICAL:root:크산테
CRITICAL:root:크산테 == 크산테
CRITICAL:root:야스오
CRITICAL:root:탈론
CRITICAL:root:탈론 == 탈론
CRITICAL:root:제드
CRITICAL:root:사일러스
CRITICAL:root:요네
CRITICAL:root:세트
CRITICAL:root:카직스
CRITICAL:root:벡스
CRITICAL:root:아칼리
CRITICAL:root:아칼리 == 아칼리
CRITICAL:root:사미라
CRITICAL:root:카이사
CRITICAL:root:자야
CRITICAL:root:자야 == 자야
CRITICAL:root:워윅
CRITICAL:root:워윅 == 워윅
CRITICAL:root:벨베스
CRITICAL:root:카밀
CRITICAL:root:잭스
CRITICAL:root:잭스 == 잭스
CRITICAL:root:비에고
CRITICAL:root:엘리스
CRITICAL:root:엘리스 == 엘리스
CRITICAL:root:럭스
CRITICAL:root:유미
CRITICAL:root:소라카
CRITICAL:root:소나
CRITICAL:root:룰루
CRITICAL:root:잔나
CRITICAL:root:잔나 == 잔나
CRITICAL:root:다리우스
CRITICAL:root:다리우스 == 다리우스
CRITICAL:root:바루스
CRITICAL:root:사미라
CRITICAL:root:케이틀린
CRITICAL:root:자야
CRITICAL:root:루시안
CRITICAL:root:제리
CRITICAL:root:이즈리얼
CRITICAL:root:이즈리얼 == 이즈리얼
CRITICAL:root:드레이븐
CRITICAL:root:드레이븐 == 드레이븐
CRITICAL:root:야스오
CRITICAL:root:야스오 == 야스오
CRITICAL:root:판테온
CRITICAL:root:애니
CRITICAL:root:애니 == 애니
CRITICAL:root:크산테
CRITICAL:root:아칼리
CRITICAL:root:뽀삐
CRITICAL:root:나르
CRITICAL:root:나르 == 나르
CRITICAL:root:사일러스
CRITICAL:root:자크
CRITICAL:root:자크 == 자크
CRITICAL:root:블리츠크랭크
CRITICAL:root:레넥톤
CRITICAL:root:쓰레쉬
CRITICAL:root:르블랑
CRITICAL:root:이렐리아
CRITICAL:root:럭스
CRITICAL:root:요릭
CRITICAL:root:제라스
CRITICAL:root:카르마
CRITICAL:root:카르마 == 카르마
CRITICAL:root:탈론
CRITICAL:root:탈론 == 탈론
CRITICAL:root:사일러스
CRITICAL:root:사일러스 == 사일러스
CRITICAL:root:에코
CRITICAL:root:에코 == 에코
CRITICAL:root:에코
CRITICAL:root:에코 == 에코
CRITICAL:root:조이
CRITICAL:root:조이 == 조이
CRITICAL:root:샤코
CRITICAL:root:카르마
CRITICAL:root:자르반 4세
CRITICAL:root:모르가나
CRITICAL:root:말파이트
CRITICAL:root:말파이트 == 말파이트
CRITICAL:root:그레이브즈
CRITICAL:root:렉사이
CRITICAL:root:마오카이
CRITICAL:root:카직스
CRITICAL:root:리 신
CRITICAL:root:리 신 == 리 신
CRITICAL:root:탈리야
CRITICAL:root:탈리야 == 탈리야
CRITICAL:root:애쉬
CRITICAL:root:이즈리얼
CRITICAL:root:케이틀린
CRITICAL:root:진
CRITICAL:root:바루스
CRITICAL:root:세나
CRITICAL:root:자야
CRITICAL:root:카이사
CRITICAL:root:징크스
CRITICAL:root:아펠리오스
CRITICAL:root:아리
CRITICAL:root:밀리오
CRITICAL:root:라이즈
CRITICAL:root:베이가
CRITICAL:root:니코
CRITICAL:root:니코 == 니코
CRITICAL:root:마오카이
CRITICAL:root:누누와 윌럼프
CRITICAL:root:피들스틱
CRITICAL:root:벨베스
CRITICAL:root:벨베스 == 벨베스
CRITICAL:root:리 신
CRITICAL:root:헤카림
CRITICAL:root:헤카림 == 헤카림
CRITICAL:root:니달리
CRITICAL:root:리 신
CRITICAL:root:리 신 == 리 신
CRITICAL:root:요네
CRITICAL:root:빅토르
CRITICAL:root:제드
CRITICAL:root:사일러스
CRITICAL:root:피즈
CRITICAL:root:카시오페아
CRITICAL:root:야스오
CRITICAL:root:탈론
CRITICAL:root:판테온
CRITICAL:root:니코
CRITICAL:root:아리
CRITICAL:root:리 신
CRITICAL:root:이렐리아
CRITICAL:root:럼블
CRITICAL:root:애니
CRITICAL:root:레넥톤
CRITICAL:root:카사딘
CRITICAL:root:세트
CRITICAL:root:트위스티드 페이트
CRITICAL:root:오른
CRITICAL:root:오공
CRITICAL:root:자르반 4세
CRITICAL:root:바이
CRITICAL:root:크산테
CRITICAL:root:사이온
CRITICAL:root:조이
CRITICAL:root:블리츠크랭크
CRITICAL:root:바루스
CRITICAL:root:다이애나
CRITICAL:root:케인
CRITICAL:root:자크
CRITICAL:root:세나
CRITICAL:root:클레드
CRITICAL:root:아칼리
CRITICAL:root:오리아나
CRITICAL:root:말파이트
CRITICAL:root:말파이트 == 말파이트
CRITICAL:root:바루스
CRITICAL:root:크산테
CRITICAL:root:야스오
CRITICAL:root:야스오 == 야스오
CRITICAL:root:이렐리아
CRITICAL:root:사일러스
CRITICAL:root:잭스
CRITICAL:root:아트록스
CRITICAL:root:아트록스 == 아트록스
CRITICAL:root:미스 포츈
CRITICAL:root:미스 포츈 == 미스 포츈
CRITICAL:root:아리
CRITICAL:root:르블랑
CRITICAL:root:아칼리
CRITICAL:root:리산드라
CRITICAL:root:니코
CRITICAL:root:요네
CRITICAL:root:말파이트
CRITICAL:root:말파이트 == 말파이트
CRITICAL:root:트위치
CRITICAL:root:트위치 == 트위치
CRITICAL:root:라칸
CRITICAL:root:엘리스
CRITICAL:root:카타리나
CRITICAL:root:자크
CRITICAL:root:파이크
CRITICAL:root:이블린
CRITICAL:root:유미
CRITICAL:root:유미 == 유미
CRITICAL:root:제드
CRITICAL:root:야스오
CRITICAL:root:리븐
CRITICAL:root:이렐리아
CRITICAL:root:블리츠크랭크
CRITICAL:root:리 신
CRITICAL:root:잭스
CRITICAL:root:쓰레쉬
CRITICAL:root:그레이브즈
CRITICAL:root:르블랑
CRITICAL:root:파이크
CRITICAL:root:모르가나
CRITICAL:root:카사딘
CRITICAL:root:사일러스
CRITICAL:root:케인
CRITICAL:root:제이스
CRITICAL:root:요네
CRITICAL:root:사미라
CRITICAL:root:카이사
CRITICAL:root:카이사 == 카이사
CRITICAL:root:사일러스
CRITICAL:root:마스터 이
CRITICAL:root:잭스
CRITICAL:root:이즈리얼
CRITICAL:root:야스오
CRITICAL:root:진
CRITICAL:root:베인
CRITICAL:root:레넥톤
CRITICAL:root:트리스타나
CRITICAL:root:이렐리아
CRITICAL:root:마오카이
CRITICAL:root:루시안
CRITICAL:root:루시안 == 루시안
CRITICAL:root:제드
CRITICAL:root:사일러스
CRITICAL:root:야스오
CRITICAL:root:피즈
CRITICAL:root:요네
CRITICAL:root:아트록스
CRITICAL:root:르블랑
CRITICAL:root:그라가스
CRITICAL:root:그라가스 == 그라가스
CRITICAL:root:리 신
CRITICAL:root:아칼리
CRITICAL:root:징크스
CRITICAL:root:루시안
CRITICAL:root:카이사
CRITICAL:root:자야
CRITICAL:root:쓰레쉬
CRITICAL:root:아리
CRITICAL:root:요네
CRITICAL:root:그라가스
CRITICAL:root:다리우스
CRITICAL:root:이즈리얼
CRITICAL:root:에코
CRITICAL:root:피즈
CRITICAL:root:피즈 == 피즈
CRITICAL:root:렝가
CRITICAL:root:렝가 == 렝가
CRITICAL:root:리 신
CRITICAL:root:리 신 == 리 신
CRITICAL:root:아펠리오스
CRITICAL:root:아펠리오스 == 아펠리오스
CRITICAL:root:아펠리오스
CRITICAL:root:킨드레드
CRITICAL:root:요네
CRITICAL:root:제리
CRITICAL:root:트리스타나
CRITICAL:root:트리스타나 == 트리스타나
CRITICAL:root:뽀삐
CRITICAL:root:럼블
CRITICAL:root:크산테
CRITICAL:root:레넥톤
CRITICAL:root:피오라
CRITICAL:root:갱플랭크
CRITICAL:root:아칼리
CRITICAL:root:제이스
CRITICAL:root:아리
CRITICAL:root:카밀
CRITICAL:root:카밀 == 카밀
CRITICAL:root:이즈리얼
CRITICAL:root:징크스
CRITICAL:root:카이사
CRITICAL:root:사미라
CRITICAL:root:사미라 == 사미라
CRITICAL:root:바드
CRITICAL:root:바드 == 바드
CRITICAL:root:드레이븐
CRITICAL:root:카이사
CRITICAL:root:이즈리얼
CRITICAL:root:징크스
CRITICAL:root:자야
CRITICAL:root:제리
CRITICAL:root:블리츠크랭크
CRITICAL:root:진
CRITICAL:root:코그모
CRITICAL:root:아무무
CRITICAL:root:사미라
CRITICAL:root:노틸러스
CRITICAL:root:베인
CRITICAL:root:룰루
CRITICAL:root:카르마
CRITICAL:root:피오라
CRITICAL:root:헤카림
CRITICAL:root:야스오
CRITICAL:root:제라스
CRITICAL:root:말파이트
CRITICAL:root:이렐리아
CRITICAL:root:비에고
CRITICAL:root:사일러스
CRITICAL:root:렝가
CRITICAL:root:하이머딩거
CRITICAL:root:럼블
CRITICAL:root:파이크
CRITICAL:root:유미
CRITICAL:root:쓰레쉬
CRITICAL:root:아펠리오스
CRITICAL:root:트리스타나
CRITICAL:root:루시안
CRITICAL:root:크산테
CRITICAL:root:크산테 == 크산테
CRITICAL:root:이렐리아
CRITICAL:root:피오라
CRITICAL:root:그웬
CRITICAL:root:요네
CRITICAL:root:요네 == 요네
CRITICAL:root:케인
CRITICAL:root:그라가스
CRITICAL:root:니달리
CRITICAL:root:카직스
CRITICAL:root:사일러스
CRITICAL:root:리 신
CRITICAL:root:렉사이
CRITICAL:root:마오카이
CRITICAL:root:카서스
CRITICAL:root:엘리스
CRITICAL:root:자르반 4세
CRITICAL:root:녹턴
CRITICAL:root:아무무
CRITICAL:root:킨드레드
CRITICAL:root:킨드레드 == 킨드레드
CRITICAL:root:케인
CRITICAL:root:카직스
CRITICAL:root:벨베스
CRITICAL:root:비에고
CRITICAL:root:헤카림
CRITICAL:root:자크
CRITICAL:root:다이애나
CRITICAL:root:그레이브즈
CRITICAL:root:사일러스
CRITICAL:root:이블린
CRITICAL:root:리 신
CRITICAL:root:바이
CRITICAL:root:자르반 4세
CRITICAL:root:뽀삐
CRITICAL:root:말파이트
CRITICAL:root:에코
CRITICAL:root:렉사이
CRITICAL:root:렉사이 == 렉사이
CRITICAL:root:카밀
CRITICAL:root:헤카림
CRITICAL:root:벨베스
CRITICAL:root:벨베스 == 벨베스
CRITICAL:root:다리우스
CRITICAL:root:그웬
CRITICAL:root:레넥톤
CRITICAL:root:크산테
CRITICAL:root:아트록스
CRITICAL:root:판테온
CRITICAL:root:요네
CRITICAL:root:요네 == 요네
CRITICAL:root:이즈리얼
CRITICAL:root:판테온
CRITICAL:root:징크스
CRITICAL:root:진
CRITICAL:root:아크샨
CRITICAL:root:바루스
CRITICAL:root:자야
CRITICAL:root:제리
CRITICAL:root:사미라
CRITICAL:root:빅토르
CRITICAL:root:카이사
CRITICAL:root:룰루
CRITICAL:root:케이틀린
CRITICAL:root:케이틀린 == 케이틀린
CRITICAL:root:이렐리아
CRITICAL:root:사일러스
CRITICAL:root:사일러스 == 사일러스
CRITICAL:root:빅토르
CRITICAL:root:비에고
CRITICAL:root:사일러스
CRITICAL:root:아트록스
CRITICAL:root:오공
CRITICAL:root:요네
CRITICAL:root:아리
CRITICAL:root:카직스
CRITICAL:root:자르반 4세
CRITICAL:root:자르반 4세 == 자르반 4세
CRITICAL:root:르블랑
CRITICAL:root:그라가스
CRITICAL:root:야스오
CRITICAL:root:세트
CRITICAL:root:애쉬
CRITICAL:root:진
CRITICAL:root:알리스타
CRITICAL:root:판테온
CRITICAL:root:제드
CRITICAL:root:사일러스
CRITICAL:root:아칼리
CRITICAL:root:나서스
CRITICAL:root:잭스
CRITICAL:root:카직스
CRITICAL:root:카직스 == 카직스
CRITICAL:root:드레이븐
CRITICAL:root:제이스
CRITICAL:root:제이스 == 제이스
CRITICAL:root:오리아나
CRITICAL:root:오리아나 == 오리아나
CRITICAL:root:쉔
CRITICAL:root:쉔 == 쉔
CRITICAL:root:제드
CRITICAL:root:야스오
CRITICAL:root:야스오 == 야스오
CRITICAL:root:티모
CRITICAL:root:탈리야
CRITICAL:root:세나
CRITICAL:root:세나 == 세나
CRITICAL:root:마오카이
CRITICAL:root:마오카이 == 마오카이
CRITICAL:root:리 신
CRITICAL:root:리 신 == 리 신
CRITICAL:root:이블린
CRITICAL:root:트런들
CRITICAL:root:세주아니
CRITICAL:root:세주아니 == 세주아니
CRITICAL:root:파이크
CRITICAL:root:쓰레쉬
CRITICAL:root:블리츠크랭크
CRITICAL:root:바루스
CRITICAL:root:그라가스
CRITICAL:root:베이가
CRITICAL:root:말파이트
CRITICAL:root:말파이트 == 말파이트
CRITICAL:root:이렐리아
CRITICAL:root:아칼리
CRITICAL:root:요네
CRITICAL:root:야스오
CRITICAL:root:야스오 == 야스오
CRITICAL:root:질리언
CRITICAL:root:아리
CRITICAL:root:파이크
CRITICAL:root:사일러스
CRITICAL:root:레넥톤
CRITICAL:root:요네
CRITICAL:root:라이즈
CRITICAL:root:그라가스
CRITICAL:root:룰루
CRITICAL:root:룰루 == 룰루
CRITICAL:root:유미
CRITICAL:root:유미 == 유미
CRITICAL:root:케이틀린
CRITICAL:root:자야
CRITICAL:root:카이사
CRITICAL:root:카이사 == 카이사
CRITICAL:root:아리
CRITICAL:root:말자하
CRITICAL:root:말자하 == 말자하
CRITICAL:root:트위스티드 페이트
CRITICAL:root:트위스티드 페이트 == 트위스티드 페이트
CRITICAL:root:카타리나
CRITICAL:root:아리
CRITICAL:root:아리 == 아리
CRITICAL:root:바이
CRITICAL:root:바이 == 바이
CRITICAL:root:리산드라
CRITICAL:root:아우렐리온 솔
CRITICAL:root:아리
CRITICAL:root:그라가스
CRITICAL:root:말파이트
CRITICAL:root:진
CRITICAL:root:사일러스
CRITICAL:root:아펠리오스
CRITICAL:root:판테온
CRITICAL:root:럼블
CRITICAL:root:갈리오
CRITICAL:root:아지르
CRITICAL:root:카이사
CRITICAL:root:자르반 4세
CRITICAL:root:피즈
CRITICAL:root:크산테
CRITICAL:root:녹턴
CRITICAL:root:스웨인
CRITICAL:root:노틸러스
CRITICAL:root:엘리스
CRITICAL:root:야스오
CRITICAL:root:세트
CRITICAL:root:세주아니
CRITICAL:root:시비르
CRITICAL:root:밀리오
CRITICAL:root:자야
CRITICAL:root:애니비아
CRITICAL:root:레오나
CRITICAL:root:라이즈
CRITICAL:root:바이
CRITICAL:root:징크스
CRITICAL:root:이즈리얼
CRITICAL:root:쓰레쉬
CRITICAL:root:케이틀린
CRITICAL:root:브라움
CRITICAL:root:오리아나
CRITICAL:root:바루스
CRITICAL:root:카서스
CRITICAL:root:파이크
CRITICAL:root:트위스티드 페이트
CRITICAL:root:루시안
CRITICAL:root:카르마
CRITICAL:root:오른
CRITICAL:root:알리스타
CRITICAL:root:룰루
CRITICAL:root:애쉬
CRITICAL:root:일라오이
CRITICAL:root:킨드레드
CRITICAL:root:코르키
CRITICAL:root:코르키 == 코르키
CRITICAL:root:바루스
CRITICAL:root:바루스 == 바루스
CRITICAL:root:이렐리아
CRITICAL:root:사일러스
CRITICAL:root:조이
CRITICAL:root:이즈리얼
CRITICAL:root:아리
CRITICAL:root:요네
CRITICAL:root:야스오
CRITICAL:root:아칼리
CRITICAL:root:아펠리오스
CRITICAL:root:자야
CRITICAL:root:징크스
CRITICAL:root:카이사
CRITICAL:root:르블랑
CRITICAL:root:리 신
CRITICAL:root:노틸러스
CRITICAL:root:제드
CRITICAL:root:제리
CRITICAL:root:비에고
CRITICAL:root:신드라
CRITICAL:root:판테온
CRITICAL:root:갱플랭크
CRITICAL:root:루시안
CRITICAL:root:갈리오
CRITICAL:root:쓰레쉬
CRITICAL:root:오리아나
CRITICAL:root:그웬
CRITICAL:root:럼블
CRITICAL:root:사미라
CRITICAL:root:라이즈
CRITICAL:root:카사딘
CRITICAL:root:리산드라
CRITICAL:root:크산테
CRITICAL:root:카시오페아
CRITICAL:root:니달리
CRITICAL:root:카밀
CRITICAL:root:빅토르
CRITICAL:root:탈리야
CRITICAL:root:세주아니
CRITICAL:root:오공
CRITICAL:root:진
CRITICAL:root:진 == 진
CRITICAL:root:탈론
CRITICAL:root:탈론 == 탈론
CRITICAL:root:카이사
CRITICAL:root:이즈리얼
CRITICAL:root:제리
CRITICAL:root:제리 == 제리
CRITICAL:root:트위스티드 페이트
CRITICAL:root:제이스
CRITICAL:root:사일러스
CRITICAL:root:요네
CRITICAL:root:아리
CRITICAL:root:라이즈
CRITICAL:root:조이
CRITICAL:root:리 신
CRITICAL:root:진
CRITICAL:root:이렐리아
CRITICAL:root:야스오
CRITICAL:root:트리스타나
CRITICAL:root:트리스타나 == 트리스타나
CRITICAL:root:라칸
CRITICAL:root:벨베스
CRITICAL:root:파이크
CRITICAL:root:블리츠크랭크
CRITICAL:root:리 신
CRITICAL:root:쓰레쉬
CRITICAL:root:카르마
CRITICAL:root:브라움
CRITICAL:root:사일러스
CRITICAL:root:애쉬
CRITICAL:root:바루스
CRITICAL:root:마오카이
CRITICAL:root:나미
CRITICAL:root:이즈리얼
CRITICAL:root:바이
CRITICAL:root:진
CRITICAL:root:그라가스
CRITICAL:root:세주아니
CRITICAL:root:엘리스
CRITICAL:root:루시안
CRITICAL:root:레나타 글라스크
CRITICAL:root:알리스타
CRITICAL:root:니달리
CRITICAL:root:케인
CRITICAL:root:케인 == 케인
CRITICAL:root:잭스
CRITICAL:root:판테온
CRITICAL:root:마오카이
CRITICAL:root:럼블
CRITICAL:root:아리
CRITICAL:root:신지드
CRITICAL:root:피오라
CRITICAL:root:트위스티드 페이트
CRITICAL:root:사일러스
CRITICAL:root:엘리스
CRITICAL:root:리 신
CRITICAL:root:니달리
CRITICAL:root:카서스
CRITICAL:root:카사딘
CRITICAL:root:아무무
CRITICAL:root:말파이트
CRITICAL:root:말파이트 == 말파이트
CRITICAL:root:제리
CRITICAL:root:제리 == 제리
CRITICAL:root:그라가스
CRITICAL:root:그라가스 == 그라가스
CRITICAL:root:갱플랭크
CRITICAL:root:말파이트
CRITICAL:root:세트
CRITICAL:root:세트 == 세트
CRITICAL:root:비에고
CRITICAL:root:헤카림
CRITICAL:root:자크
CRITICAL:root:자크 == 자크
CRITICAL:root:아리
CRITICAL:root:제이스
CRITICAL:root:빅토르
CRITICAL:root:피오라
CRITICAL:root:트위스티드 페이트
CRITICAL:root:요네
CRITICAL:root:나르
CRITICAL:root:아지르
CRITICAL:root:야스오
CRITICAL:root:애니
CRITICAL:root:라칸
CRITICAL:root:사일러스
CRITICAL:root:르블랑
CRITICAL:root:케이틀린
CRITICAL:root:케넨
CRITICAL:root:오리아나
CRITICAL:root:오리아나 == 오리아나
CRITICAL:root:아리
CRITICAL:root:아리 == 아리
CRITICAL:root:드레이븐
CRITICAL:root:카서스
CRITICAL:root:렐
CRITICAL:root:이즈리얼
CRITICAL:root:케이틀린
CRITICAL:root:제리
CRITICAL:root:조이
CRITICAL:root:진
CRITICAL:root:시비르
CRITICAL:root:자야
CRITICAL:root:닐라
CRITICAL:root:미스 포츈
CRITICAL:root:애쉬
CRITICAL:root:그레이브즈
CRITICAL:root:쓰레쉬
CRITICAL:root:베이가
CRITICAL:root:초가스
CRITICAL:root:아칼리
CRITICAL:root:탈론
CRITICAL:root:아이번
CRITICAL:root:누누와 윌럼프
CRITICAL:root:누누와 윌럼프 == 누누와 윌럼프
CRITICAL:root:타릭
CRITICAL:root:제라스
CRITICAL:root:나미
CRITICAL:root:레나타 글라스크
CRITICAL:root:벨코즈
CRITICAL:root:밀리오
CRITICAL:root:노틸러스
CRITICAL:root:라칸
CRITICAL:root:유미
CRITICAL:root:유미 == 유미
CRITICAL:root:니코
CRITICAL:root:오리아나
CRITICAL:root:피들스틱
CRITICAL:root:라칸
CRITICAL:root:밀리오
CRITICAL:root:밀리오 == 밀리오
CRITICAL:root:노틸러스
CRITICAL:root:타릭
CRITICAL:root:아무무
CRITICAL:root:밀리오
CRITICAL:root:블리츠크랭크
CRITICAL:root:카르마
CRITICAL:root:파이크
CRITICAL:root:레오나
CRITICAL:root:유미
CRITICAL:root:쓰레쉬
CRITICAL:root:하이머딩거
CRITICAL:root:하이머딩거 == 하이머딩거
CRITICAL:root:진
CRITICAL:root:자야
CRITICAL:root:제리
CRITICAL:root:제리 == 제리
CRITICAL:root:렝가
CRITICAL:root:렝가 == 렝가
CRITICAL:root:이렐리아
CRITICAL:root:이렐리아 == 이렐리아
CRITICAL:root:제드
CRITICAL:root:요네
CRITICAL:root:사일러스
CRITICAL:root:레넥톤
CRITICAL:root:쉬바나
CRITICAL:root:다리우스
CRITICAL:root:르블랑
CRITICAL:root:럭스
CRITICAL:root:리 신
CRITICAL:root:마오카이
CRITICAL:root:말파이트
CRITICAL:root:베인
CRITICAL:root:트위스티드 페이트
CRITICAL:root:빅토르
CRITICAL:root:피오라
CRITICAL:root:리산드라
CRITICAL:root:판테온
CRITICAL:root:이즈리얼
CRITICAL:root:쓰레쉬
CRITICAL:root:야스오
CRITICAL:root:블라디미르
CRITICAL:root:라이즈
CRITICAL:root:블리츠크랭크
CRITICAL:root:카이사
CRITICAL:root:오공
CRITICAL:root:세트
CRITICAL:root:바루스
CRITICAL:root:엘리스
CRITICAL:root:루시안
CRITICAL:root:트리스타나
CRITICAL:root:아리
CRITICAL:root:그라가스
CRITICAL:root:자르반 4세
CRITICAL:root:알리스타
CRITICAL:root:에코
CRITICAL:root:카르마
CRITICAL:root:카직스
CRITICAL:root:징크스
CRITICAL:root:녹턴
CRITICAL:root:라칸
CRITICAL:root:카사딘
CRITICAL:root:다이애나
CRITICAL:root:애니
CRITICAL:root:자야
CRITICAL:root:뽀삐
CRITICAL:root:모데카이저
CRITICAL:root:트위치
CRITICAL:root:진
CRITICAL:root:오리아나
CRITICAL:root:오리아나 == 오리아나
CRITICAL:root:루시안
CRITICAL:root:진
CRITICAL:root:이즈리얼
CRITICAL:root:요네
CRITICAL:root:아펠리오스
CRITICAL:root:아트록스
CRITICAL:root:사일러스
CRITICAL:root:사일러스 == 사일러스
CRITICAL:root:누누와 윌럼프
CRITICAL:root:바이
CRITICAL:root:케인
CRITICAL:root:마오카이
CRITICAL:root:녹턴
CRITICAL:root:녹턴 == 녹턴
CRITICAL:root:유미
CRITICAL:root:유미 == 유미
CRITICAL:root:렉사이
CRITICAL:root:라칸
CRITICAL:root:자야
CRITICAL:root:유미
CRITICAL:root:자크
CRITICAL:root:밀리오
CRITICAL:root:밀리오 == 밀리오
CRITICAL:root:사일러스
CRITICAL:root:에코
CRITICAL:root:그레이브즈
CRITICAL:root:그레이브즈 == 그레이브즈
CRITICAL:root:크산테
CRITICAL:root:마오카이
CRITICAL:root:마오카이 == 마오카이
CRITICAL:root:아펠리오스
CRITICAL:root:사일러스
CRITICAL:root:바루스
CRITICAL:root:이렐리아
CRITICAL:root:리 신
CRITICAL:root:애쉬
CRITICAL:root:이즈리얼
CRITICAL:root:케이틀린
CRITICAL:root:세트
CRITICAL:root:세트 == 세트
CRITICAL:root:오공 3227609805448224 292
CRITICAL:root:Traceback (most recent call last):
  File "/Users/nicode./MainSpace/BigDataTermendProject/OpggProficiencyCrawler.py", line 35, in <module>
    cnn = elem.select_one("td:nth-child(2) > div.champion-container > div.summoner-name > a").text
AttributeError: 'NoneType' object has no attribute 'text'

CRITICAL:root:트위스티드 페이트
CRITICAL:root:트위스티드 페이트 == 트위스티드 페이트
CRITICAL:root:이즈리얼
CRITICAL:root:진
CRITICAL:root:케이틀린
CRITICAL:root:루시안
CRITICAL:root:리 신
CRITICAL:root:자야
CRITICAL:root:카이사
CRITICAL:root:시비르
CRITICAL:root:그라가스
CRITICAL:root:아리
CRITICAL:root:베인
CRITICAL:root:바루스
CRITICAL:root:제리
CRITICAL:root:징크스
CRITICAL:root:럼블
CRITICAL:root:요네
CRITICAL:root:사일러스
CRITICAL:root:라칸
CRITICAL:root:노틸러스
CRITICAL:root:유미
CRITICAL:root:세주아니
CRITICAL:root:르블랑
CRITICAL:root:트리스타나
CRITICAL:root:말파이트
CRITICAL:root:아펠리오스
CRITICAL:root:케일
CRITICAL:root:쓰레쉬
CRITICAL:root:룰루
CRITICAL:root:자르반 4세
CRITICAL:root:아칼리
CRITICAL:root:블라디미르
CRITICAL:root:사미라
CRITICAL:root:제이스
CRITICAL:root:카르마
CRITICAL:root:미스 포츈
CRITICAL:root:리산드라
CRITICAL:root:아지르
CRITICAL:root:직스
CRITICAL:root:케인
CRITICAL:root:브라움
CRITICAL:root:베이가
CRITICAL:root:그레이브즈
CRITICAL:root:그레이브즈 == 그레이브즈
CRITICAL:root:럼블
CRITICAL:root:갈리오
CRITICAL:root:카르마
CRITICAL:root:말파이트
CRITICAL:root:애니
CRITICAL:root:크산테
CRITICAL:root:알리스타
CRITICAL:root:밀리오
CRITICAL:root:카사딘
CRITICAL:root:사일러스
CRITICAL:root:블리츠크랭크
CRITICAL:root:블리츠크랭크 == 블리츠크랭크
CRITICAL:root:제라스
CRITICAL:root:제라스 == 제라스
CRITICAL:root:스카너
CRITICAL:root:스카너 == 스카너
CRITICAL:root:요네
CRITICAL:root:사일러스
CRITICAL:root:아리
CRITICAL:root:아리 == 아리
CRITICAL:root:제이스
CRITICAL:root:제이스 == 제이스
CRITICAL:root:바루스
CRITICAL:root:리 신
CRITICAL:root:리 신 == 리 신
CRITICAL:root:쓰레쉬
CRITICAL:root:쓰레쉬 == 쓰레쉬
CRITICAL:root:니달리
CRITICAL:root:리 신
CRITICAL:root:그레이브즈
CRITICAL:root:그레이브즈 == 그레이브즈
CRITICAL:root:아펠리오스
CRITICAL:root:사미라
CRITICAL:root:카이사
CRITICAL:root:바루스
CRITICAL:root:바루스 == 바루스
CRITICAL:root:에코
CRITICAL:root:그레이브즈
CRITICAL:root:그레이브즈 == 그레이브즈
CRITICAL:root:라이즈
CRITICAL:root:라이즈 == 라이즈
CRITICAL:root:리 신
CRITICAL:root:샤코
CRITICAL:root:파이크
CRITICAL:root:제드
CRITICAL:root:자르반 4세
CRITICAL:root:사일러스
CRITICAL:root:유미
CRITICAL:root:블리츠크랭크
CRITICAL:root:노틸러스
CRITICAL:root:카르마
CRITICAL:root:바이
CRITICAL:root:모르가나
CRITICAL:root:비에고
CRITICAL:root:케넨
CRITICAL:root:케넨 == 케넨
CRITICAL:root:트위스티드 페이트
CRITICAL:root:말파이트
CRITICAL:root:진
CRITICAL:root:사일러스
CRITICAL:root:사일러스 == 사일러스
CRITICAL:root:아리
CRITICAL:root:밀리오
CRITICAL:root:카타리나
CRITICAL:root:조이
CRITICAL:root:카이사
CRITICAL:root:제리
CRITICAL:root:아칼리
CRITICAL:root:나미
CRITICAL:root:나미 == 나미
CRITICAL:root:스웨인
CRITICAL:root:르블랑
CRITICAL:root:르블랑 == 르블랑
CRITICAL:root:블리츠크랭크
CRITICAL:root:라칸
CRITICAL:root:애쉬
CRITICAL:root:쓰레쉬
CRITICAL:root:소라카
CRITICAL:root:신지드
CRITICAL:root:미스 포츈
CRITICAL:root:미스 포츈 == 미스 포츈
CRITICAL:root:사미라
CRITICAL:root:요릭
CRITICAL:root:진
CRITICAL:root:자크
CRITICAL:root:파이크
CRITICAL:root:이즈리얼
CRITICAL:root:그라가스
CRITICAL:root:오른
CRITICAL:root:오른 == 오른
CRITICAL:root:요네
CRITICAL:root:리 신
CRITICAL:root:르블랑
CRITICAL:root:제드
CRITICAL:root:제리
CRITICAL:root:아리
CRITICAL:root:쓰레쉬
CRITICAL:root:애쉬
CRITICAL:root:카이사
CRITICAL:root:이즈리얼
CRITICAL:root:징크스
CRITICAL:root:아칼리
CRITICAL:root:자야
CRITICAL:root:그레이브즈
CRITICAL:root:바루스
CRITICAL:root:라이즈
CRITICAL:root:이렐리아
CRITICAL:root:레넥톤
CRITICAL:root:블리츠크랭크
CRITICAL:root:사일러스
CRITICAL:root:탈론
CRITICAL:root:니달리
CRITICAL:root:그라가스
CRITICAL:root:리산드라
CRITICAL:root:나르
CRITICAL:root:케넨
CRITICAL:root:사이온
CRITICAL:root:노틸러스
CRITICAL:root:파이크
CRITICAL:root:파이크 == 파이크
CRITICAL:root:아우렐리온 솔
CRITICAL:root:탈론
CRITICAL:root:카타리나
CRITICAL:root:베이가
CRITICAL:root:이렐리아
CRITICAL:root:드레이븐
CRITICAL:root:제드
CRITICAL:root:아크샨
CRITICAL:root:루시안
CRITICAL:root:루시안 == 루시안
CRITICAL:root:키아나
CRITICAL:root:애니
CRITICAL:root:요네
CRITICAL:root:판테온
CRITICAL:root:판테온 == 판테온
CRITICAL:root:아크샨
CRITICAL:root:그레이브즈
CRITICAL:root:아우렐리온 솔
CRITICAL:root:크산테
CRITICAL:root:라이즈
CRITICAL:root:잭스
CRITICAL:root:사일러스
CRITICAL:root:그라가스
CRITICAL:root:리 신
CRITICAL:root:자야
CRITICAL:root:바루스
CRITICAL:root:마오카이
CRITICAL:root:비에고
CRITICAL:root:조이
CRITICAL:root:애니
CRITICAL:root:말파이트
CRITICAL:root:오른
CRITICAL:root:킨드레드
CRITICAL:root:자르반 4세
CRITICAL:root:제리
CRITICAL:root:이블린
CRITICAL:root:야스오
CRITICAL:root:알리스타
CRITICAL:root:블리츠크랭크
CRITICAL:root:다리우스
CRITICAL:root:아펠리오스
CRITICAL:root:오공
CRITICAL:root:오리아나
CRITICAL:root:탈론
CRITICAL:root:올라프
CRITICAL:root:케일
CRITICAL:root:아트록스
CRITICAL:root:갈리오
CRITICAL:root:마스터 이
CRITICAL:root:트위스티드 페이트
CRITICAL:root:갱플랭크
CRITICAL:root:카사딘
CRITICAL:root:베이가
CRITICAL:root:아무무
CRITICAL:root:징크스
CRITICAL:root:요네
CRITICAL:root:르블랑
CRITICAL:root:렝가
CRITICAL:root:케인
CRITICAL:root:가렌
CRITICAL:root:럼블
CRITICAL:root:나르
CRITICAL:root:탈리야
CRITICAL:root:샤코
CRITICAL:root:라칸
CRITICAL:root:루시안
CRITICAL:root:제드
CRITICAL:root:제드 == 제드
CRITICAL:root:볼리베어
CRITICAL:root:볼리베어 == 볼리베어
CRITICAL:root:바루스
CRITICAL:root:케이틀린
CRITICAL:root:카르마
CRITICAL:root:진
CRITICAL:root:이즈리얼
CRITICAL:root:쓰레쉬
CRITICAL:root:아펠리오스
CRITICAL:root:블리츠크랭크
CRITICAL:root:니달리
CRITICAL:root:브라움
CRITICAL:root:카이사
CRITICAL:root:리 신
CRITICAL:root:자야
CRITICAL:root:니코
CRITICAL:root:노틸러스
CRITICAL:root:밀리오
CRITICAL:root:루시안
CRITICAL:root:렉사이
CRITICAL:root:럭스
CRITICAL:root:카직스
CRITICAL:root:마오카이
CRITICAL:root:렐
CRITICAL:root:애쉬
CRITICAL:root:그라가스
CRITICAL:root:그레이브즈
CRITICAL:root:바이
CRITICAL:root:제라스
CRITICAL:root:제라스 == 제라스
CRITICAL:root:바루스
CRITICAL:root:바루스 == 바루스
CRITICAL:root:뽀삐
CRITICAL:root:마오카이
CRITICAL:root:마오카이 == 마오카이
CRITICAL:root:리 신
CRITICAL:root:니달리
CRITICAL:root:니달리 == 니달리
CRITICAL:root:밀리오
CRITICAL:root:제리
CRITICAL:root:아우렐리온 솔
CRITICAL:root:자야
CRITICAL:root:바루스
CRITICAL:root:아펠리오스
CRITICAL:root:진
CRITICAL:root:진 == 진
CRITICAL:root:노틸러스 날아라슈퍼맨1호 322
CRITICAL:root:Traceback (most recent call last):
  File "/Users/nicode./MainSpace/BigDataTermendProject/OpggProficiencyCrawler.py", line 35, in <module>
    cnn = elem.select_one("td:nth-child(2) > div.champion-container > div.summoner-name > a").text
AttributeError: 'NoneType' object has no attribute 'text'

CRITICAL:root:케이틀린
CRITICAL:root:케이틀린 == 케이틀린
CRITICAL:root:블리츠크랭크
CRITICAL:root:쓰레쉬
CRITICAL:root:노틸러스
CRITICAL:root:라칸
CRITICAL:root:레오나
CRITICAL:root:마오카이
CRITICAL:root:알리스타
CRITICAL:root:카르마
CRITICAL:root:카르마 == 카르마
CRITICAL:root:헤카림
CRITICAL:root:헤카림 == 헤카림
CRITICAL:root:케일
CRITICAL:root:이즈리얼
CRITICAL:root:아펠리오스
CRITICAL:root:크산테
CRITICAL:root:제리
CRITICAL:root:퀸
CRITICAL:root:징크스
CRITICAL:root:루시안
CRITICAL:root:루시안 == 루시안
CRITICAL:root:샤코
CRITICAL:root:렝가
CRITICAL:root:렝가 == 렝가
CRITICAL:root:바루스
CRITICAL:root:이즈리얼
CRITICAL:root:징크스
CRITICAL:root:트리스타나
CRITICAL:root:자야
CRITICAL:root:자야 == 자야
CRITICAL:root:갱플랭크
CRITICAL:root:갱플랭크 == 갱플랭크
CRITICAL:root:럭스
CRITICAL:root:럭스 == 럭스
CRITICAL:root:쓰레쉬
CRITICAL:root:밀리오
CRITICAL:root:카이사
CRITICAL:root:블리츠크랭크
CRITICAL:root:블리츠크랭크 == 블리츠크랭크
CRITICAL:root:이즈리얼
CRITICAL:root:문도 박사
CRITICAL:root:진
CRITICAL:root:진 == 진
CRITICAL:root:케인
CRITICAL:root:탈리야
CRITICAL:root:그레이브즈
CRITICAL:root:카직스
CRITICAL:root:헤카림
CRITICAL:root:릴리아
CRITICAL:root:마오카이
CRITICAL:root:다이애나
CRITICAL:root:바이
CRITICAL:root:바이 == 바이
CRITICAL:root:레넥톤
CRITICAL:root:레넥톤 == 레넥톤
CRITICAL:root:엘리스
CRITICAL:root:사일러스
CRITICAL:root:사일러스 == 사일러스
CRITICAL:root:자크
CRITICAL:root:리 신
CRITICAL:root:바이
CRITICAL:root:자르반 4세
CRITICAL:root:사일러스
CRITICAL:root:아무무
CRITICAL:root:이즈리얼
CRITICAL:root:케인
CRITICAL:root:카서스
CRITICAL:root:오공
CRITICAL:root:그라가스
CRITICAL:root:그라가스 == 그라가스
CRITICAL:root:밀리오
CRITICAL:root:노틸러스
CRITICAL:root:브라움
CRITICAL:root:블리츠크랭크
CRITICAL:root:카르마
CRITICAL:root:세라핀
CRITICAL:root:라칸
CRITICAL:root:레오나
CRITICAL:root:룰루
CRITICAL:root:레나타 글라스크
CRITICAL:root:애쉬
CRITICAL:root:럭스
CRITICAL:root:잔나
CRITICAL:root:유미
CRITICAL:root:세나
CRITICAL:root:세나 == 세나
CRITICAL:root:제드
CRITICAL:root:제드 == 제드
CRITICAL:root:리 신
CRITICAL:root:사일러스
CRITICAL:root:요네
CRITICAL:root:제이스
CRITICAL:root:이즈리얼
CRITICAL:root:루시안
CRITICAL:root:르블랑
CRITICAL:root:바루스
CRITICAL:root:징크스
CRITICAL:root:스웨인
CRITICAL:root:아칼리
CRITICAL:root:아펠리오스
CRITICAL:root:이렐리아
CRITICAL:root:제리
CRITICAL:root:제리 == 제리
CRITICAL:root:카이사
CRITICAL:root:루시안
CRITICAL:root:이즈리얼
CRITICAL:root:이즈리얼 == 이즈리얼
CRITICAL:root:제이스
CRITICAL:root:아칼리
CRITICAL:root:판테온
CRITICAL:root:이렐리아
CRITICAL:root:사일러스
CRITICAL:root:야스오
CRITICAL:root:루시안
CRITICAL:root:가렌
CRITICAL:root:리 신
CRITICAL:root:트위스티드 페이트
CRITICAL:root:잭스
CRITICAL:root:트리스타나
CRITICAL:root:그레이브즈
CRITICAL:root:애니비아
CRITICAL:root:탈리야
CRITICAL:root:피오라
CRITICAL:root:아크샨
CRITICAL:root:신 짜오
CRITICAL:root:카시오페아
CRITICAL:root:아리
CRITICAL:root:오리아나
CRITICAL:root:그라가스
CRITICAL:root:진
CRITICAL:root:빅토르
CRITICAL:root:블라디미르
CRITICAL:root:르블랑
CRITICAL:root:카밀
CRITICAL:root:케일
CRITICAL:root:오공
CRITICAL:root:피즈
CRITICAL:root:아트록스
CRITICAL:root:요네
CRITICAL:root:티모
CRITICAL:root:레넥톤
CRITICAL:root:쉔
CRITICAL:root:카사딘
CRITICAL:root:이즈리얼
CRITICAL:root:조이
CRITICAL:root:조이 == 조이
CRITICAL:root:그라가스
CRITICAL:root:그라가스 == 그라가스
CRITICAL:root:미스 포츈
CRITICAL:root:진
CRITICAL:root:루시안
CRITICAL:root:코그모
CRITICAL:root:이즈리얼
CRITICAL:root:베이가
CRITICAL:root:카이사
CRITICAL:root:카직스
CRITICAL:root:아무무
CRITICAL:root:징크스
CRITICAL:root:블리츠크랭크
CRITICAL:root:자르반 4세
CRITICAL:root:말파이트
CRITICAL:root:아리
CRITICAL:root:트리스타나
CRITICAL:root:자야
CRITICAL:root:카서스
CRITICAL:root:밀리오
CRITICAL:root:초가스
CRITICAL:root:드레이븐
CRITICAL:root:아이번
CRITICAL:root:유미
CRITICAL:root:유미 == 유미
CRITICAL:root:엘리스
CRITICAL:root:리 신
CRITICAL:root:라칸
CRITICAL:root:애쉬
CRITICAL:root:자르반 4세
CRITICAL:root:카직스
CRITICAL:root:카직스 == 카직스
CRITICAL:root:자크
CRITICAL:root:이즈리얼
CRITICAL:root:징크스
CRITICAL:root:진
CRITICAL:root:사미라
CRITICAL:root:자야
CRITICAL:root:자야 == 자야
CRITICAL:root:사이온
CRITICAL:root:나르
CRITICAL:root:노틸러스
CRITICAL:root:베이가
CRITICAL:root:모데카이저
CRITICAL:root:쓰레쉬
CRITICAL:root:크산테
CRITICAL:root:크산테 == 크산테
CRITICAL:root:이즈리얼
CRITICAL:root:베이가
CRITICAL:root:이렐리아
CRITICAL:root:쓰레쉬
CRITICAL:root:쓰레쉬 == 쓰레쉬
CRITICAL:root:제이스
CRITICAL:root:제이스 == 제이스
CRITICAL:root:갱플랭크
CRITICAL:root:갱플랭크 == 갱플랭크
CRITICAL:root:갱플랭크
CRITICAL:root:리 신
CRITICAL:root:카직스
CRITICAL:root:카직스 == 카직스
CRITICAL:root:파이크
CRITICAL:root:파이크 == 파이크
CRITICAL:root:크산테
CRITICAL:root:자크
CRITICAL:root:블라디미르
CRITICAL:root:블라디미르 == 블라디미르
CRITICAL:root:니달리
CRITICAL:root:리 신
CRITICAL:root:니코
CRITICAL:root:카직스
CRITICAL:root:카직스 == 카직스
CRITICAL:root:크산테
CRITICAL:root:크산테 == 크산테
CRITICAL:root:자크
CRITICAL:root:쓰레쉬
CRITICAL:root:자르반 4세
CRITICAL:root:세주아니
CRITICAL:root:리 신
CRITICAL:root:다이애나
CRITICAL:root:뽀삐
CRITICAL:root:비에고
CRITICAL:root:라칸
CRITICAL:root:카르마
CRITICAL:root:에코
CRITICAL:root:오공
CRITICAL:root:그라가스
CRITICAL:root:마오카이
CRITICAL:root:나미
CRITICAL:root:아무무
CRITICAL:root:오른
CRITICAL:root:아펠리오스
CRITICAL:root:질리언
CRITICAL:root:바이
CRITICAL:root:헤카림
CRITICAL:root:럼블
CRITICAL:root:유미
CRITICAL:root:자야
CRITICAL:root:애니비아
CRITICAL:root:룰루
CRITICAL:root:노틸러스
CRITICAL:root:세라핀
CRITICAL:root:블리츠크랭크
CRITICAL:root:레오나
CRITICAL:root:모르가나
CRITICAL:root:모르가나 == 모르가나
CRITICAL:root:신지드
CRITICAL:root:갱플랭크
CRITICAL:root:뽀삐
CRITICAL:root:뽀삐 == 뽀삐
CRITICAL:root:에코
CRITICAL:root:에코 == 에코
CRITICAL:root:샤코
CRITICAL:root:애쉬
CRITICAL:root:진
CRITICAL:root:케이틀린
CRITICAL:root:쓰레쉬
CRITICAL:root:카이사
CRITICAL:root:럭스
CRITICAL:root:블리츠크랭크
CRITICAL:root:징크스
CRITICAL:root:징크스 == 징크스
CRITICAL:root:파이크
CRITICAL:root:파이크 == 파이크
CRITICAL:root:카직스
CRITICAL:root:니달리
CRITICAL:root:그라가스
CRITICAL:root:그레이브즈
CRITICAL:root:킨드레드
CRITICAL:root:샤코
CRITICAL:root:샤코 == 샤코
CRITICAL:root:리 신
CRITICAL:root:그레이브즈
CRITICAL:root:제이스
CRITICAL:root:니달리
CRITICAL:root:아리
CRITICAL:root:이즈리얼
CRITICAL:root:자야
CRITICAL:root:뽀삐
CRITICAL:root:그라가스
CRITICAL:root:카시오페아
CRITICAL:root:카서스
CRITICAL:root:바루스
CRITICAL:root:신드라
CRITICAL:root:시비르
CRITICAL:root:라이즈
CRITICAL:root:릴리아
CRITICAL:root:릴리아 == 릴리아
CRITICAL:root:갱플랭크
CRITICAL:root:갱플랭크 == 갱플랭크
CRITICAL:root:닐라
CRITICAL:root:탈리야
CRITICAL:root:드레이븐
CRITICAL:root:자야
CRITICAL:root:킨드레드
CRITICAL:root:유미
CRITICAL:root:징크스
CRITICAL:root:이즈리얼
CRITICAL:root:룰루
CRITICAL:root:룰루 == 룰루
CRITICAL:root:키아나
CRITICAL:root:키아나 == 키아나
CRITICAL:root:베인
CRITICAL:root:베인 == 베인
CRITICAL:root:유미
CRITICAL:root:룰루
CRITICAL:root:밀리오
CRITICAL:root:밀리오 == 밀리오
CRITICAL:root:피오라
CRITICAL:root:제이스
CRITICAL:root:케일
CRITICAL:root:크산테
CRITICAL:root:카밀
CRITICAL:root:잭스
CRITICAL:root:그웬
CRITICAL:root:세트
CRITICAL:root:베인
CRITICAL:root:요네
CRITICAL:root:오른
CRITICAL:root:오른 == 오른
CRITICAL:root:우디르
CRITICAL:root:우디르 == 우디르
CRITICAL:root:진
CRITICAL:root:니코
CRITICAL:root:킨드레드
CRITICAL:root:아우렐리온 솔
CRITICAL:root:미스 포츈
CRITICAL:root:트위치
CRITICAL:root:트위치 == 트위치
CRITICAL:root:에코
CRITICAL:root:에코 == 에코
CRITICAL:root:레넥톤
CRITICAL:root:레넥톤 == 레넥톤
CRITICAL:root:제리
CRITICAL:root:징크스
CRITICAL:root:바루스
CRITICAL:root:바루스 == 바루스
CRITICAL:root:리 신
CRITICAL:root:에코
CRITICAL:root:사일러스
CRITICAL:root:사일러스 == 사일러스
CRITICAL:root:요네
CRITICAL:root:칼리스타
CRITICAL:root:칼리스타 == 칼리스타
CRITICAL:root:제이스
CRITICAL:root:자크
CRITICAL:root:사일러스
CRITICAL:root:사일러스 == 사일러스
CRITICAL:root:아무무
CRITICAL:root:카이사
CRITICAL:root:카이사 == 카이사
CRITICAL:root:아리
CRITICAL:root:니달리
CRITICAL:root:쓰레쉬
CRITICAL:root:이즈리얼
CRITICAL:root:갈리오
CRITICAL:root:갈리오 == 갈리오
CRITICAL:root:쉔
CRITICAL:root:쉔 == 쉔
CRITICAL:root:마오카이
CRITICAL:root:잭스
CRITICAL:root:가렌
CRITICAL:root:케일
CRITICAL:root:제이스
CRITICAL:root:진
CRITICAL:root:말파이트
CRITICAL:root:문도 박사
CRITICAL:root:문도 박사 == 문도 박사
CRITICAL:root:카밀
CRITICAL:root:쓰레쉬
CRITICAL:root:나르
CRITICAL:root:자르반 4세
CRITICAL:root:자르반 4세 == 자르반 4세
CRITICAL:root:자야
CRITICAL:root:사미라
CRITICAL:root:이즈리얼
CRITICAL:root:루시안
CRITICAL:root:케이틀린
CRITICAL:root:케이틀린 == 케이틀린
CRITICAL:root:진
CRITICAL:root:제이스
CRITICAL:root:제이스 == 제이스
CRITICAL:root:애니
CRITICAL:root:케넨
CRITICAL:root:제라스
CRITICAL:root:제라스 == 제라스
CRITICAL:root:아크샨
CRITICAL:root:아크샨 == 아크샨
CRITICAL:root:럼블
CRITICAL:root:오른
CRITICAL:root:오른 == 오른
CRITICAL:root:징크스
CRITICAL:root:징크스 == 징크스
CRITICAL:root:워윅
CRITICAL:root:워윅 == 워윅
CRITICAL:root:샤코
CRITICAL:root:샤코 == 샤코
CRITICAL:root:잭스
CRITICAL:root:진
CRITICAL:root:드레이븐
CRITICAL:root:이블린
CRITICAL:root:우르곳
CRITICAL:root:럭스
CRITICAL:root:뽀삐
CRITICAL:root:신드라
CRITICAL:root:파이크
CRITICAL:root:올라프
CRITICAL:root:판테온
CRITICAL:root:케일
CRITICAL:root:트린다미어
CRITICAL:root:라칸
CRITICAL:root:블리츠크랭크
CRITICAL:root:사이온
CRITICAL:root:쉔
CRITICAL:root:트위스티드 페이트
CRITICAL:root:아트록스
CRITICAL:root:신지드
CRITICAL:root:스웨인
CRITICAL:root:노틸러스
CRITICAL:root:베인
CRITICAL:root:자크
CRITICAL:root:소라카
CRITICAL:root:소라카 == 소라카
CRITICAL:root:미스 포츈
CRITICAL:root:진
CRITICAL:root:누누와 윌럼프
CRITICAL:root:누누와 윌럼프 == 누누와 윌럼프
CRITICAL:root:제리
CRITICAL:root:제리 == 제리
CRITICAL:root:파이크
CRITICAL:root:제이스
CRITICAL:root:럭스
CRITICAL:root:럭스 == 럭스
CRITICAL:root:요네
CRITICAL:root:갱플랭크
CRITICAL:root:제이스
CRITICAL:root:베인
CRITICAL:root:이렐리아
CRITICAL:root:그라가스
CRITICAL:root:그라가스 == 그라가스
CRITICAL:root:밀리오
CRITICAL:root:라칸
CRITICAL:root:제리
CRITICAL:root:아리
CRITICAL:root:룰루
CRITICAL:root:애니
CRITICAL:root:자야
CRITICAL:root:카이사
CRITICAL:root:레넥톤
CRITICAL:root:레나타 글라스크
CRITICAL:root:쓰레쉬
CRITICAL:root:카르마
CRITICAL:root:사미라
CRITICAL:root:나르
CRITICAL:root:렐
CRITICAL:root:시비르
CRITICAL:root:세주아니
CRITICAL:root:애쉬
CRITICAL:root:오공
CRITICAL:root:칼리스타
CRITICAL:root:마오카이
CRITICAL:root:탈리야
CRITICAL:root:탈리야 == 탈리야
CRITICAL:root:리 신
CRITICAL:root:그레이브즈
CRITICAL:root:아무무
CRITICAL:root:자크
CRITICAL:root:바이
CRITICAL:root:바이 == 바이
CRITICAL:root:이즈리얼
CRITICAL:root:카이사
CRITICAL:root:제리
CRITICAL:root:드레이븐
CRITICAL:root:아펠리오스
CRITICAL:root:자야
CRITICAL:root:사미라
CRITICAL:root:루시안
CRITICAL:root:진
CRITICAL:root:진 == 진
CRITICAL:root:자크
CRITICAL:root:리 신
CRITICAL:root:바이
CRITICAL:root:자르반 4세
CRITICAL:root:사일러스
CRITICAL:root:아무무
CRITICAL:root:이즈리얼
CRITICAL:root:케인
CRITICAL:root:카서스
CRITICAL:root:오공
CRITICAL:root:그라가스
CRITICAL:root:일라오이
CRITICAL:root:마오카이
CRITICAL:root:노틸러스
CRITICAL:root:헤카림
CRITICAL:root:에코
CRITICAL:root:말파이트
CRITICAL:root:레나타 글라스크
CRITICAL:root:트위스티드 페이트
CRITICAL:root:애쉬
CRITICAL:root:럭스
CRITICAL:root:하이머딩거
CRITICAL:root:제리
CRITICAL:root:야스오
CRITICAL:root:신지드
CRITICAL:root:라칸
CRITICAL:root:스카너
CRITICAL:root:카타리나
CRITICAL:root:카타리나 == 카타리나
CRITICAL:root:제이스
CRITICAL:root:그라가스
CRITICAL:root:그라가스 == 그라가스
CRITICAL:root:제드
CRITICAL:root:아우렐리온 솔
CRITICAL:root:아우렐리온 솔 == 아우렐리온 솔
CRITICAL:root:제이스
CRITICAL:root:진
CRITICAL:root:그라가스
CRITICAL:root:니달리
CRITICAL:root:리 신
CRITICAL:root:니코
CRITICAL:root:이즈리얼
CRITICAL:root:카이사
CRITICAL:root:케이틀린
CRITICAL:root:베인
CRITICAL:root:사이온
CRITICAL:root:제리
CRITICAL:root:제드
CRITICAL:root:케넨
CRITICAL:root:자야
CRITICAL:root:크산테
CRITICAL:root:칼리스타
CRITICAL:root:사미라
CRITICAL:root:트리스타나
CRITICAL:root:세나
CRITICAL:root:아펠리오스
CRITICAL:root:드레이븐
CRITICAL:root:코그모
CRITICAL:root:코그모 == 코그모
CRITICAL:root:아크샨
CRITICAL:root:바이
CRITICAL:root:르블랑
CRITICAL:root:르블랑 == 르블랑
CRITICAL:root:엘리스
CRITICAL:root:세나
CRITICAL:root:밀리오
CRITICAL:root:밀리오 == 밀리오
CRITICAL:root:노틸러스
CRITICAL:root:노틸러스 == 노틸러스
CRITICAL:root:아펠리오스
CRITICAL:root:이즈리얼
CRITICAL:root:루시안
CRITICAL:root:제이스
CRITICAL:root:바루스
CRITICAL:root:크산테
CRITICAL:root:그라가스
CRITICAL:root:카이사
CRITICAL:root:드레이븐
CRITICAL:root:나르
CRITICAL:root:진
CRITICAL:root:진 == 진
CRITICAL:root:아펠리오스
CRITICAL:root:제리
CRITICAL:root:이즈리얼
CRITICAL:root:바루스
CRITICAL:root:루시안
CRITICAL:root:루시안 == 루시안
CRITICAL:root:자야
CRITICAL:root:카이사
CRITICAL:root:징크스
CRITICAL:root:케이틀린
CRITICAL:root:이즈리얼
CRITICAL:root:바루스
CRITICAL:root:루시안
CRITICAL:root:시비르
CRITICAL:root:아펠리오스
CRITICAL:root:진
CRITICAL:root:신드라
CRITICAL:root:니달리
CRITICAL:root:코그모
CRITICAL:root:코그모 == 코그모
CRITICAL:root:진
CRITICAL:root:이즈리얼
CRITICAL:root:아리
CRITICAL:root:아리 == 아리
CRITICAL:root:바루스
CRITICAL:root:아펠리오스
CRITICAL:root:아펠리오스 == 아펠리오스
CRITICAL:root:이즈리얼
CRITICAL:root:아펠리오스
CRITICAL:root:카이사
CRITICAL:root:라칸
CRITICAL:root:엘리스
CRITICAL:root:징크스
CRITICAL:root:니달리
CRITICAL:root:자야
CRITICAL:root:리 신
CRITICAL:root:루시안
CRITICAL:root:루시안 == 루시안
CRITICAL:root:리 신
CRITICAL:root:니달리
CRITICAL:root:뽀삐
CRITICAL:root:사일러스
CRITICAL:root:킨드레드
CRITICAL:root:벨베스
CRITICAL:root:그라가스
CRITICAL:root:자르반 4세
CRITICAL:root:엘리스
CRITICAL:root:엘리스 == 엘리스
CRITICAL:root:룰루
CRITICAL:root:밀리오
CRITICAL:root:잔나
CRITICAL:root:유미
CRITICAL:root:나미
CRITICAL:root:나미 == 나미
CRITICAL:root:사이온
CRITICAL:root:사이온 == 사이온
CRITICAL:root:제이스
CRITICAL:root:아트록스
CRITICAL:root:잭스
CRITICAL:root:리븐
CRITICAL:root:나르
CRITICAL:root:케넨
CRITICAL:root:레넥톤
CRITICAL:root:말파이트
CRITICAL:root:피오라
CRITICAL:root:이렐리아
CRITICAL:root:징크스
CRITICAL:root:초가스
CRITICAL:root:쓰레쉬
CRITICAL:root:누누와 윌럼프
CRITICAL:root:나서스
CRITICAL:root:다리우스
CRITICAL:root:다리우스 == 다리우스
CRITICAL:root:애니
CRITICAL:root:애니 == 애니
CRITICAL:root:피즈
CRITICAL:root:피즈 == 피즈
CRITICAL:root:말파이트
CRITICAL:root:아칼리
CRITICAL:root:아칼리 == 아칼리
CRITICAL:root:사일러스
CRITICAL:root:그레이브즈
CRITICAL:root:라이즈
CRITICAL:root:아리
CRITICAL:root:야스오
CRITICAL:root:리 신
CRITICAL:root:리 신 == 리 신
CRITICAL:root:라칸
CRITICAL:root:밀리오
CRITICAL:root:카르마
CRITICAL:root:세라핀
CRITICAL:root:렐
CRITICAL:root:갈리오
CRITICAL:root:브랜드
CRITICAL:root:브랜드 == 브랜드
CRITICAL:root:다리우스
CRITICAL:root:크산테
CRITICAL:root:쓰레쉬
CRITICAL:root:잭스
CRITICAL:root:샤코
CRITICAL:root:이즈리얼
CRITICAL:root:제이스
CRITICAL:root:아칼리
CRITICAL:root:나서스
CRITICAL:root:그라가스
CRITICAL:root:리 신
CRITICAL:root:초가스
CRITICAL:root:초가스 == 초가스
CRITICAL:root:룰루
CRITICAL:root:룰루 == 룰루
CRITICAL:root:사이온
CRITICAL:root:그레이브즈
CRITICAL:root:카직스
CRITICAL:root:카직스 == 카직스
CRITICAL:root:리 신
CRITICAL:root:자르반 4세
CRITICAL:root:자르반 4세 == 자르반 4세
CRITICAL:root:스웨인
CRITICAL:root:쉔
CRITICAL:root:일라오이
CRITICAL:root:일라오이 == 일라오이
CRITICAL:root:요네
CRITICAL:root:나르
CRITICAL:root:다리우스
CRITICAL:root:아트록스
CRITICAL:root:아트록스 == 아트록스
CRITICAL:root:리산드라
CRITICAL:root:바루스
CRITICAL:root:바루스 == 바루스
CRITICAL:root:잭스
CRITICAL:root:잭스 == 잭스
CRITICAL:root:라칸
CRITICAL:root:카르마
CRITICAL:root:룰루
CRITICAL:root:밀리오
CRITICAL:root:밀리오 == 밀리오
CRITICAL:root:루시안
CRITICAL:root:아칼리
CRITICAL:root:칼리스타
CRITICAL:root:르블랑
CRITICAL:root:르블랑 == 르블랑
CRITICAL:root:리 신
CRITICAL:root:그라가스
CRITICAL:root:오공
CRITICAL:root:마오카이
CRITICAL:root:자르반 4세
CRITICAL:root:카직스
CRITICAL:root:카직스 == 카직스
CRITICAL:root:사미라
CRITICAL:root:진
CRITICAL:root:진 == 진
CRITICAL:root:노틸러스
CRITICAL:root:노틸러스 == 노틸러스
CRITICAL:root:르블랑
CRITICAL:root:조이
CRITICAL:root:제이스
CRITICAL:root:라이즈
CRITICAL:root:아리
CRITICAL:root:이즈리얼
CRITICAL:root:이즈리얼 == 이즈리얼
CRITICAL:root:헤카림
CRITICAL:root:블리츠크랭크
CRITICAL:root:블리츠크랭크 == 블리츠크랭크
CRITICAL:root:신지드
CRITICAL:root:초가스
CRITICAL:root:바드
CRITICAL:root:말자하
CRITICAL:root:잔나
CRITICAL:root:잔나 == 잔나
CRITICAL:root:리 신
CRITICAL:root:리 신 == 리 신
CRITICAL:root:크산테
CRITICAL:root:세트
CRITICAL:root:요네
CRITICAL:root:요네 == 요네
CRITICAL:root:렝가
CRITICAL:root:렝가 == 렝가
CRITICAL:root:징크스
CRITICAL:root:이즈리얼
CRITICAL:root:케이틀린
CRITICAL:root:카이사
CRITICAL:root:루시안
CRITICAL:root:노틸러스
CRITICAL:root:자야
CRITICAL:root:쓰레쉬
CRITICAL:root:시비르
CRITICAL:root:모르가나
CRITICAL:root:바루스
CRITICAL:root:트리스타나
CRITICAL:root:베인
CRITICAL:root:카르마
CRITICAL:root:애쉬
CRITICAL:root:오리아나
CRITICAL:root:오리아나 == 오리아나
CRITICAL:root:라칸 태러뿡 440
CRITICAL:root:Traceback (most recent call last):
  File "/Users/nicode./MainSpace/BigDataTermendProject/OpggProficiencyCrawler.py", line 35, in <module>
    cnn = elem.select_one("td:nth-child(2) > div.champion-container > div.summoner-name > a").text
AttributeError: 'NoneType' object has no attribute 'text'

CRITICAL:root:밀리오
CRITICAL:root:카르마
CRITICAL:root:쓰레쉬
CRITICAL:root:유미
CRITICAL:root:유미 == 유미
CRITICAL:root:야스오
CRITICAL:root:아크샨
CRITICAL:root:조이
CRITICAL:root:비에고
CRITICAL:root:르블랑
CRITICAL:root:아리
CRITICAL:root:이렐리아
CRITICAL:root:크산테
CRITICAL:root:사일러스
CRITICAL:root:요네
CRITICAL:root:이즈리얼
CRITICAL:root:이즈리얼 == 이즈리얼
CRITICAL:root:리븐
CRITICAL:root:리븐 == 리븐
CRITICAL:root:잭스
CRITICAL:root:갱플랭크
CRITICAL:root:크산테
CRITICAL:root:뽀삐
CRITICAL:root:카밀
CRITICAL:root:카밀 == 카밀
CRITICAL:root:진 우당탕탕 임동진 445
CRITICAL:root:Traceback (most recent call last):
  File "/Users/nicode./MainSpace/BigDataTermendProject/OpggProficiencyCrawler.py", line 35, in <module>
    cnn = elem.select_one("td:nth-child(2) > div.champion-container > div.summoner-name > a").text
AttributeError: 'NoneType' object has no attribute 'text'

CRITICAL:root:조이
CRITICAL:root:벡스
CRITICAL:root:벡스 == 벡스
CRITICAL:root:카서스
CRITICAL:root:카서스 == 카서스
CRITICAL:root:아트록스
CRITICAL:root:크산테
CRITICAL:root:세트
CRITICAL:root:초가스
CRITICAL:root:사이온
CRITICAL:root:카밀
CRITICAL:root:볼리베어
CRITICAL:root:마오카이
CRITICAL:root:블리츠크랭크
CRITICAL:root:다리우스
CRITICAL:root:스웨인
CRITICAL:root:리 신
CRITICAL:root:제드
CRITICAL:root:우디르
CRITICAL:root:비에고
CRITICAL:root:아칼리
CRITICAL:root:헤카림
CRITICAL:root:요네
CRITICAL:root:쉬바나
CRITICAL:root:세주아니
CRITICAL:root:쓰레쉬
CRITICAL:root:쓰레쉬 == 쓰레쉬
CRITICAL:root:킨드레드
CRITICAL:root:킨드레드 == 킨드레드
CRITICAL:root:누누와 윌럼프
CRITICAL:root:미스 포츈
CRITICAL:root:징크스
CRITICAL:root:녹턴
CRITICAL:root:이즈리얼
CRITICAL:root:제드
CRITICAL:root:리 신
CRITICAL:root:요릭
CRITICAL:root:루시안
CRITICAL:root:뽀삐
CRITICAL:root:케이틀린
CRITICAL:root:사일러스
CRITICAL:root:카이사
CRITICAL:root:퀸
CRITICAL:root:르블랑
CRITICAL:root:야스오
CRITICAL:root:샤코
CRITICAL:root:아칼리
CRITICAL:root:자르반 4세
CRITICAL:root:그라가스
CRITICAL:root:판테온
CRITICAL:root:판테온 == 판테온
CRITICAL:root:렝가
CRITICAL:root:마오카이
CRITICAL:root:마오카이 == 마오카이
CRITICAL:root:오공
CRITICAL:root:말자하
CRITICAL:root:모르가나
CRITICAL:root:모르가나 == 모르가나
CRITICAL:root:제이스
CRITICAL:root:요네
CRITICAL:root:바루스
CRITICAL:root:바루스 == 바루스
CRITICAL:root:제이스
CRITICAL:root:피오라
CRITICAL:root:피오라 == 피오라
CRITICAL:root:판테온
CRITICAL:root:그라가스
CRITICAL:root:이즈리얼
CRITICAL:root:제이스
CRITICAL:root:릴리아
CRITICAL:root:말파이트
CRITICAL:root:제드
CRITICAL:root:리 신
CRITICAL:root:진
CRITICAL:root:아리
CRITICAL:root:카타리나
CRITICAL:root:블리츠크랭크
CRITICAL:root:크산테
CRITICAL:root:럼블
CRITICAL:root:나르
CRITICAL:root:라이즈
CRITICAL:root:룰루
CRITICAL:root:비에고
CRITICAL:root:그레이브즈
CRITICAL:root:카직스
CRITICAL:root:자르반 4세
CRITICAL:root:자크
CRITICAL:root:블라디미르
CRITICAL:root:나서스
CRITICAL:root:누누와 윌럼프
CRITICAL:root:케일
CRITICAL:root:케일 == 케일
CRITICAL:root:자야
CRITICAL:root:자야 == 자야
CRITICAL:root:아펠리오스
CRITICAL:root:아펠리오스 == 아펠리오스
CRITICAL:root:잭스
CRITICAL:root:잭스 == 잭스
CRITICAL:root:드레이븐
CRITICAL:root:니달리
CRITICAL:root:니달리 == 니달리
CRITICAL:root:니달리
CRITICAL:root:니달리 == 니달리
CRITICAL:root:제드
CRITICAL:root:아우렐리온 솔
CRITICAL:root:신드라
CRITICAL:root:르블랑
CRITICAL:root:아지르
CRITICAL:root:아지르 == 아지르
CRITICAL:root:케인
CRITICAL:root:헤카림
CRITICAL:root:세트
CRITICAL:root:람머스
CRITICAL:root:람머스 == 람머스
CRITICAL:root:리산드라
CRITICAL:root:트위스티드 페이트
CRITICAL:root:쓰레쉬
CRITICAL:root:쓰레쉬 == 쓰레쉬
CRITICAL:root:하이머딩거
CRITICAL:root:아펠리오스
CRITICAL:root:제리
CRITICAL:root:자야
CRITICAL:root:바루스
CRITICAL:root:루시안
CRITICAL:root:루시안 == 루시안
CRITICAL:root:카르마
CRITICAL:root:브라움
CRITICAL:root:브라움 == 브라움
CRITICAL:root:시비르
CRITICAL:root:진
CRITICAL:root:사미라
CRITICAL:root:애쉬
CRITICAL:root:카이사
CRITICAL:root:카이사 == 카이사
CRITICAL:root:이블린
CRITICAL:root:누누와 윌럼프
CRITICAL:root:밀리오
CRITICAL:root:사일러스
CRITICAL:root:라칸
CRITICAL:root:말파이트
CRITICAL:root:마오카이
CRITICAL:root:유미
CRITICAL:root:카르마
CRITICAL:root:자르반 4세
CRITICAL:root:오공
CRITICAL:root:판테온
CRITICAL:root:트위스티드 페이트
CRITICAL:root:블리츠크랭크
CRITICAL:root:애쉬
CRITICAL:root:니코
CRITICAL:root:헤카림
CRITICAL:root:질리언
CRITICAL:root:오른
CRITICAL:root:갈리오
CRITICAL:root:다이애나
CRITICAL:root:노틸러스
CRITICAL:root:모데카이저
CRITICAL:root:녹턴
CRITICAL:root:녹턴 == 녹턴
CRITICAL:root:제이스
CRITICAL:root:잭스
CRITICAL:root:이렐리아
CRITICAL:root:크산테
CRITICAL:root:피오라
CRITICAL:root:피오라 == 피오라
CRITICAL:root:카타리나
CRITICAL:root:사미라
CRITICAL:root:카이사
CRITICAL:root:요네
CRITICAL:root:니코
CRITICAL:root:애쉬
CRITICAL:root:킨드레드
CRITICAL:root:탈리야
CRITICAL:root:자야
CRITICAL:root:밀리오
CRITICAL:root:아펠리오스
CRITICAL:root:미스 포츈
CRITICAL:root:카직스
CRITICAL:root:진
CRITICAL:root:릴리아
CRITICAL:root:쓰레쉬
CRITICAL:root:이즈리얼
CRITICAL:root:코그모
CRITICAL:root:그레이브즈
CRITICAL:root:노틸러스
CRITICAL:root:징크스
CRITICAL:root:사일러스
CRITICAL:root:시비르
CRITICAL:root:바루스
CRITICAL:root:브라움
CRITICAL:root:마스터 이
CRITICAL:root:카사딘
CRITICAL:root:비에고
CRITICAL:root:엘리스
CRITICAL:root:베인
CRITICAL:root:르블랑
CRITICAL:root:다이애나
CRITICAL:root:에코
CRITICAL:root:에코 == 에코
CRITICAL:root:자이라
CRITICAL:root:노틸러스
CRITICAL:root:나미
CRITICAL:root:나미 == 나미
CRITICAL:root:렉사이
CRITICAL:root:렉사이 == 렉사이
CRITICAL:root:워윅
CRITICAL:root:워윅 == 워윅
CRITICAL:root:아지르
CRITICAL:root:아지르 == 아지르
CRITICAL:root:라칸
CRITICAL:root:블리츠크랭크
CRITICAL:root:그레이브즈
CRITICAL:root:이즈리얼
CRITICAL:root:쓰레쉬
CRITICAL:root:니달리
CRITICAL:root:유미
CRITICAL:root:세주아니
CRITICAL:root:파이크
CRITICAL:root:파이크 == 파이크
CRITICAL:root:자르반 4세
CRITICAL:root:자르반 4세 == 자르반 4세
CRITICAL:root:리 신
CRITICAL:root:마오카이
CRITICAL:root:사일러스
CRITICAL:root:피들스틱
CRITICAL:root:카서스
CRITICAL:root:니달리
CRITICAL:root:자크
CRITICAL:root:벨베스
CRITICAL:root:그레이브즈
CRITICAL:root:헤카림
CRITICAL:root:그라가스
CRITICAL:root:엘리스
CRITICAL:root:밀리오
CRITICAL:root:미스 포츈
CRITICAL:root:킨드레드
CRITICAL:root:뽀삐
CRITICAL:root:카직스
CRITICAL:root:마스터 이
CRITICAL:root:바이
CRITICAL:root:블리츠크랭크
CRITICAL:root:니코
CRITICAL:root:비에고
CRITICAL:root:자르반 4세
CRITICAL:root:쓰레쉬
CRITICAL:root:샤코
CRITICAL:root:노틸러스
CRITICAL:root:유미
CRITICAL:root:진
CRITICAL:root:애니
CRITICAL:root:코그모
CRITICAL:root:렉사이
CRITICAL:root:이즈리얼
CRITICAL:root:케인
CRITICAL:root:오공
CRITICAL:root:누누와 윌럼프
CRITICAL:root:애쉬
CRITICAL:root:스웨인
CRITICAL:root:나미
CRITICAL:root:질리언
CRITICAL:root:렐
CRITICAL:root:트리스타나
CRITICAL:root:탈리야
CRITICAL:root:라칸
CRITICAL:root:카이사
CRITICAL:root:다이애나
CRITICAL:root:제드
CRITICAL:root:아크샨
CRITICAL:root:룰루
CRITICAL:root:세주아니
CRITICAL:root:람머스
CRITICAL:root:파이크
CRITICAL:root:에코
CRITICAL:root:소나
CRITICAL:root:초가스
CRITICAL:root:징크스
CRITICAL:root:신 짜오
CRITICAL:root:아무무
CRITICAL:root:베이가
CRITICAL:root:알리스타
CRITICAL:root:제라스
CRITICAL:root:브라움
CRITICAL:root:브랜드
CRITICAL:root:아이번
CRITICAL:root:나서스
CRITICAL:root:릴리아
CRITICAL:root:쉬바나
CRITICAL:root:일라오이
CRITICAL:root:자이라
CRITICAL:root:카르마
CRITICAL:root:레오나
CRITICAL:root:리산드라
CRITICAL:root:녹턴
CRITICAL:root:쉔
CRITICAL:root:아리
CRITICAL:root:세나
CRITICAL:root:코르키
CRITICAL:root:클레드
CRITICAL:root:소라카
CRITICAL:root:레나타 글라스크
CRITICAL:root:레나타 글라스크 == 레나타 글라스크
CRITICAL:root:가렌
CRITICAL:root:가렌 == 가렌
CRITICAL:root:조이
CRITICAL:root:그라가스
CRITICAL:root:제라스
CRITICAL:root:갈리오
CRITICAL:root:아칼리
CRITICAL:root:케이틀린
CRITICAL:root:판테온
CRITICAL:root:자야
CRITICAL:root:요네
CRITICAL:root:베이가
CRITICAL:root:쓰레쉬
CRITICAL:root:케넨
CRITICAL:root:르블랑
CRITICAL:root:누누와 윌럼프
CRITICAL:root:사일러스
CRITICAL:root:바루스
CRITICAL:root:카직스
CRITICAL:root:럼블
CRITICAL:root:럼블 == 럼블
CRITICAL:root:다리우스
CRITICAL:root:다리우스 == 다리우스
CRITICAL:root:리븐
CRITICAL:root:리븐 == 리븐
CRITICAL:root:키아나
CRITICAL:root:이렐리아
CRITICAL:root:아칼리
CRITICAL:root:애니
CRITICAL:root:아리
CRITICAL:root:제이스
CRITICAL:root:르블랑
CRITICAL:root:신드라
CRITICAL:root:에코
CRITICAL:root:사일러스
CRITICAL:root:트위스티드 페이트
CRITICAL:root:야스오
CRITICAL:root:아트록스
CRITICAL:root:리산드라
CRITICAL:root:탈론
CRITICAL:root:판테온
CRITICAL:root:제드
CRITICAL:root:요네
CRITICAL:root:아우렐리온 솔
CRITICAL:root:벡스
CRITICAL:root:레넥톤
CRITICAL:root:빅토르
CRITICAL:root:크산테
CRITICAL:root:아크샨
CRITICAL:root:카타리나
CRITICAL:root:아지르
CRITICAL:root:베이가
CRITICAL:root:니달리
CRITICAL:root:갈리오
CRITICAL:root:피즈
CRITICAL:root:그레이브즈
CRITICAL:root:피오라
CRITICAL:root:블라디미르
CRITICAL:root:블라디미르 == 블라디미르
CRITICAL:root:제리
CRITICAL:root:제리 == 제리
CRITICAL:root:샤코
CRITICAL:root:티모
CRITICAL:root:바드
CRITICAL:root:트런들
CRITICAL:root:킨드레드
CRITICAL:root:루시안
CRITICAL:root:우르곳
CRITICAL:root:마스터 이
CRITICAL:root:카직스
CRITICAL:root:케인
CRITICAL:root:럼블
CRITICAL:root:요릭
CRITICAL:root:바루스
CRITICAL:root:오른
CRITICAL:root:이즈리얼
CRITICAL:root:아펠리오스
CRITICAL:root:그레이브즈
CRITICAL:root:나서스
CRITICAL:root:누누와 윌럼프
CRITICAL:root:진
CRITICAL:root:오공
CRITICAL:root:자르반 4세
CRITICAL:root:카서스
CRITICAL:root:일라오이
CRITICAL:root:블리츠크랭크
CRITICAL:root:비에고
CRITICAL:root:람머스
CRITICAL:root:우디르
CRITICAL:root:헤카림
CRITICAL:root:럭스
CRITICAL:root:트린다미어
CRITICAL:root:리 신
CRITICAL:root:리 신 == 리 신
CRITICAL:root:징크스
CRITICAL:root:아펠리오스
CRITICAL:root:제라스
CRITICAL:root:진
CRITICAL:root:바루스
CRITICAL:root:이즈리얼
CRITICAL:root:루시안
CRITICAL:root:블리츠크랭크
CRITICAL:root:노틸러스
CRITICAL:root:자이라
CRITICAL:root:쓰레쉬
CRITICAL:root:피들스틱
CRITICAL:root:야스오
CRITICAL:root:레넥톤
CRITICAL:root:자르반 4세
CRITICAL:root:그레이브즈
CRITICAL:root:카이사
CRITICAL:root:베인
CRITICAL:root:자야
CRITICAL:root:카사딘
CRITICAL:root:샤코
CRITICAL:root:유미
CRITICAL:root:아리
CRITICAL:root:카직스
CRITICAL:root:애쉬
CRITICAL:root:케이틀린
CRITICAL:root:럭스
CRITICAL:root:질리언
CRITICAL:root:르블랑
CRITICAL:root:마스터 이
CRITICAL:root:신드라
CRITICAL:root:벡스
CRITICAL:root:소라카
CRITICAL:root:레오나
CRITICAL:root:카르마
CRITICAL:root:럼블
CRITICAL:root:사일러스
CRITICAL:root:요네
CRITICAL:root:티모
CRITICAL:root:에코
CRITICAL:root:트위치
CRITICAL:root:제리
CRITICAL:root:브랜드
CRITICAL:root:카타리나
CRITICAL:root:렉사이
CRITICAL:root:사미라
CRITICAL:root:카서스
CRITICAL:root:카서스 == 카서스
CRITICAL:root:닐라
CRITICAL:root:이블린
CRITICAL:root:케인
CRITICAL:root:진
CRITICAL:root:아펠리오스
CRITICAL:root:가렌
CRITICAL:root:제리
CRITICAL:root:니달리
CRITICAL:root:이즈리얼
CRITICAL:root:케이틀린
CRITICAL:root:요릭
CRITICAL:root:자야
CRITICAL:root:카서스
CRITICAL:root:다이애나
CRITICAL:root:다이애나 == 다이애나
CRITICAL:root:제리
CRITICAL:root:자야
CRITICAL:root:이즈리얼
CRITICAL:root:시비르
CRITICAL:root:카이사
CRITICAL:root:루시안
CRITICAL:root:사미라
CRITICAL:root:바루스
CRITICAL:root:아펠리오스
CRITICAL:root:세나
CRITICAL:root:징크스
CRITICAL:root:초가스
CRITICAL:root:코그모
CRITICAL:root:진
CRITICAL:root:노틸러스
CRITICAL:root:사일러스
CRITICAL:root:쓰레쉬
CRITICAL:root:애쉬
CRITICAL:root:베이가
CRITICAL:root:닐라
CRITICAL:root:판테온
CRITICAL:root:판테온 == 판테온
CRITICAL:root:카이사
CRITICAL:root:루시안
CRITICAL:root:루시안 == 루시안
CRITICAL:root:코르키
CRITICAL:root:크산테
CRITICAL:root:사이온
CRITICAL:root:아무무
CRITICAL:root:시비르
CRITICAL:root:케이틀린
CRITICAL:root:판테온
CRITICAL:root:우디르
CRITICAL:root:케넨
CRITICAL:root:럼블
CRITICAL:root:탐 켄치
CRITICAL:root:쉔
CRITICAL:root:리 신
CRITICAL:root:아이번
CRITICAL:root:벨베스
CRITICAL:root:아크샨
CRITICAL:root:블리츠크랭크
CRITICAL:root:쓰레쉬
CRITICAL:root:뽀삐
CRITICAL:root:질리언
CRITICAL:root:신 짜오
CRITICAL:root:가렌
CRITICAL:root:애니
CRITICAL:root:타릭
CRITICAL:root:카서스
CRITICAL:root:칼리스타
CRITICAL:root:드레이븐
CRITICAL:root:하이머딩거
CRITICAL:root:사미라
CRITICAL:root:자르반 4세
CRITICAL:root:제이스
CRITICAL:root:리 신
CRITICAL:root:레넥톤
CRITICAL:root:그라가스
CRITICAL:root:잭스
CRITICAL:root:바루스
CRITICAL:root:사일러스
CRITICAL:root:럼블
CRITICAL:root:니달리
CRITICAL:root:엘리스
CRITICAL:root:케넨
CRITICAL:root:말파이트
CRITICAL:root:크산테
CRITICAL:root:사이온
CRITICAL:root:카르마
CRITICAL:root:아리
CRITICAL:root:세트
CRITICAL:root:피오라
CRITICAL:root:블리츠크랭크
CRITICAL:root:루시안
CRITICAL:root:마오카이
CRITICAL:root:뽀삐
CRITICAL:root:자야
CRITICAL:root:요네
CRITICAL:root:이즈리얼
CRITICAL:root:르블랑
CRITICAL:root:아트록스
CRITICAL:root:이렐리아
CRITICAL:root:다리우스
CRITICAL:root:판테온
CRITICAL:root:오공
CRITICAL:root:진
CRITICAL:root:노틸러스
CRITICAL:root:아무무
CRITICAL:root:아무무 == 아무무
CRITICAL:root:오른
CRITICAL:root:일라오이
CRITICAL:root:일라오이 == 일라오이
CRITICAL:root:탐 켄치
CRITICAL:root:탐 켄치 == 탐 켄치
CRITICAL:root:아펠리오스
CRITICAL:root:징크스
CRITICAL:root:카이사
CRITICAL:root:사미라
CRITICAL:root:진
CRITICAL:root:자야
CRITICAL:root:크산테
CRITICAL:root:가렌
CRITICAL:root:드레이븐
CRITICAL:root:볼리베어
CRITICAL:root:제리
CRITICAL:root:말파이트
CRITICAL:root:럭스
CRITICAL:root:바루스
CRITICAL:root:이렐리아
CRITICAL:root:시비르
CRITICAL:root:이즈리얼
CRITICAL:root:피오라
CRITICAL:root:피오라 == 피오라
CRITICAL:root:바루스
CRITICAL:root:뽀삐
CRITICAL:root:아펠리오스
CRITICAL:root:그레이브즈
CRITICAL:root:코그모
CRITICAL:root:빅토르
CRITICAL:root:제리
CRITICAL:root:케이틀린
CRITICAL:root:진
CRITICAL:root:야스오
CRITICAL:root:이즈리얼
CRITICAL:root:블리츠크랭크
CRITICAL:root:블리츠크랭크 == 블리츠크랭크
CRITICAL:root:세트
CRITICAL:root:아트록스
CRITICAL:root:말파이트
CRITICAL:root:마오카이
CRITICAL:root:일라오이
CRITICAL:root:일라오이 == 일라오이
CRITICAL:root:갱플랭크
CRITICAL:root:벨베스
CRITICAL:root:에코
CRITICAL:root:이렐리아
CRITICAL:root:제드
CRITICAL:root:아이번
CRITICAL:root:카직스
CRITICAL:root:자크
CRITICAL:root:사일러스
CRITICAL:root:아리
CRITICAL:root:루시안
CRITICAL:root:밀리오
CRITICAL:root:카이사
CRITICAL:root:그라가스
CRITICAL:root:징크스
CRITICAL:root:피오라
CRITICAL:root:제리
CRITICAL:root:아우렐리온 솔
CRITICAL:root:이즈리얼
CRITICAL:root:아펠리오스
CRITICAL:root:리 신
CRITICAL:root:뽀삐
CRITICAL:root:신 짜오
CRITICAL:root:렝가
CRITICAL:root:렝가 == 렝가
CRITICAL:root:빅토르
CRITICAL:root:아트록스
CRITICAL:root:라이즈
CRITICAL:root:리 신
CRITICAL:root:에코
CRITICAL:root:탈리야
CRITICAL:root:오공
CRITICAL:root:조이
CRITICAL:root:마오카이
CRITICAL:root:마오카이 == 마오카이
CRITICAL:root:리 신
CRITICAL:root:리산드라
CRITICAL:root:그레이브즈
CRITICAL:root:그레이브즈 == 그레이브즈
CRITICAL:root:아트록스
CRITICAL:root:트위스티드 페이트
CRITICAL:root:트위스티드 페이트 == 트위스티드 페이트
CRITICAL:root:사일러스
CRITICAL:root:신드라
CRITICAL:root:아칼리
CRITICAL:root:제드
CRITICAL:root:아지르
CRITICAL:root:오리아나
CRITICAL:root:르블랑
CRITICAL:root:세트
CRITICAL:root:아리
CRITICAL:root:아리 == 아리
CRITICAL:root:마오카이
CRITICAL:root:마오카이 == 마오카이
CRITICAL:root:자르반 4세
CRITICAL:root:사일러스
CRITICAL:root:그레이브즈
CRITICAL:root:비에고
CRITICAL:root:헤카림
CRITICAL:root:리 신
CRITICAL:root:다이애나
CRITICAL:root:릴리아
CRITICAL:root:바이
CRITICAL:root:오공
CRITICAL:root:오공 == 오공
CRITICAL:root:제이스
CRITICAL:root:제이스 == 제이스
CRITICAL:root:징크스
CRITICAL:root:이즈리얼
CRITICAL:root:케이틀린
CRITICAL:root:진
CRITICAL:root:자야
CRITICAL:root:블리츠크랭크
CRITICAL:root:제라스
CRITICAL:root:베인
CRITICAL:root:그라가스
CRITICAL:root:바루스
CRITICAL:root:카이사
CRITICAL:root:나르
CRITICAL:root:리 신
CRITICAL:root:노틸러스
CRITICAL:root:야스오
CRITICAL:root:아펠리오스
CRITICAL:root:빅토르
CRITICAL:root:아리
CRITICAL:root:애쉬
CRITICAL:root:애쉬 == 애쉬
CRITICAL:root:밀리오
CRITICAL:root:카르마
CRITICAL:root:쓰레쉬
CRITICAL:root:룰루
CRITICAL:root:룰루 == 룰루
CRITICAL:root:헤카림
CRITICAL:root:헤카림 == 헤카림
CRITICAL:root:이즈리얼
CRITICAL:root:루시안
CRITICAL:root:코그모
CRITICAL:root:진
CRITICAL:root:진 == 진
CRITICAL:root:이즈리얼
CRITICAL:root:이즈리얼 == 이즈리얼
CRITICAL:root:리 신
CRITICAL:root:킨드레드
CRITICAL:root:그레이브즈
CRITICAL:root:카서스
CRITICAL:root:사일러스
CRITICAL:root:마오카이
CRITICAL:root:마오카이 == 마오카이
CRITICAL:root:니달리
CRITICAL:root:사일러스
CRITICAL:root:제이스
CRITICAL:root:징크스
CRITICAL:root:진
CRITICAL:root:킨드레드
CRITICAL:root:밀리오
CRITICAL:root:마오카이
CRITICAL:root:카직스
CRITICAL:root:브랜드
CRITICAL:root:아트록스
CRITICAL:root:르블랑
CRITICAL:root:잭스
CRITICAL:root:키아나
CRITICAL:root:카서스
CRITICAL:root:판테온
CRITICAL:root:쓰레쉬
CRITICAL:root:자크
CRITICAL:root:나서스
CRITICAL:root:나서스 == 나서스
CRITICAL:root:우르곳
CRITICAL:root:우르곳 == 우르곳
CRITICAL:root:렉사이
CRITICAL:root:렉사이 == 렉사이
CRITICAL:root:사일러스
CRITICAL:root:니달리
CRITICAL:root:아리
CRITICAL:root:아리 == 아리
CRITICAL:root:바이
CRITICAL:root:바이 == 바이
CRITICAL:root:마오카이
CRITICAL:root:빅토르
CRITICAL:root:오른
CRITICAL:root:그라가스
CRITICAL:root:카사딘
CRITICAL:root:사일러스
CRITICAL:root:바이
CRITICAL:root:오공
CRITICAL:root:바루스
CRITICAL:root:애쉬
CRITICAL:root:리 신
CRITICAL:root:케이틀린
CRITICAL:root:벡스
CRITICAL:root:트위치
CRITICAL:root:쉔
CRITICAL:root:사이온
CRITICAL:root:아트록스
CRITICAL:root:이즈리얼
CRITICAL:root:진
CRITICAL:root:세트
CRITICAL:root:코르키
CRITICAL:root:킨드레드
CRITICAL:root:브라움
CRITICAL:root:비에고
CRITICAL:root:가렌
CRITICAL:root:말파이트
CRITICAL:root:판테온
CRITICAL:root:자크
CRITICAL:root:피오라
CRITICAL:root:나서스
CRITICAL:root:요네
CRITICAL:root:카밀
CRITICAL:root:갱플랭크
CRITICAL:root:그웬
CRITICAL:root:잭스
CRITICAL:root:유미
CRITICAL:root:모데카이저
CRITICAL:root:케일
CRITICAL:root:피즈
CRITICAL:root:람머스
CRITICAL:root:카르마
CRITICAL:root:타릭
CRITICAL:root:신드라
CRITICAL:root:신드라 == 신드라
CRITICAL:root:이렐리아
CRITICAL:root:사일러스
CRITICAL:root:요네
CRITICAL:root:사미라
CRITICAL:root:카이사
CRITICAL:root:야스오
CRITICAL:root:카시오페아
CRITICAL:root:에코
CRITICAL:root:카밀
CRITICAL:root:아무무
CRITICAL:root:피오라
CRITICAL:root:자야
CRITICAL:root:루시안
CRITICAL:root:진
CRITICAL:root:제라스
CRITICAL:root:아칼리
CRITICAL:root:잭스
CRITICAL:root:블리츠크랭크
CRITICAL:root:블리츠크랭크 == 블리츠크랭크
CRITICAL:root:블리츠크랭크
CRITICAL:root:쓰레쉬
CRITICAL:root:징크스
CRITICAL:root:제이스
CRITICAL:root:파이크
CRITICAL:root:룰루
CRITICAL:root:리 신
CRITICAL:root:이즈리얼
CRITICAL:root:이즈리얼 == 이즈리얼
CRITICAL:root:럭스
CRITICAL:root:트위치
CRITICAL:root:하이머딩거
CRITICAL:root:아리
CRITICAL:root:제라스
CRITICAL:root:벡스
CRITICAL:root:케넨
CRITICAL:root:애쉬
CRITICAL:root:잭스
CRITICAL:root:진
CRITICAL:root:유미
CRITICAL:root:라칸
CRITICAL:root:마오카이
CRITICAL:root:소라카
CRITICAL:root:나미
CRITICAL:root:갈리오
CRITICAL:root:룰루
CRITICAL:root:케이틀린
CRITICAL:root:자르반 4세
CRITICAL:root:카시오페아
CRITICAL:root:모르가나
CRITICAL:root:밀리오
CRITICAL:root:판테온
CRITICAL:root:빅토르
CRITICAL:root:워윅
CRITICAL:root:바루스
CRITICAL:root:우디르
CRITICAL:root:자야
CRITICAL:root:자야 == 자야
CRITICAL:root:칼리스타
CRITICAL:root:칼리스타 == 칼리스타
CRITICAL:root:세라핀
CRITICAL:root:세라핀 == 세라핀
CRITICAL:root:요네
CRITICAL:root:사일러스
CRITICAL:root:모데카이저
CRITICAL:root:모데카이저 == 모데카이저
CRITICAL:root:노틸러스
CRITICAL:root:노틸러스 == 노틸러스
CRITICAL:root:니달리
CRITICAL:root:사일러스
CRITICAL:root:트런들
CRITICAL:root:트런들 == 트런들
CRITICAL:root:엘리스
CRITICAL:root:엘리스 == 엘리스
CRITICAL:root:럼블
CRITICAL:root:자크
CRITICAL:root:쓰레쉬
CRITICAL:root:세주아니
CRITICAL:root:노틸러스
CRITICAL:root:갱플랭크
CRITICAL:root:뽀삐
CRITICAL:root:자르반 4세
CRITICAL:root:리 신
CRITICAL:root:카시오페아
CRITICAL:root:레넥톤
CRITICAL:root:클레드
CRITICAL:root:올라프
CRITICAL:root:제라스
CRITICAL:root:블리츠크랭크
CRITICAL:root:그라가스
CRITICAL:root:카르마
CRITICAL:root:라칸
CRITICAL:root:엘리스
CRITICAL:root:레오나
CRITICAL:root:럭스
CRITICAL:root:나미
CRITICAL:root:제이스
CRITICAL:root:말파이트
CRITICAL:root:브랜드
CRITICAL:root:브랜드 == 브랜드
CRITICAL:root:니달리
CRITICAL:root:제드
CRITICAL:root:이즈리얼
CRITICAL:root:리 신
CRITICAL:root:비에고
CRITICAL:root:비에고 == 비에고
CRITICAL:root:카르마
CRITICAL:root:자크
CRITICAL:root:애쉬
CRITICAL:root:쓰레쉬
CRITICAL:root:모르가나
CRITICAL:root:밀리오
CRITICAL:root:밀리오 == 밀리오
CRITICAL:root:르블랑
CRITICAL:root:르블랑 == 르블랑
CRITICAL:root:유미
CRITICAL:root:룰루
CRITICAL:root:제리
CRITICAL:root:카타리나
CRITICAL:root:카타리나 == 카타리나
CRITICAL:root:카이사
CRITICAL:root:이즈리얼
CRITICAL:root:베인
CRITICAL:root:진
CRITICAL:root:진 == 진
CRITICAL:root:잭스
CRITICAL:root:라칸
CRITICAL:root:쉔
CRITICAL:root:사이온
CRITICAL:root:유미
CRITICAL:root:말파이트
CRITICAL:root:카르마
CRITICAL:root:그웬
CRITICAL:root:판테온
CRITICAL:root:소나
CRITICAL:root:소나 == 소나
CRITICAL:root:카이사
CRITICAL:root:스웨인
CRITICAL:root:사일러스
CRITICAL:root:아펠리오스
CRITICAL:root:아칼리
CRITICAL:root:케이틀린
CRITICAL:root:징크스
CRITICAL:root:르블랑
CRITICAL:root:아리
CRITICAL:root:자야
CRITICAL:root:제리
CRITICAL:root:카사딘
CRITICAL:root:아트록스
CRITICAL:root:진
CRITICAL:root:이즈리얼
CRITICAL:root:이즈리얼 == 이즈리얼
CRITICAL:root:쓰레쉬
CRITICAL:root:노틸러스
CRITICAL:root:카르마
CRITICAL:root:블리츠크랭크
CRITICAL:root:라칸
CRITICAL:root:사일러스
CRITICAL:root:밀리오
CRITICAL:root:알리스타
CRITICAL:root:마오카이
CRITICAL:root:마오카이 == 마오카이
CRITICAL:root:피들스틱
CRITICAL:root:피들스틱 == 피들스틱
CRITICAL:root:오공
CRITICAL:root:그라가스
CRITICAL:root:자르반 4세
CRITICAL:root:바이
CRITICAL:root:람머스
CRITICAL:root:나르
CRITICAL:root:사일러스
CRITICAL:root:아무무
CRITICAL:root:카직스
CRITICAL:root:카직스 == 카직스
CRITICAL:root:루시안 G2 레클레스 535
CRITICAL:root:Traceback (most recent call last):
  File "/Users/nicode./MainSpace/BigDataTermendProject/OpggProficiencyCrawler.py", line 35, in <module>
    cnn = elem.select_one("td:nth-child(2) > div.champion-container > div.summoner-name > a").text
AttributeError: 'NoneType' object has no attribute 'text'

CRITICAL:root:리븐
CRITICAL:root:아칼리
CRITICAL:root:아칼리 == 아칼리
CRITICAL:root:파이크
CRITICAL:root:파이크 == 파이크
CRITICAL:root:이즈리얼
CRITICAL:root:징크스
CRITICAL:root:바루스
CRITICAL:root:블리츠크랭크
CRITICAL:root:블리츠크랭크 == 블리츠크랭크
CRITICAL:root:진
CRITICAL:root:이즈리얼
CRITICAL:root:징크스
CRITICAL:root:징크스 == 징크스
CRITICAL:root:노틸러스
CRITICAL:root:파이크
CRITICAL:root:모르가나
CRITICAL:root:카르마
CRITICAL:root:카르마 == 카르마
CRITICAL:root:파이크
CRITICAL:root:파이크 == 파이크
CRITICAL:root:제리
CRITICAL:root:트리스타나
CRITICAL:root:루시안
CRITICAL:root:이즈리얼
CRITICAL:root:자야
CRITICAL:root:아펠리오스
CRITICAL:root:코그모
CRITICAL:root:코그모 == 코그모
CRITICAL:root:제드
CRITICAL:root:탈론
CRITICAL:root:사일러스
CRITICAL:root:제라스
CRITICAL:root:제라스 == 제라스
CRITICAL:root:바루스
CRITICAL:root:아펠리오스
CRITICAL:root:아펠리오스 == 아펠리오스
CRITICAL:root:아크샨
CRITICAL:root:아크샨 == 아크샨
CRITICAL:root:자야
CRITICAL:root:이즈리얼
CRITICAL:root:아펠리오스
CRITICAL:root:아펠리오스 == 아펠리오스
CRITICAL:root:다이애나
CRITICAL:root:다이애나 == 다이애나
CRITICAL:root:아펠리오스
CRITICAL:root:애쉬
CRITICAL:root:쓰레쉬
CRITICAL:root:소라카
CRITICAL:root:징크스
CRITICAL:root:이즈리얼
CRITICAL:root:루시안
CRITICAL:root:파이크
CRITICAL:root:진
CRITICAL:root:자야
CRITICAL:root:블리츠크랭크
CRITICAL:root:노틸러스
CRITICAL:root:아리
CRITICAL:root:알리스타
CRITICAL:root:세주아니
CRITICAL:root:세라핀
CRITICAL:root:렐
CRITICAL:root:사일러스
CRITICAL:root:유미
CRITICAL:root:리 신
CRITICAL:root:리 신 == 리 신
CRITICAL:root:제리
CRITICAL:root:루시안
CRITICAL:root:루시안 == 루시안
CRITICAL:root:뽀삐
CRITICAL:root:뽀삐 == 뽀삐
CRITICAL:root:르블랑
CRITICAL:root:르블랑 == 르블랑
CRITICAL:root:카이사
CRITICAL:root:징크스
CRITICAL:root:자야
CRITICAL:root:이즈리얼
CRITICAL:root:루시안
CRITICAL:root:사미라
CRITICAL:root:케이틀린
CRITICAL:root:시비르
CRITICAL:root:아지르
CRITICAL:root:진
CRITICAL:root:애쉬
CRITICAL:root:드레이븐
CRITICAL:root:바루스
CRITICAL:root:베인
CRITICAL:root:라이즈
CRITICAL:root:트리스타나
CRITICAL:root:르블랑
CRITICAL:root:제리
CRITICAL:root:레오나
CRITICAL:root:리 신
CRITICAL:root:노틸러스
CRITICAL:root:코그모
CRITICAL:root:카시오페아
CRITICAL:root:카사딘
CRITICAL:root:제이스
CRITICAL:root:블리츠크랭크
CRITICAL:root:블리츠크랭크 == 블리츠크랭크
CRITICAL:root:스웨인
CRITICAL:root:자이라
CRITICAL:root:자이라 == 자이라
CRITICAL:root:아우렐리온 솔
CRITICAL:root:아우렐리온 솔 == 아우렐리온 솔
CRITICAL:root:브랜드
CRITICAL:root:판테온
CRITICAL:root:판테온 == 판테온
CRITICAL:root:아트록스
CRITICAL:root:블리츠크랭크
CRITICAL:root:블리츠크랭크 == 블리츠크랭크
CRITICAL:root:다리우스
CRITICAL:root:아트록스
CRITICAL:root:볼리베어
CRITICAL:root:모데카이저
CRITICAL:root:우디르
CRITICAL:root:마오카이
CRITICAL:root:피오라
CRITICAL:root:워윅
CRITICAL:root:가렌
CRITICAL:root:판테온
CRITICAL:root:녹턴
CRITICAL:root:올라프
CRITICAL:root:헤카림
CRITICAL:root:소라카
CRITICAL:root:크산테
CRITICAL:root:라이즈
CRITICAL:root:그라가스
CRITICAL:root:벨베스
CRITICAL:root:말파이트
CRITICAL:root:그웬
CRITICAL:root:요네
CRITICAL:root:케일
CRITICAL:root:룰루
CRITICAL:root:룰루 == 룰루
CRITICAL:root:오리아나
CRITICAL:root:애니
CRITICAL:root:자크
CRITICAL:root:에코
CRITICAL:root:스웨인
CRITICAL:root:판테온
CRITICAL:root:바루스
CRITICAL:root:노틸러스
CRITICAL:root:노틸러스 == 노틸러스
CRITICAL:root:오공
CRITICAL:root:리 신
CRITICAL:root:바이
CRITICAL:root:다이애나
CRITICAL:root:신 짜오
CRITICAL:root:세주아니
CRITICAL:root:비에고
CRITICAL:root:그레이브즈
CRITICAL:root:뽀삐
CRITICAL:root:킨드레드
CRITICAL:root:킨드레드 == 킨드레드
CRITICAL:root:카직스
CRITICAL:root:카직스 == 카직스
CRITICAL:root:아리
CRITICAL:root:리븐
CRITICAL:root:라이즈
CRITICAL:root:잭스
CRITICAL:root:레넥톤
CRITICAL:root:아칼리
CRITICAL:root:제이스
CRITICAL:root:애쉬
CRITICAL:root:이렐리아
CRITICAL:root:사일러스
CRITICAL:root:그라가스
CRITICAL:root:블리츠크랭크
CRITICAL:root:빅토르
CRITICAL:root:빅토르 == 빅토르
CRITICAL:root:워윅
CRITICAL:root:워윅 == 워윅
CRITICAL:root:아펠리오스
CRITICAL:root:아펠리오스 == 아펠리오스
CRITICAL:root:요네
CRITICAL:root:요네 == 요네
CRITICAL:root:다리우스
CRITICAL:root:다리우스 == 다리우스
CRITICAL:root:일라오이
CRITICAL:root:다리우스
CRITICAL:root:모데카이저
CRITICAL:root:오른
CRITICAL:root:나서스
CRITICAL:root:클레드
CRITICAL:root:워윅
CRITICAL:root:판테온
CRITICAL:root:말파이트
CRITICAL:root:레넥톤
CRITICAL:root:카르마
CRITICAL:root:카르마 == 카르마
CRITICAL:root:카타리나
CRITICAL:root:탈론
CRITICAL:root:탈론 == 탈론
CRITICAL:root:사일러스
CRITICAL:root:비에고
CRITICAL:root:쓰레쉬
CRITICAL:root:쓰레쉬 == 쓰레쉬
CRITICAL:root:탈론
CRITICAL:root:탈론 == 탈론
CRITICAL:root:블리츠크랭크
CRITICAL:root:쓰레쉬
CRITICAL:root:쓰레쉬 == 쓰레쉬
CRITICAL:root:샤코
CRITICAL:root:샤코 == 샤코
CRITICAL:root:카직스
CRITICAL:root:바이
CRITICAL:root:렉사이
CRITICAL:root:렉사이 == 렉사이
CRITICAL:root:유미
CRITICAL:root:룰루
CRITICAL:root:라칸
CRITICAL:root:나미
CRITICAL:root:말자하
CRITICAL:root:말자하 == 말자하
CRITICAL:root:킨드레드
CRITICAL:root:니달리
CRITICAL:root:그레이브즈
CRITICAL:root:리 신
CRITICAL:root:이즈리얼
CRITICAL:root:자야
CRITICAL:root:그라가스
CRITICAL:root:그라가스 == 그라가스
CRITICAL:root:제라스
CRITICAL:root:제라스 == 제라스
CRITICAL:root:마오카이
CRITICAL:root:아무무
CRITICAL:root:아무무 == 아무무
CRITICAL:root:제라스
CRITICAL:root:블리츠크랭크
CRITICAL:root:노틸러스
CRITICAL:root:파이크
CRITICAL:root:쓰레쉬
CRITICAL:root:쓰레쉬 == 쓰레쉬
CRITICAL:root:그라가스
CRITICAL:root:진
CRITICAL:root:이즈리얼
CRITICAL:root:사미라
CRITICAL:root:유미
CRITICAL:root:다이애나
CRITICAL:root:자르반 4세
CRITICAL:root:리 신
CRITICAL:root:르블랑
CRITICAL:root:비에고
CRITICAL:root:노틸러스
CRITICAL:root:엘리스
CRITICAL:root:엘리스 == 엘리스
CRITICAL:root:아펠리오스
CRITICAL:root:제리
CRITICAL:root:징크스
CRITICAL:root:이즈리얼
CRITICAL:root:사일러스
CRITICAL:root:그라가스
CRITICAL:root:카직스
CRITICAL:root:이렐리아
CRITICAL:root:이렐리아 == 이렐리아
CRITICAL:root:잭스
CRITICAL:root:올라프
CRITICAL:root:올라프 == 올라프
CRITICAL:root:샤코
CRITICAL:root:리븐
CRITICAL:root:사이온
CRITICAL:root:제이스
CRITICAL:root:그레이브즈
CRITICAL:root:밀리오
CRITICAL:root:크산테
CRITICAL:root:쓰레쉬
CRITICAL:root:요네
CRITICAL:root:리 신
CRITICAL:root:파이크
CRITICAL:root:갈리오
CRITICAL:root:진
CRITICAL:root:노틸러스
CRITICAL:root:마오카이
CRITICAL:root:카직스
CRITICAL:root:렝가
CRITICAL:root:레넥톤
CRITICAL:root:벡스
CRITICAL:root:징크스
CRITICAL:root:바이
CRITICAL:root:아리
CRITICAL:root:니달리
CRITICAL:root:제드
CRITICAL:root:룰루
CRITICAL:root:마스터 이
CRITICAL:root:조이
CRITICAL:root:카이사
CRITICAL:root:신 짜오
CRITICAL:root:벨베스
CRITICAL:root:오른
CRITICAL:root:자크
CRITICAL:root:엘리스
CRITICAL:root:이즈리얼
CRITICAL:root:누누와 윌럼프
CRITICAL:root:말파이트
CRITICAL:root:사일러스
CRITICAL:root:워윅
CRITICAL:root:가렌
CRITICAL:root:케인
CRITICAL:root:케인 == 케인
CRITICAL:root:제리
CRITICAL:root:아펠리오스
CRITICAL:root:자야
CRITICAL:root:징크스
CRITICAL:root:이즈리얼
CRITICAL:root:이즈리얼 == 이즈리얼
CRITICAL:root:이렐리아
CRITICAL:root:야스오
CRITICAL:root:카타리나
CRITICAL:root:제드
CRITICAL:root:블라디미르
CRITICAL:root:블라디미르 == 블라디미르
CRITICAL:root:리 신
CRITICAL:root:리 신 == 리 신
CRITICAL:root:라칸
CRITICAL:root:룰루
CRITICAL:root:룰루 == 룰루
CRITICAL:root:리 신
CRITICAL:root:엘리스
CRITICAL:root:니달리
CRITICAL:root:자르반 4세
CRITICAL:root:바이
CRITICAL:root:바이 == 바이
CRITICAL:root:애니비아
CRITICAL:root:애니비아 == 애니비아
CRITICAL:root:워윅
CRITICAL:root:워윅 == 워윅
CRITICAL:root:탈리야
CRITICAL:root:탈리야 == 탈리야
CRITICAL:root:아지르
CRITICAL:root:럼블
CRITICAL:root:르블랑
CRITICAL:root:르블랑 == 르블랑
CRITICAL:root:그레이브즈
CRITICAL:root:비에고
CRITICAL:root:리 신
CRITICAL:root:사일러스
CRITICAL:root:바이
CRITICAL:root:카직스
CRITICAL:root:뽀삐
CRITICAL:root:뽀삐 == 뽀삐
CRITICAL:root:케인
CRITICAL:root:엘리스
CRITICAL:root:엘리스 == 엘리스
CRITICAL:root:루시안
CRITICAL:root:이즈리얼
CRITICAL:root:리 신
CRITICAL:root:진
CRITICAL:root:카이사
CRITICAL:root:크산테
CRITICAL:root:이렐리아
CRITICAL:root:아무무
CRITICAL:root:피오라
CRITICAL:root:라이즈
CRITICAL:root:제이스
CRITICAL:root:블리츠크랭크
CRITICAL:root:요네
CRITICAL:root:사미라
CRITICAL:root:코그모
CRITICAL:root:르블랑
CRITICAL:root:자야
CRITICAL:root:신드라
CRITICAL:root:트리스타나
CRITICAL:root:판테온
CRITICAL:root:칼리스타
CRITICAL:root:징크스
CRITICAL:root:뽀삐
CRITICAL:root:럭스
CRITICAL:root:베인
CRITICAL:root:그라가스
CRITICAL:root:케일
CRITICAL:root:케일 == 케일
CRITICAL:root:뽀삐
CRITICAL:root:뽀삐 == 뽀삐
CRITICAL:root:트위스티드 페이트
CRITICAL:root:조이
CRITICAL:root:이즈리얼
CRITICAL:root:리산드라
CRITICAL:root:자야
CRITICAL:root:아리
CRITICAL:root:루시안
CRITICAL:root:루시안 == 루시안
CRITICAL:root:아펠리오스
CRITICAL:root:아펠리오스 == 아펠리오스
CRITICAL:root:르블랑
CRITICAL:root:탈리야
CRITICAL:root:그라가스
CRITICAL:root:아리
CRITICAL:root:레넥톤
CRITICAL:root:럼블
CRITICAL:root:블리츠크랭크
CRITICAL:root:라이즈
CRITICAL:root:라이즈 == 라이즈
CRITICAL:root:징크스
CRITICAL:root:이즈리얼
CRITICAL:root:이렐리아
CRITICAL:root:제리
CRITICAL:root:자야
CRITICAL:root:사미라
CRITICAL:root:코그모
CRITICAL:root:르블랑
CRITICAL:root:베인
CRITICAL:root:빅토르
CRITICAL:root:갈리오
CRITICAL:root:벡스
CRITICAL:root:쓰레쉬
CRITICAL:root:카이사
CRITICAL:root:야스오
CRITICAL:root:리 신
CRITICAL:root:케이틀린
CRITICAL:root:루시안
CRITICAL:root:모르가나
CRITICAL:root:그웬
CRITICAL:root:트위스티드 페이트
CRITICAL:root:그레이브즈
CRITICAL:root:아칼리
CRITICAL:root:제드
CRITICAL:root:엘리스
CRITICAL:root:다이애나
CRITICAL:root:아리
CRITICAL:root:진
CRITICAL:root:카밀
CRITICAL:root:애쉬
CRITICAL:root:애쉬 == 애쉬
CRITICAL:root:애니비아
CRITICAL:root:니코
CRITICAL:root:니코 == 니코
CRITICAL:root:쓰레쉬
CRITICAL:root:자르반 4세
CRITICAL:root:아무무
CRITICAL:root:뽀삐
CRITICAL:root:라칸
CRITICAL:root:노틸러스
CRITICAL:root:유미
CRITICAL:root:카직스
CRITICAL:root:레오나
CRITICAL:root:케인
CRITICAL:root:제라스
CRITICAL:root:마오카이
CRITICAL:root:알리스타
CRITICAL:root:룰루
CRITICAL:root:블리츠크랭크
CRITICAL:root:에코
CRITICAL:root:렉사이
CRITICAL:root:렉사이 == 렉사이
CRITICAL:root:크산테
CRITICAL:root:자크
CRITICAL:root:자크 == 자크
CRITICAL:root:니달리
CRITICAL:root:이즈리얼
CRITICAL:root:루시안
CRITICAL:root:마오카이
CRITICAL:root:볼리베어
CRITICAL:root:볼리베어 == 볼리베어
CRITICAL:root:르블랑
CRITICAL:root:제이스
CRITICAL:root:아리
CRITICAL:root:아지르
CRITICAL:root:트리스타나
CRITICAL:root:트리스타나 == 트리스타나
CRITICAL:root:카이사 난고양이아니야 607
CRITICAL:root:Traceback (most recent call last):
  File "/Users/nicode./MainSpace/BigDataTermendProject/OpggProficiencyCrawler.py", line 35, in <module>
    cnn = elem.select_one("td:nth-child(2) > div.champion-container > div.summoner-name > a").text
AttributeError: 'NoneType' object has no attribute 'text'

CRITICAL:root:제리
CRITICAL:root:진
CRITICAL:root:이즈리얼
CRITICAL:root:노틸러스
CRITICAL:root:아펠리오스
CRITICAL:root:바루스
CRITICAL:root:시비르
CRITICAL:root:자야
CRITICAL:root:애쉬
CRITICAL:root:징크스
CRITICAL:root:쓰레쉬
CRITICAL:root:쓰레쉬 == 쓰레쉬
CRITICAL:root:루시안
CRITICAL:root:자야
CRITICAL:root:이즈리얼
CRITICAL:root:바루스
CRITICAL:root:케이틀린
CRITICAL:root:리 신
CRITICAL:root:엘리스
CRITICAL:root:진
CRITICAL:root:그라가스
CRITICAL:root:자르반 4세
CRITICAL:root:자크
CRITICAL:root:코그모
CRITICAL:root:트리스타나
CRITICAL:root:아칼리
CRITICAL:root:오공
CRITICAL:root:드레이븐
CRITICAL:root:카이사
CRITICAL:root:사미라
CRITICAL:root:사미라 == 사미라
CRITICAL:root:헤카림
CRITICAL:root:니달리
CRITICAL:root:킨드레드
CRITICAL:root:렉사이
CRITICAL:root:마오카이
CRITICAL:root:카직스
CRITICAL:root:바이
CRITICAL:root:그라가스
CRITICAL:root:탈론
CRITICAL:root:그레이브즈
CRITICAL:root:비에고
CRITICAL:root:오공
CRITICAL:root:오공 == 오공
CRITICAL:root:베이가
CRITICAL:root:아리
CRITICAL:root:아리 == 아리
CRITICAL:root:아리
CRITICAL:root:르블랑
CRITICAL:root:제이스
CRITICAL:root:신드라
CRITICAL:root:신드라 == 신드라
CRITICAL:root:아칼리
CRITICAL:root:아칼리 == 아칼리
CRITICAL:root:아펠리오스
CRITICAL:root:제리
CRITICAL:root:바루스
CRITICAL:root:루시안
CRITICAL:root:루시안 == 루시안
CRITICAL:root:자크
CRITICAL:root:자크 == 자크
CRITICAL:root:니달리
CRITICAL:root:리 신
CRITICAL:root:그라가스
CRITICAL:root:바이
CRITICAL:root:비에고
CRITICAL:root:사일러스
CRITICAL:root:벨베스
CRITICAL:root:탈리야
CRITICAL:root:탈리야 == 탈리야
CRITICAL:root:베이가
CRITICAL:root:베이가 == 베이가
CRITICAL:root:이즈리얼
CRITICAL:root:이즈리얼 == 이즈리얼
CRITICAL:root:유미
CRITICAL:root:유미 == 유미
CRITICAL:root:아리 김윤찬 621
CRITICAL:root:Traceback (most recent call last):
  File "/Users/nicode./MainSpace/BigDataTermendProject/OpggProficiencyCrawler.py", line 35, in <module>
    cnn = elem.select_one("td:nth-child(2) > div.champion-container > div.summoner-name > a").text
AttributeError: 'NoneType' object has no attribute 'text'

CRITICAL:root:아리
CRITICAL:root:자야
CRITICAL:root:신드라
CRITICAL:root:케이틀린
CRITICAL:root:르블랑
CRITICAL:root:라칸
CRITICAL:root:라칸 == 라칸
CRITICAL:root:쓰레쉬
CRITICAL:root:밀리오
CRITICAL:root:노틸러스
CRITICAL:root:블리츠크랭크
CRITICAL:root:카르마
CRITICAL:root:라칸
CRITICAL:root:라칸 == 라칸
CRITICAL:root:징크스
CRITICAL:root:카이사
CRITICAL:root:진
CRITICAL:root:미스 포츈
CRITICAL:root:닐라
CRITICAL:root:사미라
CRITICAL:root:이즈리얼
CRITICAL:root:아펠리오스
CRITICAL:root:쓰레쉬
CRITICAL:root:케이틀린
CRITICAL:root:제리
CRITICAL:root:베인
CRITICAL:root:요네
CRITICAL:root:말파이트
CRITICAL:root:피오라
CRITICAL:root:카시오페아
CRITICAL:root:판테온
CRITICAL:root:코그모
CRITICAL:root:아무무
CRITICAL:root:자야
CRITICAL:root:유미
CRITICAL:root:룰루
CRITICAL:root:블리츠크랭크
CRITICAL:root:빅토르
CRITICAL:root:제드
CRITICAL:root:리 신
CRITICAL:root:케일
CRITICAL:root:헤카림
CRITICAL:root:바루스
CRITICAL:root:피즈
CRITICAL:root:그라가스
CRITICAL:root:비에고
CRITICAL:root:탈리야
CRITICAL:root:이렐리아
CRITICAL:root:사일러스
CRITICAL:root:우디르
CRITICAL:root:칼리스타
CRITICAL:root:제이스
CRITICAL:root:루시안
CRITICAL:root:파이크
CRITICAL:root:알리스타
CRITICAL:root:알리스타 == 알리스타
CRITICAL:root:리 신
CRITICAL:root:세주아니
CRITICAL:root:그레이브즈
CRITICAL:root:엘리스
CRITICAL:root:마오카이
CRITICAL:root:카서스
CRITICAL:root:카직스
CRITICAL:root:킨드레드
CRITICAL:root:자르반 4세
CRITICAL:root:자르반 4세 == 자르반 4세
CRITICAL:root:야스오
CRITICAL:root:야스오 == 야스오
CRITICAL:root:벡스
CRITICAL:root:이렐리아
CRITICAL:root:이즈리얼
CRITICAL:root:카시오페아
CRITICAL:root:케이틀린
CRITICAL:root:자야
CRITICAL:root:루시안
CRITICAL:root:징크스
CRITICAL:root:징크스 == 징크스
CRITICAL:root:마오카이
CRITICAL:root:피오라
CRITICAL:root:피오라 == 피오라
CRITICAL:root:피오라
CRITICAL:root:이즈리얼
CRITICAL:root:그라가스
CRITICAL:root:루시안
CRITICAL:root:그웬
CRITICAL:root:카이사
CRITICAL:root:스웨인
CRITICAL:root:비에고
CRITICAL:root:애쉬
CRITICAL:root:이렐리아
CRITICAL:root:바루스
CRITICAL:root:리 신
CRITICAL:root:빅토르
CRITICAL:root:아우렐리온 솔
CRITICAL:root:아칼리
CRITICAL:root:크산테
CRITICAL:root:자르반 4세
CRITICAL:root:미스 포츈
CRITICAL:root:트리스타나
CRITICAL:root:사미라
CRITICAL:root:나서스
CRITICAL:root:시비르
CRITICAL:root:잭스
CRITICAL:root:진
CRITICAL:root:아리
CRITICAL:root:자야
CRITICAL:root:럭스
CRITICAL:root:노틸러스
CRITICAL:root:벡스
CRITICAL:root:블리츠크랭크
CRITICAL:root:제리
CRITICAL:root:제리 == 제리
CRITICAL:root:자르반 4세
CRITICAL:root:신 짜오
CRITICAL:root:신 짜오 == 신 짜오
CRITICAL:root:모데카이저
CRITICAL:root:모데카이저 == 모데카이저
CRITICAL:root:마오카이
CRITICAL:root:사일러스
CRITICAL:root:그라가스
CRITICAL:root:자르반 4세
CRITICAL:root:리 신
CRITICAL:root:자크
CRITICAL:root:카직스
CRITICAL:root:카직스 == 카직스
CRITICAL:root:사미라
CRITICAL:root:사미라 == 사미라
CRITICAL:root:나르
CRITICAL:root:나르 == 나르
CRITICAL:root:제라스
CRITICAL:root:제라스 == 제라스
CRITICAL:root:칼리스타
CRITICAL:root:시비르
CRITICAL:root:이즈리얼
CRITICAL:root:루시안
CRITICAL:root:코그모
CRITICAL:root:징크스
CRITICAL:root:카이사
CRITICAL:root:제리
CRITICAL:root:진
CRITICAL:root:진 == 진
CRITICAL:root:비에고
CRITICAL:root:사일러스
CRITICAL:root:카직스
CRITICAL:root:카이사
CRITICAL:root:이즈리얼
CRITICAL:root:제이스
CRITICAL:root:그레이브즈
CRITICAL:root:아우렐리온 솔
CRITICAL:root:빅토르
CRITICAL:root:자야
CRITICAL:root:말파이트
CRITICAL:root:크산테
CRITICAL:root:루시안
CRITICAL:root:초가스
CRITICAL:root:시비르
CRITICAL:root:녹턴
CRITICAL:root:세트
CRITICAL:root:케인
CRITICAL:root:킨드레드
CRITICAL:root:킨드레드 == 킨드레드
CRITICAL:root:니달리
CRITICAL:root:아크샨
CRITICAL:root:리 신
CRITICAL:root:럼블
CRITICAL:root:비에고
CRITICAL:root:워윅
CRITICAL:root:판테온
CRITICAL:root:사일러스
CRITICAL:root:애쉬
CRITICAL:root:블리츠크랭크
CRITICAL:root:하이머딩거
CRITICAL:root:초가스
CRITICAL:root:케이틀린
CRITICAL:root:이즈리얼
CRITICAL:root:뽀삐
CRITICAL:root:레나타 글라스크
CRITICAL:root:제이스
CRITICAL:root:클레드
CRITICAL:root:그레이브즈
CRITICAL:root:그라가스
CRITICAL:root:엘리스
CRITICAL:root:누누와 윌럼프
CRITICAL:root:누누와 윌럼프 == 누누와 윌럼프
CRITICAL:root:블라디미르
CRITICAL:root:뽀삐
CRITICAL:root:애니
CRITICAL:root:바루스
CRITICAL:root:제이스
CRITICAL:root:카르마
CRITICAL:root:빅토르
CRITICAL:root:그라가스
CRITICAL:root:이즈리얼
CRITICAL:root:피오라
CRITICAL:root:야스오
CRITICAL:root:룰루
CRITICAL:root:에코
CRITICAL:root:다이애나
CRITICAL:root:나서스
CRITICAL:root:사일러스
CRITICAL:root:탈론
CRITICAL:root:케인
CRITICAL:root:초가스
CRITICAL:root:블리츠크랭크
CRITICAL:root:블리츠크랭크 == 블리츠크랭크
CRITICAL:root:카이사
CRITICAL:root:징크스
CRITICAL:root:자야
CRITICAL:root:사미라
CRITICAL:root:이즈리얼
CRITICAL:root:바루스
CRITICAL:root:진
CRITICAL:root:루시안
CRITICAL:root:르블랑
CRITICAL:root:코그모
CRITICAL:root:피즈
CRITICAL:root:사일러스
CRITICAL:root:리 신
CRITICAL:root:카직스
CRITICAL:root:녹턴
CRITICAL:root:애쉬
CRITICAL:root:파이크
CRITICAL:root:닐라
CRITICAL:root:아리
CRITICAL:root:아리 == 아리
CRITICAL:root:카서스
CRITICAL:root:카서스 == 카서스
CRITICAL:root:징크스
CRITICAL:root:케이틀린
CRITICAL:root:리 신
CRITICAL:root:자르반 4세
CRITICAL:root:그레이브즈
CRITICAL:root:카이사
CRITICAL:root:카이사 == 카이사
CRITICAL:root:세트
CRITICAL:root:크산테
CRITICAL:root:판테온
CRITICAL:root:아트록스
CRITICAL:root:아트록스 == 아트록스
CRITICAL:root:요릭
CRITICAL:root:아트록스
CRITICAL:root:일라오이
CRITICAL:root:제이스
CRITICAL:root:잭스
CRITICAL:root:세주아니
CRITICAL:root:올라프
CRITICAL:root:말파이트
CRITICAL:root:베이가
CRITICAL:root:모데카이저
CRITICAL:root:나르
CRITICAL:root:판테온
CRITICAL:root:스웨인
CRITICAL:root:나서스
CRITICAL:root:럼블
CRITICAL:root:그웬
CRITICAL:root:카르마
CRITICAL:root:하이머딩거
CRITICAL:root:그라가스
CRITICAL:root:크산테
CRITICAL:root:럭스
CRITICAL:root:가렌
CRITICAL:root:클레드
CRITICAL:root:마오카이
CRITICAL:root:카직스
CRITICAL:root:카직스 == 카직스
CRITICAL:root:이즈리얼
CRITICAL:root:쓰레쉬
CRITICAL:root:아펠리오스
CRITICAL:root:아펠리오스 == 아펠리오스
CRITICAL:root:쉔
CRITICAL:root:쉔 == 쉔
CRITICAL:root:다이애나
CRITICAL:root:자야
CRITICAL:root:진
CRITICAL:root:카이사
CRITICAL:root:리 신
CRITICAL:root:시비르
CRITICAL:root:이즈리얼
CRITICAL:root:이즈리얼 == 이즈리얼
CRITICAL:root:케이틀린
CRITICAL:root:케이틀린 == 케이틀린
CRITICAL:root:진
CRITICAL:root:카이사
CRITICAL:root:카이사 == 카이사
CRITICAL:root:케인
CRITICAL:root:케인 == 케인
CRITICAL:root:럼블
CRITICAL:root:잭스
CRITICAL:root:카밀
CRITICAL:root:이즈리얼
CRITICAL:root:세트
CRITICAL:root:세트 == 세트
CRITICAL:root:제드
CRITICAL:root:제드 == 제드
CRITICAL:root:카이사
CRITICAL:root:카이사 == 카이사
CRITICAL:root:애니
CRITICAL:root:누누와 윌럼프
CRITICAL:root:제라스
CRITICAL:root:리산드라
CRITICAL:root:에코
CRITICAL:root:에코 == 에코
CRITICAL:root:이즈리얼
CRITICAL:root:아펠리오스
CRITICAL:root:진
CRITICAL:root:진 == 진
CRITICAL:root:그레이브즈
CRITICAL:root:그레이브즈 == 그레이브즈
CRITICAL:root:킨드레드 zero two 0 657
CRITICAL:root:Traceback (most recent call last):
  File "/Users/nicode./MainSpace/BigDataTermendProject/OpggProficiencyCrawler.py", line 35, in <module>
    cnn = elem.select_one("td:nth-child(2) > div.champion-container > div.summoner-name > a").text
AttributeError: 'NoneType' object has no attribute 'text'

CRITICAL:root:리븐
CRITICAL:root:카이사
CRITICAL:root:자야
CRITICAL:root:닐라
CRITICAL:root:닐라 == 닐라
CRITICAL:root:라이즈
CRITICAL:root:요네
CRITICAL:root:이렐리아
CRITICAL:root:빅토르
CRITICAL:root:빅토르 == 빅토르
CRITICAL:root:문도 박사
CRITICAL:root:리 신
CRITICAL:root:자크
CRITICAL:root:피들스틱
CRITICAL:root:카르마
CRITICAL:root:카르마 == 카르마
CRITICAL:root:갈리오
CRITICAL:root:갈리오 == 갈리오
CRITICAL:root:사미라
CRITICAL:root:파이크
CRITICAL:root:케일
CRITICAL:root:일라오이
CRITICAL:root:녹턴
CRITICAL:root:바이
CRITICAL:root:바이 == 바이
CRITICAL:root:오공
CRITICAL:root:오공 == 오공
CRITICAL:root:제이스
CRITICAL:root:그레이브즈
CRITICAL:root:리 신
CRITICAL:root:킨드레드
CRITICAL:root:카직스
CRITICAL:root:크산테
CRITICAL:root:니달리
CRITICAL:root:잭스
CRITICAL:root:비에고
CRITICAL:root:비에고 == 비에고
CRITICAL:root:자야
CRITICAL:root:이즈리얼
CRITICAL:root:바루스
CRITICAL:root:징크스
CRITICAL:root:루시안
CRITICAL:root:제리
CRITICAL:root:카이사
CRITICAL:root:아펠리오스
CRITICAL:root:아펠리오스 == 아펠리오스
CRITICAL:root:진
CRITICAL:root:세나
CRITICAL:root:럼블
CRITICAL:root:빅토르
CRITICAL:root:베이가
CRITICAL:root:라칸
CRITICAL:root:올라프
CRITICAL:root:에코
CRITICAL:root:말파이트
CRITICAL:root:스웨인
CRITICAL:root:자르반 4세
CRITICAL:root:아펠리오스
CRITICAL:root:이즈리얼
CRITICAL:root:릴리아
CRITICAL:root:라이즈
CRITICAL:root:아칼리
CRITICAL:root:블라디미르
CRITICAL:root:아무무
CRITICAL:root:카시오페아
CRITICAL:root:그레이브즈
CRITICAL:root:다이애나
CRITICAL:root:노틸러스
CRITICAL:root:시비르
CRITICAL:root:사일러스
CRITICAL:root:요네
CRITICAL:root:자야
CRITICAL:root:자야 == 자야
CRITICAL:root:제이스
CRITICAL:root:아트록스
CRITICAL:root:잭스
CRITICAL:root:케넨
CRITICAL:root:피오라
CRITICAL:root:그라가스
CRITICAL:root:오공
CRITICAL:root:쓰레쉬
CRITICAL:root:사일러스
CRITICAL:root:말파이트
CRITICAL:root:베인
CRITICAL:root:베인 == 베인
CRITICAL:root:리 신
CRITICAL:root:사일러스
CRITICAL:root:마오카이
CRITICAL:root:마오카이 == 마오카이
CRITICAL:root:루시안
CRITICAL:root:이즈리얼
CRITICAL:root:제이스
CRITICAL:root:제리
CRITICAL:root:아펠리오스
CRITICAL:root:크산테
CRITICAL:root:케이틀린
CRITICAL:root:잭스
CRITICAL:root:징크스
CRITICAL:root:자야
CRITICAL:root:코그모
CRITICAL:root:사미라
CRITICAL:root:진
CRITICAL:root:피오라
CRITICAL:root:리 신
CRITICAL:root:야스오
CRITICAL:root:칼리스타
CRITICAL:root:칼리스타 == 칼리스타
CRITICAL:root:야스오
CRITICAL:root:제드
CRITICAL:root:제드 == 제드
CRITICAL:root:빅토르
CRITICAL:root:리 신
CRITICAL:root:탈론
CRITICAL:root:카르마
CRITICAL:root:아리
CRITICAL:root:그레이브즈
CRITICAL:root:사일러스
CRITICAL:root:쓰레쉬
CRITICAL:root:드레이븐
CRITICAL:root:하이머딩거
CRITICAL:root:하이머딩거 == 하이머딩거
CRITICAL:root:카타리나
CRITICAL:root:카타리나 == 카타리나
CRITICAL:root:라칸
CRITICAL:root:아칼리
CRITICAL:root:제드
CRITICAL:root:요네
CRITICAL:root:리 신
CRITICAL:root:그라가스
CRITICAL:root:그라가스 == 그라가스
CRITICAL:root:루시안
CRITICAL:root:루시안 == 루시안
CRITICAL:root:바루스
CRITICAL:root:바루스 == 바루스
CRITICAL:root:갱플랭크
CRITICAL:root:다리우스
CRITICAL:root:제이스
CRITICAL:root:리 신
CRITICAL:root:잭스
CRITICAL:root:사일러스
CRITICAL:root:제드
CRITICAL:root:이렐리아
CRITICAL:root:오공
CRITICAL:root:트위스티드 페이트
CRITICAL:root:르블랑
CRITICAL:root:빅토르
CRITICAL:root:빅토르 == 빅토르
CRITICAL:root:자크
CRITICAL:root:자크 == 자크
CRITICAL:root:카서스
CRITICAL:root:바루스
CRITICAL:root:누누와 윌럼프
CRITICAL:root:아펠리오스
CRITICAL:root:비에고
CRITICAL:root:그웬
CRITICAL:root:이렐리아
CRITICAL:root:크산테
CRITICAL:root:크산테 == 크산테
CRITICAL:root:아리
CRITICAL:root:나르
CRITICAL:root:르블랑
CRITICAL:root:그라가스
CRITICAL:root:징크스
CRITICAL:root:레오나
CRITICAL:root:레넥톤
CRITICAL:root:자르반 4세
CRITICAL:root:오리아나
CRITICAL:root:리산드라
CRITICAL:root:리산드라 == 리산드라
CRITICAL:root:리 신
CRITICAL:root:리 신 == 리 신
CRITICAL:root:질리언
CRITICAL:root:세나
CRITICAL:root:라칸
CRITICAL:root:라칸 == 라칸
CRITICAL:root:이즈리얼
CRITICAL:root:유미
CRITICAL:root:유미 == 유미
CRITICAL:root:요네
CRITICAL:root:아우렐리온 솔
CRITICAL:root:케인
CRITICAL:root:제라스
CRITICAL:root:이렐리아
CRITICAL:root:판테온
CRITICAL:root:말파이트
CRITICAL:root:말파이트 == 말파이트
CRITICAL:root:아트록스
CRITICAL:root:세트
CRITICAL:root:우디르
CRITICAL:root:사이온
CRITICAL:root:트린다미어
CRITICAL:root:트린다미어 == 트린다미어
CRITICAL:root:이즈리얼
CRITICAL:root:카이사
CRITICAL:root:카시오페아
CRITICAL:root:신 짜오
CRITICAL:root:징크스
CRITICAL:root:제리
CRITICAL:root:르블랑
CRITICAL:root:케일
CRITICAL:root:아리
CRITICAL:root:쓰레쉬
CRITICAL:root:애쉬
CRITICAL:root:루시안
CRITICAL:root:진
CRITICAL:root:자야
CRITICAL:root:자야 == 자야
CRITICAL:root:아크샨
CRITICAL:root:벡스
CRITICAL:root:벡스 == 벡스
CRITICAL:root:블리츠크랭크
CRITICAL:root:라칸
CRITICAL:root:애니
CRITICAL:root:쓰레쉬
CRITICAL:root:파이크
CRITICAL:root:자크
CRITICAL:root:애쉬
CRITICAL:root:세트
CRITICAL:root:뽀삐
CRITICAL:root:브라움
CRITICAL:root:밀리오
CRITICAL:root:모르가나
CRITICAL:root:제라스
CRITICAL:root:노틸러스
CRITICAL:root:리 신
CRITICAL:root:알리스타
CRITICAL:root:하이머딩거
CRITICAL:root:바드
CRITICAL:root:렐
CRITICAL:root:진
CRITICAL:root:룰루
CRITICAL:root:비에고
CRITICAL:root:레오나
CRITICAL:root:트위치
CRITICAL:root:잔나
CRITICAL:root:마오카이
CRITICAL:root:마오카이 == 마오카이
CRITICAL:root:그레이브즈
CRITICAL:root:탈론
CRITICAL:root:그라가스
CRITICAL:root:엘리스
CRITICAL:root:에코
CRITICAL:root:카직스
CRITICAL:root:이블린
CRITICAL:root:탈리야
CRITICAL:root:비에고
CRITICAL:root:킨드레드
CRITICAL:root:사일러스
CRITICAL:root:사일러스 == 사일러스
CRITICAL:root:제드
CRITICAL:root:리 신
CRITICAL:root:아리
CRITICAL:root:그레이브즈
CRITICAL:root:사일러스
CRITICAL:root:비에고
CRITICAL:root:카시오페아
CRITICAL:root:카직스
CRITICAL:root:카직스 == 카직스
CRITICAL:root:카타리나
CRITICAL:root:이즈리얼
CRITICAL:root:이즈리얼 == 이즈리얼
CRITICAL:root:피오라
CRITICAL:root:제이스
CRITICAL:root:이렐리아
CRITICAL:root:잭스
CRITICAL:root:그웬
CRITICAL:root:레넥톤
CRITICAL:root:요네
CRITICAL:root:아크샨
CRITICAL:root:케넨
CRITICAL:root:트리스타나
CRITICAL:root:리 신
CRITICAL:root:블리츠크랭크
CRITICAL:root:제리
CRITICAL:root:갱플랭크
CRITICAL:root:퀸
CRITICAL:root:아트록스
CRITICAL:root:루시안
CRITICAL:root:케일
CRITICAL:root:케일 == 케일
CRITICAL:root:징크스
CRITICAL:root:징크스 == 징크스
CRITICAL:root:질리언
CRITICAL:root:질리언 == 질리언
CRITICAL:root:갱플랭크
CRITICAL:root:벨베스
CRITICAL:root:아크샨
CRITICAL:root:요릭
CRITICAL:root:사일러스
CRITICAL:root:초가스
CRITICAL:root:오른
CRITICAL:root:제드
CRITICAL:root:카시오페아
CRITICAL:root:이렐리아
CRITICAL:root:엘리스
CRITICAL:root:세트
CRITICAL:root:르블랑
CRITICAL:root:리 신
CRITICAL:root:샤코
CRITICAL:root:마오카이
CRITICAL:root:케일
CRITICAL:root:피오라
CRITICAL:root:베이가
CRITICAL:root:말파이트
CRITICAL:root:모데카이저
CRITICAL:root:라이즈
CRITICAL:root:아트록스
CRITICAL:root:트린다미어
CRITICAL:root:그라가스
CRITICAL:root:자르반 4세
CRITICAL:root:일라오이
CRITICAL:root:신 짜오
CRITICAL:root:애니비아
CRITICAL:root:람머스
CRITICAL:root:케넨
CRITICAL:root:요네
CRITICAL:root:블라디미르
CRITICAL:root:문도 박사
CRITICAL:root:모르가나
CRITICAL:root:자크
CRITICAL:root:오리아나
CRITICAL:root:다리우스
CRITICAL:root:다이애나
CRITICAL:root:탈리야
CRITICAL:root:럼블
CRITICAL:root:니달리
CRITICAL:root:사이온
CRITICAL:root:애쉬
CRITICAL:root:렝가
CRITICAL:root:노틸러스
CRITICAL:root:알리스타
CRITICAL:root:잭스
CRITICAL:root:잭스 == 잭스
CRITICAL:root:사일러스
CRITICAL:root:리 신
CRITICAL:root:니달리
CRITICAL:root:그레이브즈
CRITICAL:root:킨드레드
CRITICAL:root:제이스
CRITICAL:root:카직스
CRITICAL:root:에코
CRITICAL:root:그라가스
CRITICAL:root:징크스
CRITICAL:root:바이
CRITICAL:root:엘리스
CRITICAL:root:탈리야
CRITICAL:root:빅토르
CRITICAL:root:비에고
CRITICAL:root:이즈리얼
CRITICAL:root:다이애나
CRITICAL:root:헤카림
CRITICAL:root:카이사
CRITICAL:root:카서스
CRITICAL:root:그웬
CRITICAL:root:리븐
CRITICAL:root:자르반 4세
CRITICAL:root:아리
CRITICAL:root:트런들
CRITICAL:root:세트
CRITICAL:root:루시안
CRITICAL:root:제드
CRITICAL:root:신 짜오
CRITICAL:root:모르가나
CRITICAL:root:마오카이
CRITICAL:root:아펠리오스
CRITICAL:root:진
CRITICAL:root:럭스
CRITICAL:root:탈론
CRITICAL:root:탈론 == 탈론
CRITICAL:root:카직스
CRITICAL:root:카직스 == 카직스
CRITICAL:root:워윅
CRITICAL:root:워윅 == 워윅
CRITICAL:root:리 신
CRITICAL:root:자르반 4세
CRITICAL:root:자르반 4세 == 자르반 4세
CRITICAL:root:자야
CRITICAL:root:자야 == 자야
CRITICAL:root:킨드레드
CRITICAL:root:킨드레드 == 킨드레드
CRITICAL:root:르블랑
CRITICAL:root:르블랑 == 르블랑
CRITICAL:root:아펠리오스
CRITICAL:root:제이스
CRITICAL:root:징크스
CRITICAL:root:그라가스
CRITICAL:root:크산테
CRITICAL:root:요네
CRITICAL:root:사일러스
CRITICAL:root:바루스
CRITICAL:root:아우렐리온 솔
CRITICAL:root:킨드레드
CRITICAL:root:리 신
CRITICAL:root:니코
CRITICAL:root:퀸
CRITICAL:root:잭스
CRITICAL:root:럼블
CRITICAL:root:아리
CRITICAL:root:루시안
CRITICAL:root:니달리
CRITICAL:root:마스터 이
CRITICAL:root:자크
CRITICAL:root:조이
CRITICAL:root:진
CRITICAL:root:이즈리얼
CRITICAL:root:비에고
CRITICAL:root:세나
CRITICAL:root:사이온
CRITICAL:root:케이틀린
CRITICAL:root:케이틀린 == 케이틀린
CRITICAL:root:잭스
CRITICAL:root:잭스 == 잭스
CRITICAL:root:리 신
CRITICAL:root:카직스
CRITICAL:root:사일러스
CRITICAL:root:자르반 4세
CRITICAL:root:에코
CRITICAL:root:제라스
CRITICAL:root:제라스 == 제라스
CRITICAL:root:스웨인
CRITICAL:root:그라가스
CRITICAL:root:나서스
CRITICAL:root:나서스 == 나서스
CRITICAL:root:쓰레쉬
CRITICAL:root:노틸러스
CRITICAL:root:노틸러스 == 노틸러스
CRITICAL:root:사일러스
CRITICAL:root:아칼리
CRITICAL:root:리산드라
CRITICAL:root:크산테
CRITICAL:root:잭스
CRITICAL:root:파이크
CRITICAL:root:요네
CRITICAL:root:비에고
CRITICAL:root:아펠리오스
CRITICAL:root:벡스
CRITICAL:root:제이스
CRITICAL:root:신드라
CRITICAL:root:아트록스
CRITICAL:root:오공
CRITICAL:root:카사딘
CRITICAL:root:블라디미르
CRITICAL:root:카시오페아
CRITICAL:root:나르
CRITICAL:root:피오라
CRITICAL:root:이즈리얼
CRITICAL:root:쓰레쉬
CRITICAL:root:이렐리아
CRITICAL:root:르블랑
CRITICAL:root:리 신
CRITICAL:root:빅토르
CRITICAL:root:세트
CRITICAL:root:카밀
CRITICAL:root:야스오
CRITICAL:root:애니비아
CRITICAL:root:아리
CRITICAL:root:다이애나
CRITICAL:root:니달리
CRITICAL:root:제드
CRITICAL:root:케넨
CRITICAL:root:케이틀린
CRITICAL:root:모르가나
CRITICAL:root:녹턴
CRITICAL:root:카이사
CRITICAL:root:사미라
CRITICAL:root:케인
CRITICAL:root:그라가스
CRITICAL:root:자야
CRITICAL:root:갈리오
CRITICAL:root:자르반 4세
CRITICAL:root:시비르
CRITICAL:root:베이가
CRITICAL:root:벨베스
CRITICAL:root:피들스틱
CRITICAL:root:샤코
CRITICAL:root:샤코 == 샤코
CRITICAL:root:럼블
CRITICAL:root:럼블 == 럼블
CRITICAL:root:사일러스
CRITICAL:root:빅토르
CRITICAL:root:베이가
CRITICAL:root:요네
CRITICAL:root:제이스
CRITICAL:root:카사딘
CRITICAL:root:마오카이
CRITICAL:root:피오라
CRITICAL:root:에코
CRITICAL:root:그레이브즈
CRITICAL:root:자크
CRITICAL:root:킨드레드
CRITICAL:root:아리
CRITICAL:root:애니
CRITICAL:root:케일
CRITICAL:root:아칼리
CRITICAL:root:벡스
CRITICAL:root:라이즈
CRITICAL:root:헤카림
CRITICAL:root:리 신
CRITICAL:root:그웬
CRITICAL:root:오리아나
CRITICAL:root:바루스
CRITICAL:root:비에고
CRITICAL:root:나서스
CRITICAL:root:야스오
CRITICAL:root:아트록스
CRITICAL:root:아트록스 == 아트록스
CRITICAL:root:진
CRITICAL:root:트리스타나
CRITICAL:root:징크스
CRITICAL:root:제라스
CRITICAL:root:이즈리얼
CRITICAL:root:이즈리얼 == 이즈리얼
CRITICAL:root:쓰레쉬
CRITICAL:root:쓰레쉬 == 쓰레쉬
CRITICAL:root:일라오이
CRITICAL:root:요릭
CRITICAL:root:요릭 == 요릭
CRITICAL:root:자크
CRITICAL:root:자크 == 자크
CRITICAL:root:이즈리얼
CRITICAL:root:제리
CRITICAL:root:루시안
CRITICAL:root:아펠리오스
CRITICAL:root:징크스
CRITICAL:root:진
CRITICAL:root:자야
CRITICAL:root:카이사
CRITICAL:root:케이틀린
CRITICAL:root:드레이븐
CRITICAL:root:미스 포츈
CRITICAL:root:트리스타나
CRITICAL:root:트리스타나 == 트리스타나
CRITICAL:root:리븐
CRITICAL:root:리븐 == 리븐
CRITICAL:root:바이
CRITICAL:root:자크
CRITICAL:root:카직스
CRITICAL:root:에코
CRITICAL:root:징크스
CRITICAL:root:이즈리얼
CRITICAL:root:이즈리얼 == 이즈리얼
CRITICAL:root:밀리오
CRITICAL:root:밀리오 == 밀리오
CRITICAL:root:자르반 4세
CRITICAL:root:자르반 4세 == 자르반 4세
CRITICAL:root:밀리오
CRITICAL:root:소라카
CRITICAL:root:나미
CRITICAL:root:룰루
CRITICAL:root:유미
CRITICAL:root:유미 == 유미
CRITICAL:root:이즈리얼
CRITICAL:root:이즈리얼 == 이즈리얼
CRITICAL:root:징크스
CRITICAL:root:아펠리오스
CRITICAL:root:이즈리얼
CRITICAL:root:요네
CRITICAL:root:자야
CRITICAL:root:카이사
CRITICAL:root:바루스
CRITICAL:root:이렐리아
CRITICAL:root:피오라
CRITICAL:root:제이스
CRITICAL:root:진
CRITICAL:root:말파이트
CRITICAL:root:루시안
CRITICAL:root:자르반 4세
CRITICAL:root:라칸
CRITICAL:root:블리츠크랭크
CRITICAL:root:리 신
CRITICAL:root:잭스
CRITICAL:root:아리
CRITICAL:root:그레이브즈
CRITICAL:root:제드
CRITICAL:root:르블랑
CRITICAL:root:사일러스
CRITICAL:root:제리
CRITICAL:root:시비르
CRITICAL:root:크산테
CRITICAL:root:벡스
CRITICAL:root:빅토르
CRITICAL:root:그웬
CRITICAL:root:케일
CRITICAL:root:베이가
CRITICAL:root:아우렐리온 솔
CRITICAL:root:밀리오
CRITICAL:root:라이즈
CRITICAL:root:카직스
CRITICAL:root:킨드레드
CRITICAL:root:유미
CRITICAL:root:피즈
CRITICAL:root:사미라
CRITICAL:root:사미라 == 사미라
CRITICAL:root:아리
CRITICAL:root:사일러스
CRITICAL:root:아지르
CRITICAL:root:르블랑
CRITICAL:root:요네
CRITICAL:root:아칼리
CRITICAL:root:신드라
CRITICAL:root:라이즈
CRITICAL:root:조이
CRITICAL:root:빅토르
CRITICAL:root:이즈리얼
CRITICAL:root:리산드라
CRITICAL:root:벡스
CRITICAL:root:판테온
CRITICAL:root:판테온 == 판테온
CRITICAL:root:아펠리오스
CRITICAL:root:아펠리오스 == 아펠리오스
CRITICAL:root:마스터 이
CRITICAL:root:리 신
CRITICAL:root:잭스
CRITICAL:root:카이사
CRITICAL:root:이즈리얼
CRITICAL:root:니달리
CRITICAL:root:르블랑
CRITICAL:root:사일러스
CRITICAL:root:리븐
CRITICAL:root:제이스
CRITICAL:root:자르반 4세
CRITICAL:root:자르반 4세 == 자르반 4세
CRITICAL:root:이즈리얼
CRITICAL:root:루시안
CRITICAL:root:럼블
CRITICAL:root:럼블 == 럼블
CRITICAL:root:트리스타나
CRITICAL:root:리 신
CRITICAL:root:제드
CRITICAL:root:바이
CRITICAL:root:제이스
CRITICAL:root:아크샨
CRITICAL:root:이즈리얼
CRITICAL:root:루시안
CRITICAL:root:르블랑
CRITICAL:root:르블랑 == 르블랑
CRITICAL:root:잭스
CRITICAL:root:아펠리오스
CRITICAL:root:유미
CRITICAL:root:징크스
CRITICAL:root:케넨
CRITICAL:root:아트록스
CRITICAL:root:라칸
CRITICAL:root:라칸 == 라칸
CRITICAL:root:유미
CRITICAL:root:밀리오
CRITICAL:root:밀리오 == 밀리오
CRITICAL:root:아지르
CRITICAL:root:아지르 == 아지르
CRITICAL:root:트린다미어
CRITICAL:root:가렌
CRITICAL:root:가렌 == 가렌
CRITICAL:root:유미
CRITICAL:root:쓰레쉬
CRITICAL:root:라칸
CRITICAL:root:아펠리오스
CRITICAL:root:이즈리얼
CRITICAL:root:룰루
CRITICAL:root:카르마
CRITICAL:root:카이사
CRITICAL:root:아무무
CRITICAL:root:럭스
CRITICAL:root:제리
CRITICAL:root:케이틀린
CRITICAL:root:케이틀린 == 케이틀린
CRITICAL:root:이즈리얼
CRITICAL:root:카타리나
CRITICAL:root:리 신
CRITICAL:root:리 신 == 리 신
CRITICAL:root:제리
CRITICAL:root:이즈리얼
CRITICAL:root:오공
CRITICAL:root:마오카이
CRITICAL:root:루시안
CRITICAL:root:바이
CRITICAL:root:리 신
CRITICAL:root:카이사
CRITICAL:root:진
CRITICAL:root:징크스
CRITICAL:root:크산테
CRITICAL:root:사미라
CRITICAL:root:판테온
CRITICAL:root:렉사이
CRITICAL:root:자야
CRITICAL:root:애쉬
CRITICAL:root:케이틀린
CRITICAL:root:사일러스
CRITICAL:root:아우렐리온 솔
CRITICAL:root:바루스
CRITICAL:root:애니
CRITICAL:root:카직스
CRITICAL:root:자르반 4세
CRITICAL:root:그라가스
CRITICAL:root:킨드레드
CRITICAL:root:신 짜오
CRITICAL:root:아펠리오스
CRITICAL:root:뽀삐
CRITICAL:root:아무무
CRITICAL:root:질리언
CRITICAL:root:잭스
CRITICAL:root:제드
CRITICAL:root:블리츠크랭크
CRITICAL:root:그웬
CRITICAL:root:코그모
CRITICAL:root:트위스티드 페이트
CRITICAL:root:자크
CRITICAL:root:세주아니
CRITICAL:root:미스 포츈
CRITICAL:root:럼블
CRITICAL:root:럼블 == 럼블
CRITICAL:root:탈론
CRITICAL:root:탈론 == 탈론
CRITICAL:root:아리
CRITICAL:root:키아나
CRITICAL:root:벡스
CRITICAL:root:카르마
CRITICAL:root:빅토르
CRITICAL:root:레오나
CRITICAL:root:카서스
CRITICAL:root:르블랑
CRITICAL:root:나미
CRITICAL:root:나미 == 나미
CRITICAL:root:카서스
CRITICAL:root:자크
CRITICAL:root:자크 == 자크
CRITICAL:root:그라가스
CRITICAL:root:마오카이
CRITICAL:root:아트록스
CRITICAL:root:잭스
CRITICAL:root:그웬
CRITICAL:root:탐 켄치
CRITICAL:root:오른
CRITICAL:root:사이온
CRITICAL:root:블라디미르
CRITICAL:root:레넥톤
CRITICAL:root:나서스
CRITICAL:root:나서스 == 나서스
CRITICAL:root:카르마
CRITICAL:root:모르가나
CRITICAL:root:밀리오
CRITICAL:root:자르반 4세
CRITICAL:root:그라가스
CRITICAL:root:룰루
CRITICAL:root:질리언
CRITICAL:root:질리언 == 질리언
CRITICAL:root:리산드라
CRITICAL:root:리산드라 == 리산드라
CRITICAL:root:카타리나
CRITICAL:root:카타리나 == 카타리나
CRITICAL:root:스웨인
CRITICAL:root:스웨인 == 스웨인
CRITICAL:root:르블랑
CRITICAL:root:르블랑 == 르블랑
CRITICAL:root:리 신
CRITICAL:root:그레이브즈
CRITICAL:root:그레이브즈 == 그레이브즈
CRITICAL:root:이즈리얼
CRITICAL:root:카이사
CRITICAL:root:아리
CRITICAL:root:블리츠크랭크
CRITICAL:root:징크스
CRITICAL:root:징크스 == 징크스
CRITICAL:root:제리
CRITICAL:root:루시안
CRITICAL:root:루시안 == 루시안
CRITICAL:root:가렌
CRITICAL:root:오른
CRITICAL:root:피오라
CRITICAL:root:잭스
CRITICAL:root:요네
CRITICAL:root:사일러스
CRITICAL:root:아칼리
CRITICAL:root:아칼리 == 아칼리
CRITICAL:root:그라가스
CRITICAL:root:바이
CRITICAL:root:아펠리오스
CRITICAL:root:마오카이
CRITICAL:root:리 신
CRITICAL:root:뽀삐
CRITICAL:root:니달리
CRITICAL:root:니달리 == 니달리
CRITICAL:root:이즈리얼
CRITICAL:root:이즈리얼 == 이즈리얼
CRITICAL:root:탈론
CRITICAL:root:애쉬
CRITICAL:root:진
CRITICAL:root:이즈리얼
CRITICAL:root:이즈리얼 == 이즈리얼
CRITICAL:root:리 신
CRITICAL:root:그레이브즈
CRITICAL:root:그레이브즈 == 그레이브즈
CRITICAL:root:샤코
CRITICAL:root:세트
CRITICAL:root:세트 == 세트
CRITICAL:root:탈론
CRITICAL:root:피즈
CRITICAL:root:리 신
CRITICAL:root:카이사
CRITICAL:root:릴리아
CRITICAL:root:카시오페아
CRITICAL:root:바루스
CRITICAL:root:이즈리얼
CRITICAL:root:제이스
CRITICAL:root:그라가스
CRITICAL:root:루시안
CRITICAL:root:킨드레드
CRITICAL:root:쓰레쉬
CRITICAL:root:이렐리아
CRITICAL:root:노틸러스
CRITICAL:root:사일러스
CRITICAL:root:케이틀린
CRITICAL:root:트리스타나
CRITICAL:root:일라오이
CRITICAL:root:징크스
CRITICAL:root:피오라
CRITICAL:root:크산테
CRITICAL:root:제드
CRITICAL:root:빅토르
CRITICAL:root:뽀삐
CRITICAL:root:비에고
CRITICAL:root:블리츠크랭크
CRITICAL:root:헤카림
CRITICAL:root:사미라
CRITICAL:root:엘리스
CRITICAL:root:그레이브즈
CRITICAL:root:오른
CRITICAL:root:유미
CRITICAL:root:요네
CRITICAL:root:갱플랭크
CRITICAL:root:카르마
CRITICAL:root:니달리
CRITICAL:root:하이머딩거
CRITICAL:root:자크
CRITICAL:root:럭스
CRITICAL:root:아트록스
CRITICAL:root:에코
CRITICAL:root:잭스
CRITICAL:root:진
CRITICAL:root:아칼리
CRITICAL:root:말파이트
CRITICAL:root:아지르
CRITICAL:root:제리
CRITICAL:root:야스오
CRITICAL:root:키아나
CRITICAL:root:오리아나
CRITICAL:root:자야
CRITICAL:root:조이
CRITICAL:root:베인
CRITICAL:root:판테온
CRITICAL:root:시비르
CRITICAL:root:세주아니
CRITICAL:root:마오카이
CRITICAL:root:카직스
CRITICAL:root:신 짜오
CRITICAL:root:탈리야
CRITICAL:root:베이가
CRITICAL:root:베이가 == 베이가
CRITICAL:root:애니비아
CRITICAL:root:애니비아 == 애니비아
CRITICAL:root:케인
CRITICAL:root:쓰레쉬
CRITICAL:root:블리츠크랭크
CRITICAL:root:비에고
CRITICAL:root:라칸
CRITICAL:root:아크샨
CRITICAL:root:카직스
CRITICAL:root:카직스 == 카직스
CRITICAL:root:탈리야
CRITICAL:root:리 신
CRITICAL:root:제이스
CRITICAL:root:초가스
CRITICAL:root:그라가스
CRITICAL:root:징크스
CRITICAL:root:엘리스
CRITICAL:root:쓰레쉬
CRITICAL:root:그레이브즈
CRITICAL:root:자야
CRITICAL:root:니달리
CRITICAL:root:진
CRITICAL:root:사일러스
CRITICAL:root:비에고
CRITICAL:root:카이사
CRITICAL:root:카이사 == 카이사
CRITICAL:root:사미라
CRITICAL:root:카직스
CRITICAL:root:에코
CRITICAL:root:사일러스
CRITICAL:root:엘리스
CRITICAL:root:마스터 이
CRITICAL:root:마스터 이 == 마스터 이
CRITICAL:root:제드
CRITICAL:root:제드 == 제드
CRITICAL:root:밀리오
CRITICAL:root:럭스
CRITICAL:root:소라카
CRITICAL:root:블리츠크랭크
CRITICAL:root:애쉬
CRITICAL:root:라칸
CRITICAL:root:스웨인
CRITICAL:root:마오카이
CRITICAL:root:마오카이 == 마오카이
CRITICAL:root:에코 에코서폿합니다 759
CRITICAL:root:Traceback (most recent call last):
  File "/Users/nicode./MainSpace/BigDataTermendProject/OpggProficiencyCrawler.py", line 35, in <module>
    cnn = elem.select_one("td:nth-child(2) > div.champion-container > div.summoner-name > a").text
AttributeError: 'NoneType' object has no attribute 'text'

CRITICAL:root:카직스
CRITICAL:root:니달리
CRITICAL:root:리 신
CRITICAL:root:사일러스
CRITICAL:root:사일러스 == 사일러스
CRITICAL:root:크산테
CRITICAL:root:잭스
CRITICAL:root:잭스 == 잭스
CRITICAL:root:크산테
CRITICAL:root:라이즈
CRITICAL:root:진
CRITICAL:root:신드라
CRITICAL:root:잭스
CRITICAL:root:그레이브즈
CRITICAL:root:바이
CRITICAL:root:갱플랭크
CRITICAL:root:제드
CRITICAL:root:아지르
CRITICAL:root:아지르 == 아지르
CRITICAL:root:밀리오
CRITICAL:root:카르마
CRITICAL:root:라칸
CRITICAL:root:룰루
CRITICAL:root:룰루 == 룰루
CRITICAL:root:아펠리오스
CRITICAL:root:아펠리오스 == 아펠리오스
CRITICAL:root:아리
CRITICAL:root:아펠리오스
CRITICAL:root:쓰레쉬
CRITICAL:root:쓰레쉬 == 쓰레쉬
CRITICAL:root:크산테
CRITICAL:root:제이스
CRITICAL:root:사일러스
CRITICAL:root:니코
CRITICAL:root:그레이브즈
CRITICAL:root:아리
CRITICAL:root:그라가스
CRITICAL:root:신드라
CRITICAL:root:요네
CRITICAL:root:요네 == 요네
CRITICAL:root:피오라
CRITICAL:root:니달리
CRITICAL:root:니달리 == 니달리
CRITICAL:root:이즈리얼
CRITICAL:root:이즈리얼 == 이즈리얼
CRITICAL:root:블라디미르
CRITICAL:root:블라디미르 == 블라디미르
CRITICAL:root:아크샨
CRITICAL:root:제이스
CRITICAL:root:럼블
CRITICAL:root:사일러스
CRITICAL:root:사일러스 == 사일러스
CRITICAL:root:베인
CRITICAL:root:베인 == 베인
CRITICAL:root:사미라
CRITICAL:root:이즈리얼
CRITICAL:root:자야
CRITICAL:root:자야 == 자야
CRITICAL:root:자크
CRITICAL:root:나미
CRITICAL:root:애쉬
CRITICAL:root:그라가스
CRITICAL:root:카르마
CRITICAL:root:아트록스
CRITICAL:root:갱플랭크
CRITICAL:root:르블랑
CRITICAL:root:사미라
CRITICAL:root:닐라
CRITICAL:root:이즈리얼
CRITICAL:root:루시안
CRITICAL:root:베인
CRITICAL:root:스웨인
CRITICAL:root:케이틀린
CRITICAL:root:징크스
CRITICAL:root:바루스
CRITICAL:root:진
CRITICAL:root:제리
CRITICAL:root:자야
CRITICAL:root:카서스
CRITICAL:root:카서스 == 카서스
CRITICAL:root:자야 먹이감사요 775
CRITICAL:root:Traceback (most recent call last):
  File "/Users/nicode./MainSpace/BigDataTermendProject/OpggProficiencyCrawler.py", line 35, in <module>
    cnn = elem.select_one("td:nth-child(2) > div.champion-container > div.summoner-name > a").text
AttributeError: 'NoneType' object has no attribute 'text'

CRITICAL:root:라칸
CRITICAL:root:리 신
CRITICAL:root:사일러스
CRITICAL:root:블리츠크랭크
CRITICAL:root:레넥톤
CRITICAL:root:세주아니
CRITICAL:root:바이
CRITICAL:root:애니
CRITICAL:root:애니 == 애니
CRITICAL:root:제리
CRITICAL:root:카이사
CRITICAL:root:아펠리오스
CRITICAL:root:아펠리오스 == 아펠리오스
CRITICAL:root:녹턴
CRITICAL:root:녹턴 == 녹턴
CRITICAL:root:사미라
CRITICAL:root:사미라 == 사미라
CRITICAL:root:야스오
CRITICAL:root:럼블
CRITICAL:root:요네
CRITICAL:root:아칼리
CRITICAL:root:르블랑
CRITICAL:root:사일러스
CRITICAL:root:아리
CRITICAL:root:아리 == 아리
CRITICAL:root:니달리
CRITICAL:root:람머스
CRITICAL:root:람머스 == 람머스
CRITICAL:root:유미
CRITICAL:root:소라카
CRITICAL:root:밀리오
CRITICAL:root:밀리오 == 밀리오
CRITICAL:root:이렐리아
CRITICAL:root:사일러스
CRITICAL:root:카시오페아
CRITICAL:root:리산드라
CRITICAL:root:리산드라 == 리산드라
CRITICAL:root:요네
CRITICAL:root:요네 == 요네
CRITICAL:root:바루스
CRITICAL:root:요네
CRITICAL:root:아리
CRITICAL:root:잭스
CRITICAL:root:이즈리얼
CRITICAL:root:케일
CRITICAL:root:루시안
CRITICAL:root:리 신
CRITICAL:root:리 신 == 리 신
CRITICAL:root:초가스
CRITICAL:root:럼블
CRITICAL:root:럼블 == 럼블
CRITICAL:root:쓰레쉬
CRITICAL:root:노틸러스
CRITICAL:root:파이크
CRITICAL:root:바루스
CRITICAL:root:카이사
CRITICAL:root:베인
CRITICAL:root:이즈리얼
CRITICAL:root:리 신
CRITICAL:root:라칸
CRITICAL:root:그라가스
CRITICAL:root:나미
CRITICAL:root:징크스
CRITICAL:root:자야
CRITICAL:root:사미라
CRITICAL:root:그레이브즈
CRITICAL:root:카직스
CRITICAL:root:피오라
CRITICAL:root:알리스타
CRITICAL:root:제이스
CRITICAL:root:케인
CRITICAL:root:아트록스
CRITICAL:root:밀리오
CRITICAL:root:아칼리
CRITICAL:root:사일러스
CRITICAL:root:카르마
CRITICAL:root:아펠리오스
CRITICAL:root:자르반 4세
CRITICAL:root:레오나
CRITICAL:root:말파이트
CRITICAL:root:루시안
CRITICAL:root:제리
CRITICAL:root:마오카이
CRITICAL:root:아이번
CRITICAL:root:블라디미르
CRITICAL:root:제라스
CRITICAL:root:제라스 == 제라스
CRITICAL:root:노틸러스
CRITICAL:root:이즈리얼
CRITICAL:root:닐라
CRITICAL:root:자야
CRITICAL:root:카르마
CRITICAL:root:밀리오
CRITICAL:root:밀리오 == 밀리오
CRITICAL:root:징크스
CRITICAL:root:케넨
CRITICAL:root:럼블
CRITICAL:root:이즈리얼
CRITICAL:root:진
CRITICAL:root:시비르
CRITICAL:root:시비르 == 시비르
CRITICAL:root:세트
CRITICAL:root:세트 == 세트
CRITICAL:root:잭스
CRITICAL:root:이렐리아
CRITICAL:root:이렐리아 == 이렐리아
CRITICAL:root:밀리오
CRITICAL:root:나미
CRITICAL:root:쓰레쉬
CRITICAL:root:쓰레쉬 == 쓰레쉬
CRITICAL:root:탈론
CRITICAL:root:리 신
CRITICAL:root:카직스
CRITICAL:root:아크샨
CRITICAL:root:제드
CRITICAL:root:제드 == 제드
CRITICAL:root:제드
CRITICAL:root:아리
CRITICAL:root:카직스
CRITICAL:root:사일러스
CRITICAL:root:아크샨
CRITICAL:root:니달리
CRITICAL:root:탈론
CRITICAL:root:탈론 == 탈론
CRITICAL:root:자야
CRITICAL:root:블리츠크랭크
CRITICAL:root:쓰레쉬
CRITICAL:root:애쉬
CRITICAL:root:노틸러스
CRITICAL:root:루시안
CRITICAL:root:이즈리얼
CRITICAL:root:카이사
CRITICAL:root:진
CRITICAL:root:라칸
CRITICAL:root:나미
CRITICAL:root:아무무
CRITICAL:root:카르마
CRITICAL:root:리 신
CRITICAL:root:리산드라
CRITICAL:root:칼리스타
CRITICAL:root:신 짜오
CRITICAL:root:밀리오
CRITICAL:root:바루스
CRITICAL:root:코그모
CRITICAL:root:아펠리오스
CRITICAL:root:아지르
CRITICAL:root:알리스타
CRITICAL:root:룰루
CRITICAL:root:바이
CRITICAL:root:징크스
CRITICAL:root:르블랑
CRITICAL:root:카직스
CRITICAL:root:럼블
CRITICAL:root:파이크
CRITICAL:root:사일러스
CRITICAL:root:트리스타나
CRITICAL:root:트리스타나 == 트리스타나
CRITICAL:root:제드
CRITICAL:root:요네
CRITICAL:root:요네 == 요네
CRITICAL:root:카타리나
CRITICAL:root:니달리
CRITICAL:root:니코
CRITICAL:root:하이머딩거
CRITICAL:root:리 신
CRITICAL:root:애쉬
CRITICAL:root:제리
CRITICAL:root:사일러스
CRITICAL:root:진
CRITICAL:root:블리츠크랭크
CRITICAL:root:에코
CRITICAL:root:이즈리얼
CRITICAL:root:이즈리얼 == 이즈리얼
CRITICAL:root:리 신
CRITICAL:root:사일러스
CRITICAL:root:니코
CRITICAL:root:에코
CRITICAL:root:탈론
CRITICAL:root:베인
CRITICAL:root:요네
CRITICAL:root:뽀삐
CRITICAL:root:카직스
CRITICAL:root:말파이트
CRITICAL:root:말파이트 == 말파이트
CRITICAL:root:리 신
CRITICAL:root:자크
CRITICAL:root:자크 == 자크
CRITICAL:root:카타리나
CRITICAL:root:카타리나 == 카타리나
CRITICAL:root:쉔
CRITICAL:root:크산테
CRITICAL:root:그웬
CRITICAL:root:케일
CRITICAL:root:아리
CRITICAL:root:리븐
CRITICAL:root:말파이트
CRITICAL:root:라칸
CRITICAL:root:라칸 == 라칸
CRITICAL:root:그라가스
CRITICAL:root:카르마
CRITICAL:root:럭스
CRITICAL:root:리 신
CRITICAL:root:바이
CRITICAL:root:렉사이
CRITICAL:root:세나
CRITICAL:root:자르반 4세
CRITICAL:root:자르반 4세 == 자르반 4세
CRITICAL:root:사미라
CRITICAL:root:징크스
CRITICAL:root:카이사
CRITICAL:root:제리
CRITICAL:root:카타리나
CRITICAL:root:아크샨
CRITICAL:root:아크샨 == 아크샨
CRITICAL:root:렉사이
CRITICAL:root:렉사이 == 렉사이
CRITICAL:root:징크스
CRITICAL:root:요네
CRITICAL:root:카이사
CRITICAL:root:카시오페아
CRITICAL:root:카사딘
CRITICAL:root:자야
CRITICAL:root:애쉬
CRITICAL:root:베인
CRITICAL:root:베이가
CRITICAL:root:코그모
CRITICAL:root:사미라
CRITICAL:root:미스 포츈
CRITICAL:root:진
CRITICAL:root:시비르
CRITICAL:root:케일
CRITICAL:root:케일 == 케일
CRITICAL:root:라칸
CRITICAL:root:라칸 == 라칸
CRITICAL:root:판테온
CRITICAL:root:피오라
CRITICAL:root:크산테
CRITICAL:root:문도 박사
CRITICAL:root:말파이트
CRITICAL:root:신 짜오
CRITICAL:root:루시안
CRITICAL:root:야스오
CRITICAL:root:야스오 == 야스오
CRITICAL:root:카타리나
CRITICAL:root:카타리나 == 카타리나
CRITICAL:root:제라스
CRITICAL:root:모르가나
CRITICAL:root:니코
CRITICAL:root:럭스
CRITICAL:root:소라카
CRITICAL:root:신드라
CRITICAL:root:초가스
CRITICAL:root:유미
CRITICAL:root:노틸러스
CRITICAL:root:소나
CRITICAL:root:소나 == 소나
CRITICAL:root:루시안
CRITICAL:root:마스터 이
CRITICAL:root:야스오
CRITICAL:root:트리스타나
CRITICAL:root:제이스
CRITICAL:root:이렐리아
CRITICAL:root:피오라
CRITICAL:root:리 신
CRITICAL:root:파이크
CRITICAL:root:쓰레쉬
CRITICAL:root:니코
CRITICAL:root:사일러스
CRITICAL:root:드레이븐
CRITICAL:root:르블랑
CRITICAL:root:르블랑 == 르블랑
CRITICAL:root:아칼리
CRITICAL:root:아지르
CRITICAL:root:사일러스
CRITICAL:root:아리
CRITICAL:root:제이스
CRITICAL:root:카이사
CRITICAL:root:야스오
CRITICAL:root:야스오 == 야스오
CRITICAL:root:제이스
CRITICAL:root:피오라
CRITICAL:root:케넨
CRITICAL:root:카밀
CRITICAL:root:일라오이
CRITICAL:root:클레드
CRITICAL:root:케일
CRITICAL:root:나서스
CRITICAL:root:잭스
CRITICAL:root:잭스 == 잭스
CRITICAL:root:판테온
CRITICAL:root:밀리오
CRITICAL:root:라칸
CRITICAL:root:블리츠크랭크
CRITICAL:root:카르마
CRITICAL:root:세나
CRITICAL:root:룰루
CRITICAL:root:마오카이
CRITICAL:root:나미
CRITICAL:root:바드
CRITICAL:root:바루스
CRITICAL:root:제라스
CRITICAL:root:럭스
CRITICAL:root:타릭
CRITICAL:root:리 신
CRITICAL:root:이즈리얼
CRITICAL:root:파이크
CRITICAL:root:진
CRITICAL:root:애쉬
CRITICAL:root:카이사
CRITICAL:root:케이틀린
CRITICAL:root:아무무
CRITICAL:root:제리
CRITICAL:root:베인
CRITICAL:root:브랜드
CRITICAL:root:세라핀
CRITICAL:root:레오나
CRITICAL:root:마스터 이
CRITICAL:root:카직스
CRITICAL:root:녹턴
CRITICAL:root:브라움
CRITICAL:root:브라움 == 브라움
CRITICAL:root:아펠리오스
CRITICAL:root:징크스
CRITICAL:root:이즈리얼
CRITICAL:root:자야
CRITICAL:root:자야 == 자야
CRITICAL:root:라칸
CRITICAL:root:라칸 == 라칸
CRITICAL:root:럭스
CRITICAL:root:카르마
CRITICAL:root:잔나
CRITICAL:root:모르가나
CRITICAL:root:쓰레쉬
CRITICAL:root:스웨인
CRITICAL:root:룰루
CRITICAL:root:케이틀린
CRITICAL:root:유미
CRITICAL:root:알리스타
CRITICAL:root:진
CRITICAL:root:애쉬
CRITICAL:root:자이라
CRITICAL:root:나미
CRITICAL:root:아무무
CRITICAL:root:노틸러스
CRITICAL:root:소라카
CRITICAL:root:코그모
CRITICAL:root:샤코
CRITICAL:root:브랜드
CRITICAL:root:제라스
CRITICAL:root:타릭
CRITICAL:root:소나
CRITICAL:root:카이사
CRITICAL:root:블리츠크랭크
CRITICAL:root:밀리오
CRITICAL:root:밀리오 == 밀리오
CRITICAL:root:문도 박사
CRITICAL:root:가렌
CRITICAL:root:야스오
CRITICAL:root:잭스
CRITICAL:root:잭스 == 잭스
CRITICAL:root:자야
CRITICAL:root:자야 == 자야
CRITICAL:root:마스터 이
CRITICAL:root:크산테
CRITICAL:root:가렌
CRITICAL:root:사미라
CRITICAL:root:카직스
CRITICAL:root:비에고
CRITICAL:root:제이스
CRITICAL:root:자르반 4세
CRITICAL:root:루시안
CRITICAL:root:그레이브즈
CRITICAL:root:케일
CRITICAL:root:아우렐리온 솔
CRITICAL:root:렐
CRITICAL:root:다리우스
CRITICAL:root:킨드레드
CRITICAL:root:라이즈
CRITICAL:root:레넥톤
CRITICAL:root:케인
CRITICAL:root:쉬바나
CRITICAL:root:아리
CRITICAL:root:오공
CRITICAL:root:자야
CRITICAL:root:녹턴
CRITICAL:root:벨베스
CRITICAL:root:헤카림
CRITICAL:root:바루스
CRITICAL:root:바루스 == 바루스
CRITICAL:root:요네
CRITICAL:root:바루스
CRITICAL:root:아펠리오스
CRITICAL:root:자야
CRITICAL:root:이즈리얼
CRITICAL:root:이즈리얼 == 이즈리얼
CRITICAL:root:닐라
CRITICAL:root:닐라 == 닐라
CRITICAL:root:아펠리오스
CRITICAL:root:카이사
CRITICAL:root:코그모
CRITICAL:root:징크스
CRITICAL:root:제이스
CRITICAL:root:루시안
CRITICAL:root:잭스
CRITICAL:root:이렐리아
CRITICAL:root:애쉬
CRITICAL:root:이즈리얼
CRITICAL:root:시비르
CRITICAL:root:케이틀린
CRITICAL:root:진
CRITICAL:root:나르
CRITICAL:root:사미라
CRITICAL:root:트리스타나
CRITICAL:root:럭스
CRITICAL:root:바루스
CRITICAL:root:제드
CRITICAL:root:제드 == 제드
CRITICAL:root:애쉬
CRITICAL:root:진
CRITICAL:root:시비르
CRITICAL:root:자야
CRITICAL:root:이즈리얼
CRITICAL:root:바루스
CRITICAL:root:케넨
CRITICAL:root:탐 켄치
CRITICAL:root:징크스
CRITICAL:root:모르가나
CRITICAL:root:트리스타나
CRITICAL:root:아무무
CRITICAL:root:초가스
CRITICAL:root:세트
CRITICAL:root:말파이트
CRITICAL:root:크산테
CRITICAL:root:크산테 == 크산테
CRITICAL:root:리 신
CRITICAL:root:이렐리아
CRITICAL:root:사일러스
CRITICAL:root:아트록스
CRITICAL:root:사미라
CRITICAL:root:잭스
CRITICAL:root:자르반 4세
CRITICAL:root:르블랑
CRITICAL:root:신 짜오
CRITICAL:root:그레이브즈
CRITICAL:root:아칼리
CRITICAL:root:이즈리얼
CRITICAL:root:야스오
CRITICAL:root:제드
CRITICAL:root:세주아니
CRITICAL:root:마스터 이
CRITICAL:root:헤카림
CRITICAL:root:헤카림 == 헤카림
CRITICAL:root:잔나
CRITICAL:root:나미
CRITICAL:root:소라카
CRITICAL:root:소라카 == 소라카
CRITICAL:root:유미
CRITICAL:root:밀리오
CRITICAL:root:밀리오 == 밀리오
CRITICAL:root:진
CRITICAL:root:제드
CRITICAL:root:루시안
CRITICAL:root:트리스타나
CRITICAL:root:트린다미어
CRITICAL:root:이즈리얼
CRITICAL:root:바루스
CRITICAL:root:케인
CRITICAL:root:코그모
CRITICAL:root:징크스
CRITICAL:root:카이사
CRITICAL:root:피오라
CRITICAL:root:블라디미르
CRITICAL:root:애쉬
CRITICAL:root:카사딘
CRITICAL:root:세나
CRITICAL:root:그레이브즈
CRITICAL:root:제리
CRITICAL:root:빅토르
CRITICAL:root:케이틀린
CRITICAL:root:말파이트
CRITICAL:root:라이즈
CRITICAL:root:미스 포츈
CRITICAL:root:미스 포츈 == 미스 포츈
CRITICAL:root:리 신
CRITICAL:root:리 신 == 리 신
CRITICAL:root:리 신
CRITICAL:root:사일러스
CRITICAL:root:그레이브즈
CRITICAL:root:그레이브즈 == 그레이브즈
CRITICAL:root:비에고
CRITICAL:root:마오카이
CRITICAL:root:그레이브즈
CRITICAL:root:자르반 4세
CRITICAL:root:사일러스
CRITICAL:root:킨드레드
CRITICAL:root:렉사이
CRITICAL:root:엘리스
CRITICAL:root:니달리
CRITICAL:root:녹턴
CRITICAL:root:징크스
CRITICAL:root:릴리아
CRITICAL:root:이즈리얼
CRITICAL:root:카이사
CRITICAL:root:트런들
CRITICAL:root:헤카림
CRITICAL:root:자야
CRITICAL:root:빅토르
CRITICAL:root:빅토르 == 빅토르
CRITICAL:root:탐 켄치
CRITICAL:root:탐 켄치 == 탐 켄치
CRITICAL:root:이즈리얼
CRITICAL:root:제리
CRITICAL:root:징크스
CRITICAL:root:징크스 == 징크스
CRITICAL:root:쓰레쉬
CRITICAL:root:블리츠크랭크
CRITICAL:root:럭스
CRITICAL:root:럭스 == 럭스
CRITICAL:root:카이사
CRITICAL:root:이즈리얼
CRITICAL:root:제리
CRITICAL:root:제리 == 제리
CRITICAL:root:라칸
CRITICAL:root:애쉬
CRITICAL:root:아무무
CRITICAL:root:파이크
CRITICAL:root:밀리오
CRITICAL:root:유미
CRITICAL:root:유미 == 유미
CRITICAL:root:니코
CRITICAL:root:니코 == 니코
CRITICAL:root:리 신
CRITICAL:root:사일러스
CRITICAL:root:샤코
CRITICAL:root:바이
CRITICAL:root:쓰레쉬
CRITICAL:root:자르반 4세
CRITICAL:root:카직스
CRITICAL:root:마스터 이
CRITICAL:root:닐라
CRITICAL:root:진
CRITICAL:root:벨베스
CRITICAL:root:바루스
CRITICAL:root:드레이븐
CRITICAL:root:블리츠크랭크
CRITICAL:root:말파이트
CRITICAL:root:워윅
CRITICAL:root:비에고
CRITICAL:root:볼리베어
CRITICAL:root:그레이브즈
CRITICAL:root:카이사
CRITICAL:root:루시안
CRITICAL:root:이즈리얼
CRITICAL:root:렝가
CRITICAL:root:리븐
CRITICAL:root:피즈
CRITICAL:root:카서스
CRITICAL:root:렉사이
CRITICAL:root:잭스
CRITICAL:root:케이틀린
CRITICAL:root:트위스티드 페이트
CRITICAL:root:녹턴
CRITICAL:root:아펠리오스
CRITICAL:root:그라가스
CRITICAL:root:엘리스
CRITICAL:root:제라스
CRITICAL:root:제이스
CRITICAL:root:나서스
CRITICAL:root:베인
CRITICAL:root:라이즈
CRITICAL:root:코그모
CRITICAL:root:자크
CRITICAL:root:아무무
CRITICAL:root:가렌
CRITICAL:root:시비르
CRITICAL:root:탈론
CRITICAL:root:모르가나
CRITICAL:root:제리
CRITICAL:root:트위치
CRITICAL:root:레오나
CRITICAL:root:브라움
CRITICAL:root:제드
CRITICAL:root:애쉬
CRITICAL:root:아트록스
CRITICAL:root:케일
CRITICAL:root:라칸
CRITICAL:root:세라핀
CRITICAL:root:세주아니
CRITICAL:root:이렐리아
CRITICAL:root:탐 켄치
CRITICAL:root:야스오
CRITICAL:root:트런들
CRITICAL:root:유미
CRITICAL:root:마오카이
CRITICAL:root:니코
CRITICAL:root:클레드
CRITICAL:root:레넥톤
CRITICAL:root:레넥톤 == 레넥톤
CRITICAL:root:루시안
CRITICAL:root:제리
CRITICAL:root:바루스
CRITICAL:root:진
CRITICAL:root:자야
CRITICAL:root:자야 == 자야
CRITICAL:root:제이스
CRITICAL:root:그라가스
CRITICAL:root:진
CRITICAL:root:이렐리아
CRITICAL:root:말파이트
CRITICAL:root:크산테
CRITICAL:root:빅토르
CRITICAL:root:빅토르 == 빅토르
CRITICAL:root:피들스틱
CRITICAL:root:피들스틱 == 피들스틱
CRITICAL:root:제이스
CRITICAL:root:사일러스
CRITICAL:root:카직스
CRITICAL:root:라칸
CRITICAL:root:자르반 4세
CRITICAL:root:아리
CRITICAL:root:진
CRITICAL:root:진 == 진
CRITICAL:root:징크스
CRITICAL:root:징크스 == 징크스
CRITICAL:root:클레드
CRITICAL:root:클레드 == 클레드
CRITICAL:root:제리
CRITICAL:root:자야
CRITICAL:root:사일러스
CRITICAL:root:카이사
CRITICAL:root:리 신
CRITICAL:root:바루스
CRITICAL:root:바이
CRITICAL:root:제이스
CRITICAL:root:제이스 == 제이스
CRITICAL:root:라칸
CRITICAL:root:라칸 == 라칸
CRITICAL:root:카타리나
CRITICAL:root:탈론
CRITICAL:root:탈론 == 탈론
CRITICAL:root:럼블
CRITICAL:root:엘리스
CRITICAL:root:그라가스
CRITICAL:root:탈리야
CRITICAL:root:케인
CRITICAL:root:미스 포츈
CRITICAL:root:이즈리얼
CRITICAL:root:니달리
CRITICAL:root:렉사이
CRITICAL:root:릴리아
CRITICAL:root:에코
CRITICAL:root:바이
CRITICAL:root:카밀
CRITICAL:root:케이틀린
CRITICAL:root:카이사
CRITICAL:root:이블린
CRITICAL:root:브랜드
CRITICAL:root:킨드레드
CRITICAL:root:키아나
CRITICAL:root:제이스
CRITICAL:root:코르키
CRITICAL:root:제드
CRITICAL:root:케넨
CRITICAL:root:케넨 == 케넨
CRITICAL:root:진
CRITICAL:root:이즈리얼
CRITICAL:root:이즈리얼 == 이즈리얼
CRITICAL:root:빅토르
CRITICAL:root:빅토르 == 빅토르
CRITICAL:root:탈리야
CRITICAL:root:엘리스
CRITICAL:root:그레이브즈
CRITICAL:root:리 신
CRITICAL:root:에코
CRITICAL:root:그라가스
CRITICAL:root:자르반 4세
CRITICAL:root:케넨
CRITICAL:root:킨드레드
CRITICAL:root:이렐리아
CRITICAL:root:니달리
CRITICAL:root:릴리아
CRITICAL:root:카이사
CRITICAL:root:럼블
CRITICAL:root:럼블 == 럼블
CRITICAL:root:비에고
CRITICAL:root:사일러스
CRITICAL:root:헤카림
CRITICAL:root:뽀삐
CRITICAL:root:마오카이
CRITICAL:root:킨드레드
CRITICAL:root:에코
CRITICAL:root:카직스
CRITICAL:root:누누와 윌럼프
CRITICAL:root:엘리스
CRITICAL:root:마스터 이
CRITICAL:root:마스터 이 == 마스터 이
CRITICAL:root:이렐리아
CRITICAL:root:니달리
CRITICAL:root:리 신
CRITICAL:root:아리
CRITICAL:root:키아나
CRITICAL:root:르블랑
CRITICAL:root:오리아나
CRITICAL:root:아크샨
CRITICAL:root:드레이븐
CRITICAL:root:드레이븐 == 드레이븐
CRITICAL:root:아리
CRITICAL:root:룰루
CRITICAL:root:아펠리오스
CRITICAL:root:쓰레쉬
CRITICAL:root:세라핀
CRITICAL:root:밀리오
CRITICAL:root:밀리오 == 밀리오
CRITICAL:root:아크샨
CRITICAL:root:아리
CRITICAL:root:크산테
CRITICAL:root:크산테 == 크산테
CRITICAL:root:이즈리얼
CRITICAL:root:이즈리얼 == 이즈리얼
CRITICAL:root:아펠리오스
CRITICAL:root:이즈리얼
CRITICAL:root:징크스
CRITICAL:root:진
CRITICAL:root:카이사
CRITICAL:root:카이사 == 카이사
CRITICAL:root:르블랑
CRITICAL:root:아리
CRITICAL:root:아지르
CRITICAL:root:빅토르
CRITICAL:root:사일러스
CRITICAL:root:그라가스
CRITICAL:root:크산테
CRITICAL:root:애니
CRITICAL:root:라이즈
CRITICAL:root:신드라
CRITICAL:root:요네
CRITICAL:root:니달리
CRITICAL:root:아크샨
CRITICAL:root:탈리야
CRITICAL:root:아우렐리온 솔
CRITICAL:root:제이스
CRITICAL:root:제리
CRITICAL:root:카사딘
CRITICAL:root:리산드라
CRITICAL:root:갈리오
CRITICAL:root:갈리오 == 갈리오
CRITICAL:root:하이머딩거
CRITICAL:root:람머스
CRITICAL:root:룰루
CRITICAL:root:코그모
CRITICAL:root:유미
CRITICAL:root:말파이트
CRITICAL:root:루시안
CRITICAL:root:루시안 == 루시안
CRITICAL:root:볼리베어
CRITICAL:root:볼리베어 == 볼리베어
CRITICAL:root:벨베스
CRITICAL:root:리 신
CRITICAL:root:르블랑
CRITICAL:root:사일러스
CRITICAL:root:레넥톤
CRITICAL:root:마오카이
CRITICAL:root:말파이트
CRITICAL:root:오공
CRITICAL:root:카르마
CRITICAL:root:제드
CRITICAL:root:나서스
CRITICAL:root:피오라
CRITICAL:root:신드라
CRITICAL:root:아무무
CRITICAL:root:카사딘
CRITICAL:root:제라스
CRITICAL:root:아트록스
CRITICAL:root:요네
CRITICAL:root:리븐
CRITICAL:root:모르가나
CRITICAL:root:노틸러스
CRITICAL:root:볼리베어
CRITICAL:root:바루스
CRITICAL:root:다리우스
CRITICAL:root:럭스
CRITICAL:root:케넨
CRITICAL:root:쓰레쉬
CRITICAL:root:비에고
CRITICAL:root:아리
CRITICAL:root:베이가
CRITICAL:root:문도 박사
CRITICAL:root:뽀삐
CRITICAL:root:아칼리
CRITICAL:root:리산드라
CRITICAL:root:케이틀린
CRITICAL:root:카시오페아
CRITICAL:root:마스터 이
CRITICAL:root:밀리오
CRITICAL:root:그라가스
CRITICAL:root:판테온
CRITICAL:root:하이머딩거
CRITICAL:root:야스오
CRITICAL:root:유미
CRITICAL:root:유미 == 유미
CRITICAL:root:밀리오
CRITICAL:root:밀리오 == 밀리오
CRITICAL:root:리 신
CRITICAL:root:노틸러스
CRITICAL:root:카르마
CRITICAL:root:카르마 == 카르마
CRITICAL:root:하이머딩거
CRITICAL:root:쓰레쉬
CRITICAL:root:애쉬
CRITICAL:root:케이틀린
CRITICAL:root:소라카
CRITICAL:root:케일
CRITICAL:root:레넥톤
CRITICAL:root:케넨
CRITICAL:root:베인
CRITICAL:root:레오나
CRITICAL:root:리븐
CRITICAL:root:신드라
CRITICAL:root:그레이브즈
CRITICAL:root:키아나
CRITICAL:root:피들스틱
CRITICAL:root:피들스틱 == 피들스틱
CRITICAL:root:아펠리오스
CRITICAL:root:징크스
CRITICAL:root:카이사
CRITICAL:root:룰루
CRITICAL:root:이즈리얼
CRITICAL:root:나미
CRITICAL:root:루시안
CRITICAL:root:블리츠크랭크
CRITICAL:root:마오카이
CRITICAL:root:바루스
CRITICAL:root:라칸
CRITICAL:root:모르가나
CRITICAL:root:카르마
CRITICAL:root:밀리오
CRITICAL:root:밀리오 == 밀리오
CRITICAL:root:블리츠크랭크
CRITICAL:root:쓰레쉬
CRITICAL:root:노틸러스
CRITICAL:root:리 신
CRITICAL:root:라칸
CRITICAL:root:라칸 == 라칸
CRITICAL:root:리 신
CRITICAL:root:니달리
CRITICAL:root:이즈리얼
CRITICAL:root:사미라
CRITICAL:root:자야
CRITICAL:root:루시안
CRITICAL:root:카이사
CRITICAL:root:이렐리아
CRITICAL:root:아펠리오스
CRITICAL:root:비에고
CRITICAL:root:사일러스
CRITICAL:root:징크스
CRITICAL:root:그라가스
CRITICAL:root:제리
CRITICAL:root:제리 == 제리
CRITICAL:root:이즈리얼
CRITICAL:root:이즈리얼 == 이즈리얼
CRITICAL:root:모르가나
CRITICAL:root:르블랑
CRITICAL:root:제라스
CRITICAL:root:블리츠크랭크
CRITICAL:root:쓰레쉬
CRITICAL:root:세트
CRITICAL:root:라칸
CRITICAL:root:아리
CRITICAL:root:사일러스
CRITICAL:root:카사딘
CRITICAL:root:카르마
CRITICAL:root:리 신
CRITICAL:root:요네
CRITICAL:root:아무무
CRITICAL:root:아무무 == 아무무
CRITICAL:root:크산테
CRITICAL:root:크산테 == 크산테
CRITICAL:root:세나
CRITICAL:root:세나 == 세나
CRITICAL:root:그레이브즈
CRITICAL:root:사일러스
CRITICAL:root:엘리스
CRITICAL:root:리 신
CRITICAL:root:킨드레드
CRITICAL:root:킨드레드 == 킨드레드
CRITICAL:root:니달리
CRITICAL:root:이즈리얼
CRITICAL:root:바이
CRITICAL:root:자르반 4세
CRITICAL:root:징크스
CRITICAL:root:킨드레드
CRITICAL:root:엘리스
CRITICAL:root:에코
CRITICAL:root:카서스
CRITICAL:root:릴리아
CRITICAL:root:케이틀린
CRITICAL:root:자야
CRITICAL:root:트리스타나
CRITICAL:root:쓰레쉬
CRITICAL:root:진
CRITICAL:root:시비르
CRITICAL:root:헤카림
CRITICAL:root:그레이브즈
CRITICAL:root:쉬바나
CRITICAL:root:세주아니
CRITICAL:root:리 신
CRITICAL:root:리 신 == 리 신
CRITICAL:root:렉사이
CRITICAL:root:엘리스
CRITICAL:root:엘리스 == 엘리스
CRITICAL:root:오리아나
CRITICAL:root:잭스
CRITICAL:root:리븐
CRITICAL:root:제이스
CRITICAL:root:니달리
CRITICAL:root:아트록스
CRITICAL:root:신 짜오
CRITICAL:root:리 신
CRITICAL:root:빅토르
CRITICAL:root:카사딘
CRITICAL:root:카밀
CRITICAL:root:갱플랭크
CRITICAL:root:문도 박사
CRITICAL:root:애니비아
CRITICAL:root:벨베스
CRITICAL:root:신드라
CRITICAL:root:루시안
CRITICAL:root:아칼리
CRITICAL:root:코그모
CRITICAL:root:사일러스
CRITICAL:root:라이즈
CRITICAL:root:제리
CRITICAL:root:케넨
CRITICAL:root:피오라
CRITICAL:root:요릭
CRITICAL:root:요네
CRITICAL:root:질리언
CRITICAL:root:블라디미르
CRITICAL:root:코르키
CRITICAL:root:크산테
CRITICAL:root:크산테 == 크산테
CRITICAL:root:파이크
CRITICAL:root:쓰레쉬
CRITICAL:root:이즈리얼
CRITICAL:root:이즈리얼 == 이즈리얼
CRITICAL:root:크산테
CRITICAL:root:바루스
CRITICAL:root:럼블
CRITICAL:root:그라가스
CRITICAL:root:사일러스
CRITICAL:root:말파이트
CRITICAL:root:마오카이
CRITICAL:root:바이
CRITICAL:root:블라디미르
CRITICAL:root:나서스
CRITICAL:root:제이스
CRITICAL:root:제이스 == 제이스
CRITICAL:root:모르가나
CRITICAL:root:유미
CRITICAL:root:사이온
CRITICAL:root:나미
CRITICAL:root:스웨인
CRITICAL:root:럭스
CRITICAL:root:모데카이저
CRITICAL:root:말파이트
CRITICAL:root:다리우스
CRITICAL:root:블리츠크랭크
CRITICAL:root:룰루
CRITICAL:root:룰루 == 룰루
CRITICAL:root:징크스
CRITICAL:root:이즈리얼
CRITICAL:root:자야
CRITICAL:root:아펠리오스
CRITICAL:root:카이사
CRITICAL:root:제리
CRITICAL:root:바루스
CRITICAL:root:쓰레쉬
CRITICAL:root:시비르
CRITICAL:root:라칸
CRITICAL:root:루시안
CRITICAL:root:밀리오
CRITICAL:root:케이틀린
CRITICAL:root:진
CRITICAL:root:노틸러스
CRITICAL:root:노틸러스 == 노틸러스
CRITICAL:root:칼리스타
CRITICAL:root:제라스
CRITICAL:root:미스 포츈
CRITICAL:root:레오나
CRITICAL:root:소나
CRITICAL:root:소나 == 소나
CRITICAL:root:제이스
CRITICAL:root:크산테
CRITICAL:root:아트록스
CRITICAL:root:아트록스 == 아트록스
CRITICAL:root:바루스
CRITICAL:root:이즈리얼
CRITICAL:root:이즈리얼 == 이즈리얼
CRITICAL:root:오공
CRITICAL:root:이즈리얼
CRITICAL:root:자야
CRITICAL:root:카이사
CRITICAL:root:루시안
CRITICAL:root:루시안 == 루시안
CRITICAL:root:리 신
CRITICAL:root:코그모
CRITICAL:root:징크스
CRITICAL:root:카서스
CRITICAL:root:카서스 == 카서스
CRITICAL:root:킨드레드
CRITICAL:root:킨드레드 == 킨드레드
CRITICAL:root:제드
CRITICAL:root:탈론
CRITICAL:root:탈론 == 탈론
CRITICAL:root:바드
CRITICAL:root:노틸러스
CRITICAL:root:노틸러스 == 노틸러스
CRITICAL:root:탈론
CRITICAL:root:애니
CRITICAL:root:사일러스
CRITICAL:root:소라카
CRITICAL:root:블라디미르
CRITICAL:root:유미
CRITICAL:root:진
CRITICAL:root:진 == 진
CRITICAL:root:엘리스
CRITICAL:root:애니비아
CRITICAL:root:라칸
CRITICAL:root:자르반 4세
CRITICAL:root:아리
CRITICAL:root:킨드레드
CRITICAL:root:노틸러스
CRITICAL:root:오공
CRITICAL:root:오공 == 오공
CRITICAL:root:진
CRITICAL:root:케이틀린
CRITICAL:root:바루스
CRITICAL:root:아펠리오스
CRITICAL:root:이즈리얼
CRITICAL:root:크산테
CRITICAL:root:크산테 == 크산테
CRITICAL:root:질리언
CRITICAL:root:뽀삐
CRITICAL:root:니코
CRITICAL:root:레오나
CRITICAL:root:자이라
CRITICAL:root:다이애나
CRITICAL:root:밀리오
CRITICAL:root:밀리오 == 밀리오
CRITICAL:root:빅토르
CRITICAL:root:티모
CRITICAL:root:유미
CRITICAL:root:모르가나
CRITICAL:root:소라카
CRITICAL:root:트리스타나
CRITICAL:root:가렌
CRITICAL:root:가렌 == 가렌
CRITICAL:root:카서스
CRITICAL:root:밀리오
CRITICAL:root:파이크
CRITICAL:root:파이크 == 파이크
CRITICAL:root:문도 박사
CRITICAL:root:올라프
CRITICAL:root:올라프 == 올라프
CRITICAL:root:그레이브즈
CRITICAL:root:그레이브즈 == 그레이브즈
CRITICAL:root:나르 자연수학 898
CRITICAL:root:Traceback (most recent call last):
  File "/Users/nicode./MainSpace/BigDataTermendProject/OpggProficiencyCrawler.py", line 35, in <module>
    cnn = elem.select_one("td:nth-child(2) > div.champion-container > div.summoner-name > a").text
AttributeError: 'NoneType' object has no attribute 'text'

CRITICAL:root:세트
CRITICAL:root:세트 == 세트
CRITICAL:root:탈론
CRITICAL:root:잭스
CRITICAL:root:그웬
CRITICAL:root:제드
CRITICAL:root:레넥톤
CRITICAL:root:아트록스
CRITICAL:root:아트록스 == 아트록스
CRITICAL:root:아펠리오스
CRITICAL:root:자야
CRITICAL:root:징크스
CRITICAL:root:이즈리얼
CRITICAL:root:드레이븐
CRITICAL:root:제리
CRITICAL:root:진
CRITICAL:root:루시안
CRITICAL:root:세나
CRITICAL:root:이렐리아
CRITICAL:root:카이사
CRITICAL:root:바루스
CRITICAL:root:피오라
CRITICAL:root:잭스
CRITICAL:root:칼리스타
CRITICAL:root:그레이브즈
CRITICAL:root:라이즈
CRITICAL:root:코그모
CRITICAL:root:코그모 == 코그모
CRITICAL:root:이렐리아
CRITICAL:root:아칼리
CRITICAL:root:아칼리 == 아칼리
CRITICAL:root:제드
CRITICAL:root:마스터 이
CRITICAL:root:리 신
CRITICAL:root:가렌
CRITICAL:root:사일러스
CRITICAL:root:빅토르
CRITICAL:root:카서스
CRITICAL:root:그레이브즈
CRITICAL:root:카직스
CRITICAL:root:자르반 4세
CRITICAL:root:킨드레드
CRITICAL:root:피들스틱
CRITICAL:root:비에고
CRITICAL:root:징크스
CRITICAL:root:사미라
CRITICAL:root:다이애나
CRITICAL:root:피오라
CRITICAL:root:바루스
CRITICAL:root:자크
CRITICAL:root:엘리스
CRITICAL:root:트런들
CRITICAL:root:신 짜오
CRITICAL:root:니달리
CRITICAL:root:니달리 == 니달리
CRITICAL:root:사이온
CRITICAL:root:다리우스
CRITICAL:root:제라스
CRITICAL:root:그라가스
CRITICAL:root:블라디미르
CRITICAL:root:제이스
CRITICAL:root:세트
CRITICAL:root:올라프
CRITICAL:root:럭스
CRITICAL:root:럭스 == 럭스
CRITICAL:root:아펠리오스
CRITICAL:root:아펠리오스 == 아펠리오스
CRITICAL:root:블리츠크랭크
CRITICAL:root:노틸러스
CRITICAL:root:레나타 글라스크
CRITICAL:root:라칸
CRITICAL:root:밀리오
CRITICAL:root:미스 포츈
CRITICAL:root:브라움
CRITICAL:root:나미
CRITICAL:root:아무무
CRITICAL:root:쓰레쉬
CRITICAL:root:레오나
CRITICAL:root:카르마
CRITICAL:root:카르마 == 카르마
CRITICAL:root:그라가스
CRITICAL:root:그레이브즈
CRITICAL:root:자크
CRITICAL:root:파이크
CRITICAL:root:르블랑
CRITICAL:root:럼블
CRITICAL:root:샤코
CRITICAL:root:제라스
CRITICAL:root:말파이트
CRITICAL:root:말파이트 == 말파이트
CRITICAL:root:카이사
CRITICAL:root:사미라
CRITICAL:root:루시안
CRITICAL:root:제리
CRITICAL:root:제리 == 제리
CRITICAL:root:파이크
CRITICAL:root:브랜드
CRITICAL:root:브랜드 == 브랜드
CRITICAL:root:타릭
CRITICAL:root:타릭 == 타릭
CRITICAL:root:징크스
CRITICAL:root:징크스 == 징크스
CRITICAL:root:카르마
CRITICAL:root:카르마 == 카르마
CRITICAL:root:제이스
CRITICAL:root:피오라
CRITICAL:root:케넨
CRITICAL:root:카밀
CRITICAL:root:일라오이
CRITICAL:root:클레드
CRITICAL:root:케일
CRITICAL:root:나서스
CRITICAL:root:잭스
CRITICAL:root:말파이트
CRITICAL:root:아트록스
CRITICAL:root:그라가스
CRITICAL:root:사이온
CRITICAL:root:마오카이
CRITICAL:root:오른
CRITICAL:root:모데카이저
CRITICAL:root:아크샨
CRITICAL:root:판테온
CRITICAL:root:블라디미르
CRITICAL:root:세트
CRITICAL:root:라칸
CRITICAL:root:아리
CRITICAL:root:나르
CRITICAL:root:야스오
CRITICAL:root:야스오 == 야스오
CRITICAL:root:자야
CRITICAL:root:진
CRITICAL:root:카르마
CRITICAL:root:바루스
CRITICAL:root:이즈리얼
CRITICAL:root:세나
CRITICAL:root:세나 == 세나
CRITICAL:root:사미라
CRITICAL:root:자야
CRITICAL:root:이즈리얼
CRITICAL:root:이즈리얼 == 이즈리얼
CRITICAL:root:쓰레쉬
CRITICAL:root:제라스
CRITICAL:root:아펠리오스
CRITICAL:root:루시안
CRITICAL:root:블리츠크랭크
CRITICAL:root:나미
CRITICAL:root:진
CRITICAL:root:이즈리얼
CRITICAL:root:시비르
CRITICAL:root:룰루
CRITICAL:root:룰루 == 룰루
CRITICAL:root:노틸러스
CRITICAL:root:라칸
CRITICAL:root:라칸 == 라칸
CRITICAL:root:렝가
CRITICAL:root:탈론
CRITICAL:root:그레이브즈
CRITICAL:root:그레이브즈 == 그레이브즈
CRITICAL:root:세주아니
CRITICAL:root:그라가스
CRITICAL:root:다리우스
CRITICAL:root:볼리베어
CRITICAL:root:볼리베어 == 볼리베어
CRITICAL:root:아리
CRITICAL:root:블리츠크랭크
CRITICAL:root:유미
CRITICAL:root:유미 == 유미
CRITICAL:root:이렐리아
CRITICAL:root:피오라
CRITICAL:root:카밀
CRITICAL:root:제이스
CRITICAL:root:케일
CRITICAL:root:요네
CRITICAL:root:그라가스
CRITICAL:root:크산테
CRITICAL:root:바루스
CRITICAL:root:아트록스
CRITICAL:root:레넥톤
CRITICAL:root:그웬
CRITICAL:root:그웬 == 그웬
CRITICAL:root:바루스
CRITICAL:root:이즈리얼
CRITICAL:root:이즈리얼 == 이즈리얼
CRITICAL:root:그레이브즈
CRITICAL:root:루시안
CRITICAL:root:리 신
CRITICAL:root:벨베스
CRITICAL:root:니달리
CRITICAL:root:마오카이
CRITICAL:root:이즈리얼
CRITICAL:root:킨드레드
CRITICAL:root:잔나
CRITICAL:root:잔나 == 잔나
CRITICAL:root:코그모
CRITICAL:root:카이사
CRITICAL:root:카시오페아
CRITICAL:root:아칼리
CRITICAL:root:룰루
CRITICAL:root:뽀삐
CRITICAL:root:이즈리얼
CRITICAL:root:바루스
CRITICAL:root:진
CRITICAL:root:제드
CRITICAL:root:징크스
CRITICAL:root:사일러스
CRITICAL:root:베인
CRITICAL:root:에코
CRITICAL:root:이렐리아
CRITICAL:root:비에고
CRITICAL:root:아트록스
CRITICAL:root:카밀
CRITICAL:root:자야
CRITICAL:root:리 신
CRITICAL:root:리 신 == 리 신
CRITICAL:root:제리
CRITICAL:root:제리 == 제리
CRITICAL:root:에코
CRITICAL:root:에코 == 에코
CRITICAL:root:신 짜오
CRITICAL:root:쓰레쉬
CRITICAL:root:잭스
CRITICAL:root:그라가스
CRITICAL:root:트런들
CRITICAL:root:알리스타
CRITICAL:root:라칸
CRITICAL:root:리 신
CRITICAL:root:제리
CRITICAL:root:뽀삐
CRITICAL:root:파이크
CRITICAL:root:잔나
CRITICAL:root:나서스
CRITICAL:root:징크스
CRITICAL:root:노틸러스
CRITICAL:root:바이
CRITICAL:root:갱플랭크
CRITICAL:root:마오카이
CRITICAL:root:케이틀린
CRITICAL:root:진
CRITICAL:root:세주아니
CRITICAL:root:이즈리얼
CRITICAL:root:루시안
CRITICAL:root:베인
CRITICAL:root:나미
CRITICAL:root:미스 포츈
CRITICAL:root:룰루
CRITICAL:root:룰루 == 룰루
CRITICAL:root:자르반 4세
CRITICAL:root:사일러스
CRITICAL:root:사일러스 == 사일러스
CRITICAL:root:니달리
CRITICAL:root:니달리 == 니달리
CRITICAL:root:바루스
CRITICAL:root:바루스 == 바루스
CRITICAL:root:이렐리아
CRITICAL:root:야스오
CRITICAL:root:제드
CRITICAL:root:그라가스
CRITICAL:root:리 신
CRITICAL:root:루시안
CRITICAL:root:니달리
CRITICAL:root:사일러스
CRITICAL:root:니코
CRITICAL:root:진
CRITICAL:root:징크스
CRITICAL:root:요네
CRITICAL:root:이즈리얼
CRITICAL:root:렝가
CRITICAL:root:렝가 == 렝가
CRITICAL:root:제이스
CRITICAL:root:요네
CRITICAL:root:사일러스
CRITICAL:root:에코
CRITICAL:root:피오라
CRITICAL:root:야스오
CRITICAL:root:나르
CRITICAL:root:아트록스
CRITICAL:root:이렐리아
CRITICAL:root:아칼리
CRITICAL:root:세트
CRITICAL:root:판테온
CRITICAL:root:리 신
CRITICAL:root:잭스
CRITICAL:root:아크샨
CRITICAL:root:카밀
CRITICAL:root:레넥톤
CRITICAL:root:비에고
CRITICAL:root:아지르
CRITICAL:root:라이즈
CRITICAL:root:아리
CRITICAL:root:릴리아
CRITICAL:root:그웬
CRITICAL:root:벨베스
CRITICAL:root:르블랑
CRITICAL:root:파이크
CRITICAL:root:말파이트
CRITICAL:root:오공
CRITICAL:root:가렌
CRITICAL:root:벡스
CRITICAL:root:카직스
CRITICAL:root:신 짜오
CRITICAL:root:다리우스
CRITICAL:root:제드
CRITICAL:root:케인
CRITICAL:root:워윅
CRITICAL:root:킨드레드
CRITICAL:root:이즈리얼
CRITICAL:root:제리
CRITICAL:root:블라디미르
CRITICAL:root:카시오페아
CRITICAL:root:카르마
CRITICAL:root:바이
CRITICAL:root:럭스
CRITICAL:root:사미라
CRITICAL:root:아우렐리온 솔
CRITICAL:root:리븐
CRITICAL:root:뽀삐
CRITICAL:root:마스터 이
CRITICAL:root:그레이브즈
CRITICAL:root:그라가스
CRITICAL:root:갈리오
CRITICAL:root:리산드라
CRITICAL:root:피즈
CRITICAL:root:루시안
CRITICAL:root:자르반 4세
CRITICAL:root:자르반 4세 == 자르반 4세
CRITICAL:root:크산테
CRITICAL:root:비에고
CRITICAL:root:야스오
CRITICAL:root:야스오 == 야스오
CRITICAL:root:코그모
CRITICAL:root:코그모 == 코그모
CRITICAL:root:아리
CRITICAL:root:아리 == 아리
CRITICAL:root:갱플랭크
CRITICAL:root:이렐리아
CRITICAL:root:아리
CRITICAL:root:사일러스
CRITICAL:root:리산드라
CRITICAL:root:아우렐리온 솔
CRITICAL:root:빅토르
CRITICAL:root:르블랑
CRITICAL:root:제이스
CRITICAL:root:트위스티드 페이트
CRITICAL:root:야스오
CRITICAL:root:아펠리오스
CRITICAL:root:제드
CRITICAL:root:요네
CRITICAL:root:판테온
CRITICAL:root:오리아나
CRITICAL:root:아지르
CRITICAL:root:이즈리얼
CRITICAL:root:크산테
CRITICAL:root:애니비아
CRITICAL:root:그라가스
CRITICAL:root:카시오페아
CRITICAL:root:탈론
CRITICAL:root:피오라
CRITICAL:root:신드라
CRITICAL:root:갈리오
CRITICAL:root:케이틀린
CRITICAL:root:애쉬
CRITICAL:root:카서스
CRITICAL:root:징크스
CRITICAL:root:벡스
CRITICAL:root:탈리야
CRITICAL:root:코그모
CRITICAL:root:코그모 == 코그모
CRITICAL:root:아트록스
CRITICAL:root:레넥톤
CRITICAL:root:제이스
CRITICAL:root:제이스 == 제이스
CRITICAL:root:리븐
CRITICAL:root:모데카이저
CRITICAL:root:모데카이저 == 모데카이저
CRITICAL:root:세주아니
CRITICAL:root:티모
CRITICAL:root:티모 == 티모
CRITICAL:root:드레이븐
CRITICAL:root:아우렐리온 솔
CRITICAL:root:이즈리얼
CRITICAL:root:세트
CRITICAL:root:트위치
CRITICAL:root:진
CRITICAL:root:비에고
CRITICAL:root:리 신
CRITICAL:root:사일러스
CRITICAL:root:르블랑
CRITICAL:root:가렌
CRITICAL:root:가렌 == 가렌
CRITICAL:root:럼블
CRITICAL:root:나서스
CRITICAL:root:일라오이
CRITICAL:root:아트록스
CRITICAL:root:알리스타
CRITICAL:root:제이스
CRITICAL:root:말파이트
CRITICAL:root:트런들
CRITICAL:root:트런들 == 트런들
CRITICAL:root:블리츠크랭크
CRITICAL:root:유미
CRITICAL:root:쓰레쉬
CRITICAL:root:애쉬
CRITICAL:root:밀리오
CRITICAL:root:샤코
CRITICAL:root:노틸러스
CRITICAL:root:노틸러스 == 노틸러스
CRITICAL:root:노틸러스
CRITICAL:root:라칸
CRITICAL:root:레오나
CRITICAL:root:쓰레쉬
CRITICAL:root:브라움
CRITICAL:root:알리스타
CRITICAL:root:유미
CRITICAL:root:마오카이
CRITICAL:root:카르마
CRITICAL:root:밀리오
CRITICAL:root:오공
CRITICAL:root:비에고
CRITICAL:root:블리츠크랭크
CRITICAL:root:리 신
CRITICAL:root:세주아니
CRITICAL:root:애쉬
CRITICAL:root:바루스
CRITICAL:root:룰루
CRITICAL:root:하이머딩거
CRITICAL:root:애니
CRITICAL:root:자르반 4세
CRITICAL:root:바이
CRITICAL:root:사일러스
CRITICAL:root:뽀삐
CRITICAL:root:아무무
CRITICAL:root:나미
CRITICAL:root:자야
CRITICAL:root:징크스
CRITICAL:root:레나타 글라스크
CRITICAL:root:아펠리오스
CRITICAL:root:케이틀린
CRITICAL:root:자크
CRITICAL:root:니코
CRITICAL:root:럭스
CRITICAL:root:진
CRITICAL:root:크산테
CRITICAL:root:소라카
CRITICAL:root:세나
CRITICAL:root:그라가스
CRITICAL:root:람머스
CRITICAL:root:엘리스
CRITICAL:root:킨드레드
CRITICAL:root:카직스
CRITICAL:root:카서스
CRITICAL:root:루시안
CRITICAL:root:이즈리얼
CRITICAL:root:드레이븐
CRITICAL:root:모르가나
CRITICAL:root:신 짜오
CRITICAL:root:케넨
CRITICAL:root:릴리아
CRITICAL:root:벡스
CRITICAL:root:오른
CRITICAL:root:말파이트
CRITICAL:root:미스 포츈
CRITICAL:root:카밀
CRITICAL:root:에코
CRITICAL:root:사미라
CRITICAL:root:잭스
CRITICAL:root:제리
CRITICAL:root:헤카림
CRITICAL:root:아지르
CRITICAL:root:세라핀
CRITICAL:root:트런들
CRITICAL:root:시비르
CRITICAL:root:아리
CRITICAL:root:케인
CRITICAL:root:피들스틱
CRITICAL:root:바드
CRITICAL:root:탐 켄치
CRITICAL:root:카이사
CRITICAL:root:질리언
CRITICAL:root:잔나
CRITICAL:root:잔나 == 잔나
CRITICAL:root:엘리스
CRITICAL:root:에코
CRITICAL:root:에코 == 에코
CRITICAL:root:사미라
CRITICAL:root:자야
CRITICAL:root:징크스
CRITICAL:root:이즈리얼
CRITICAL:root:트리스타나
CRITICAL:root:제리
CRITICAL:root:이블린
CRITICAL:root:시비르
CRITICAL:root:바루스
CRITICAL:root:트위치
CRITICAL:root:밀리오
CRITICAL:root:밀리오 == 밀리오
CRITICAL:root:사이온
CRITICAL:root:그레이브즈
CRITICAL:root:그레이브즈 == 그레이브즈
CRITICAL:root:마오카이
CRITICAL:root:누누와 윌럼프
CRITICAL:root:노틸러스
CRITICAL:root:블리츠크랭크
CRITICAL:root:브라움
CRITICAL:root:아무무
CRITICAL:root:유미
CRITICAL:root:유미 == 유미
CRITICAL:root:파이크
CRITICAL:root:아칼리
CRITICAL:root:아칼리 == 아칼리
CRITICAL:root:에코
CRITICAL:root:바이
CRITICAL:root:누누와 윌럼프
CRITICAL:root:마오카이
CRITICAL:root:카직스
CRITICAL:root:카직스 == 카직스
CRITICAL:root:퀸
CRITICAL:root:스웨인
CRITICAL:root:니달리
CRITICAL:root:세주아니
CRITICAL:root:세주아니 == 세주아니
CRITICAL:root:애니
CRITICAL:root:아무무
CRITICAL:root:샤코
CRITICAL:root:블리츠크랭크
CRITICAL:root:밀리오
CRITICAL:root:렐
CRITICAL:root:렐 == 렐
CRITICAL:root:니코
CRITICAL:root:진
CRITICAL:root:리 신
CRITICAL:root:카직스
CRITICAL:root:트위스티드 페이트
CRITICAL:root:트위스티드 페이트 == 트위스티드 페이트
CRITICAL:root:릴리아
CRITICAL:root:아무무
CRITICAL:root:리 신
CRITICAL:root:마오카이
CRITICAL:root:에코
CRITICAL:root:사일러스
CRITICAL:root:징크스
CRITICAL:root:제드
CRITICAL:root:진
CRITICAL:root:진 == 진
CRITICAL:root:리 신
CRITICAL:root:카직스
CRITICAL:root:뽀삐
CRITICAL:root:그레이브즈
CRITICAL:root:루시안
CRITICAL:root:바이
CRITICAL:root:마오카이
CRITICAL:root:킨드레드
CRITICAL:root:아무무
CRITICAL:root:자르반 4세
CRITICAL:root:세주아니
CRITICAL:root:사일러스
CRITICAL:root:애니
CRITICAL:root:케인
CRITICAL:root:릴리아
CRITICAL:root:말파이트
CRITICAL:root:아리
CRITICAL:root:바루스
CRITICAL:root:잭스
CRITICAL:root:샤코
CRITICAL:root:오공
CRITICAL:root:카서스
CRITICAL:root:이즈리얼
CRITICAL:root:람머스
CRITICAL:root:나르
CRITICAL:root:케넨
CRITICAL:root:크산테
CRITICAL:root:피오라
CRITICAL:root:그웬
CRITICAL:root:칼리스타
CRITICAL:root:리산드라
CRITICAL:root:누누와 윌럼프
CRITICAL:root:트위치
CRITICAL:root:그라가스
CRITICAL:root:진
CRITICAL:root:빅토르
CRITICAL:root:자야
CRITICAL:root:오른
CRITICAL:root:애쉬
CRITICAL:root:렉사이
CRITICAL:root:트런들
CRITICAL:root:이블린
CRITICAL:root:이블린 == 이블린
CRITICAL:root:제라스
CRITICAL:root:제드
CRITICAL:root:진
CRITICAL:root:진 == 진
CRITICAL:root:요네
CRITICAL:root:크산테
CRITICAL:root:아우렐리온 솔
CRITICAL:root:르블랑
CRITICAL:root:아지르
CRITICAL:root:카사딘
CRITICAL:root:아리
CRITICAL:root:사일러스
CRITICAL:root:아칼리
CRITICAL:root:야스오
CRITICAL:root:야스오 == 야스오
CRITICAL:root:아크샨
CRITICAL:root:세라핀
CRITICAL:root:아우렐리온 솔
CRITICAL:root:갈리오
CRITICAL:root:갈리오 == 갈리오
CRITICAL:root:카직스
CRITICAL:root:에코
CRITICAL:root:에코 == 에코
CRITICAL:root:직스
CRITICAL:root:라칸
CRITICAL:root:라칸 == 라칸
CRITICAL:root:사미라
CRITICAL:root:사미라 == 사미라
CRITICAL:root:진
CRITICAL:root:진 == 진
CRITICAL:root:아리
CRITICAL:root:뽀삐
CRITICAL:root:케이틀린
CRITICAL:root:르블랑
CRITICAL:root:아크샨
CRITICAL:root:니코
CRITICAL:root:아칼리
CRITICAL:root:사일러스
CRITICAL:root:사일러스 == 사일러스
CRITICAL:root:피오라
CRITICAL:root:제이스
CRITICAL:root:카밀
CRITICAL:root:크산테
CRITICAL:root:잭스
CRITICAL:root:트위스티드 페이트
CRITICAL:root:아크샨
CRITICAL:root:리 신
CRITICAL:root:요네
CRITICAL:root:갱플랭크
CRITICAL:root:뽀삐
CRITICAL:root:아칼리
CRITICAL:root:징크스
CRITICAL:root:르블랑
CRITICAL:root:아펠리오스
CRITICAL:root:아펠리오스 == 아펠리오스
CRITICAL:root:사미라
CRITICAL:root:자야
CRITICAL:root:자야 == 자야
CRITICAL:root:리 신
CRITICAL:root:쓰레쉬
CRITICAL:root:레오나
CRITICAL:root:벡스
CRITICAL:root:벡스 == 벡스
CRITICAL:root:이즈리얼
CRITICAL:root:아펠리오스
CRITICAL:root:아펠리오스 == 아펠리오스
CRITICAL:root:드레이븐
CRITICAL:root:드레이븐 == 드레이븐
CRITICAL:root:사미라
CRITICAL:root:이즈리얼
CRITICAL:root:이즈리얼 == 이즈리얼
CRITICAL:root:크산테
CRITICAL:root:크산테 == 크산테
CRITICAL:root:이렐리아
CRITICAL:root:사일러스
CRITICAL:root:판테온
CRITICAL:root:판테온 == 판테온
CRITICAL:root:아리
CRITICAL:root:제드
CRITICAL:root:아칼리
CRITICAL:root:키아나
CRITICAL:root:르블랑
CRITICAL:root:다이애나
CRITICAL:root:조이
CRITICAL:root:베이가
CRITICAL:root:베이가 == 베이가
CRITICAL:root:비에고
CRITICAL:root:비에고 == 비에고
CRITICAL:root:럼블
CRITICAL:root:이렐리아
CRITICAL:root:아트록스
CRITICAL:root:럭스
CRITICAL:root:제라스
CRITICAL:root:제라스 == 제라스
CRITICAL:root:제리
CRITICAL:root:루시안
CRITICAL:root:자야
CRITICAL:root:아펠리오스
CRITICAL:root:징크스
CRITICAL:root:징크스 == 징크스
CRITICAL:root:아펠리오스
CRITICAL:root:아리
CRITICAL:root:리산드라
CRITICAL:root:벡스
CRITICAL:root:진
CRITICAL:root:쓰레쉬
CRITICAL:root:제이스
CRITICAL:root:아우렐리온 솔
CRITICAL:root:요네
CRITICAL:root:밀리오
CRITICAL:root:이즈리얼
CRITICAL:root:이즈리얼 == 이즈리얼
CRITICAL:root:이즈리얼
CRITICAL:root:이즈리얼 == 이즈리얼
CRITICAL:root:트위스티드 페이트
CRITICAL:root:트위스티드 페이트 == 트위스티드 페이트
CRITICAL:root:럭스
CRITICAL:root:징크스
CRITICAL:root:리 신
CRITICAL:root:리 신 == 리 신
CRITICAL:root:아리
CRITICAL:root:요네
CRITICAL:root:징크스
CRITICAL:root:징크스 == 징크스
CRITICAL:root:타릭
CRITICAL:root:타릭 == 타릭
CRITICAL:root:레오나
CRITICAL:root:레오나 == 레오나
CRITICAL:root:제드
CRITICAL:root:탈론
CRITICAL:root:이즈리얼
CRITICAL:root:르블랑
CRITICAL:root:루시안
CRITICAL:root:리 신
CRITICAL:root:이렐리아
CRITICAL:root:야스오
CRITICAL:root:엘리스
CRITICAL:root:아리
CRITICAL:root:카타리나
CRITICAL:root:에코
CRITICAL:root:피오라
CRITICAL:root:아펠리오스
CRITICAL:root:아펠리오스 == 아펠리오스
CRITICAL:root:아펠리오스
CRITICAL:root:바루스
CRITICAL:root:이즈리얼
CRITICAL:root:진
CRITICAL:root:유미
CRITICAL:root:코그모
CRITICAL:root:자야
CRITICAL:root:루시안
CRITICAL:root:카이사
CRITICAL:root:시비르
CRITICAL:root:케이틀린
CRITICAL:root:노틸러스
CRITICAL:root:베인
CRITICAL:root:일라오이
CRITICAL:root:일라오이 == 일라오이
CRITICAL:root:이즈리얼
CRITICAL:root:바루스
CRITICAL:root:자야
CRITICAL:root:애쉬
CRITICAL:root:루시안
CRITICAL:root:카이사
CRITICAL:root:징크스
CRITICAL:root:노틸러스
CRITICAL:root:노틸러스 == 노틸러스
CRITICAL:root:그라가스
CRITICAL:root:우디르
CRITICAL:root:우디르 == 우디르
CRITICAL:root:징크스
CRITICAL:root:르블랑
CRITICAL:root:제이스
CRITICAL:root:라이즈
CRITICAL:root:자야
CRITICAL:root:사일러스
CRITICAL:root:이렐리아
CRITICAL:root:야스오
CRITICAL:root:나르
CRITICAL:root:아리
CRITICAL:root:카시오페아
CRITICAL:root:카사딘
CRITICAL:root:블리츠크랭크
CRITICAL:root:요네
CRITICAL:root:제리
CRITICAL:root:아지르
CRITICAL:root:이즈리얼
CRITICAL:root:루시안
CRITICAL:root:신드라
CRITICAL:root:신드라 == 신드라
CRITICAL:root:렝가
CRITICAL:root:리븐
CRITICAL:root:제이스
CRITICAL:root:다리우스
CRITICAL:root:마오카이
CRITICAL:root:아트록스
CRITICAL:root:진
CRITICAL:root:갱플랭크
CRITICAL:root:이렐리아
CRITICAL:root:자크
CRITICAL:root:자크 == 자크
CRITICAL:root:그라가스
CRITICAL:root:그라가스 == 그라가스
CRITICAL:root:유미
CRITICAL:root:밀리오
CRITICAL:root:밀리오 == 밀리오
CRITICAL:root:렝가
CRITICAL:root:렝가 == 렝가
CRITICAL:root:레넥톤
CRITICAL:root:오른
CRITICAL:root:말파이트
CRITICAL:root:말파이트 == 말파이트
CRITICAL:root:이렐리아
CRITICAL:root:제이스
CRITICAL:root:요네
CRITICAL:root:잭스
CRITICAL:root:리 신
CRITICAL:root:쓰레쉬
CRITICAL:root:아트록스
CRITICAL:root:카밀
CRITICAL:root:사일러스
CRITICAL:root:그레이브즈
CRITICAL:root:레넥톤
CRITICAL:root:피오라
CRITICAL:root:그라가스
CRITICAL:root:리븐
CRITICAL:root:루시안
CRITICAL:root:노틸러스
CRITICAL:root:카이사
CRITICAL:root:말파이트
CRITICAL:root:아리
CRITICAL:root:징크스
CRITICAL:root:이즈리얼
CRITICAL:root:갱플랭크
CRITICAL:root:야스오
CRITICAL:root:베인
CRITICAL:root:나르
CRITICAL:root:나서스
CRITICAL:root:사미라
CRITICAL:root:탐 켄치
CRITICAL:root:제드
CRITICAL:root:케이틀린
CRITICAL:root:크산테
CRITICAL:root:레오나
CRITICAL:root:사이온
CRITICAL:root:라칸
CRITICAL:root:아칼리
CRITICAL:root:럼블
CRITICAL:root:룰루
CRITICAL:root:자르반 4세
CRITICAL:root:진
CRITICAL:root:오른
CRITICAL:root:니달리
CRITICAL:root:가렌
CRITICAL:root:케넨
CRITICAL:root:블리츠크랭크
CRITICAL:root:릴리아
CRITICAL:root:모르가나
CRITICAL:root:모르가나 == 모르가나
CRITICAL:root:밀리오
CRITICAL:root:빅토르
CRITICAL:root:노틸러스
CRITICAL:root:뽀삐
CRITICAL:root:사일러스
CRITICAL:root:마오카이
CRITICAL:root:마오카이 == 마오카이
CRITICAL:root:쓰레쉬
CRITICAL:root:쓰레쉬 == 쓰레쉬
CRITICAL:root:자르반 4세
CRITICAL:root:이즈리얼
CRITICAL:root:카이사
CRITICAL:root:징크스
CRITICAL:root:바이
CRITICAL:root:바이 == 바이
CRITICAL:root:이렐리아
CRITICAL:root:라칸
CRITICAL:root:카이사
CRITICAL:root:자야
CRITICAL:root:사미라
CRITICAL:root:이즈리얼
CRITICAL:root:르블랑
CRITICAL:root:밀리오
CRITICAL:root:애쉬
CRITICAL:root:루시안
CRITICAL:root:크산테
CRITICAL:root:쓰레쉬
CRITICAL:root:블리츠크랭크
CRITICAL:root:알리스타
CRITICAL:root:아리
CRITICAL:root:아리 == 아리
CRITICAL:root:진
CRITICAL:root:진 == 진
CRITICAL:root:카직스
CRITICAL:root:그레이브즈
CRITICAL:root:헤카림
CRITICAL:root:바이
CRITICAL:root:그라가스
CRITICAL:root:엘리스
CRITICAL:root:마스터 이
CRITICAL:root:리 신
CRITICAL:root:렝가
CRITICAL:root:비에고
CRITICAL:root:비에고 == 비에고
CRITICAL:root:제드
CRITICAL:root:제드 == 제드
CRITICAL:root:이즈리얼
CRITICAL:root:루시안
CRITICAL:root:아펠리오스
CRITICAL:root:카이사
CRITICAL:root:제리
CRITICAL:root:징크스
CRITICAL:root:자야
CRITICAL:root:사미라
CRITICAL:root:바루스
CRITICAL:root:진
CRITICAL:root:케이틀린
CRITICAL:root:쓰레쉬
CRITICAL:root:코그모
CRITICAL:root:코그모 == 코그모
CRITICAL:root:제이스
CRITICAL:root:제이스 == 제이스
CRITICAL:root:르블랑
CRITICAL:root:르블랑 == 르블랑
CRITICAL:root:아펠리오스
CRITICAL:root:이즈리얼
CRITICAL:root:이즈리얼 == 이즈리얼
CRITICAL:root:제리
CRITICAL:root:아펠리오스
CRITICAL:root:이즈리얼
CRITICAL:root:자야
CRITICAL:root:자야 == 자야
CRITICAL:root:럼블
CRITICAL:root:럼블 == 럼블
CRITICAL:root:이즈리얼
CRITICAL:root:아펠리오스
CRITICAL:root:야스오
CRITICAL:root:진
CRITICAL:root:사미라
CRITICAL:root:트리스타나
CRITICAL:root:코그모
CRITICAL:root:아우렐리온 솔
CRITICAL:root:징크스
CRITICAL:root:르블랑
CRITICAL:root:루시안
CRITICAL:root:바루스
CRITICAL:root:판테온
CRITICAL:root:스웨인
CRITICAL:root:이렐리아
CRITICAL:root:미스 포츈
CRITICAL:root:바이
CRITICAL:root:잭스
CRITICAL:root:카이사
CRITICAL:root:베인
CRITICAL:root:시비르
CRITICAL:root:신드라
CRITICAL:root:피오라
CRITICAL:root:라이즈
CRITICAL:root:케인
CRITICAL:root:카직스
CRITICAL:root:신 짜오
CRITICAL:root:애쉬
CRITICAL:root:말파이트
CRITICAL:root:제이스
CRITICAL:root:자야
CRITICAL:root:블리츠크랭크
CRITICAL:root:누누와 윌럼프
CRITICAL:root:베이가
CRITICAL:root:케일
CRITICAL:root:말자하
CRITICAL:root:아리
CRITICAL:root:제드
CRITICAL:root:레넥톤
CRITICAL:root:자르반 4세
CRITICAL:root:닐라
CRITICAL:root:요네
CRITICAL:root:트위치
CRITICAL:root:퀸
CRITICAL:root:렉사이
CRITICAL:root:잔나
CRITICAL:root:오른
CRITICAL:root:빅토르
CRITICAL:root:제라스
CRITICAL:root:리산드라
CRITICAL:root:벡스
CRITICAL:root:엘리스
CRITICAL:root:리 신
CRITICAL:root:뽀삐
CRITICAL:root:킨드레드
CRITICAL:root:아칼리
CRITICAL:root:릴리아
CRITICAL:root:애니비아
CRITICAL:root:애니비아 == 애니비아
CRITICAL:root:파이크
CRITICAL:root:자크
CRITICAL:root:아크샨
CRITICAL:root:애쉬
CRITICAL:root:룰루
CRITICAL:root:제라스
CRITICAL:root:유미
CRITICAL:root:라칸
CRITICAL:root:카밀
CRITICAL:root:블리츠크랭크
CRITICAL:root:밀리오
CRITICAL:root:진
CRITICAL:root:타릭
CRITICAL:root:카르마
CRITICAL:root:쓰레쉬
CRITICAL:root:마오카이
CRITICAL:root:그라가스
CRITICAL:root:뽀삐
CRITICAL:root:세트
CRITICAL:root:아우렐리온 솔
CRITICAL:root:쉔
CRITICAL:root:렉사이
CRITICAL:root:에코
CRITICAL:root:갱플랭크
CRITICAL:root:레오나
CRITICAL:root:스웨인
CRITICAL:root:판테온
CRITICAL:root:노틸러스
CRITICAL:root:벡스
CRITICAL:root:빅토르
CRITICAL:root:말자하
CRITICAL:root:렝가
CRITICAL:root:피즈
CRITICAL:root:오른
CRITICAL:root:크산테
CRITICAL:root:리산드라
CRITICAL:root:사일러스
CRITICAL:root:잭스
CRITICAL:root:소라카
CRITICAL:root:조이
CRITICAL:root:마스터 이
CRITICAL:root:니코
CRITICAL:root:아무무
CRITICAL:root:라이즈
CRITICAL:root:요네
CRITICAL:root:이즈리얼
CRITICAL:root:세나
CRITICAL:root:질리언
CRITICAL:root:알리스타
CRITICAL:root:비에고
CRITICAL:root:애니비아
CRITICAL:root:코르키
CRITICAL:root:이렐리아
CRITICAL:root:나미
CRITICAL:root:리 신
CRITICAL:root:이블린
CRITICAL:root:다리우스
CRITICAL:root:브라움
CRITICAL:root:레넥톤
CRITICAL:root:카타리나
CRITICAL:root:제드
CRITICAL:root:아지르
CRITICAL:root:르블랑
CRITICAL:root:바루스
CRITICAL:root:아리
CRITICAL:root:그웬
CRITICAL:root:말파이트
CRITICAL:root:케일
CRITICAL:root:케일 == 케일
CRITICAL:root:쓰레쉬
CRITICAL:root:블리츠크랭크
CRITICAL:root:룰루
CRITICAL:root:룰루 == 룰루
CRITICAL:root:시비르
CRITICAL:root:진
CRITICAL:root:사미라
CRITICAL:root:애쉬
CRITICAL:root:카이사
CRITICAL:root:바루스
CRITICAL:root:바루스 == 바루스
CRITICAL:root:아펠리오스
CRITICAL:root:자야
CRITICAL:root:자야 == 자야
CRITICAL:root:리 신
CRITICAL:root:니달리
CRITICAL:root:자르반 4세
CRITICAL:root:바루스
CRITICAL:root:자야
CRITICAL:root:징크스
CRITICAL:root:제이스
CRITICAL:root:바이
CRITICAL:root:아리
CRITICAL:root:엘리스
CRITICAL:root:그라가스
CRITICAL:root:카직스
CRITICAL:root:갈리오
CRITICAL:root:마오카이
CRITICAL:root:르블랑
CRITICAL:root:사일러스
CRITICAL:root:그레이브즈
CRITICAL:root:오공
CRITICAL:root:킨드레드
CRITICAL:root:라칸
CRITICAL:root:제리
CRITICAL:root:이렐리아
CRITICAL:root:애니
CRITICAL:root:말파이트
CRITICAL:root:루시안
CRITICAL:root:칼리스타
CRITICAL:root:애니비아
CRITICAL:root:트위스티드 페이트
CRITICAL:root:진
CRITICAL:root:라이즈
CRITICAL:root:빅토르
CRITICAL:root:람머스
CRITICAL:root:오른
CRITICAL:root:사미라
CRITICAL:root:갱플랭크
CRITICAL:root:아크샨
CRITICAL:root:카이사
CRITICAL:root:닐라
CRITICAL:root:세라핀
CRITICAL:root:뽀삐
CRITICAL:root:세주아니
CRITICAL:root:밀리오
CRITICAL:root:신 짜오
CRITICAL:root:쓰레쉬
CRITICAL:root:요네
CRITICAL:root:벡스
CRITICAL:root:에코
CRITICAL:root:일라오이
CRITICAL:root:레넥톤
CRITICAL:root:레넥톤 == 레넥톤
CRITICAL:root:애니비아
CRITICAL:root:애니비아 == 애니비아
CRITICAL:root:아펠리오스
CRITICAL:root:제리
CRITICAL:root:이즈리얼
CRITICAL:root:루시안
CRITICAL:root:코그모
CRITICAL:root:징크스
CRITICAL:root:드레이븐
CRITICAL:root:드레이븐 == 드레이븐
CRITICAL:root:밀리오
CRITICAL:root:애니비아
CRITICAL:root:잔나
CRITICAL:root:잔나 == 잔나
CRITICAL:root:쓰레쉬
CRITICAL:root:밀리오
CRITICAL:root:블리츠크랭크
CRITICAL:root:노틸러스
CRITICAL:root:노틸러스 == 노틸러스
CRITICAL:root:진
CRITICAL:root:징크스
CRITICAL:root:바루스
CRITICAL:root:밀리오
CRITICAL:root:블라디미르
CRITICAL:root:이즈리얼
CRITICAL:root:쓰레쉬
CRITICAL:root:소나
CRITICAL:root:시비르
CRITICAL:root:코그모
CRITICAL:root:세나
CRITICAL:root:소라카
CRITICAL:root:나미
CRITICAL:root:룰루
CRITICAL:root:루시안
CRITICAL:root:블리츠크랭크
CRITICAL:root:자야
CRITICAL:root:유미
CRITICAL:root:모르가나
CRITICAL:root:라칸
CRITICAL:root:잔나
CRITICAL:root:아크샨
CRITICAL:root:아펠리오스
CRITICAL:root:케이틀린
CRITICAL:root:카이사
CRITICAL:root:카르마
CRITICAL:root:카서스
CRITICAL:root:애쉬
CRITICAL:root:마오카이
CRITICAL:root:제이스
CRITICAL:root:아우렐리온 솔
CRITICAL:root:제리
CRITICAL:root:말자하
CRITICAL:root:트리스타나
CRITICAL:root:말파이트
CRITICAL:root:베이가
CRITICAL:root:아무무
CRITICAL:root:자르반 4세
CRITICAL:root:하이머딩거
CRITICAL:root:판테온
CRITICAL:root:파이크
CRITICAL:root:제라스
CRITICAL:root:빅토르
CRITICAL:root:벡스
CRITICAL:root:미스 포츈
CRITICAL:root:사일러스
CRITICAL:root:사미라
CRITICAL:root:칼리스타
CRITICAL:root:칼리스타 == 칼리스타
CRITICAL:root:일라오이
CRITICAL:root:피오라
CRITICAL:root:탐 켄치
CRITICAL:root:블리츠크랭크
CRITICAL:root:제이스
CRITICAL:root:노틸러스
CRITICAL:root:요릭
CRITICAL:root:요릭 == 요릭
CRITICAL:root:밀리오
CRITICAL:root:자이라
CRITICAL:root:비에고
CRITICAL:root:마오카이
CRITICAL:root:자르반 4세
CRITICAL:root:아이번
CRITICAL:root:럭스
CRITICAL:root:녹턴
CRITICAL:root:카르마
CRITICAL:root:카르마 == 카르마
CRITICAL:root:렐
CRITICAL:root:쓰레쉬
CRITICAL:root:밀리오
CRITICAL:root:나미
CRITICAL:root:노틸러스
CRITICAL:root:하이머딩거
CRITICAL:root:블리츠크랭크
CRITICAL:root:세라핀
CRITICAL:root:제라스
CRITICAL:root:유미
CRITICAL:root:모르가나
CRITICAL:root:애쉬
CRITICAL:root:진
CRITICAL:root:라칸
CRITICAL:root:카르마
CRITICAL:root:파이크
CRITICAL:root:소나
CRITICAL:root:스웨인
CRITICAL:root:아무무
CRITICAL:root:레나타 글라스크
CRITICAL:root:벨코즈
CRITICAL:root:럭스
CRITICAL:root:벨베스
CRITICAL:root:브랜드
CRITICAL:root:애니
CRITICAL:root:베이가
CRITICAL:root:룰루
CRITICAL:root:세나
CRITICAL:root:이즈리얼
CRITICAL:root:니코
CRITICAL:root:소라카
CRITICAL:root:에코
CRITICAL:root:트위치
CRITICAL:root:브라움
CRITICAL:root:레오나
CRITICAL:root:잔나
CRITICAL:root:루시안
CRITICAL:root:질리언
CRITICAL:root:케이틀린
CRITICAL:root:사일러스
CRITICAL:root:판테온
CRITICAL:root:카서스
CRITICAL:root:카서스 == 카서스
CRITICAL:root:카르마
CRITICAL:root:신드라
CRITICAL:root:오리아나
CRITICAL:root:모르가나
CRITICAL:root:밀리오
CRITICAL:root:유미
CRITICAL:root:룰루
CRITICAL:root:카시오페아
CRITICAL:root:아칼리
CRITICAL:root:아리
CRITICAL:root:블라디미르
CRITICAL:root:베이가
CRITICAL:root:질리언
CRITICAL:root:질리언 == 질리언
CRITICAL:root:아펠리오스
CRITICAL:root:케이틀린
CRITICAL:root:드레이븐
CRITICAL:root:제리
CRITICAL:root:이즈리얼
CRITICAL:root:이즈리얼 == 이즈리얼
CRITICAL:root:말자하
CRITICAL:root:애니
CRITICAL:root:아리
CRITICAL:root:리산드라
CRITICAL:root:말파이트
CRITICAL:root:미스 포츈
CRITICAL:root:세나
CRITICAL:root:케넨
CRITICAL:root:노틸러스
CRITICAL:root:탈론
CRITICAL:root:마오카이
CRITICAL:root:이즈리얼
CRITICAL:root:트위스티드 페이트
CRITICAL:root:빅토르
CRITICAL:root:빅토르 == 빅토르
CRITICAL:root:아펠리오스
CRITICAL:root:이즈리얼
CRITICAL:root:자야
CRITICAL:root:징크스
CRITICAL:root:라칸
CRITICAL:root:노틸러스
CRITICAL:root:블리츠크랭크
CRITICAL:root:사미라
CRITICAL:root:카이사
CRITICAL:root:루시안
CRITICAL:root:코그모
CRITICAL:root:쓰레쉬
CRITICAL:root:애쉬
CRITICAL:root:카르마
CRITICAL:root:진
CRITICAL:root:바루스
CRITICAL:root:바루스 == 바루스
CRITICAL:root:크산테
CRITICAL:root:크산테 == 크산테
CRITICAL:root:루시안
CRITICAL:root:드레이븐
CRITICAL:root:아펠리오스
CRITICAL:root:아펠리오스 == 아펠리오스
CRITICAL:root:진
CRITICAL:root:징크스
CRITICAL:root:그웬
CRITICAL:root:그웬 == 그웬
CRITICAL:root:판테온
CRITICAL:root:나서스
CRITICAL:root:말파이트
CRITICAL:root:탐 켄치
CRITICAL:root:티모
CRITICAL:root:쉔
CRITICAL:root:자크
CRITICAL:root:자크 == 자크
CRITICAL:root:빅토르
CRITICAL:root:빅토르 == 빅토르
CRITICAL:root:케이틀린
CRITICAL:root:사일러스
CRITICAL:root:카시오페아
CRITICAL:root:아리
CRITICAL:root:리 신
CRITICAL:root:아지르
CRITICAL:root:유미
CRITICAL:root:진
CRITICAL:root:피들스틱
CRITICAL:root:징크스
CRITICAL:root:이즈리얼
CRITICAL:root:르블랑
CRITICAL:root:야스오
CRITICAL:root:이렐리아
CRITICAL:root:그라가스
CRITICAL:root:카이사
CRITICAL:root:킨드레드
CRITICAL:root:바루스
CRITICAL:root:오른
CRITICAL:root:제드
CRITICAL:root:아칼리
CRITICAL:root:애쉬
CRITICAL:root:엘리스
CRITICAL:root:블리츠크랭크
CRITICAL:root:제리
CRITICAL:root:요네
CRITICAL:root:카사딘
CRITICAL:root:소라카
CRITICAL:root:케일
CRITICAL:root:피오라
CRITICAL:root:자야
CRITICAL:root:쓰레쉬
CRITICAL:root:라칸
CRITICAL:root:판테온
CRITICAL:root:헤카림
CRITICAL:root:노틸러스
CRITICAL:root:피즈
CRITICAL:root:시비르
CRITICAL:root:라이즈
CRITICAL:root:드레이븐
CRITICAL:root:아무무
CRITICAL:root:럭스
CRITICAL:root:말파이트
CRITICAL:root:세라핀
CRITICAL:root:루시안
CRITICAL:root:카직스
CRITICAL:root:에코
CRITICAL:root:크산테
CRITICAL:root:애니비아
CRITICAL:root:트위치
CRITICAL:root:브라움
CRITICAL:root:빅토르
CRITICAL:root:니달리
CRITICAL:root:트리스타나
CRITICAL:root:제라스
CRITICAL:root:세트
CRITICAL:root:다리우스
CRITICAL:root:모데카이저
CRITICAL:root:룰루
CRITICAL:root:룰루 == 룰루
CRITICAL:root:카이사
CRITICAL:root:자야
CRITICAL:root:이즈리얼
CRITICAL:root:진
CRITICAL:root:바루스
CRITICAL:root:제리
CRITICAL:root:징크스
CRITICAL:root:아칼리
CRITICAL:root:알리스타
CRITICAL:root:자크
CRITICAL:root:이렐리아
CRITICAL:root:라칸
CRITICAL:root:카타리나
CRITICAL:root:사미라
CRITICAL:root:노틸러스
CRITICAL:root:노틸러스 == 노틸러스
CRITICAL:root:카시오페아
CRITICAL:root:카시오페아 == 카시오페아
CRITICAL:root:이즈리얼
CRITICAL:root:카이사
CRITICAL:root:카이사 == 카이사
CRITICAL:root:제리
CRITICAL:root:제리 == 제리
CRITICAL:root:리 신
CRITICAL:root:이즈리얼
CRITICAL:root:자르반 4세
CRITICAL:root:카이사
CRITICAL:root:루시안
CRITICAL:root:징크스
CRITICAL:root:사미라
CRITICAL:root:그레이브즈
CRITICAL:root:니달리
CRITICAL:root:진
CRITICAL:root:자야
CRITICAL:root:제리
CRITICAL:root:사일러스
CRITICAL:root:마오카이
CRITICAL:root:킨드레드
CRITICAL:root:바루스
CRITICAL:root:트리스타나
CRITICAL:root:카직스
CRITICAL:root:오공
CRITICAL:root:바이
CRITICAL:root:에코
CRITICAL:root:베이가
CRITICAL:root:마스터 이
CRITICAL:root:쓰레쉬
CRITICAL:root:엘리스
CRITICAL:root:제이스
CRITICAL:root:헤카림
CRITICAL:root:아펠리오스
CRITICAL:root:트런들
CRITICAL:root:애쉬
CRITICAL:root:베인
CRITICAL:root:카르마
CRITICAL:root:카르마 == 카르마
CRITICAL:root:엘리스
CRITICAL:root:쉬바나
CRITICAL:root:쉬바나 == 쉬바나
CRITICAL:root:제드
CRITICAL:root:리 신
CRITICAL:root:사일러스
CRITICAL:root:야스오
CRITICAL:root:제이스
CRITICAL:root:이즈리얼
CRITICAL:root:크산테
CRITICAL:root:드레이븐
CRITICAL:root:아칼리
CRITICAL:root:라이즈
CRITICAL:root:비에고
CRITICAL:root:카이사
CRITICAL:root:에코
CRITICAL:root:루시안
CRITICAL:root:르블랑
CRITICAL:root:이렐리아
CRITICAL:root:이렐리아 == 이렐리아
CRITICAL:root:이즈리얼
CRITICAL:root:진
CRITICAL:root:제라스
CRITICAL:root:시비르
CRITICAL:root:애쉬
CRITICAL:root:자야
CRITICAL:root:케이틀린
CRITICAL:root:사미라
CRITICAL:root:카이사
CRITICAL:root:루시안
CRITICAL:root:미스 포츈
CRITICAL:root:미스 포츈 == 미스 포츈
CRITICAL:root:진
CRITICAL:root:이즈리얼
CRITICAL:root:바루스
CRITICAL:root:블리츠크랭크
CRITICAL:root:애쉬
CRITICAL:root:루시안
CRITICAL:root:루시안 == 루시안
CRITICAL:root:쓰레쉬
CRITICAL:root:쓰레쉬 == 쓰레쉬
CRITICAL:root:야스오
CRITICAL:root:사일러스
CRITICAL:root:벡스
CRITICAL:root:제드
CRITICAL:root:아칼리
CRITICAL:root:카직스
CRITICAL:root:카직스 == 카직스
CRITICAL:root:이즈리얼
CRITICAL:root:이즈리얼 == 이즈리얼
CRITICAL:root:진
CRITICAL:root:루시안
CRITICAL:root:이즈리얼
CRITICAL:root:드레이븐
CRITICAL:root:징크스
CRITICAL:root:케이틀린
CRITICAL:root:코그모
CRITICAL:root:애니
CRITICAL:root:미스 포츈
CRITICAL:root:자야
CRITICAL:root:카르마
CRITICAL:root:시비르
CRITICAL:root:세트
CRITICAL:root:카이사
CRITICAL:root:카이사 == 카이사
CRITICAL:root:이즈리얼
CRITICAL:root:제리
CRITICAL:root:진
CRITICAL:root:자야
CRITICAL:root:아펠리오스
CRITICAL:root:아펠리오스 == 아펠리오스
CRITICAL:root:아펠리오스
CRITICAL:root:이즈리얼
CRITICAL:root:애쉬
CRITICAL:root:징크스
CRITICAL:root:제리
CRITICAL:root:진
CRITICAL:root:밀리오
CRITICAL:root:트리스타나
CRITICAL:root:코그모
CRITICAL:root:신드라
CRITICAL:root:카이사
CRITICAL:root:트위치
CRITICAL:root:베이가
CRITICAL:root:케이틀린
CRITICAL:root:자야
CRITICAL:root:럭스
CRITICAL:root:아우렐리온 솔
CRITICAL:root:시비르
CRITICAL:root:케일
CRITICAL:root:사미라
CRITICAL:root:유미
CRITICAL:root:아지르
CRITICAL:root:소나
CRITICAL:root:모르가나
CRITICAL:root:레오나
CRITICAL:root:나미
CRITICAL:root:소라카
CRITICAL:root:베인
CRITICAL:root:바루스
CRITICAL:root:제라스
CRITICAL:root:룰루
CRITICAL:root:잔나
CRITICAL:root:잔나 == 잔나
CRITICAL:root:르블랑
CRITICAL:root:카타리나
CRITICAL:root:신드라
CRITICAL:root:카시오페아
CRITICAL:root:오리아나
CRITICAL:root:판테온
CRITICAL:root:세라핀
CRITICAL:root:벡스
CRITICAL:root:아리
CRITICAL:root:피즈
CRITICAL:root:트위스티드 페이트
CRITICAL:root:조이
CRITICAL:root:쓰레쉬
CRITICAL:root:카사딘
CRITICAL:root:사일러스
CRITICAL:root:이렐리아
CRITICAL:root:아칼리
CRITICAL:root:탈론
CRITICAL:root:애니비아
CRITICAL:root:요네
CRITICAL:root:케이틀린
CRITICAL:root:빅토르
CRITICAL:root:애쉬
CRITICAL:root:리산드라
CRITICAL:root:리산드라 == 리산드라
CRITICAL:root:리 신
CRITICAL:root:자르반 4세
CRITICAL:root:카직스
CRITICAL:root:에코
CRITICAL:root:에코 == 에코
CRITICAL:root:탈론
CRITICAL:root:그레이브즈
CRITICAL:root:리 신
CRITICAL:root:제드
CRITICAL:root:말파이트
CRITICAL:root:갈리오
CRITICAL:root:사이온
CRITICAL:root:판테온
CRITICAL:root:렉사이
CRITICAL:root:카르마
CRITICAL:root:다이애나
CRITICAL:root:올라프
CRITICAL:root:오른
CRITICAL:root:쓰레쉬
CRITICAL:root:루시안
CRITICAL:root:모데카이저
CRITICAL:root:모데카이저 == 모데카이저
CRITICAL:root:쓰레쉬
CRITICAL:root:라칸
CRITICAL:root:블리츠크랭크
CRITICAL:root:유미
CRITICAL:root:레오나
CRITICAL:root:밀리오
CRITICAL:root:밀리오 == 밀리오
CRITICAL:root:제드
CRITICAL:root:요네
CRITICAL:root:트위치
CRITICAL:root:모데카이저
CRITICAL:root:판테온
CRITICAL:root:유미
CRITICAL:root:말파이트
CRITICAL:root:애쉬
CRITICAL:root:갈리오
CRITICAL:root:갈리오 == 갈리오
CRITICAL:root:직스
CRITICAL:root:트리스타나
CRITICAL:root:아리
CRITICAL:root:킨드레드
CRITICAL:root:르블랑
CRITICAL:root:트위스티드 페이트
CRITICAL:root:말자하
CRITICAL:root:말자하 == 말자하
CRITICAL:root:사미라
CRITICAL:root:징크스
CRITICAL:root:이즈리얼
CRITICAL:root:진
CRITICAL:root:카이사
CRITICAL:root:리 신
CRITICAL:root:아칼리
CRITICAL:root:루시안
CRITICAL:root:자야
CRITICAL:root:사일러스
CRITICAL:root:르블랑
CRITICAL:root:야스오
CRITICAL:root:케이틀린
CRITICAL:root:아펠리오스
CRITICAL:root:리산드라
CRITICAL:root:요네
CRITICAL:root:이렐리아
CRITICAL:root:아트록스
CRITICAL:root:카시오페아
CRITICAL:root:파이크
CRITICAL:root:트위스티드 페이트
CRITICAL:root:렐
CRITICAL:root:애쉬
CRITICAL:root:제이스
CRITICAL:root:엘리스
CRITICAL:root:클레드
CRITICAL:root:신드라
CRITICAL:root:판테온
CRITICAL:root:알리스타
CRITICAL:root:알리스타 == 알리스타
CRITICAL:root:말자하
CRITICAL:root:누누와 윌럼프
CRITICAL:root:누누와 윌럼프 == 누누와 윌럼프
CRITICAL:root:나서스
CRITICAL:root:티모
CRITICAL:root:모데카이저
CRITICAL:root:스웨인
CRITICAL:root:럼블
CRITICAL:root:트런들
CRITICAL:root:문도 박사
CRITICAL:root:요네
CRITICAL:root:자르반 4세
CRITICAL:root:아트록스
CRITICAL:root:아트록스 == 아트록스
CRITICAL:root:그레이브즈
CRITICAL:root:세주아니
CRITICAL:root:세주아니 == 세주아니
CRITICAL:root:이즈리얼
CRITICAL:root:진
CRITICAL:root:징크스
CRITICAL:root:바루스
CRITICAL:root:카이사
CRITICAL:root:애쉬
CRITICAL:root:루시안
CRITICAL:root:루시안 == 루시안
CRITICAL:root:블리츠크랭크 ADMAX 1061
CRITICAL:root:Traceback (most recent call last):
  File "/Users/nicode./MainSpace/BigDataTermendProject/OpggProficiencyCrawler.py", line 35, in <module>
    cnn = elem.select_one("td:nth-child(2) > div.champion-container > div.summoner-name > a").text
AttributeError: 'NoneType' object has no attribute 'text'

CRITICAL:root:렝가
CRITICAL:root:에코
CRITICAL:root:사일러스
CRITICAL:root:자르반 4세
CRITICAL:root:카직스
CRITICAL:root:마스터 이
CRITICAL:root:징크스
CRITICAL:root:잭스
CRITICAL:root:아리
CRITICAL:root:아칼리
CRITICAL:root:이즈리얼
CRITICAL:root:리 신
CRITICAL:root:녹턴
CRITICAL:root:녹턴 == 녹턴
CRITICAL:root:아우렐리온 솔
CRITICAL:root:아우렐리온 솔 == 아우렐리온 솔
CRITICAL:root:아펠리오스
CRITICAL:root:아펠리오스 == 아펠리오스
CRITICAL:root:제드
CRITICAL:root:신드라
CRITICAL:root:사일러스
CRITICAL:root:사일러스 == 사일러스
CRITICAL:root:카서스
CRITICAL:root:리 신
CRITICAL:root:카시오페아
CRITICAL:root:사일러스
CRITICAL:root:킨드레드
CRITICAL:root:니달리
CRITICAL:root:케인
CRITICAL:root:릴리아
CRITICAL:root:아크샨
CRITICAL:root:신 짜오
CRITICAL:root:바루스
CRITICAL:root:그라가스
CRITICAL:root:카르마
CRITICAL:root:비에고
CRITICAL:root:그레이브즈
CRITICAL:root:에코
CRITICAL:root:탈리야
CRITICAL:root:탈리야 == 탈리야
CRITICAL:root:이렐리아
CRITICAL:root:블리츠크랭크
CRITICAL:root:파이크
CRITICAL:root:아리
CRITICAL:root:아칼리
CRITICAL:root:알리스타
CRITICAL:root:쓰레쉬
CRITICAL:root:쓰레쉬 == 쓰레쉬
CRITICAL:root:이즈리얼
CRITICAL:root:이즈리얼 == 이즈리얼
CRITICAL:root:리산드라
CRITICAL:root:알리스타
CRITICAL:root:밀리오
CRITICAL:root:갱플랭크
CRITICAL:root:블리츠크랭크
CRITICAL:root:빅토르
CRITICAL:root:애니비아
CRITICAL:root:다이애나
CRITICAL:root:레나타 글라스크
CRITICAL:root:신지드
CRITICAL:root:세트
CRITICAL:root:아크샨
CRITICAL:root:가렌
CRITICAL:root:말자하
CRITICAL:root:아우렐리온 솔
CRITICAL:root:레오나
CRITICAL:root:그라가스
CRITICAL:root:초가스
CRITICAL:root:신 짜오
CRITICAL:root:마오카이
CRITICAL:root:질리언
CRITICAL:root:질리언 == 질리언
CRITICAL:root:이렐리아
CRITICAL:root:크산테
CRITICAL:root:제리
CRITICAL:root:아우렐리온 솔
CRITICAL:root:피오라
CRITICAL:root:제이스
CRITICAL:root:리 신
CRITICAL:root:마오카이
CRITICAL:root:사일러스
CRITICAL:root:자야
CRITICAL:root:자야 == 자야
CRITICAL:root:제리
CRITICAL:root:유미
CRITICAL:root:이즈리얼
CRITICAL:root:징크스
CRITICAL:root:아리
CRITICAL:root:빅토르
CRITICAL:root:그레이브즈
CRITICAL:root:드레이븐
CRITICAL:root:사일러스
CRITICAL:root:진
CRITICAL:root:코그모
CRITICAL:root:리 신
CRITICAL:root:카이사
CRITICAL:root:쓰레쉬
CRITICAL:root:케이틀린
CRITICAL:root:르블랑
CRITICAL:root:니달리
CRITICAL:root:비에고
CRITICAL:root:비에고 == 비에고
CRITICAL:root:제드
CRITICAL:root:제드 == 제드
CRITICAL:root:아칼리
CRITICAL:root:아칼리 == 아칼리
CRITICAL:root:파이크
CRITICAL:root:파이크 == 파이크
CRITICAL:root:아우렐리온 솔
CRITICAL:root:신드라
CRITICAL:root:탈리야
CRITICAL:root:아리
CRITICAL:root:마오카이
CRITICAL:root:우디르
CRITICAL:root:자크
CRITICAL:root:요릭
CRITICAL:root:요네
CRITICAL:root:오른
CRITICAL:root:빅토르
CRITICAL:root:크산테
CRITICAL:root:크산테 == 크산테
CRITICAL:root:쓰레쉬
CRITICAL:root:라칸
CRITICAL:root:밀리오
CRITICAL:root:밀리오 == 밀리오
CRITICAL:root:니코
CRITICAL:root:니코 == 니코
CRITICAL:root:퀸
CRITICAL:root:갱플랭크
CRITICAL:root:레넥톤
CRITICAL:root:르블랑
CRITICAL:root:브랜드
CRITICAL:root:카이사
CRITICAL:root:룰루
CRITICAL:root:나서스
CRITICAL:root:사일러스
CRITICAL:root:라이즈
CRITICAL:root:잭스
CRITICAL:root:잭스 == 잭스
CRITICAL:root:나서스
CRITICAL:root:나서스 == 나서스
CRITICAL:root:밀리오
CRITICAL:root:쓰레쉬
CRITICAL:root:룰루
CRITICAL:root:카르마
CRITICAL:root:브라움
CRITICAL:root:제라스
CRITICAL:root:제라스 == 제라스
CRITICAL:root:카시오페아
CRITICAL:root:킨드레드
CRITICAL:root:카직스
CRITICAL:root:엘리스
CRITICAL:root:엘리스 == 엘리스
CRITICAL:root:판테온
CRITICAL:root:아칼리
CRITICAL:root:아칼리 == 아칼리
CRITICAL:root:이렐리아
CRITICAL:root:이렐리아 == 이렐리아
CRITICAL:root:룰루
CRITICAL:root:나미
CRITICAL:root:세라핀
CRITICAL:root:렐
CRITICAL:root:렐 == 렐
CRITICAL:root:누누와 윌럼프
CRITICAL:root:누누와 윌럼프 == 누누와 윌럼프
CRITICAL:root:룰루
CRITICAL:root:블리츠크랭크
CRITICAL:root:르블랑
CRITICAL:root:갈리오
CRITICAL:root:렐
CRITICAL:root:신드라
CRITICAL:root:노틸러스
CRITICAL:root:애니
CRITICAL:root:이렐리아
CRITICAL:root:레오나
CRITICAL:root:리산드라
CRITICAL:root:베이가
CRITICAL:root:쓰레쉬
CRITICAL:root:레넥톤
CRITICAL:root:레넥톤 == 레넥톤
CRITICAL:root:아펠리오스
CRITICAL:root:이즈리얼
CRITICAL:root:이즈리얼 == 이즈리얼
CRITICAL:root:렉사이
CRITICAL:root:오른
CRITICAL:root:오른 == 오른
CRITICAL:root:카타리나
CRITICAL:root:카타리나 == 카타리나
CRITICAL:root:이블린
CRITICAL:root:이블린 == 이블린
CRITICAL:root:피들스틱
CRITICAL:root:피들스틱 == 피들스틱
CRITICAL:root:바이
CRITICAL:root:자르반 4세
CRITICAL:root:그레이브즈
CRITICAL:root:렉사이
CRITICAL:root:렉사이 == 렉사이
CRITICAL:root:카타리나
CRITICAL:root:카타리나 == 카타리나
CRITICAL:root:잭스
CRITICAL:root:아칼리
CRITICAL:root:제이스
CRITICAL:root:비에고
CRITICAL:root:오른
CRITICAL:root:오공
CRITICAL:root:마오카이
CRITICAL:root:제리
CRITICAL:root:진
CRITICAL:root:이즈리얼
CRITICAL:root:그웬
CRITICAL:root:자야
CRITICAL:root:사일러스
CRITICAL:root:징크스
CRITICAL:root:피오라
CRITICAL:root:에코
CRITICAL:root:말파이트
CRITICAL:root:라칸
CRITICAL:root:모데카이저
CRITICAL:root:모데카이저 == 모데카이저
CRITICAL:root:다리우스
CRITICAL:root:아트록스
CRITICAL:root:모데카이저
CRITICAL:root:스웨인
CRITICAL:root:헤카림
CRITICAL:root:제드
CRITICAL:root:볼리베어
CRITICAL:root:가렌
CRITICAL:root:판테온
CRITICAL:root:초가스
CRITICAL:root:초가스 == 초가스
CRITICAL:root:자크
CRITICAL:root:자크 == 자크
CRITICAL:root:아칼리
CRITICAL:root:요네
CRITICAL:root:제리
CRITICAL:root:갈리오
CRITICAL:root:갈리오 == 갈리오
CRITICAL:root:이즈리얼
CRITICAL:root:제리
CRITICAL:root:루시안
CRITICAL:root:사미라
CRITICAL:root:마오카이
CRITICAL:root:자르반 4세
CRITICAL:root:그라가스
CRITICAL:root:렉사이
CRITICAL:root:사일러스
CRITICAL:root:리 신
CRITICAL:root:카직스
CRITICAL:root:리븐
CRITICAL:root:그레이브즈
CRITICAL:root:코그모
CRITICAL:root:바루스
CRITICAL:root:바루스 == 바루스
CRITICAL:root:자야
CRITICAL:root:제이스
CRITICAL:root:이렐리아
CRITICAL:root:아트록스
CRITICAL:root:아트록스 == 아트록스
CRITICAL:root:라이즈
CRITICAL:root:조이
CRITICAL:root:세주아니
CRITICAL:root:오공
CRITICAL:root:바이
CRITICAL:root:바이 == 바이
CRITICAL:root:아트록스
CRITICAL:root:아트록스 == 아트록스
CRITICAL:root:자크
CRITICAL:root:자크 == 자크
CRITICAL:root:갱플랭크
CRITICAL:root:야스오
CRITICAL:root:르블랑
CRITICAL:root:비에고
CRITICAL:root:탐 켄치
CRITICAL:root:그라가스
CRITICAL:root:잭스
CRITICAL:root:니코
CRITICAL:root:카이사
CRITICAL:root:나르
CRITICAL:root:크산테
CRITICAL:root:마스터 이
CRITICAL:root:요네
CRITICAL:root:뽀삐
CRITICAL:root:그레이브즈
CRITICAL:root:그레이브즈 == 그레이브즈
CRITICAL:root:마스터 이
CRITICAL:root:마스터 이 == 마스터 이
CRITICAL:root:마오카이
CRITICAL:root:리 신
CRITICAL:root:리 신 == 리 신
CRITICAL:root:카르마
CRITICAL:root:쓰레쉬
CRITICAL:root:리 신
CRITICAL:root:자크
CRITICAL:root:세나
CRITICAL:root:바이
CRITICAL:root:오공
CRITICAL:root:나미
CRITICAL:root:모르가나
CRITICAL:root:스웨인
CRITICAL:root:노틸러스
CRITICAL:root:비에고
CRITICAL:root:라칸
CRITICAL:root:마오카이
CRITICAL:root:애쉬
CRITICAL:root:룰루
CRITICAL:root:블라디미르
CRITICAL:root:아무무
CRITICAL:root:유미
CRITICAL:root:사일러스
CRITICAL:root:밀리오
CRITICAL:root:쉔
CRITICAL:root:말파이트
CRITICAL:root:레오나
CRITICAL:root:제이스
CRITICAL:root:블리츠크랭크
CRITICAL:root:브라움
CRITICAL:root:하이머딩거
CRITICAL:root:럭스
CRITICAL:root:이즈리얼
CRITICAL:root:뽀삐
CRITICAL:root:뽀삐 == 뽀삐
CRITICAL:root:리 신
CRITICAL:root:니달리
CRITICAL:root:루시안
CRITICAL:root:야스오
CRITICAL:root:카이사
CRITICAL:root:바루스
CRITICAL:root:케이틀린
CRITICAL:root:쓰레쉬
CRITICAL:root:사일러스
CRITICAL:root:르블랑
CRITICAL:root:이즈리얼
CRITICAL:root:진
CRITICAL:root:제리
CRITICAL:root:사미라
CRITICAL:root:리븐
CRITICAL:root:아칼리
CRITICAL:root:아리
CRITICAL:root:그레이브즈
CRITICAL:root:블라디미르
CRITICAL:root:징크스
CRITICAL:root:신드라
CRITICAL:root:제이스
CRITICAL:root:자야
CRITICAL:root:카시오페아
CRITICAL:root:닐라
CRITICAL:root:카직스
CRITICAL:root:럭스
CRITICAL:root:잭스
CRITICAL:root:리산드라
CRITICAL:root:자르반 4세
CRITICAL:root:그라가스
CRITICAL:root:베인
CRITICAL:root:킨드레드
CRITICAL:root:비에고
CRITICAL:root:애쉬
CRITICAL:root:바이
CRITICAL:root:블리츠크랭크
CRITICAL:root:블리츠크랭크 == 블리츠크랭크
CRITICAL:root:리 신
CRITICAL:root:리 신 == 리 신
CRITICAL:root:쓰레쉬
CRITICAL:root:라칸
CRITICAL:root:밀리오
CRITICAL:root:애니
CRITICAL:root:카르마
CRITICAL:root:노틸러스
CRITICAL:root:블리츠크랭크
CRITICAL:root:알리스타
CRITICAL:root:알리스타 == 알리스타
CRITICAL:root:자야
CRITICAL:root:징크스
CRITICAL:root:이즈리얼
CRITICAL:root:이즈리얼 == 이즈리얼
CRITICAL:root:밀리오
CRITICAL:root:자르반 4세
CRITICAL:root:자르반 4세 == 자르반 4세
CRITICAL:root:아리
CRITICAL:root:아리 == 아리
CRITICAL:root:제라스
CRITICAL:root:카르마
CRITICAL:root:카르마 == 카르마
CRITICAL:root:요네
CRITICAL:root:자르반 4세
CRITICAL:root:르블랑
CRITICAL:root:리 신
CRITICAL:root:니달리
CRITICAL:root:그레이브즈
CRITICAL:root:그레이브즈 == 그레이브즈
CRITICAL:root:드레이븐
CRITICAL:root:징크스
CRITICAL:root:이즈리얼
CRITICAL:root:아펠리오스
CRITICAL:root:바루스
CRITICAL:root:애쉬
CRITICAL:root:말자하
CRITICAL:root:코그모
CRITICAL:root:루시안
CRITICAL:root:카이사
CRITICAL:root:제리
CRITICAL:root:케이틀린
CRITICAL:root:케이틀린 == 케이틀린
CRITICAL:root:자르반 4세
CRITICAL:root:킨드레드
CRITICAL:root:킨드레드 == 킨드레드
CRITICAL:root:라칸
CRITICAL:root:노틸러스
CRITICAL:root:쓰레쉬
CRITICAL:root:블리츠크랭크
CRITICAL:root:룰루
CRITICAL:root:나미
CRITICAL:root:유미
CRITICAL:root:밀리오
CRITICAL:root:브라움
CRITICAL:root:파이크
CRITICAL:root:카르마
CRITICAL:root:애쉬
CRITICAL:root:트리스타나
CRITICAL:root:트리스타나 == 트리스타나
CRITICAL:root:유미
CRITICAL:root:카르마
CRITICAL:root:룰루
CRITICAL:root:룰루 == 룰루
CRITICAL:root:이즈리얼
CRITICAL:root:바루스
CRITICAL:root:자야
CRITICAL:root:루시안
CRITICAL:root:모르가나
CRITICAL:root:밀리오
CRITICAL:root:제리
CRITICAL:root:럭스
CRITICAL:root:미스 포츈
CRITICAL:root:룰루
CRITICAL:root:룰루 == 룰루
CRITICAL:root:야스오
CRITICAL:root:이렐리아
CRITICAL:root:이렐리아 == 이렐리아
CRITICAL:root:제이스
CRITICAL:root:피오라
CRITICAL:root:케이틀린
CRITICAL:root:이렐리아
CRITICAL:root:아트록스
CRITICAL:root:루시안
CRITICAL:root:탈론
CRITICAL:root:리 신
CRITICAL:root:바루스
CRITICAL:root:사일러스
CRITICAL:root:카이사
CRITICAL:root:킨드레드
CRITICAL:root:킨드레드 == 킨드레드
CRITICAL:root:애니비아
CRITICAL:root:리 신
CRITICAL:root:르블랑
CRITICAL:root:제드
CRITICAL:root:아지르
CRITICAL:root:그라가스
CRITICAL:root:이즈리얼
CRITICAL:root:카이사
CRITICAL:root:카사딘
CRITICAL:root:아리
CRITICAL:root:빅토르
CRITICAL:root:벡스
CRITICAL:root:케이틀린
CRITICAL:root:비에고
CRITICAL:root:제이스
CRITICAL:root:그레이브즈
CRITICAL:root:카시오페아
CRITICAL:root:갱플랭크
CRITICAL:root:자야
CRITICAL:root:사일러스
CRITICAL:root:트위스티드 페이트
CRITICAL:root:바루스
CRITICAL:root:니달리
CRITICAL:root:카서스
CRITICAL:root:탈론
CRITICAL:root:케인
CRITICAL:root:진
CRITICAL:root:렝가
CRITICAL:root:렝가 == 렝가
CRITICAL:root:징크스
CRITICAL:root:아펠리오스
CRITICAL:root:이즈리얼
CRITICAL:root:이즈리얼 == 이즈리얼
CRITICAL:root:세나
CRITICAL:root:제라스
CRITICAL:root:아펠리오스
CRITICAL:root:애니비아
CRITICAL:root:진
CRITICAL:root:밀리오
CRITICAL:root:파이크
CRITICAL:root:질리언
CRITICAL:root:벨베스
CRITICAL:root:코그모
CRITICAL:root:시비르
CRITICAL:root:제리
CRITICAL:root:이즈리얼
CRITICAL:root:카이사
CRITICAL:root:루시안
CRITICAL:root:루시안 == 루시안
CRITICAL:root:제리
CRITICAL:root:이즈리얼
CRITICAL:root:아펠리오스
CRITICAL:root:징크스
CRITICAL:root:진
CRITICAL:root:진 == 진
CRITICAL:root:뽀삐
CRITICAL:root:레넥톤
CRITICAL:root:리 신
CRITICAL:root:야스오
CRITICAL:root:니달리
CRITICAL:root:자야
CRITICAL:root:베인
CRITICAL:root:이즈리얼
CRITICAL:root:파이크
CRITICAL:root:파이크 == 파이크
CRITICAL:root:리 신
CRITICAL:root:리 신 == 리 신
CRITICAL:root:이즈리얼
CRITICAL:root:드레이븐
CRITICAL:root:징크스
CRITICAL:root:애쉬
CRITICAL:root:루시안
CRITICAL:root:세나
CRITICAL:root:바루스
CRITICAL:root:바루스 == 바루스
CRITICAL:root:리 신
CRITICAL:root:자야
CRITICAL:root:바루스
CRITICAL:root:제리
CRITICAL:root:케이틀린
CRITICAL:root:바이
CRITICAL:root:사미라
CRITICAL:root:니달리
CRITICAL:root:루시안
CRITICAL:root:카이사
CRITICAL:root:그레이브즈
CRITICAL:root:진
CRITICAL:root:아펠리오스
CRITICAL:root:르블랑
CRITICAL:root:라칸
CRITICAL:root:라칸 == 라칸
CRITICAL:root:마스터 이
CRITICAL:root:카밀
CRITICAL:root:세트
CRITICAL:root:케이틀린
CRITICAL:root:요네
CRITICAL:root:제이스
CRITICAL:root:제이스 == 제이스
CRITICAL:root:노틸러스
CRITICAL:root:블리츠크랭크
CRITICAL:root:카르마
CRITICAL:root:레오나
CRITICAL:root:레오나 == 레오나
CRITICAL:root:카르마
CRITICAL:root:블리츠크랭크
CRITICAL:root:쓰레쉬
CRITICAL:root:라칸
CRITICAL:root:노틸러스
CRITICAL:root:노틸러스 == 노틸러스
CRITICAL:root:올라프
CRITICAL:root:다리우스
CRITICAL:root:리 신
CRITICAL:root:잭스
CRITICAL:root:잭스 == 잭스
CRITICAL:root:이렐리아
CRITICAL:root:빅토르
CRITICAL:root:빅토르 == 빅토르
CRITICAL:root:이즈리얼
CRITICAL:root:애쉬
CRITICAL:root:애쉬 == 애쉬
CRITICAL:root:아펠리오스
CRITICAL:root:진
CRITICAL:root:카이사
CRITICAL:root:제리
CRITICAL:root:제리 == 제리
CRITICAL:root:리 신
CRITICAL:root:사일러스
CRITICAL:root:사미라
CRITICAL:root:아칼리
CRITICAL:root:요네
CRITICAL:root:제이스
CRITICAL:root:이즈리얼
CRITICAL:root:카직스
CRITICAL:root:카직스 == 카직스
CRITICAL:root:갱플랭크
CRITICAL:root:크산테
CRITICAL:root:크산테 == 크산테
CRITICAL:root:제이스
CRITICAL:root:니코
CRITICAL:root:아트록스
CRITICAL:root:나르
CRITICAL:root:럼블
CRITICAL:root:크산테
CRITICAL:root:진
CRITICAL:root:진 == 진
CRITICAL:root:니달리
CRITICAL:root:킨드레드
CRITICAL:root:블라디미르
CRITICAL:root:헤카림
CRITICAL:root:에코
CRITICAL:root:그레이브즈
CRITICAL:root:릴리아
CRITICAL:root:바이
CRITICAL:root:카서스
CRITICAL:root:케인
CRITICAL:root:그라가스
CRITICAL:root:카직스
CRITICAL:root:비에고
CRITICAL:root:비에고 == 비에고
CRITICAL:root:자크
CRITICAL:root:자크 == 자크
CRITICAL:root:사미라
CRITICAL:root:마스터 이
CRITICAL:root:제리
CRITICAL:root:자야
CRITICAL:root:벨베스
CRITICAL:root:징크스
CRITICAL:root:진
CRITICAL:root:베이가
CRITICAL:root:사일러스
CRITICAL:root:카이사
CRITICAL:root:이즈리얼
CRITICAL:root:루시안
CRITICAL:root:트위치
CRITICAL:root:아리
CRITICAL:root:바루스
CRITICAL:root:닐라
CRITICAL:root:야스오
CRITICAL:root:렉사이
CRITICAL:root:이렐리아
CRITICAL:root:파이크
CRITICAL:root:람머스
CRITICAL:root:초가스
CRITICAL:root:르블랑
CRITICAL:root:하이머딩거
CRITICAL:root:카서스
CRITICAL:root:애쉬
CRITICAL:root:자르반 4세
CRITICAL:root:리 신
CRITICAL:root:제드
CRITICAL:root:럭스
CRITICAL:root:카직스
CRITICAL:root:아펠리오스
CRITICAL:root:세나
CRITICAL:root:제라스
CRITICAL:root:스웨인
CRITICAL:root:케인
CRITICAL:root:녹턴
CRITICAL:root:룰루
CRITICAL:root:카시오페아
CRITICAL:root:샤코
CRITICAL:root:요네
CRITICAL:root:아크샨
CRITICAL:root:아우렐리온 솔
CRITICAL:root:코그모
CRITICAL:root:케이틀린
CRITICAL:root:카사딘
CRITICAL:root:자크
CRITICAL:root:판테온
CRITICAL:root:마오카이
CRITICAL:root:빅토르
CRITICAL:root:카타리나
CRITICAL:root:엘리스
CRITICAL:root:세트
CRITICAL:root:나서스
CRITICAL:root:오공
CRITICAL:root:리산드라
CRITICAL:root:제이스
CRITICAL:root:애니
CRITICAL:root:피오라
CRITICAL:root:킨드레드
CRITICAL:root:탈론
CRITICAL:root:베인
CRITICAL:root:헤카림
CRITICAL:root:조이
CRITICAL:root:유미
CRITICAL:root:유미 == 유미
CRITICAL:root:리 신
CRITICAL:root:탈론
CRITICAL:root:탈론 == 탈론
CRITICAL:root:엘리스
CRITICAL:root:엘리스 == 엘리스
CRITICAL:root:레오나
CRITICAL:root:레오나 == 레오나
CRITICAL:root:아리
CRITICAL:root:럭스
CRITICAL:root:럭스 == 럭스
CRITICAL:root:리 신
CRITICAL:root:리 신 == 리 신
CRITICAL:root:사일러스
CRITICAL:root:에코
CRITICAL:root:리 신
CRITICAL:root:신 짜오
CRITICAL:root:그레이브즈
CRITICAL:root:그레이브즈 == 그레이브즈
CRITICAL:root:룰루
CRITICAL:root:룰루 == 룰루
CRITICAL:root:뽀삐
CRITICAL:root:블리츠크랭크
CRITICAL:root:카르마
CRITICAL:root:판테온
CRITICAL:root:라칸
CRITICAL:root:탐 켄치
CRITICAL:root:드레이븐
CRITICAL:root:파이크
CRITICAL:root:쓰레쉬
CRITICAL:root:노틸러스
CRITICAL:root:아리
CRITICAL:root:잭스
CRITICAL:root:샤코
CRITICAL:root:렝가
CRITICAL:root:사미라
CRITICAL:root:자야
CRITICAL:root:트위스티드 페이트
CRITICAL:root:징크스
CRITICAL:root:아펠리오스
CRITICAL:root:룰루
CRITICAL:root:제이스
CRITICAL:root:애니
CRITICAL:root:제드
CRITICAL:root:제드 == 제드
CRITICAL:root:자야
CRITICAL:root:이즈리얼
CRITICAL:root:제이스
CRITICAL:root:아리
CRITICAL:root:오공
CRITICAL:root:자크
CRITICAL:root:카사딘
CRITICAL:root:오른
CRITICAL:root:바루스
CRITICAL:root:애쉬
CRITICAL:root:아무무
CRITICAL:root:아무무 == 아무무
CRITICAL:root:아크샨
CRITICAL:root:아크샨 == 아크샨
CRITICAL:root:쓰레쉬
CRITICAL:root:쓰레쉬 == 쓰레쉬
CRITICAL:root:블리츠크랭크
CRITICAL:root:유미
CRITICAL:root:쓰레쉬
CRITICAL:root:쓰레쉬 == 쓰레쉬
CRITICAL:root:루시안
CRITICAL:root:이즈리얼
CRITICAL:root:뽀삐
CRITICAL:root:진
CRITICAL:root:진 == 진
CRITICAL:root:이렐리아
CRITICAL:root:이렐리아 == 이렐리아
CRITICAL:root:럭스
CRITICAL:root:럭스 == 럭스
CRITICAL:root:카시오페아
CRITICAL:root:이즈리얼
CRITICAL:root:럼블
CRITICAL:root:징크스
CRITICAL:root:잭스
CRITICAL:root:세나
CRITICAL:root:코그모
CRITICAL:root:미스 포츈
CRITICAL:root:애쉬
CRITICAL:root:카이사
CRITICAL:root:진
CRITICAL:root:그라가스
CRITICAL:root:베인
CRITICAL:root:루시안
CRITICAL:root:시비르
CRITICAL:root:케이틀린
CRITICAL:root:케이틀린 == 케이틀린
CRITICAL:root:이렐리아
CRITICAL:root:이렐리아 == 이렐리아
CRITICAL:root:트위스티드 페이트
CRITICAL:root:오리아나
CRITICAL:root:럭스
CRITICAL:root:럭스 == 럭스
CRITICAL:root:사일러스 탱 톤 1161
CRITICAL:root:Traceback (most recent call last):
  File "/Users/nicode./MainSpace/BigDataTermendProject/OpggProficiencyCrawler.py", line 35, in <module>
    cnn = elem.select_one("td:nth-child(2) > div.champion-container > div.summoner-name > a").text
AttributeError: 'NoneType' object has no attribute 'text'

CRITICAL:root:진
CRITICAL:root:아펠리오스
CRITICAL:root:이즈리얼
CRITICAL:root:자크
CRITICAL:root:블리츠크랭크
CRITICAL:root:징크스
CRITICAL:root:징크스 == 징크스
CRITICAL:root:사미라
CRITICAL:root:제드
CRITICAL:root:이즈리얼
CRITICAL:root:사일러스
CRITICAL:root:누누와 윌럼프
CRITICAL:root:루시안
CRITICAL:root:루시안 == 루시안
CRITICAL:root:아리
CRITICAL:root:아리 == 아리
CRITICAL:root:루시안
CRITICAL:root:트위치
CRITICAL:root:징크스
CRITICAL:root:징크스 == 징크스
CRITICAL:root:카직스
CRITICAL:root:벨베스
CRITICAL:root:그레이브즈
CRITICAL:root:리 신
CRITICAL:root:킨드레드
CRITICAL:root:카서스
CRITICAL:root:사일러스
CRITICAL:root:카타리나
CRITICAL:root:헤카림
CRITICAL:root:니달리
CRITICAL:root:마오카이
CRITICAL:root:세주아니
CRITICAL:root:엘리스
CRITICAL:root:그라가스
CRITICAL:root:그라가스 == 그라가스
CRITICAL:root:리 신
CRITICAL:root:마오카이
CRITICAL:root:사일러스
CRITICAL:root:사일러스 == 사일러스
CRITICAL:root:니달리
CRITICAL:root:니달리 == 니달리
CRITICAL:root:제드
CRITICAL:root:제드 == 제드
CRITICAL:root:카사딘
CRITICAL:root:카사딘 == 카사딘
CRITICAL:root:제드
CRITICAL:root:탈론
CRITICAL:root:아지르
CRITICAL:root:카시오페아
CRITICAL:root:사일러스
CRITICAL:root:빅토르
CRITICAL:root:리 신
CRITICAL:root:말파이트
CRITICAL:root:케일
CRITICAL:root:아칼리
CRITICAL:root:애니
CRITICAL:root:요네
CRITICAL:root:베이가
CRITICAL:root:아리
CRITICAL:root:라이즈
CRITICAL:root:제이스
CRITICAL:root:피즈
CRITICAL:root:하이머딩거
CRITICAL:root:판테온
CRITICAL:root:일라오이
CRITICAL:root:카직스
CRITICAL:root:벡스
CRITICAL:root:진
CRITICAL:root:잭스
CRITICAL:root:조이
CRITICAL:root:워윅
CRITICAL:root:이렐리아
CRITICAL:root:트위치
CRITICAL:root:카서스
CRITICAL:root:그레이브즈
CRITICAL:root:레넥톤
CRITICAL:root:이즈리얼
CRITICAL:root:이블린
CRITICAL:root:뽀삐
CRITICAL:root:니코
CRITICAL:root:티모
CRITICAL:root:트위스티드 페이트
CRITICAL:root:나서스
CRITICAL:root:카사딘
CRITICAL:root:카사딘 == 카사딘
CRITICAL:root:세나
CRITICAL:root:징크스
CRITICAL:root:비에고
CRITICAL:root:비에고 == 비에고
CRITICAL:root:제드
CRITICAL:root:카타리나
CRITICAL:root:이렐리아
CRITICAL:root:드레이븐
CRITICAL:root:아펠리오스
CRITICAL:root:야스오
CRITICAL:root:카이사
CRITICAL:root:탈론
CRITICAL:root:루시안
CRITICAL:root:징크스
CRITICAL:root:아칼리
CRITICAL:root:갱플랭크
CRITICAL:root:니달리
CRITICAL:root:바루스
CRITICAL:root:제리
CRITICAL:root:케이틀린
CRITICAL:root:르블랑
CRITICAL:root:아리
CRITICAL:root:사미라
CRITICAL:root:리븐
CRITICAL:root:빅토르
CRITICAL:root:사일러스
CRITICAL:root:라이즈
CRITICAL:root:쓰레쉬
CRITICAL:root:쓰레쉬 == 쓰레쉬
CRITICAL:root:라칸
CRITICAL:root:쓰레쉬
CRITICAL:root:쓰레쉬 == 쓰레쉬
CRITICAL:root:피오라
CRITICAL:root:피오라 == 피오라
CRITICAL:root:아우렐리온 솔
CRITICAL:root:이블린
CRITICAL:root:진
CRITICAL:root:티모
CRITICAL:root:나서스
CRITICAL:root:그레이브즈
CRITICAL:root:카이사
CRITICAL:root:트위치
CRITICAL:root:럭스
CRITICAL:root:미스 포츈
CRITICAL:root:케인
CRITICAL:root:케넨
CRITICAL:root:말자하
CRITICAL:root:초가스
CRITICAL:root:애니비아
CRITICAL:root:요네
CRITICAL:root:케일
CRITICAL:root:케일 == 케일
CRITICAL:root:케일
CRITICAL:root:케일 == 케일
CRITICAL:root:야스오
CRITICAL:root:요네
CRITICAL:root:이렐리아
CRITICAL:root:피즈
CRITICAL:root:피즈 == 피즈
CRITICAL:root:제라스
CRITICAL:root:제라스 == 제라스
CRITICAL:root:렉사이
CRITICAL:root:엘리스
CRITICAL:root:엘리스 == 엘리스
CRITICAL:root:베이가
CRITICAL:root:제리
CRITICAL:root:진
CRITICAL:root:자야
CRITICAL:root:세나
CRITICAL:root:징크스
CRITICAL:root:이즈리얼
CRITICAL:root:사일러스
CRITICAL:root:시비르
CRITICAL:root:블리츠크랭크
CRITICAL:root:블리츠크랭크 == 블리츠크랭크
CRITICAL:root:말파이트
CRITICAL:root:유미
CRITICAL:root:유미 == 유미
CRITICAL:root:렐
CRITICAL:root:바드
CRITICAL:root:바드 == 바드
CRITICAL:root:니달리
CRITICAL:root:니달리 == 니달리
CRITICAL:root:이즈리얼
CRITICAL:root:징크스
CRITICAL:root:진
CRITICAL:root:제리
CRITICAL:root:아펠리오스
CRITICAL:root:루시안
CRITICAL:root:아우렐리온 솔
CRITICAL:root:자야
CRITICAL:root:케이틀린
CRITICAL:root:미스 포츈
CRITICAL:root:미스 포츈 == 미스 포츈
CRITICAL:root:이즈리얼
CRITICAL:root:이즈리얼 == 이즈리얼
CRITICAL:root:룰루
CRITICAL:root:룰루 == 룰루
CRITICAL:root:마스터 이
CRITICAL:root:마스터 이 == 마스터 이
CRITICAL:root:제라스
CRITICAL:root:아지르
CRITICAL:root:아지르 == 아지르
CRITICAL:root:애쉬
CRITICAL:root:케이틀린
CRITICAL:root:이즈리얼
CRITICAL:root:오리아나
CRITICAL:root:미스 포츈
CRITICAL:root:미스 포츈 == 미스 포츈
CRITICAL:root:룰루
CRITICAL:root:잔나
CRITICAL:root:소라카
CRITICAL:root:소라카 == 소라카
CRITICAL:root:아펠리오스
CRITICAL:root:아펠리오스 == 아펠리오스
CRITICAL:root:그레이브즈
CRITICAL:root:니달리
CRITICAL:root:니달리 == 니달리
CRITICAL:root:아리
CRITICAL:root:빅토르
CRITICAL:root:케이틀린
CRITICAL:root:카이사
CRITICAL:root:징크스
CRITICAL:root:진
CRITICAL:root:이즈리얼
CRITICAL:root:사일러스
CRITICAL:root:르블랑
CRITICAL:root:노틸러스
CRITICAL:root:블리츠크랭크
CRITICAL:root:자야
CRITICAL:root:제라스
CRITICAL:root:시비르
CRITICAL:root:시비르 == 시비르
CRITICAL:root:니달리
CRITICAL:root:니달리 == 니달리
CRITICAL:root:쓰레쉬
CRITICAL:root:럭스
CRITICAL:root:룰루
CRITICAL:root:라칸
CRITICAL:root:노틸러스
CRITICAL:root:하이머딩거
CRITICAL:root:유미
CRITICAL:root:카르마
CRITICAL:root:애쉬
CRITICAL:root:아무무
CRITICAL:root:애니
CRITICAL:root:이즈리얼
CRITICAL:root:밀리오
CRITICAL:root:블리츠크랭크
CRITICAL:root:아펠리오스
CRITICAL:root:스웨인
CRITICAL:root:나미
CRITICAL:root:마오카이
CRITICAL:root:자야
CRITICAL:root:제이스
CRITICAL:root:시비르
CRITICAL:root:브라움
CRITICAL:root:바루스
CRITICAL:root:세나
CRITICAL:root:레오나
CRITICAL:root:레오나 == 레오나
CRITICAL:root:아리
CRITICAL:root:갱플랭크
CRITICAL:root:자야
CRITICAL:root:카이사
CRITICAL:root:나르
CRITICAL:root:크산테
CRITICAL:root:제이스
CRITICAL:root:제리
CRITICAL:root:케이틀린
CRITICAL:root:애쉬
CRITICAL:root:사일러스
CRITICAL:root:바루스
CRITICAL:root:오공
CRITICAL:root:빅토르
CRITICAL:root:리 신
CRITICAL:root:아지르
CRITICAL:root:드레이븐
CRITICAL:root:징크스
CRITICAL:root:그웬
CRITICAL:root:케넨
CRITICAL:root:바이
CRITICAL:root:스웨인
CRITICAL:root:자르반 4세
CRITICAL:root:신드라
CRITICAL:root:니달리
CRITICAL:root:그라가스
CRITICAL:root:아펠리오스
CRITICAL:root:이즈리얼
CRITICAL:root:애니
CRITICAL:root:사이온
CRITICAL:root:미스 포츈
CRITICAL:root:진
CRITICAL:root:케인
CRITICAL:root:요네
CRITICAL:root:사미라
CRITICAL:root:루시안
CRITICAL:root:시비르
CRITICAL:root:라이즈
CRITICAL:root:피오라
CRITICAL:root:키아나
CRITICAL:root:엘리스
CRITICAL:root:오리아나
CRITICAL:root:신 짜오
CRITICAL:root:트위치
CRITICAL:root:코그모
CRITICAL:root:밀리오
CRITICAL:root:볼리베어
CRITICAL:root:레오나
CRITICAL:root:비에고
CRITICAL:root:뽀삐
CRITICAL:root:초가스
CRITICAL:root:초가스 == 초가스
CRITICAL:root:사일러스
CRITICAL:root:사일러스 == 사일러스
CRITICAL:root:니달리
CRITICAL:root:이즈리얼
CRITICAL:root:아펠리오스
CRITICAL:root:제리
CRITICAL:root:르블랑
CRITICAL:root:리 신
CRITICAL:root:루시안
CRITICAL:root:요네
CRITICAL:root:케이틀린
CRITICAL:root:피오라
CRITICAL:root:그레이브즈
CRITICAL:root:야스오
CRITICAL:root:킨드레드
CRITICAL:root:잭스
CRITICAL:root:자야
CRITICAL:root:제이스
CRITICAL:root:사일러스
CRITICAL:root:비에고
CRITICAL:root:애쉬
CRITICAL:root:트위스티드 페이트
CRITICAL:root:베인
CRITICAL:root:탈리야
CRITICAL:root:칼리스타
CRITICAL:root:크산테
CRITICAL:root:크산테 == 크산테
CRITICAL:root:아펠리오스
CRITICAL:root:이즈리얼
CRITICAL:root:진
CRITICAL:root:케이틀린
CRITICAL:root:그라가스
CRITICAL:root:제드
CRITICAL:root:카이사
CRITICAL:root:사일러스
CRITICAL:root:노틸러스
CRITICAL:root:징크스
CRITICAL:root:루시안
CRITICAL:root:제이스
CRITICAL:root:파이크
CRITICAL:root:아리
CRITICAL:root:바루스
CRITICAL:root:리 신
CRITICAL:root:케넨
CRITICAL:root:라칸
CRITICAL:root:요네
CRITICAL:root:사미라
CRITICAL:root:쓰레쉬
CRITICAL:root:룰루
CRITICAL:root:제리
CRITICAL:root:애쉬
CRITICAL:root:베이가
CRITICAL:root:자야
CRITICAL:root:르블랑
CRITICAL:root:블리츠크랭크
CRITICAL:root:카르마
CRITICAL:root:모르가나
CRITICAL:root:나미
CRITICAL:root:크산테
CRITICAL:root:트리스타나
CRITICAL:root:베인
CRITICAL:root:트위스티드 페이트
CRITICAL:root:빅토르
CRITICAL:root:빅토르 == 빅토르
CRITICAL:root:카직스
CRITICAL:root:자르반 4세
CRITICAL:root:사일러스
CRITICAL:root:리 신
CRITICAL:root:그라가스
CRITICAL:root:니달리
CRITICAL:root:녹턴
CRITICAL:root:세주아니
CRITICAL:root:엘리스
CRITICAL:root:에코
CRITICAL:root:피들스틱
CRITICAL:root:제드
CRITICAL:root:다이애나
CRITICAL:root:비에고
CRITICAL:root:아리
CRITICAL:root:그레이브즈
CRITICAL:root:트리스타나
CRITICAL:root:카서스
CRITICAL:root:마오카이
CRITICAL:root:바이
CRITICAL:root:이즈리얼
CRITICAL:root:자크
CRITICAL:root:헤카림
CRITICAL:root:오공
CRITICAL:root:오공 == 오공
CRITICAL:root:이즈리얼
CRITICAL:root:자야
CRITICAL:root:아펠리오스
CRITICAL:root:진
CRITICAL:root:카이사
CRITICAL:root:사미라
CRITICAL:root:케이틀린
CRITICAL:root:루시안
CRITICAL:root:칼리스타
CRITICAL:root:제리
CRITICAL:root:징크스
CRITICAL:root:코그모
CRITICAL:root:미스 포츈
CRITICAL:root:베이가
CRITICAL:root:노틸러스
CRITICAL:root:나미
CRITICAL:root:아무무
CRITICAL:root:아무무 == 아무무
CRITICAL:root:벨베스
CRITICAL:root:카직스
CRITICAL:root:카서스
CRITICAL:root:카서스 == 카서스
CRITICAL:root:룰루
CRITICAL:root:룰루 == 룰루
CRITICAL:root:사일러스
CRITICAL:root:비에고
CRITICAL:root:비에고 == 비에고
CRITICAL:root:제이스
CRITICAL:root:제이스 == 제이스
CRITICAL:root:피오라
CRITICAL:root:이즈리얼
CRITICAL:root:코그모
CRITICAL:root:카이사
CRITICAL:root:자야
CRITICAL:root:루시안
CRITICAL:root:아칼리
CRITICAL:root:티모
CRITICAL:root:애쉬
CRITICAL:root:판테온
CRITICAL:root:진
CRITICAL:root:아펠리오스
CRITICAL:root:트위치
CRITICAL:root:요네
CRITICAL:root:베인
CRITICAL:root:사미라
CRITICAL:root:징크스
CRITICAL:root:이렐리아
CRITICAL:root:제리
CRITICAL:root:제리 == 제리
CRITICAL:root:오른
CRITICAL:root:레넥톤
CRITICAL:root:레넥톤 == 레넥톤
CRITICAL:root:리 신
CRITICAL:root:케인
CRITICAL:root:자르반 4세
CRITICAL:root:세주아니
CRITICAL:root:오공
CRITICAL:root:다리우스
CRITICAL:root:사일러스
CRITICAL:root:진
CRITICAL:root:케이틀린
CRITICAL:root:노틸러스
CRITICAL:root:노틸러스 == 노틸러스
CRITICAL:root:사일러스
CRITICAL:root:리 신
CRITICAL:root:진
CRITICAL:root:루시안
CRITICAL:root:제이스
CRITICAL:root:르블랑
CRITICAL:root:요네
CRITICAL:root:아리
CRITICAL:root:그라가스
CRITICAL:root:카이사
CRITICAL:root:아칼리
CRITICAL:root:징크스
CRITICAL:root:바이
CRITICAL:root:빅토르
CRITICAL:root:자야
CRITICAL:root:피오라
CRITICAL:root:바루스
CRITICAL:root:비에고
CRITICAL:root:야스오
CRITICAL:root:오공
CRITICAL:root:니달리
CRITICAL:root:리산드라
CRITICAL:root:케이틀린
CRITICAL:root:이즈리얼
CRITICAL:root:베이가
CRITICAL:root:그레이브즈
CRITICAL:root:아펠리오스
CRITICAL:root:제리
CRITICAL:root:라칸
CRITICAL:root:잭스
CRITICAL:root:블리츠크랭크
CRITICAL:root:애쉬
CRITICAL:root:카르마
CRITICAL:root:파이크
CRITICAL:root:사미라
CRITICAL:root:그웬
CRITICAL:root:이렐리아
CRITICAL:root:이렐리아 == 이렐리아
CRITICAL:root:자야
CRITICAL:root:제이스
CRITICAL:root:카이사
CRITICAL:root:피오라
CRITICAL:root:진
CRITICAL:root:사미라
CRITICAL:root:아리
CRITICAL:root:베인
CRITICAL:root:베인 == 베인
CRITICAL:root:사미라
CRITICAL:root:루시안
CRITICAL:root:자야
CRITICAL:root:카이사
CRITICAL:root:진
CRITICAL:root:트위치
CRITICAL:root:이즈리얼
CRITICAL:root:말자하
CRITICAL:root:카사딘
CRITICAL:root:아우렐리온 솔
CRITICAL:root:징크스
CRITICAL:root:징크스 == 징크스
CRITICAL:root:라칸
CRITICAL:root:카르마
CRITICAL:root:룰루
CRITICAL:root:룰루 == 룰루
CRITICAL:root:케일
CRITICAL:root:케넨
CRITICAL:root:이렐리아
CRITICAL:root:레넥톤
CRITICAL:root:세나
CRITICAL:root:제이스
CRITICAL:root:말파이트
CRITICAL:root:피오라
CRITICAL:root:가렌
CRITICAL:root:루시안
CRITICAL:root:아칼리
CRITICAL:root:아칼리 == 아칼리
CRITICAL:root:니달리
CRITICAL:root:니달리 == 니달리
CRITICAL:root:이렐리아
CRITICAL:root:아칼리
CRITICAL:root:리산드라
CRITICAL:root:야스오
CRITICAL:root:사일러스
CRITICAL:root:르블랑
CRITICAL:root:아리
CRITICAL:root:피오라
CRITICAL:root:요네
CRITICAL:root:제드
CRITICAL:root:벡스
CRITICAL:root:탈론
CRITICAL:root:신드라
CRITICAL:root:에코
CRITICAL:root:에코 == 에코
CRITICAL:root:니달리
CRITICAL:root:엘리스
CRITICAL:root:렉사이
CRITICAL:root:카서스
CRITICAL:root:그레이브즈
CRITICAL:root:비에고
CRITICAL:root:바이
CRITICAL:root:킨드레드
CRITICAL:root:킨드레드 == 킨드레드
CRITICAL:root:아크샨
CRITICAL:root:렝가
CRITICAL:root:세트
CRITICAL:root:세트 == 세트
CRITICAL:root:블리츠크랭크
CRITICAL:root:카이사
CRITICAL:root:이즈리얼
CRITICAL:root:리 신
CRITICAL:root:진
CRITICAL:root:제라스
CRITICAL:root:자크
CRITICAL:root:르블랑
CRITICAL:root:리븐
CRITICAL:root:노틸러스
CRITICAL:root:노틸러스 == 노틸러스
CRITICAL:root:소라카
CRITICAL:root:룰루
CRITICAL:root:밀리오
CRITICAL:root:나미
CRITICAL:root:유미
CRITICAL:root:카르마
CRITICAL:root:잔나
CRITICAL:root:럭스
CRITICAL:root:럭스 == 럭스
CRITICAL:root:에코
CRITICAL:root:아리
CRITICAL:root:제라스
CRITICAL:root:제라스 == 제라스
CRITICAL:root:사일러스
CRITICAL:root:리 신
CRITICAL:root:쓰레쉬
CRITICAL:root:라칸
CRITICAL:root:크산테
CRITICAL:root:니달리
CRITICAL:root:갱플랭크
CRITICAL:root:사이온
CRITICAL:root:애쉬
CRITICAL:root:자르반 4세
CRITICAL:root:카직스
CRITICAL:root:카직스 == 카직스
CRITICAL:root:크산테
CRITICAL:root:제드
CRITICAL:root:렝가
CRITICAL:root:카밀
CRITICAL:root:바루스
CRITICAL:root:판테온
CRITICAL:root:그라가스
CRITICAL:root:럼블
CRITICAL:root:잭스
CRITICAL:root:진
CRITICAL:root:레넥톤
CRITICAL:root:말파이트
CRITICAL:root:세트
CRITICAL:root:요네
CRITICAL:root:피오라
CRITICAL:root:애쉬
CRITICAL:root:쓰레쉬
CRITICAL:root:탈론
CRITICAL:root:그웬
CRITICAL:root:갱플랭크
CRITICAL:root:제이스
CRITICAL:root:아리
CRITICAL:root:애니
CRITICAL:root:아트록스
CRITICAL:root:바이
CRITICAL:root:라칸
CRITICAL:root:이즈리얼
CRITICAL:root:자야
CRITICAL:root:사이온
CRITICAL:root:아우렐리온 솔
CRITICAL:root:아크샨
CRITICAL:root:사일러스
CRITICAL:root:파이크
CRITICAL:root:애니비아
CRITICAL:root:니코
CRITICAL:root:블리츠크랭크
CRITICAL:root:벨베스
CRITICAL:root:징크스
CRITICAL:root:마오카이
CRITICAL:root:오른
CRITICAL:root:신드라
CRITICAL:root:루시안
CRITICAL:root:오공
CRITICAL:root:리산드라
CRITICAL:root:케넨
CRITICAL:root:럭스
CRITICAL:root:다리우스
CRITICAL:root:갈리오
CRITICAL:root:헤카림
CRITICAL:root:제리
CRITICAL:root:케인
CRITICAL:root:레오나
CRITICAL:root:샤코
CRITICAL:root:피즈
CRITICAL:root:탈리야
CRITICAL:root:트런들
CRITICAL:root:탐 켄치
CRITICAL:root:이블린
CRITICAL:root:카사딘
CRITICAL:root:베인
CRITICAL:root:빅토르
CRITICAL:root:볼리베어
CRITICAL:root:자크
CRITICAL:root:비에고
CRITICAL:root:제라스
CRITICAL:root:자르반 4세
CRITICAL:root:르블랑
CRITICAL:root:오리아나
CRITICAL:root:카직스
CRITICAL:root:벨코즈
CRITICAL:root:노틸러스
CRITICAL:root:트리스타나
CRITICAL:root:카서스
CRITICAL:root:밀리오
CRITICAL:root:문도 박사
CRITICAL:root:케일
CRITICAL:root:트위스티드 페이트
CRITICAL:root:코르키
CRITICAL:root:코르키 == 코르키
CRITICAL:root:갱플랭크
CRITICAL:root:리산드라
CRITICAL:root:샤코
CRITICAL:root:애니비아
CRITICAL:root:아리
CRITICAL:root:르블랑
CRITICAL:root:카르마
CRITICAL:root:사일러스
CRITICAL:root:사일러스 == 사일러스
CRITICAL:root:쓰레쉬
CRITICAL:root:징크스
CRITICAL:root:징크스 == 징크스
CRITICAL:root:바루스
CRITICAL:root:트린다미어
CRITICAL:root:아칼리
CRITICAL:root:말파이트
CRITICAL:root:진
CRITICAL:root:리 신
CRITICAL:root:니달리
CRITICAL:root:나서스
CRITICAL:root:나서스 == 나서스
CRITICAL:root:쉔
CRITICAL:root:갱플랭크
CRITICAL:root:말파이트
CRITICAL:root:그라가스
CRITICAL:root:자야
CRITICAL:root:제이스
CRITICAL:root:이즈리얼
CRITICAL:root:이즈리얼 == 이즈리얼
CRITICAL:root:베이가
CRITICAL:root:베이가 == 베이가
CRITICAL:root:세주아니
CRITICAL:root:판테온
CRITICAL:root:진
CRITICAL:root:벨코즈
CRITICAL:root:벨코즈 == 벨코즈
CRITICAL:root:클레드
CRITICAL:root:리 신
CRITICAL:root:아리
CRITICAL:root:제이스
CRITICAL:root:사일러스
CRITICAL:root:나르
CRITICAL:root:파이크
CRITICAL:root:애니
CRITICAL:root:아우렐리온 솔
CRITICAL:root:다이애나
CRITICAL:root:라이즈
CRITICAL:root:레넥톤
CRITICAL:root:애쉬
CRITICAL:root:에코
CRITICAL:root:노틸러스
CRITICAL:root:아무무
CRITICAL:root:쓰레쉬
CRITICAL:root:그레이브즈
CRITICAL:root:세나
CRITICAL:root:뽀삐
CRITICAL:root:자크
CRITICAL:root:케넨
CRITICAL:root:그라가스
CRITICAL:root:요네
CRITICAL:root:비에고
CRITICAL:root:크산테
CRITICAL:root:밀리오
CRITICAL:root:니코
CRITICAL:root:나미
CRITICAL:root:블라디미르
CRITICAL:root:세트
CRITICAL:root:세라핀
CRITICAL:root:아트록스
CRITICAL:root:이렐리아
CRITICAL:root:렐
CRITICAL:root:조이
CRITICAL:root:룰루
CRITICAL:root:이즈리얼
CRITICAL:root:스웨인
CRITICAL:root:아이번
CRITICAL:root:킨드레드
CRITICAL:root:리산드라
CRITICAL:root:사미라
CRITICAL:root:카시오페아
CRITICAL:root:벡스
CRITICAL:root:엘리스
CRITICAL:root:카르마
CRITICAL:root:유미
CRITICAL:root:레나타 글라스크
CRITICAL:root:쉔
CRITICAL:root:탈론
CRITICAL:root:말파이트
CRITICAL:root:케인
CRITICAL:root:카사딘
CRITICAL:root:판테온
CRITICAL:root:자르반 4세
CRITICAL:root:바이
CRITICAL:root:리븐
CRITICAL:root:케일
CRITICAL:root:신드라
CRITICAL:root:럼블
CRITICAL:root:퀸
CRITICAL:root:카직스
CRITICAL:root:라칸
CRITICAL:root:라칸 == 라칸
CRITICAL:root:아우렐리온 솔
CRITICAL:root:아우렐리온 솔 == 아우렐리온 솔
CRITICAL:root:이즈리얼
CRITICAL:root:카이사
CRITICAL:root:자야
CRITICAL:root:아펠리오스
CRITICAL:root:제리
CRITICAL:root:루시안
CRITICAL:root:루시안 == 루시안
CRITICAL:root:룰루
CRITICAL:root:유미
CRITICAL:root:럭스
CRITICAL:root:모르가나
CRITICAL:root:모르가나 == 모르가나
CRITICAL:root:자야
CRITICAL:root:바루스
CRITICAL:root:애쉬
CRITICAL:root:카이사
CRITICAL:root:이즈리얼
CRITICAL:root:노틸러스
CRITICAL:root:베인
CRITICAL:root:루시안
CRITICAL:root:징크스
CRITICAL:root:징크스 == 징크스
CRITICAL:root:쓰레쉬
CRITICAL:root:쓰레쉬 == 쓰레쉬
CRITICAL:root:라칸
CRITICAL:root:애쉬
CRITICAL:root:밀리오
CRITICAL:root:리산드라
CRITICAL:root:케넨
CRITICAL:root:질리언
CRITICAL:root:말파이트
CRITICAL:root:노틸러스
CRITICAL:root:베이가
CRITICAL:root:모르가나
CRITICAL:root:블리츠크랭크
CRITICAL:root:피들스틱
CRITICAL:root:룰루
CRITICAL:root:잔나
CRITICAL:root:쓰레쉬
CRITICAL:root:카르마
CRITICAL:root:초가스
CRITICAL:root:쉔
CRITICAL:root:소나
CRITICAL:root:레오나
CRITICAL:root:람머스
CRITICAL:root:미스 포츈
CRITICAL:root:자르반 4세
CRITICAL:root:알리스타
CRITICAL:root:세나
CRITICAL:root:나미
CRITICAL:root:마오카이
CRITICAL:root:마오카이 == 마오카이
CRITICAL:root:자야
CRITICAL:root:리 신
CRITICAL:root:제이스
CRITICAL:root:칼리스타
CRITICAL:root:제드
CRITICAL:root:럭스
CRITICAL:root:이즈리얼
CRITICAL:root:이즈리얼 == 이즈리얼
CRITICAL:root:사일러스
CRITICAL:root:그레이브즈
CRITICAL:root:리 신
CRITICAL:root:니달리
CRITICAL:root:탈론
CRITICAL:root:마오카이
CRITICAL:root:그라가스
CRITICAL:root:드레이븐
CRITICAL:root:크산테
CRITICAL:root:킨드레드
CRITICAL:root:쓰레쉬
CRITICAL:root:세주아니
CRITICAL:root:아펠리오스
CRITICAL:root:이즈리얼
CRITICAL:root:블리츠크랭크
CRITICAL:root:럼블
CRITICAL:root:탈리야
CRITICAL:root:제드
CRITICAL:root:오른
CRITICAL:root:비에고
CRITICAL:root:자크
CRITICAL:root:렝가
CRITICAL:root:키아나
CRITICAL:root:판테온
CRITICAL:root:케인
CRITICAL:root:징크스
CRITICAL:root:파이크
CRITICAL:root:오공
CRITICAL:root:카서스
CRITICAL:root:그웬
CRITICAL:root:피오라
CRITICAL:root:사미라
CRITICAL:root:말파이트
CRITICAL:root:레오나
CRITICAL:root:루시안
CRITICAL:root:뽀삐
CRITICAL:root:애쉬
CRITICAL:root:자르반 4세
CRITICAL:root:다이애나
CRITICAL:root:바이
CRITICAL:root:유미
CRITICAL:root:진
CRITICAL:root:헤카림
CRITICAL:root:초가스
CRITICAL:root:케일
CRITICAL:root:나서스
CRITICAL:root:바루스
CRITICAL:root:자야
CRITICAL:root:레넥톤
CRITICAL:root:엘리스
CRITICAL:root:잭스
CRITICAL:root:노틸러스
CRITICAL:root:케이틀린
CRITICAL:root:모데카이저
CRITICAL:root:빅토르
CRITICAL:root:신 짜오
CRITICAL:root:야스오
CRITICAL:root:트위스티드 페이트
CRITICAL:root:알리스타
CRITICAL:root:카직스
CRITICAL:root:제리
CRITICAL:root:렉사이
CRITICAL:root:사이온
CRITICAL:root:카르마
CRITICAL:root:누누와 윌럼프
CRITICAL:root:에코
CRITICAL:root:아무무
CRITICAL:root:샤코
CRITICAL:root:럭스
CRITICAL:root:칼리스타
CRITICAL:root:모르가나
CRITICAL:root:라이즈
CRITICAL:root:카밀
CRITICAL:root:룰루
CRITICAL:root:마스터 이
CRITICAL:root:릴리아
CRITICAL:root:세트
CRITICAL:root:카이사
CRITICAL:root:르블랑
CRITICAL:root:코그모
CRITICAL:root:브라움
CRITICAL:root:아칼리
CRITICAL:root:레나타 글라스크
CRITICAL:root:레나타 글라스크 == 레나타 글라스크
CRITICAL:root:스웨인
CRITICAL:root:우디르
CRITICAL:root:마오카이
CRITICAL:root:가렌
CRITICAL:root:오른
CRITICAL:root:볼리베어
CRITICAL:root:말파이트
CRITICAL:root:판테온
CRITICAL:root:나서스
CRITICAL:root:크산테
CRITICAL:root:크산테 == 크산테
CRITICAL:root:사일러스
CRITICAL:root:빅토르
CRITICAL:root:르블랑
CRITICAL:root:요네
CRITICAL:root:아펠리오스
CRITICAL:root:이즈리얼
CRITICAL:root:아칼리
CRITICAL:root:아리
CRITICAL:root:니달리
CRITICAL:root:갱플랭크
CRITICAL:root:케인
CRITICAL:root:조이
CRITICAL:root:아지르
CRITICAL:root:제드
CRITICAL:root:쓰레쉬
CRITICAL:root:쓰레쉬 == 쓰레쉬
CRITICAL:root:이즈리얼
CRITICAL:root:이즈리얼 == 이즈리얼
CRITICAL:root:쓰레쉬
CRITICAL:root:밀리오
CRITICAL:root:카르마
CRITICAL:root:라칸
CRITICAL:root:블리츠크랭크
CRITICAL:root:모르가나
CRITICAL:root:브라움
CRITICAL:root:노틸러스
CRITICAL:root:노틸러스 == 노틸러스
CRITICAL:root:제이스
CRITICAL:root:사이온
CRITICAL:root:아트록스
CRITICAL:root:아트록스 == 아트록스
CRITICAL:root:자크
CRITICAL:root:요네
CRITICAL:root:다이애나
CRITICAL:root:가렌
CRITICAL:root:그웬
CRITICAL:root:피오라
CRITICAL:root:이렐리아
CRITICAL:root:오른
CRITICAL:root:오른 == 오른
CRITICAL:root:아펠리오스
CRITICAL:root:이즈리얼
CRITICAL:root:세나
CRITICAL:root:세나 == 세나
CRITICAL:root:코그모
CRITICAL:root:코그모 == 코그모
CRITICAL:root:요네
CRITICAL:root:사일러스
CRITICAL:root:아트록스
CRITICAL:root:아리
CRITICAL:root:아리 == 아리
CRITICAL:root:소라카
CRITICAL:root:소나
CRITICAL:root:유미
CRITICAL:root:밀리오
CRITICAL:root:밀리오 == 밀리오
CRITICAL:root:에코
CRITICAL:root:바이
CRITICAL:root:카직스
CRITICAL:root:카직스 == 카직스
CRITICAL:root:아크샨
CRITICAL:root:트위치
CRITICAL:root:나서스
CRITICAL:root:렝가
CRITICAL:root:라이즈
CRITICAL:root:릴리아
CRITICAL:root:트린다미어
CRITICAL:root:샤코
CRITICAL:root:제이스
CRITICAL:root:이렐리아
CRITICAL:root:리븐
CRITICAL:root:케이틀린
CRITICAL:root:녹턴
CRITICAL:root:요네
CRITICAL:root:야스오
CRITICAL:root:징크스
CRITICAL:root:트런들
CRITICAL:root:진
CRITICAL:root:리 신
CRITICAL:root:제드
CRITICAL:root:사일러스
CRITICAL:root:사미라
CRITICAL:root:르블랑
CRITICAL:root:잭스
CRITICAL:root:베인
CRITICAL:root:피들스틱
CRITICAL:root:빅토르
CRITICAL:root:럼블
CRITICAL:root:이즈리얼
CRITICAL:root:에코
CRITICAL:root:블리츠크랭크
CRITICAL:root:그레이브즈
CRITICAL:root:마스터 이
CRITICAL:root:애쉬
CRITICAL:root:오공
CRITICAL:root:카밀
CRITICAL:root:엘리스
CRITICAL:root:피오라
CRITICAL:root:이블린
CRITICAL:root:니코
CRITICAL:root:럭스
CRITICAL:root:탈론
CRITICAL:root:블라디미르
CRITICAL:root:블라디미르 == 블라디미르
CRITICAL:root:요네
CRITICAL:root:요네 == 요네
CRITICAL:root:르블랑
CRITICAL:root:이렐리아
CRITICAL:root:아칼리
CRITICAL:root:조이
CRITICAL:root:이즈리얼
CRITICAL:root:카시오페아
CRITICAL:root:야스오
CRITICAL:root:아리
CRITICAL:root:요네
CRITICAL:root:요네 == 요네
CRITICAL:root:쓰레쉬
CRITICAL:root:라칸
CRITICAL:root:밀리오
CRITICAL:root:밀리오 == 밀리오
CRITICAL:root:킨드레드
CRITICAL:root:누누와 윌럼프
CRITICAL:root:누누와 윌럼프 == 누누와 윌럼프
CRITICAL:root:진
CRITICAL:root:카이사
CRITICAL:root:자야
CRITICAL:root:바루스
CRITICAL:root:사미라
CRITICAL:root:이즈리얼
CRITICAL:root:오른
CRITICAL:root:나르
CRITICAL:root:루시안
CRITICAL:root:뽀삐
CRITICAL:root:시비르
CRITICAL:root:말파이트
CRITICAL:root:애쉬
CRITICAL:root:리산드라
CRITICAL:root:리산드라 == 리산드라
CRITICAL:root:진
CRITICAL:root:진 == 진
CRITICAL:root:벨코즈
CRITICAL:root:벨코즈 == 벨코즈
CRITICAL:root:바이
CRITICAL:root:바이 == 바이
CRITICAL:root:사미라
CRITICAL:root:진
CRITICAL:root:이즈리얼
CRITICAL:root:루시안
CRITICAL:root:루시안 == 루시안
CRITICAL:root:카서스
CRITICAL:root:카서스 == 카서스
CRITICAL:root:블리츠크랭크
CRITICAL:root:블리츠크랭크 == 블리츠크랭크
CRITICAL:root:애쉬
CRITICAL:root:바드
CRITICAL:root:탐 켄치
CRITICAL:root:세나
CRITICAL:root:밀리오
CRITICAL:root:질리언
CRITICAL:root:노틸러스
CRITICAL:root:유미
CRITICAL:root:제라스
CRITICAL:root:제라스 == 제라스
CRITICAL:root:니달리
CRITICAL:root:니달리 == 니달리
CRITICAL:root:엘리스
CRITICAL:root:엘리스 == 엘리스
CRITICAL:root:칼리스타
CRITICAL:root:제라스
CRITICAL:root:이즈리얼
CRITICAL:root:이즈리얼 == 이즈리얼
CRITICAL:root:유미
CRITICAL:root:라칸
CRITICAL:root:블리츠크랭크
CRITICAL:root:탐 켄치
CRITICAL:root:밀리오
CRITICAL:root:쓰레쉬
CRITICAL:root:노틸러스
CRITICAL:root:브라움
CRITICAL:root:룰루
CRITICAL:root:하이머딩거
CRITICAL:root:렐
CRITICAL:root:나미
CRITICAL:root:나미 == 나미
CRITICAL:root:카직스
CRITICAL:root:니달리
CRITICAL:root:탈론
CRITICAL:root:야스오
CRITICAL:root:리 신
CRITICAL:root:이즈리얼
CRITICAL:root:럼블
CRITICAL:root:갱플랭크
CRITICAL:root:르블랑
CRITICAL:root:르블랑 == 르블랑
CRITICAL:root:아크샨
CRITICAL:root:바루스
CRITICAL:root:요네
CRITICAL:root:탈론
CRITICAL:root:탈론 == 탈론
CRITICAL:root:다리우스
CRITICAL:root:일라오이
CRITICAL:root:잭스
CRITICAL:root:레넥톤
CRITICAL:root:레넥톤 == 레넥톤
CRITICAL:root:샤코
CRITICAL:root:샤코 == 샤코
CRITICAL:root:트리스타나
CRITICAL:root:진
CRITICAL:root:이즈리얼
CRITICAL:root:코그모
CRITICAL:root:케이틀린
CRITICAL:root:아이번
CRITICAL:root:마오카이
CRITICAL:root:애쉬
CRITICAL:root:칼리스타
CRITICAL:root:바루스
CRITICAL:root:케인
CRITICAL:root:제리
CRITICAL:root:루시안
CRITICAL:root:아펠리오스
CRITICAL:root:트런들
CRITICAL:root:미스 포츈
CRITICAL:root:징크스
CRITICAL:root:세주아니
CRITICAL:root:피즈
CRITICAL:root:오리아나
CRITICAL:root:자야
CRITICAL:root:바이
CRITICAL:root:드레이븐
CRITICAL:root:카직스
CRITICAL:root:리 신
CRITICAL:root:볼리베어
CRITICAL:root:알리스타
CRITICAL:root:카이사
CRITICAL:root:베인
CRITICAL:root:그라가스
CRITICAL:root:시비르
CRITICAL:root:바드
CRITICAL:root:람머스
CRITICAL:root:트위스티드 페이트
CRITICAL:root:아무무
CRITICAL:root:직스
CRITICAL:root:소나
CRITICAL:root:소나 == 소나
CRITICAL:root:사일러스
CRITICAL:root:리 신
CRITICAL:root:럼블
CRITICAL:root:이즈리얼
CRITICAL:root:하이머딩거
CRITICAL:root:드레이븐
CRITICAL:root:드레이븐 == 드레이븐
CRITICAL:root:카시오페아
CRITICAL:root:오리아나
CRITICAL:root:아크샨
CRITICAL:root:아펠리오스
CRITICAL:root:사일러스
CRITICAL:root:요네
CRITICAL:root:야스오
CRITICAL:root:잭스
CRITICAL:root:아지르
CRITICAL:root:빅토르
CRITICAL:root:신드라
CRITICAL:root:베인
CRITICAL:root:이렐리아
CRITICAL:root:이즈리얼
CRITICAL:root:진
CRITICAL:root:징크스
CRITICAL:root:카이사
CRITICAL:root:바루스
CRITICAL:root:자야
CRITICAL:root:케이틀린
CRITICAL:root:쓰레쉬
CRITICAL:root:아펠리오스
CRITICAL:root:제리
CRITICAL:root:칼리스타
CRITICAL:root:칼리스타 == 칼리스타
CRITICAL:root:벡스
CRITICAL:root:아지르
CRITICAL:root:르블랑
CRITICAL:root:레넥톤
CRITICAL:root:아리
CRITICAL:root:리산드라
CRITICAL:root:요네
CRITICAL:root:카르마
CRITICAL:root:오리아나
CRITICAL:root:아칼리
CRITICAL:root:갈리오
CRITICAL:root:카밀
CRITICAL:root:조이
CRITICAL:root:라이즈
CRITICAL:root:신드라
CRITICAL:root:그라가스
CRITICAL:root:빅토르
CRITICAL:root:리븐
CRITICAL:root:사일러스
CRITICAL:root:니코
CRITICAL:root:트리스타나
CRITICAL:root:쓰레쉬
CRITICAL:root:말파이트
CRITICAL:root:판테온
CRITICAL:root:쉔
CRITICAL:root:크산테
CRITICAL:root:블리츠크랭크
CRITICAL:root:누누와 윌럼프
CRITICAL:root:애니
CRITICAL:root:애니 == 애니
CRITICAL:root:이렐리아
CRITICAL:root:이렐리아 == 이렐리아
CRITICAL:root:카타리나
CRITICAL:root:르블랑
CRITICAL:root:리븐
CRITICAL:root:렉사이
CRITICAL:root:미스 포츈
CRITICAL:root:카이사
CRITICAL:root:모르가나
CRITICAL:root:판테온
CRITICAL:root:카시오페아
CRITICAL:root:럼블
CRITICAL:root:피오라
CRITICAL:root:말자하
CRITICAL:root:코르키
CRITICAL:root:그라가스
CRITICAL:root:알리스타
CRITICAL:root:오리아나
CRITICAL:root:세트
CRITICAL:root:다리우스
CRITICAL:root:야스오
CRITICAL:root:그레이브즈
CRITICAL:root:아리
CRITICAL:root:사일러스
CRITICAL:root:벡스
CRITICAL:root:다이애나
CRITICAL:root:자르반 4세
CRITICAL:root:트리스타나
CRITICAL:root:피들스틱
CRITICAL:root:쉔
CRITICAL:root:에코
CRITICAL:root:에코 == 에코
CRITICAL:root:워윅
CRITICAL:root:워윅 == 워윅
CRITICAL:root:말파이트
CRITICAL:root:카서스
CRITICAL:root:아무무
CRITICAL:root:아무무 == 아무무
CRITICAL:root:헤카림
CRITICAL:root:카직스
CRITICAL:root:케인
CRITICAL:root:사일러스
CRITICAL:root:킨드레드
CRITICAL:root:에코
CRITICAL:root:피들스틱
CRITICAL:root:카서스
CRITICAL:root:이블린
CRITICAL:root:녹턴
CRITICAL:root:카시오페아
CRITICAL:root:요네
CRITICAL:root:그레이브즈
CRITICAL:root:케일
CRITICAL:root:마오카이
CRITICAL:root:마오카이 == 마오카이
CRITICAL:root:진
CRITICAL:root:자야
CRITICAL:root:이즈리얼
CRITICAL:root:루시안
CRITICAL:root:미스 포츈
CRITICAL:root:카이사
CRITICAL:root:애쉬
CRITICAL:root:베인
CRITICAL:root:바루스
CRITICAL:root:럭스
CRITICAL:root:레오나
CRITICAL:root:제라스
CRITICAL:root:룰루
CRITICAL:root:케이틀린
CRITICAL:root:블리츠크랭크
CRITICAL:root:블리츠크랭크 == 블리츠크랭크
CRITICAL:root:카이사
CRITICAL:root:바루스
CRITICAL:root:벡스
CRITICAL:root:제리
CRITICAL:root:리 신
CRITICAL:root:니달리
CRITICAL:root:베이가
CRITICAL:root:진
CRITICAL:root:마스터 이
CRITICAL:root:코그모
CRITICAL:root:자야
CRITICAL:root:탈론
CRITICAL:root:잭스
CRITICAL:root:시비르
CRITICAL:root:파이크
CRITICAL:root:드레이븐
CRITICAL:root:징크스
CRITICAL:root:그라가스
CRITICAL:root:리산드라
CRITICAL:root:사일러스
CRITICAL:root:베인
CRITICAL:root:사미라
CRITICAL:root:케이틀린
CRITICAL:root:피오라
CRITICAL:root:에코
CRITICAL:root:루시안
CRITICAL:root:이즈리얼
CRITICAL:root:블리츠크랭크
CRITICAL:root:제드
CRITICAL:root:그레이브즈
CRITICAL:root:아펠리오스
CRITICAL:root:세나
CRITICAL:root:갱플랭크
CRITICAL:root:워윅
CRITICAL:root:아칼리
CRITICAL:root:라칸
CRITICAL:root:아무무
CRITICAL:root:노틸러스
CRITICAL:root:애쉬
CRITICAL:root:애니비아
CRITICAL:root:제이스
CRITICAL:root:아리
CRITICAL:root:피들스틱
CRITICAL:root:누누와 윌럼프
CRITICAL:root:요네
CRITICAL:root:크산테
CRITICAL:root:트위치
CRITICAL:root:트위치 == 트위치
CRITICAL:root:블리츠크랭크
CRITICAL:root:쓰레쉬
CRITICAL:root:루시안
CRITICAL:root:카르마
CRITICAL:root:노틸러스
CRITICAL:root:하이머딩거
CRITICAL:root:신드라
CRITICAL:root:파이크
CRITICAL:root:마오카이
CRITICAL:root:마오카이 == 마오카이
CRITICAL:root:이즈리얼
CRITICAL:root:징크스
CRITICAL:root:사일러스
CRITICAL:root:카서스
CRITICAL:root:요네
CRITICAL:root:리 신
CRITICAL:root:사미라
CRITICAL:root:야스오
CRITICAL:root:미스 포츈
CRITICAL:root:진
CRITICAL:root:쓰레쉬
CRITICAL:root:브랜드
CRITICAL:root:비에고
CRITICAL:root:트리스타나
CRITICAL:root:코그모
CRITICAL:root:바루스
CRITICAL:root:애니
CRITICAL:root:카이사
CRITICAL:root:제리
CRITICAL:root:블리츠크랭크
CRITICAL:root:니달리
CRITICAL:root:니달리 == 니달리
CRITICAL:root:징크스
CRITICAL:root:아펠리오스
CRITICAL:root:리 신
CRITICAL:root:카이사
CRITICAL:root:트위스티드 페이트
CRITICAL:root:쓰레쉬
CRITICAL:root:제리
CRITICAL:root:이즈리얼
CRITICAL:root:아리
CRITICAL:root:르블랑
CRITICAL:root:진
CRITICAL:root:바루스
CRITICAL:root:자야
CRITICAL:root:자야 == 자야
CRITICAL:root:쓰레쉬
CRITICAL:root:밀리오
CRITICAL:root:모르가나
CRITICAL:root:모르가나 == 모르가나
CRITICAL:root:카타리나
CRITICAL:root:카타리나 == 카타리나
CRITICAL:root:사미라
CRITICAL:root:리 신
CRITICAL:root:리 신 == 리 신
CRITICAL:root:애니
CRITICAL:root:조이
CRITICAL:root:니코
CRITICAL:root:니코 == 니코
CRITICAL:root:룰루
CRITICAL:root:라칸
CRITICAL:root:렐
CRITICAL:root:블리츠크랭크
CRITICAL:root:질리언
CRITICAL:root:애쉬
CRITICAL:root:노틸러스
CRITICAL:root:코그모
CRITICAL:root:모르가나
CRITICAL:root:말파이트
CRITICAL:root:그라가스
CRITICAL:root:쓰레쉬
CRITICAL:root:케이틀린
CRITICAL:root:자르반 4세
CRITICAL:root:자야
CRITICAL:root:밀리오
CRITICAL:root:판테온
CRITICAL:root:마오카이
CRITICAL:root:마오카이 == 마오카이
CRITICAL:root:애니
CRITICAL:root:자크
CRITICAL:root:자크 == 자크
CRITICAL:root:드레이븐
CRITICAL:root:드레이븐 == 드레이븐
CRITICAL:root:나르
CRITICAL:root:클레드
CRITICAL:root:쉔
CRITICAL:root:말파이트
CRITICAL:root:모데카이저
CRITICAL:root:케일
CRITICAL:root:애쉬
CRITICAL:root:잭스
CRITICAL:root:쓰레쉬
CRITICAL:root:진
CRITICAL:root:자르반 4세
CRITICAL:root:바루스
CRITICAL:root:이즈리얼
CRITICAL:root:럼블
CRITICAL:root:람머스
CRITICAL:root:케넨
CRITICAL:root:티모
CRITICAL:root:리 신
CRITICAL:root:룰루
CRITICAL:root:누누와 윌럼프
CRITICAL:root:블리츠크랭크
CRITICAL:root:잔나
CRITICAL:root:아리
CRITICAL:root:말파이트
CRITICAL:root:벡스
CRITICAL:root:베이가
CRITICAL:root:베이가 == 베이가
CRITICAL:root:갱플랭크
CRITICAL:root:판테온
CRITICAL:root:다리우스
CRITICAL:root:아트록스
CRITICAL:root:제이스
CRITICAL:root:베인
CRITICAL:root:올라프
CRITICAL:root:이렐리아
CRITICAL:root:리 신
CRITICAL:root:카서스
CRITICAL:root:트런들
CRITICAL:root:진
CRITICAL:root:사일러스
CRITICAL:root:마스터 이
CRITICAL:root:드레이븐
CRITICAL:root:드레이븐 == 드레이븐
CRITICAL:root:자야
CRITICAL:root:케이틀린
CRITICAL:root:카이사
CRITICAL:root:사미라
CRITICAL:root:제이스
CRITICAL:root:진
CRITICAL:root:징크스
CRITICAL:root:럼블
CRITICAL:root:케넨
CRITICAL:root:이즈리얼
CRITICAL:root:피오라
CRITICAL:root:레넥톤
CRITICAL:root:시비르
CRITICAL:root:루시안
CRITICAL:root:바루스
CRITICAL:root:야스오
CRITICAL:root:아트록스
CRITICAL:root:리 신
CRITICAL:root:제리
CRITICAL:root:요네
CRITICAL:root:말파이트
CRITICAL:root:말파이트 == 말파이트
CRITICAL:root:제드
CRITICAL:root:제드 == 제드
CRITICAL:root:쓰레쉬
CRITICAL:root:룰루
CRITICAL:root:룰루 == 룰루
CRITICAL:root:아크샨
CRITICAL:root:아크샨 == 아크샨
CRITICAL:root:카이사
CRITICAL:root:카이사 == 카이사
CRITICAL:root:빅토르
CRITICAL:root:자야
CRITICAL:root:아리
CRITICAL:root:에코
CRITICAL:root:이즈리얼
CRITICAL:root:카시오페아
CRITICAL:root:이렐리아
CRITICAL:root:이렐리아 == 이렐리아
CRITICAL:root:헤카림
CRITICAL:root:헤카림 == 헤카림
CRITICAL:root:진
CRITICAL:root:트리스타나
CRITICAL:root:트리스타나 == 트리스타나
CRITICAL:root:이블린
CRITICAL:root:이블린 == 이블린
CRITICAL:root:제리
CRITICAL:root:잭스
CRITICAL:root:킨드레드
CRITICAL:root:카이사
CRITICAL:root:케일
CRITICAL:root:제이스
CRITICAL:root:제이스 == 제이스
CRITICAL:root:문도 박사
CRITICAL:root:아지르
CRITICAL:root:닐라
CRITICAL:root:라이즈
CRITICAL:root:질리언
CRITICAL:root:아펠리오스
CRITICAL:root:카시오페아
CRITICAL:root:자크
CRITICAL:root:아우렐리온 솔
CRITICAL:root:제리
CRITICAL:root:시비르
CRITICAL:root:그라가스
CRITICAL:root:니코
CRITICAL:root:스웨인
CRITICAL:root:세트
CRITICAL:root:카사딘
CRITICAL:root:판테온
CRITICAL:root:리산드라
CRITICAL:root:케이틀린
CRITICAL:root:빅토르
CRITICAL:root:트위스티드 페이트
CRITICAL:root:신드라
CRITICAL:root:바루스
CRITICAL:root:밀리오
CRITICAL:root:쓰레쉬
CRITICAL:root:애니비아
CRITICAL:root:아트록스
CRITICAL:root:신지드
CRITICAL:root:아리
CRITICAL:root:아크샨
CRITICAL:root:드레이븐
CRITICAL:root:코그모
CRITICAL:root:애쉬
CRITICAL:root:니달리
CRITICAL:root:사일러스
CRITICAL:root:요네
CRITICAL:root:칼리스타
CRITICAL:root:아칼리
CRITICAL:root:애니
CRITICAL:root:벨코즈
CRITICAL:root:레넥톤
CRITICAL:root:이즈리얼
CRITICAL:root:트위치
CRITICAL:root:볼리베어
CRITICAL:root:크산테
CRITICAL:root:크산테 == 크산테
CRITICAL:root:그라가스
CRITICAL:root:블리츠크랭크
CRITICAL:root:나서스
CRITICAL:root:말파이트
CRITICAL:root:쉔
CRITICAL:root:쉔 == 쉔
CRITICAL:root:케일
CRITICAL:root:제이스
CRITICAL:root:럼블
CRITICAL:root:크산테
CRITICAL:root:그웬
CRITICAL:root:갱플랭크
CRITICAL:root:카밀
CRITICAL:root:카밀 == 카밀
CRITICAL:root:모르가나
CRITICAL:root:이블린
CRITICAL:root:아이번
CRITICAL:root:잔나
CRITICAL:root:피들스틱
CRITICAL:root:레나타 글라스크
CRITICAL:root:블리츠크랭크
CRITICAL:root:조이
CRITICAL:root:나미
CRITICAL:root:나미 == 나미
CRITICAL:root:야스오
CRITICAL:root:야스오 == 야스오
CRITICAL:root:다리우스
CRITICAL:root:누누와 윌럼프
CRITICAL:root:오른
CRITICAL:root:오른 == 오른
CRITICAL:root:카이사
CRITICAL:root:아펠리오스
CRITICAL:root:자야
CRITICAL:root:드레이븐
CRITICAL:root:이즈리얼
CRITICAL:root:바루스
CRITICAL:root:제리
CRITICAL:root:징크스
CRITICAL:root:카타리나
CRITICAL:root:카타리나 == 카타리나
CRITICAL:root:이즈리얼
CRITICAL:root:루시안
CRITICAL:root:베인
CRITICAL:root:블리츠크랭크
CRITICAL:root:사일러스
CRITICAL:root:녹턴
CRITICAL:root:진
CRITICAL:root:애쉬
CRITICAL:root:제라스
CRITICAL:root:베이가
CRITICAL:root:카직스
CRITICAL:root:사미라
CRITICAL:root:케인
CRITICAL:root:케일
CRITICAL:root:세나
CRITICAL:root:징크스
CRITICAL:root:쓰레쉬
CRITICAL:root:야스오
CRITICAL:root:라칸
CRITICAL:root:아칼리
CRITICAL:root:카이사
CRITICAL:root:자야
CRITICAL:root:신드라
CRITICAL:root:비에고
CRITICAL:root:요네
CRITICAL:root:제리
CRITICAL:root:잭스
CRITICAL:root:아리
CRITICAL:root:니달리
CRITICAL:root:빅토르
CRITICAL:root:올라프
CRITICAL:root:킨드레드
CRITICAL:root:말파이트
CRITICAL:root:코그모
CRITICAL:root:노틸러스
CRITICAL:root:아펠리오스
CRITICAL:root:마오카이
CRITICAL:root:아트록스
CRITICAL:root:트위스티드 페이트
CRITICAL:root:바루스
CRITICAL:root:자르반 4세
CRITICAL:root:제드
CRITICAL:root:제드 == 제드
CRITICAL:root:리 신
CRITICAL:root:그라가스
CRITICAL:root:바이
CRITICAL:root:카직스
CRITICAL:root:자르반 4세
CRITICAL:root:뽀삐
CRITICAL:root:뽀삐 == 뽀삐
CRITICAL:root:세트
CRITICAL:root:볼리베어
CRITICAL:root:아트록스
CRITICAL:root:누누와 윌럼프
CRITICAL:root:누누와 윌럼프 == 누누와 윌럼프
CRITICAL:root:사미라
CRITICAL:root:사미라 == 사미라
CRITICAL:root:탈리야
CRITICAL:root:징크스
CRITICAL:root:사일러스
CRITICAL:root:사미라
CRITICAL:root:그레이브즈
CRITICAL:root:리 신
CRITICAL:root:엘리스
CRITICAL:root:카이사
CRITICAL:root:니달리
CRITICAL:root:루시안
CRITICAL:root:쓰레쉬
CRITICAL:root:에코
CRITICAL:root:제이스
CRITICAL:root:자르반 4세
CRITICAL:root:노틸러스
CRITICAL:root:노틸러스 == 노틸러스
CRITICAL:root:라이즈 가전제품삽니다 1322
CRITICAL:root:Traceback (most recent call last):
  File "/Users/nicode./MainSpace/BigDataTermendProject/OpggProficiencyCrawler.py", line 35, in <module>
    cnn = elem.select_one("td:nth-child(2) > div.champion-container > div.summoner-name > a").text
AttributeError: 'NoneType' object has no attribute 'text'

CRITICAL:root:워윅
CRITICAL:root:이블린
CRITICAL:root:밀리오
CRITICAL:root:벨베스
CRITICAL:root:유미
CRITICAL:root:유미 == 유미
CRITICAL:root:럭스
CRITICAL:root:럭스 == 럭스
CRITICAL:root:진
CRITICAL:root:케이틀린
CRITICAL:root:이즈리얼
CRITICAL:root:이즈리얼 == 이즈리얼
CRITICAL:root:마스터 이
CRITICAL:root:그레이브즈
CRITICAL:root:카이사
CRITICAL:root:헤카림
CRITICAL:root:사일러스
CRITICAL:root:이즈리얼
CRITICAL:root:제이스
CRITICAL:root:카직스
CRITICAL:root:케이틀린
CRITICAL:root:카서스
CRITICAL:root:엘리스
CRITICAL:root:아펠리오스
CRITICAL:root:이렐리아
CRITICAL:root:트위치
CRITICAL:root:비에고
CRITICAL:root:잭스
CRITICAL:root:리 신
CRITICAL:root:리 신 == 리 신
CRITICAL:root:아트록스 아이리 칸나 노래 1327
CRITICAL:root:Traceback (most recent call last):
  File "/Users/nicode./MainSpace/BigDataTermendProject/OpggProficiencyCrawler.py", line 35, in <module>
    cnn = elem.select_one("td:nth-child(2) > div.champion-container > div.summoner-name > a").text
AttributeError: 'NoneType' object has no attribute 'text'

CRITICAL:root:파이크
CRITICAL:root:쓰레쉬
CRITICAL:root:럭스
CRITICAL:root:리 신
CRITICAL:root:아지르
CRITICAL:root:세트
CRITICAL:root:소나
CRITICAL:root:세라핀
CRITICAL:root:그라가스
CRITICAL:root:베이가
CRITICAL:root:레나타 글라스크
CRITICAL:root:룰루
CRITICAL:root:블리츠크랭크
CRITICAL:root:애쉬
CRITICAL:root:크산테
CRITICAL:root:니코
CRITICAL:root:벨코즈
CRITICAL:root:사일러스
CRITICAL:root:마오카이
CRITICAL:root:유미
CRITICAL:root:바루스
CRITICAL:root:밀리오
CRITICAL:root:라칸
CRITICAL:root:아무무
CRITICAL:root:나미
CRITICAL:root:제라스
CRITICAL:root:스웨인
CRITICAL:root:애니
CRITICAL:root:비에고
CRITICAL:root:렐
CRITICAL:root:바이
CRITICAL:root:갈리오
CRITICAL:root:트위스티드 페이트
CRITICAL:root:에코
CRITICAL:root:오리아나
CRITICAL:root:하이머딩거
CRITICAL:root:아우렐리온 솔
CRITICAL:root:카르마
CRITICAL:root:요네
CRITICAL:root:잔나
CRITICAL:root:잭스
CRITICAL:root:리산드라
CRITICAL:root:이즈리얼
CRITICAL:root:자르반 4세
CRITICAL:root:알리스타
CRITICAL:root:루시안
CRITICAL:root:야스오
CRITICAL:root:케넨
CRITICAL:root:브랜드
CRITICAL:root:말자하
CRITICAL:root:벨베스
CRITICAL:root:자크
CRITICAL:root:모르가나
CRITICAL:root:탐 켄치
CRITICAL:root:브라움
CRITICAL:root:레오나
CRITICAL:root:레오나 == 레오나
CRITICAL:root:사일러스
CRITICAL:root:비에고
CRITICAL:root:엘리스
CRITICAL:root:리 신
CRITICAL:root:그레이브즈
CRITICAL:root:자야
CRITICAL:root:카이사
CRITICAL:root:이즈리얼
CRITICAL:root:니달리
CRITICAL:root:자르반 4세
CRITICAL:root:조이
CRITICAL:root:킨드레드
CRITICAL:root:갱플랭크
CRITICAL:root:마오카이
CRITICAL:root:루시안
CRITICAL:root:루시안 == 루시안
CRITICAL:root:아크샨
CRITICAL:root:카직스
CRITICAL:root:우디르
CRITICAL:root:아이번
CRITICAL:root:트위치
CRITICAL:root:탈리야
CRITICAL:root:자크
CRITICAL:root:리 신
CRITICAL:root:스카너
CRITICAL:root:케인
CRITICAL:root:엘리스
CRITICAL:root:피들스틱
CRITICAL:root:벨베스
CRITICAL:root:니코
CRITICAL:root:소나
CRITICAL:root:제라스
CRITICAL:root:이블린
CRITICAL:root:블리츠크랭크
CRITICAL:root:유미
CRITICAL:root:유미 == 유미
CRITICAL:root:루시안
CRITICAL:root:요네
CRITICAL:root:자야
CRITICAL:root:자야 == 자야
CRITICAL:root:세나
CRITICAL:root:하이머딩거
CRITICAL:root:룰루
CRITICAL:root:징크스
CRITICAL:root:유미
CRITICAL:root:노틸러스
CRITICAL:root:노틸러스 == 노틸러스
CRITICAL:root:잭스
CRITICAL:root:마스터 이
CRITICAL:root:마스터 이 == 마스터 이
CRITICAL:root:이즈리얼
CRITICAL:root:카타리나
CRITICAL:root:리 신
CRITICAL:root:바루스
CRITICAL:root:사미라
CRITICAL:root:루시안
CRITICAL:root:베인
CRITICAL:root:카이사
CRITICAL:root:그레이브즈
CRITICAL:root:크산테
CRITICAL:root:애쉬
CRITICAL:root:아펠리오스
CRITICAL:root:이렐리아
CRITICAL:root:케이틀린
CRITICAL:root:판테온
CRITICAL:root:잭스
CRITICAL:root:오공
CRITICAL:root:니달리
CRITICAL:root:칼리스타
CRITICAL:root:케일
CRITICAL:root:사일러스
CRITICAL:root:사일러스 == 사일러스
CRITICAL:root:야스오
CRITICAL:root:야스오 == 야스오
CRITICAL:root:블라디미르
CRITICAL:root:레넥톤
CRITICAL:root:레넥톤 == 레넥톤
CRITICAL:root:요네
CRITICAL:root:요네 == 요네
CRITICAL:root:제드
CRITICAL:root:카시오페아
CRITICAL:root:트위스티드 페이트
CRITICAL:root:베인
CRITICAL:root:베인 == 베인
CRITICAL:root:아우렐리온 솔
CRITICAL:root:야스오
CRITICAL:root:야스오 == 야스오
CRITICAL:root:헤카림
CRITICAL:root:헤카림 == 헤카림
CRITICAL:root:크산테
CRITICAL:root:사일러스
CRITICAL:root:베이가
CRITICAL:root:아칼리
CRITICAL:root:그라가스
CRITICAL:root:말파이트
CRITICAL:root:리산드라
CRITICAL:root:아리
CRITICAL:root:나르
CRITICAL:root:벡스
CRITICAL:root:뽀삐
CRITICAL:root:케일
CRITICAL:root:럭스
CRITICAL:root:자크
CRITICAL:root:이즈리얼
CRITICAL:root:애니비아
CRITICAL:root:니코
CRITICAL:root:마오카이
CRITICAL:root:코르키
CRITICAL:root:르블랑
CRITICAL:root:바루스
CRITICAL:root:애쉬
CRITICAL:root:요네
CRITICAL:root:사이온
CRITICAL:root:사이온 == 사이온
CRITICAL:root:트위스티드 페이트
CRITICAL:root:트위스티드 페이트 == 트위스티드 페이트
CRITICAL:root:알리스타
CRITICAL:root:리 신
CRITICAL:root:트위스티드 페이트
CRITICAL:root:트위스티드 페이트 == 트위스티드 페이트
CRITICAL:root:아지르
CRITICAL:root:빅토르
CRITICAL:root:신드라
CRITICAL:root:이렐리아
CRITICAL:root:레넥톤
CRITICAL:root:킨드레드
CRITICAL:root:럭스
CRITICAL:root:리산드라
CRITICAL:root:그라가스
CRITICAL:root:라이즈
CRITICAL:root:애니비아
CRITICAL:root:카이사
CRITICAL:root:말파이트
CRITICAL:root:바루스
CRITICAL:root:제이스
CRITICAL:root:제드
CRITICAL:root:노틸러스
CRITICAL:root:시비르
CRITICAL:root:이즈리얼
CRITICAL:root:카시오페아
CRITICAL:root:바이
CRITICAL:root:바이 == 바이
CRITICAL:root:트위스티드 페이트
CRITICAL:root:트위스티드 페이트 == 트위스티드 페이트
CRITICAL:root:이렐리아
CRITICAL:root:사일러스
CRITICAL:root:말자하
CRITICAL:root:밀리오
CRITICAL:root:밀리오 == 밀리오
CRITICAL:root:리 신
CRITICAL:root:제이스
CRITICAL:root:사일러스
CRITICAL:root:니달리
CRITICAL:root:제드
CRITICAL:root:요네
CRITICAL:root:그라가스
CRITICAL:root:아칼리
CRITICAL:root:르블랑
CRITICAL:root:탈론
CRITICAL:root:이즈리얼
CRITICAL:root:피오라
CRITICAL:root:그레이브즈
CRITICAL:root:빅토르
CRITICAL:root:에코
CRITICAL:root:탈리야
CRITICAL:root:비에고
CRITICAL:root:샤코
CRITICAL:root:카직스
CRITICAL:root:트린다미어
CRITICAL:root:세트
CRITICAL:root:잭스
CRITICAL:root:아리
CRITICAL:root:야스오
CRITICAL:root:진
CRITICAL:root:이렐리아
CRITICAL:root:카사딘
CRITICAL:root:케이틀린
CRITICAL:root:루시안
CRITICAL:root:라이즈
CRITICAL:root:레넥톤
CRITICAL:root:카밀
CRITICAL:root:나르
CRITICAL:root:카타리나
CRITICAL:root:트위스티드 페이트
CRITICAL:root:아트록스
CRITICAL:root:카이사
CRITICAL:root:마스터 이
CRITICAL:root:엘리스
CRITICAL:root:징크스
CRITICAL:root:징크스 == 징크스
CRITICAL:root:에코
CRITICAL:root:케인
CRITICAL:root:케인 == 케인
CRITICAL:root:그라가스
CRITICAL:root:니코
CRITICAL:root:니코 == 니코
CRITICAL:root:리 신
CRITICAL:root:리 신 == 리 신
CRITICAL:root:리 신
CRITICAL:root:사일러스
CRITICAL:root:그라가스
CRITICAL:root:자크
CRITICAL:root:니달리
CRITICAL:root:그레이브즈
CRITICAL:root:오공
CRITICAL:root:바이
CRITICAL:root:비에고
CRITICAL:root:에코
CRITICAL:root:킨드레드
CRITICAL:root:케인
CRITICAL:root:아무무
CRITICAL:root:마오카이
CRITICAL:root:다이애나
CRITICAL:root:카직스
CRITICAL:root:카서스
CRITICAL:root:헤카림
CRITICAL:root:신 짜오
CRITICAL:root:누누와 윌럼프
CRITICAL:root:마스터 이
CRITICAL:root:마스터 이 == 마스터 이
CRITICAL:root:자르반 4세
CRITICAL:root:자르반 4세 == 자르반 4세
CRITICAL:root:사일러스
CRITICAL:root:리 신
CRITICAL:root:니달리
CRITICAL:root:비에고
CRITICAL:root:카직스
CRITICAL:root:자크
CRITICAL:root:쉬바나
CRITICAL:root:요네
CRITICAL:root:아칼리
CRITICAL:root:이즈리얼
CRITICAL:root:야스오
CRITICAL:root:에코
CRITICAL:root:에코 == 에코
CRITICAL:root:리 신
CRITICAL:root:니달리
CRITICAL:root:니달리 == 니달리
CRITICAL:root:클레드
CRITICAL:root:르블랑
CRITICAL:root:다이애나
CRITICAL:root:말자하
CRITICAL:root:아리
CRITICAL:root:아리 == 아리
CRITICAL:root:제이스
CRITICAL:root:바루스
CRITICAL:root:아펠리오스
CRITICAL:root:피오라
CRITICAL:root:잭스
CRITICAL:root:갱플랭크
CRITICAL:root:크산테
CRITICAL:root:럼블
CRITICAL:root:럼블 == 럼블
CRITICAL:root:샤코
CRITICAL:root:그레이브즈
CRITICAL:root:엘리스
CRITICAL:root:그라가스
CRITICAL:root:그라가스 == 그라가스
CRITICAL:root:누누와 윌럼프
CRITICAL:root:누누와 윌럼프 == 누누와 윌럼프
CRITICAL:root:비에고
CRITICAL:root:제리
CRITICAL:root:제리 == 제리
CRITICAL:root:카타리나
CRITICAL:root:진
CRITICAL:root:진 == 진
CRITICAL:root:오공
CRITICAL:root:리 신
CRITICAL:root:킨드레드
CRITICAL:root:카직스
CRITICAL:root:사일러스
CRITICAL:root:그라가스
CRITICAL:root:그레이브즈
CRITICAL:root:바이
CRITICAL:root:세주아니
CRITICAL:root:엘리스
CRITICAL:root:다이애나
CRITICAL:root:워윅
CRITICAL:root:워윅 == 워윅
CRITICAL:root:에코
CRITICAL:root:에코 == 에코
CRITICAL:root:말파이트
CRITICAL:root:사이온
CRITICAL:root:나서스
CRITICAL:root:빅토르
CRITICAL:root:녹턴
CRITICAL:root:케이틀린
CRITICAL:root:마오카이
CRITICAL:root:헤카림
CRITICAL:root:그레이브즈
CRITICAL:root:사일러스
CRITICAL:root:자르반 4세
CRITICAL:root:케일
CRITICAL:root:탈론
CRITICAL:root:신지드
CRITICAL:root:레넥톤
CRITICAL:root:이즈리얼
CRITICAL:root:아무무
CRITICAL:root:바이
CRITICAL:root:오리아나
CRITICAL:root:판테온
CRITICAL:root:애니
CRITICAL:root:올라프
CRITICAL:root:오공
CRITICAL:root:알리스타
CRITICAL:root:엘리스
CRITICAL:root:아트록스
CRITICAL:root:진
CRITICAL:root:바루스
CRITICAL:root:루시안
CRITICAL:root:니달리
CRITICAL:root:케인
CRITICAL:root:노틸러스
CRITICAL:root:리산드라
CRITICAL:root:미스 포츈
CRITICAL:root:카직스
CRITICAL:root:카이사
CRITICAL:root:모데카이저
CRITICAL:root:요네
CRITICAL:root:신드라
CRITICAL:root:탈리야
CRITICAL:root:모르가나
CRITICAL:root:베이가
CRITICAL:root:트리스타나
CRITICAL:root:트위치
CRITICAL:root:잭스
CRITICAL:root:초가스
CRITICAL:root:초가스 == 초가스
CRITICAL:root:니달리
CRITICAL:root:뽀삐
CRITICAL:root:엘리스
CRITICAL:root:엘리스 == 엘리스
CRITICAL:root:그라가스
CRITICAL:root:리 신
CRITICAL:root:니달리
CRITICAL:root:엘리스
CRITICAL:root:사일러스
CRITICAL:root:그레이브즈
CRITICAL:root:자르반 4세
CRITICAL:root:마오카이
CRITICAL:root:진
CRITICAL:root:카직스
CRITICAL:root:카직스 == 카직스
CRITICAL:root:노틸러스
CRITICAL:root:카이사
CRITICAL:root:아무무
CRITICAL:root:시비르
CRITICAL:root:쓰레쉬
CRITICAL:root:레오나
CRITICAL:root:블리츠크랭크
CRITICAL:root:유미
CRITICAL:root:자야
CRITICAL:root:럭스
CRITICAL:root:이즈리얼
CRITICAL:root:나미
CRITICAL:root:나미 == 나미
CRITICAL:root:럼블
CRITICAL:root:잭스
CRITICAL:root:카밀
CRITICAL:root:이즈리얼
CRITICAL:root:세트
CRITICAL:root:말파이트
CRITICAL:root:바드
CRITICAL:root:오른
CRITICAL:root:애쉬
CRITICAL:root:티모
CRITICAL:root:사일러스
CRITICAL:root:파이크
CRITICAL:root:아무무
CRITICAL:root:아트록스
CRITICAL:root:초가스
CRITICAL:root:초가스 == 초가스
CRITICAL:root:가렌
CRITICAL:root:가렌 == 가렌
CRITICAL:root:크산테
CRITICAL:root:크산테 == 크산테
CRITICAL:root:애니비아
CRITICAL:root:아우렐리온 솔
CRITICAL:root:아우렐리온 솔 == 아우렐리온 솔
CRITICAL:root:제이스
CRITICAL:root:아펠리오스
CRITICAL:root:카밀
CRITICAL:root:카밀 == 카밀
CRITICAL:root:우디르
CRITICAL:root:우디르 == 우디르
CRITICAL:root:벨코즈
CRITICAL:root:벨코즈 == 벨코즈
CRITICAL:root:아펠리오스
CRITICAL:root:아펠리오스 == 아펠리오스
CRITICAL:root:제리
CRITICAL:root:아펠리오스
CRITICAL:root:아펠리오스 == 아펠리오스
CRITICAL:root:아칼리
CRITICAL:root:킨드레드
CRITICAL:root:사일러스
CRITICAL:root:그레이브즈
CRITICAL:root:오공
CRITICAL:root:카시오페아
CRITICAL:root:에코
CRITICAL:root:에코 == 에코
CRITICAL:root:스웨인
CRITICAL:root:요네
CRITICAL:root:쓰레쉬
CRITICAL:root:아크샨
CRITICAL:root:아칼리
CRITICAL:root:이렐리아
CRITICAL:root:카시오페아
CRITICAL:root:제드
CRITICAL:root:그라가스
CRITICAL:root:사일러스
CRITICAL:root:아리
CRITICAL:root:세트
CRITICAL:root:아우렐리온 솔
CRITICAL:root:키아나
CRITICAL:root:판테온
CRITICAL:root:아펠리오스
CRITICAL:root:케인
CRITICAL:root:우디르
CRITICAL:root:피즈
CRITICAL:root:아무무
CRITICAL:root:블리츠크랭크
CRITICAL:root:리븐
CRITICAL:root:리븐 == 리븐
CRITICAL:root:아트록스
CRITICAL:root:제이스
CRITICAL:root:라칸
CRITICAL:root:진
CRITICAL:root:케이틀린
CRITICAL:root:제리
CRITICAL:root:제리 == 제리
CRITICAL:root:킨드레드
CRITICAL:root:니달리
CRITICAL:root:리 신
CRITICAL:root:에코
CRITICAL:root:엘리스
CRITICAL:root:그라가스
CRITICAL:root:카직스
CRITICAL:root:사일러스
CRITICAL:root:키아나
CRITICAL:root:자르반 4세
CRITICAL:root:신 짜오
CRITICAL:root:뽀삐
CRITICAL:root:이블린
CRITICAL:root:나서스
CRITICAL:root:바이
CRITICAL:root:렉사이
CRITICAL:root:트위치
CRITICAL:root:그레이브즈
CRITICAL:root:비에고
CRITICAL:root:자크
CRITICAL:root:갈리오
CRITICAL:root:아리
CRITICAL:root:녹턴
CRITICAL:root:마오카이
CRITICAL:root:룰루
CRITICAL:root:라칸
CRITICAL:root:트위스티드 페이트
CRITICAL:root:누누와 윌럼프
CRITICAL:root:럼블
CRITICAL:root:모르가나
CRITICAL:root:노틸러스
CRITICAL:root:우디르
CRITICAL:root:우디르 == 우디르
CRITICAL:root:아리
CRITICAL:root:트위스티드 페이트
CRITICAL:root:트위스티드 페이트 == 트위스티드 페이트
CRITICAL:root:그레이브즈
CRITICAL:root:그레이브즈 == 그레이브즈
CRITICAL:root:마오카이
CRITICAL:root:리 신
CRITICAL:root:쓰레쉬
CRITICAL:root:바루스
CRITICAL:root:카이사
CRITICAL:root:볼리베어
CRITICAL:root:볼리베어 == 볼리베어
CRITICAL:root:애니비아
CRITICAL:root:애니비아 == 애니비아
CRITICAL:root:쓰레쉬
CRITICAL:root:쓰레쉬 == 쓰레쉬
CRITICAL:root:카직스
CRITICAL:root:니달리
CRITICAL:root:라칸
CRITICAL:root:쓰레쉬
CRITICAL:root:밀리오
CRITICAL:root:룰루
CRITICAL:root:룰루 == 룰루
CRITICAL:root:아이번
CRITICAL:root:아이번 == 아이번
CRITICAL:root:아지르
CRITICAL:root:아리
CRITICAL:root:리산드라
CRITICAL:root:아우렐리온 솔
CRITICAL:root:애니
CRITICAL:root:빅토르
CRITICAL:root:사일러스
CRITICAL:root:베이가
CRITICAL:root:아칼리
CRITICAL:root:벡스
CRITICAL:root:코르키
CRITICAL:root:코르키 == 코르키
CRITICAL:root:트위스티드 페이트
CRITICAL:root:신지드
CRITICAL:root:케일
CRITICAL:root:제이스
CRITICAL:root:마오카이
CRITICAL:root:아리
CRITICAL:root:하이머딩거
CRITICAL:root:트린다미어
CRITICAL:root:베인
CRITICAL:root:렝가
CRITICAL:root:신 짜오
CRITICAL:root:그웬
CRITICAL:root:직스
CRITICAL:root:잭스
CRITICAL:root:제드
CRITICAL:root:라이즈
CRITICAL:root:피오라
CRITICAL:root:징크스
CRITICAL:root:베이가
CRITICAL:root:야스오
CRITICAL:root:말파이트
CRITICAL:root:마스터 이
CRITICAL:root:리 신
CRITICAL:root:케이틀린
CRITICAL:root:아무무
CRITICAL:root:이즈리얼
CRITICAL:root:애쉬
CRITICAL:root:티모
CRITICAL:root:르블랑
CRITICAL:root:그라가스
CRITICAL:root:사이온
CRITICAL:root:트런들
CRITICAL:root:모데카이저
CRITICAL:root:코르키
CRITICAL:root:시비르
CRITICAL:root:자크
CRITICAL:root:트위치
CRITICAL:root:다리우스
CRITICAL:root:레넥톤
CRITICAL:root:미스 포츈
CRITICAL:root:탈론
CRITICAL:root:리븐
CRITICAL:root:사미라
CRITICAL:root:아칼리
CRITICAL:root:빅토르
CRITICAL:root:리산드라
CRITICAL:root:나서스
CRITICAL:root:애니
CRITICAL:root:알리스타
CRITICAL:root:요네
CRITICAL:root:케인
CRITICAL:root:에코
CRITICAL:root:진
CRITICAL:root:그레이브즈
CRITICAL:root:카이사
CRITICAL:root:블리츠크랭크
CRITICAL:root:사일러스
CRITICAL:root:사일러스 == 사일러스
CRITICAL:root:그레이브즈
CRITICAL:root:킨드레드
CRITICAL:root:킨드레드 == 킨드레드
CRITICAL:root:아펠리오스
CRITICAL:root:카이사
CRITICAL:root:루시안
CRITICAL:root:제리
CRITICAL:root:제리 == 제리
CRITICAL:root:니달리
CRITICAL:root:리 신
CRITICAL:root:그레이브즈
CRITICAL:root:제이스
CRITICAL:root:피오라
CRITICAL:root:사일러스
CRITICAL:root:그라가스
CRITICAL:root:에코
CRITICAL:root:아펠리오스
CRITICAL:root:엘리스
CRITICAL:root:잭스
CRITICAL:root:진
CRITICAL:root:진 == 진
CRITICAL:root:갱플랭크
CRITICAL:root:갱플랭크 == 갱플랭크
CRITICAL:root:트위스티드 페이트
CRITICAL:root:트위스티드 페이트 == 트위스티드 페이트
CRITICAL:root:리 신
CRITICAL:root:아리
CRITICAL:root:아펠리오스
CRITICAL:root:아펠리오스 == 아펠리오스
CRITICAL:root:카직스
CRITICAL:root:리 신
CRITICAL:root:블리츠크랭크
CRITICAL:root:쓰레쉬
CRITICAL:root:판테온
CRITICAL:root:마스터 이
CRITICAL:root:제드
CRITICAL:root:사일러스
CRITICAL:root:르블랑
CRITICAL:root:빅토르
CRITICAL:root:뽀삐
CRITICAL:root:야스오
CRITICAL:root:제라스
CRITICAL:root:모르가나
CRITICAL:root:코르키
CRITICAL:root:잭스
CRITICAL:root:자크
CRITICAL:root:벨코즈
CRITICAL:root:람머스
CRITICAL:root:벡스
CRITICAL:root:니달리
CRITICAL:root:베이가
CRITICAL:root:그레이브즈
CRITICAL:root:엘리스
CRITICAL:root:럭스
CRITICAL:root:신드라
CRITICAL:root:샤코
CRITICAL:root:트위스티드 페이트
CRITICAL:root:트위스티드 페이트 == 트위스티드 페이트
CRITICAL:root:사이온
CRITICAL:root:일라오이
CRITICAL:root:레넥톤
CRITICAL:root:올라프
CRITICAL:root:세트
CRITICAL:root:말파이트
CRITICAL:root:말파이트 == 말파이트
CRITICAL:root:루시안
CRITICAL:root:칼리스타
CRITICAL:root:르블랑
CRITICAL:root:이즈리얼
CRITICAL:root:빅토르
CRITICAL:root:트리스타나
CRITICAL:root:카이사
CRITICAL:root:제리
CRITICAL:root:쓰레쉬
CRITICAL:root:코그모
CRITICAL:root:블리츠크랭크
CRITICAL:root:바루스
CRITICAL:root:리 신
CRITICAL:root:드레이븐
CRITICAL:root:트위치
CRITICAL:root:트위치 == 트위치
CRITICAL:root:그라가스
CRITICAL:root:엘리스
CRITICAL:root:신 짜오
CRITICAL:root:마오카이
CRITICAL:root:킨드레드
CRITICAL:root:갈리오
CRITICAL:root:갈리오 == 갈리오
CRITICAL:root:갱플랭크
CRITICAL:root:카타리나
CRITICAL:root:야스오
CRITICAL:root:야스오 == 야스오
CRITICAL:root:아트록스
CRITICAL:root:아펠리오스
CRITICAL:root:아펠리오스 == 아펠리오스
CRITICAL:root:쓰레쉬
CRITICAL:root:밀리오
CRITICAL:root:밀리오 == 밀리오
CRITICAL:root:피들스틱
CRITICAL:root:피들스틱 == 피들스틱
CRITICAL:root:케일
CRITICAL:root:케일 == 케일
CRITICAL:root:일라오이
CRITICAL:root:크산테
CRITICAL:root:아트록스
CRITICAL:root:그웬
CRITICAL:root:다리우스
CRITICAL:root:리븐
CRITICAL:root:요릭
CRITICAL:root:요릭 == 요릭
CRITICAL:root:벡스
CRITICAL:root:오공
CRITICAL:root:사일러스
CRITICAL:root:아리
CRITICAL:root:레넥톤
CRITICAL:root:레넥톤 == 레넥톤
CRITICAL:root:제라스
CRITICAL:root:제라스 == 제라스
CRITICAL:root:니달리
CRITICAL:root:니달리 == 니달리
CRITICAL:root:크산테
CRITICAL:root:판테온
CRITICAL:root:바루스
CRITICAL:root:요네
CRITICAL:root:리 신
CRITICAL:root:진
CRITICAL:root:샤코
CRITICAL:root:루시안
CRITICAL:root:애니
CRITICAL:root:자야
CRITICAL:root:케이틀린
CRITICAL:root:우디르
CRITICAL:root:신드라
CRITICAL:root:리산드라
CRITICAL:root:아펠리오스
CRITICAL:root:바이
CRITICAL:root:탈론
CRITICAL:root:요릭
CRITICAL:root:카이사
CRITICAL:root:그라가스
CRITICAL:root:아칼리
CRITICAL:root:에코
CRITICAL:root:코그모
CRITICAL:root:그웬
CRITICAL:root:그웬 == 그웬
CRITICAL:root:징크스
CRITICAL:root:카이사
CRITICAL:root:카이사 == 카이사
CRITICAL:root:케이틀린
CRITICAL:root:케이틀린 == 케이틀린
CRITICAL:root:아칼리
CRITICAL:root:아리
CRITICAL:root:아지르
CRITICAL:root:르블랑
CRITICAL:root:탈리야
CRITICAL:root:쓰레쉬
CRITICAL:root:징크스
CRITICAL:root:리 신
CRITICAL:root:리산드라
CRITICAL:root:애니
CRITICAL:root:럭스
CRITICAL:root:자야
CRITICAL:root:애니비아
CRITICAL:root:트위스티드 페이트
CRITICAL:root:트위스티드 페이트 == 트위스티드 페이트
CRITICAL:root:마오카이
CRITICAL:root:사일러스
CRITICAL:root:오공
CRITICAL:root:세주아니
CRITICAL:root:다이애나
CRITICAL:root:자크
CRITICAL:root:리 신
CRITICAL:root:그라가스
CRITICAL:root:닐라
CRITICAL:root:비에고
CRITICAL:root:자르반 4세
CRITICAL:root:징크스
CRITICAL:root:시비르
CRITICAL:root:니코
CRITICAL:root:카직스
CRITICAL:root:트런들
CRITICAL:root:아펠리오스
CRITICAL:root:카이사
CRITICAL:root:킨드레드
CRITICAL:root:이즈리얼
CRITICAL:root:이즈리얼 == 이즈리얼
CRITICAL:root:사미라
CRITICAL:root:자야
CRITICAL:root:카이사
CRITICAL:root:블라디미르
CRITICAL:root:아펠리오스
CRITICAL:root:루시안
CRITICAL:root:이즈리얼
CRITICAL:root:쓰레쉬
CRITICAL:root:케이틀린
CRITICAL:root:이렐리아
CRITICAL:root:나르
CRITICAL:root:사일러스
CRITICAL:root:바루스
CRITICAL:root:잭스
CRITICAL:root:제리
CRITICAL:root:진
CRITICAL:root:제이스
CRITICAL:root:블리츠크랭크
CRITICAL:root:파이크
CRITICAL:root:레넥톤
CRITICAL:root:리 신
CRITICAL:root:요네
CRITICAL:root:자크
CRITICAL:root:트리스타나
CRITICAL:root:그라가스
CRITICAL:root:라칸
CRITICAL:root:라칸 == 라칸
CRITICAL:root:이렐리아
CRITICAL:root:르블랑
CRITICAL:root:요네
CRITICAL:root:아트록스
CRITICAL:root:빅토르
CRITICAL:root:제드
CRITICAL:root:케일
CRITICAL:root:그레이브즈
CRITICAL:root:카시오페아
CRITICAL:root:비에고
CRITICAL:root:그라가스
CRITICAL:root:아리
CRITICAL:root:리 신
CRITICAL:root:케이틀린
CRITICAL:root:다이애나
CRITICAL:root:갱플랭크
CRITICAL:root:오리아나
CRITICAL:root:엘리스
CRITICAL:root:엘리스 == 엘리스
CRITICAL:root:유미
CRITICAL:root:밀리오
CRITICAL:root:룰루
CRITICAL:root:라칸
CRITICAL:root:노틸러스
CRITICAL:root:아리
CRITICAL:root:나미
CRITICAL:root:럭스
CRITICAL:root:잔나
CRITICAL:root:소나
CRITICAL:root:애니
CRITICAL:root:자이라
CRITICAL:root:자이라 == 자이라
CRITICAL:root:스웨인
CRITICAL:root:세나
CRITICAL:root:세나 == 세나
CRITICAL:root:스카너
CRITICAL:root:스카너 == 스카너
CRITICAL:root:이렐리아
CRITICAL:root:제이스
CRITICAL:root:사일러스
CRITICAL:root:아크샨
CRITICAL:root:카서스
CRITICAL:root:카서스 == 카서스
CRITICAL:root:벨베스
CRITICAL:root:카이사
CRITICAL:root:케인
CRITICAL:root:제라스
CRITICAL:root:제라스 == 제라스
CRITICAL:root:잭스
CRITICAL:root:오른
CRITICAL:root:세트
CRITICAL:root:가렌
CRITICAL:root:올라프
CRITICAL:root:문도 박사
CRITICAL:root:사이온
CRITICAL:root:판테온
CRITICAL:root:볼리베어
CRITICAL:root:나서스
CRITICAL:root:말파이트
CRITICAL:root:제리
CRITICAL:root:아트록스
CRITICAL:root:트린다미어
CRITICAL:root:사미라
CRITICAL:root:유미
CRITICAL:root:쉔
CRITICAL:root:레오나
CRITICAL:root:모데카이저
CRITICAL:root:베인
CRITICAL:root:루시안
CRITICAL:root:진
CRITICAL:root:마오카이
CRITICAL:root:케일
CRITICAL:root:그레이브즈
CRITICAL:root:초가스
CRITICAL:root:라칸
CRITICAL:root:렐
CRITICAL:root:탐 켄치
CRITICAL:root:시비르
CRITICAL:root:탈론
CRITICAL:root:브라움
CRITICAL:root:블리츠크랭크
CRITICAL:root:오공
CRITICAL:root:피오라
CRITICAL:root:피오라 == 피오라
CRITICAL:root:리 신
CRITICAL:root:릴리아
CRITICAL:root:니달리
CRITICAL:root:그라가스
CRITICAL:root:킨드레드
CRITICAL:root:킨드레드 == 킨드레드
CRITICAL:root:나르
CRITICAL:root:이즈리얼
CRITICAL:root:아펠리오스
CRITICAL:root:루시안
CRITICAL:root:진
CRITICAL:root:제리
CRITICAL:root:제리 == 제리
CRITICAL:root:아펠리오스
CRITICAL:root:닐라
CRITICAL:root:징크스
CRITICAL:root:바루스
CRITICAL:root:자야
CRITICAL:root:야스오
CRITICAL:root:루시안
CRITICAL:root:진
CRITICAL:root:이즈리얼
CRITICAL:root:케이틀린
CRITICAL:root:코그모
CRITICAL:root:트위치
CRITICAL:root:트위치 == 트위치
CRITICAL:root:빅토르
CRITICAL:root:니달리
CRITICAL:root:카이사
CRITICAL:root:요네
CRITICAL:root:요네 == 요네
CRITICAL:root:루시안
CRITICAL:root:아펠리오스
CRITICAL:root:드레이븐
CRITICAL:root:제리
CRITICAL:root:칼리스타
CRITICAL:root:칼리스타 == 칼리스타
CRITICAL:root:레넥톤
CRITICAL:root:레넥톤 == 레넥톤
CRITICAL:root:케넨
CRITICAL:root:케넨 == 케넨
CRITICAL:root:요네
CRITICAL:root:그라가스
CRITICAL:root:야스오
CRITICAL:root:아리
CRITICAL:root:아칼리
CRITICAL:root:아지르
CRITICAL:root:사일러스
CRITICAL:root:르블랑
CRITICAL:root:조이
CRITICAL:root:제이스
CRITICAL:root:이렐리아
CRITICAL:root:아트록스
CRITICAL:root:럼블
CRITICAL:root:갱플랭크
CRITICAL:root:라이즈
CRITICAL:root:갈리오
CRITICAL:root:빅토르
CRITICAL:root:리산드라
CRITICAL:root:키아나
CRITICAL:root:카르마
CRITICAL:root:세주아니
CRITICAL:root:신드라
CRITICAL:root:트위스티드 페이트
CRITICAL:root:벡스
CRITICAL:root:말파이트
CRITICAL:root:트리스타나
CRITICAL:root:카시오페아
CRITICAL:root:베이가
CRITICAL:root:오리아나
CRITICAL:root:제드
CRITICAL:root:카사딘
CRITICAL:root:모르가나
CRITICAL:root:애쉬
CRITICAL:root:레넥톤
CRITICAL:root:에코
CRITICAL:root:진
CRITICAL:root:바루스
CRITICAL:root:오른
CRITICAL:root:럭스
CRITICAL:root:루시안
CRITICAL:root:카밀
CRITICAL:root:애니
CRITICAL:root:판테온
CRITICAL:root:다이애나
CRITICAL:root:이즈리얼
CRITICAL:root:크산테
CRITICAL:root:그레이브즈
CRITICAL:root:카이사
CRITICAL:root:카이사 == 카이사
CRITICAL:root:자야
CRITICAL:root:카이사
CRITICAL:root:카이사 == 카이사
CRITICAL:root:리 신
CRITICAL:root:리 신 == 리 신
CRITICAL:root:리븐
CRITICAL:root:이렐리아
CRITICAL:root:케넨
CRITICAL:root:제이스
CRITICAL:root:이즈리얼
CRITICAL:root:잭스
CRITICAL:root:피오라
CRITICAL:root:케일
CRITICAL:root:그웬
CRITICAL:root:나서스
CRITICAL:root:나서스 == 나서스
CRITICAL:root:자르반 4세
CRITICAL:root:이즈리얼
CRITICAL:root:제이스
CRITICAL:root:빅토르
CRITICAL:root:야스오
CRITICAL:root:리 신
CRITICAL:root:사일러스
CRITICAL:root:징크스
CRITICAL:root:케일
CRITICAL:root:진
CRITICAL:root:카서스
CRITICAL:root:카이사
CRITICAL:root:니달리
CRITICAL:root:제드
CRITICAL:root:카시오페아
CRITICAL:root:쓰레쉬
CRITICAL:root:카사딘
CRITICAL:root:트위스티드 페이트
CRITICAL:root:나서스
CRITICAL:root:자야
CRITICAL:root:바루스
CRITICAL:root:초가스
CRITICAL:root:블리츠크랭크
CRITICAL:root:니코
CRITICAL:root:베인
CRITICAL:root:자크
CRITICAL:root:헤카림
CRITICAL:root:아리
CRITICAL:root:그레이브즈
CRITICAL:root:애니비아
CRITICAL:root:르블랑
CRITICAL:root:제리
CRITICAL:root:우르곳
CRITICAL:root:잭스
CRITICAL:root:베이가
CRITICAL:root:렝가
CRITICAL:root:말자하
CRITICAL:root:제라스
CRITICAL:root:카직스
CRITICAL:root:럼블
CRITICAL:root:세나
CRITICAL:root:스웨인
CRITICAL:root:케이틀린
CRITICAL:root:코르키
CRITICAL:root:오리아나
CRITICAL:root:샤코
CRITICAL:root:요릭
CRITICAL:root:갱플랭크
CRITICAL:root:애쉬
CRITICAL:root:럭스
CRITICAL:root:애니
CRITICAL:root:말파이트
CRITICAL:root:신지드
CRITICAL:root:모데카이저
CRITICAL:root:루시안
CRITICAL:root:루시안 == 루시안
CRITICAL:root:이즈리얼
CRITICAL:root:루시안
CRITICAL:root:카이사
CRITICAL:root:리 신
CRITICAL:root:니달리
CRITICAL:root:쓰레쉬
CRITICAL:root:블리츠크랭크
CRITICAL:root:시비르
CRITICAL:root:진
CRITICAL:root:애쉬
CRITICAL:root:애쉬 == 애쉬
CRITICAL:root:자크
CRITICAL:root:블리츠크랭크
CRITICAL:root:라칸
CRITICAL:root:라칸 == 라칸
CRITICAL:root:탈론
CRITICAL:root:제드
CRITICAL:root:르블랑
CRITICAL:root:아칼리
CRITICAL:root:룰루
CRITICAL:root:루시안
CRITICAL:root:야스오
CRITICAL:root:리 신
CRITICAL:root:파이크
CRITICAL:root:카직스
CRITICAL:root:카직스 == 카직스
CRITICAL:root:트위스티드 페이트
CRITICAL:root:오리아나
CRITICAL:root:오리아나 == 오리아나
CRITICAL:root:우르곳
CRITICAL:root:세주아니
CRITICAL:root:쉔
CRITICAL:root:말자하
CRITICAL:root:말파이트
CRITICAL:root:브랜드
CRITICAL:root:브랜드 == 브랜드
CRITICAL:root:이블린
CRITICAL:root:이블린 == 이블린
CRITICAL:root:요네
CRITICAL:root:자야
CRITICAL:root:자야 == 자야
CRITICAL:root:밀리오
CRITICAL:root:라칸
CRITICAL:root:유미
CRITICAL:root:사일러스
CRITICAL:root:사일러스 == 사일러스
CRITICAL:root:우르곳
CRITICAL:root:우르곳 == 우르곳
CRITICAL:root:아펠리오스
CRITICAL:root:카이사
CRITICAL:root:자야
CRITICAL:root:진
CRITICAL:root:이즈리얼
CRITICAL:root:이즈리얼 == 이즈리얼
CRITICAL:root:럭스
CRITICAL:root:럭스 == 럭스
CRITICAL:root:노틸러스
CRITICAL:root:카르마
CRITICAL:root:라칸
CRITICAL:root:라칸 == 라칸
CRITICAL:root:이렐리아
CRITICAL:root:일라오이
CRITICAL:root:피오라
CRITICAL:root:피오라 == 피오라
CRITICAL:root:이즈리얼
CRITICAL:root:진
CRITICAL:root:아펠리오스
CRITICAL:root:쓰레쉬
CRITICAL:root:루시안
CRITICAL:root:블리츠크랭크
CRITICAL:root:카이사
CRITICAL:root:카르마
CRITICAL:root:나르
CRITICAL:root:징크스
CRITICAL:root:노틸러스
CRITICAL:root:케이틀린
CRITICAL:root:제리
CRITICAL:root:나미
CRITICAL:root:리 신
CRITICAL:root:애쉬
CRITICAL:root:라칸
CRITICAL:root:알리스타
CRITICAL:root:룰루
CRITICAL:root:아리
CRITICAL:root:아리 == 아리
CRITICAL:root:리 신
CRITICAL:root:그레이브즈
CRITICAL:root:그라가스
CRITICAL:root:트위스티드 페이트
CRITICAL:root:니달리
CRITICAL:root:아펠리오스
CRITICAL:root:바이
CRITICAL:root:바이 == 바이
CRITICAL:root:카타리나
CRITICAL:root:다이애나
CRITICAL:root:야스오
CRITICAL:root:야스오 == 야스오
CRITICAL:root:렉사이
CRITICAL:root:리 신
CRITICAL:root:비에고
CRITICAL:root:비에고 == 비에고
CRITICAL:root:바이
CRITICAL:root:제이스
CRITICAL:root:사일러스
CRITICAL:root:리 신
CRITICAL:root:니달리
CRITICAL:root:라이즈
CRITICAL:root:르블랑
CRITICAL:root:비에고
CRITICAL:root:그레이브즈
CRITICAL:root:카밀
CRITICAL:root:아리
CRITICAL:root:제리
CRITICAL:root:제리 == 제리
CRITICAL:root:샤코
CRITICAL:root:유미
CRITICAL:root:럭스
CRITICAL:root:쓰레쉬
CRITICAL:root:브랜드
CRITICAL:root:애쉬
CRITICAL:root:초가스
CRITICAL:root:제리
CRITICAL:root:카이사
CRITICAL:root:리 신
CRITICAL:root:미스 포츈
CRITICAL:root:모르가나
CRITICAL:root:이즈리얼
CRITICAL:root:나미
CRITICAL:root:라칸
CRITICAL:root:라칸 == 라칸
CRITICAL:root:카밀
CRITICAL:root:카밀 == 카밀
CRITICAL:root:자르반 4세
CRITICAL:root:그라가스
CRITICAL:root:그라가스 == 그라가스
CRITICAL:root:케일
CRITICAL:root:케일 == 케일
CRITICAL:root:사미라
CRITICAL:root:이즈리얼
CRITICAL:root:드레이븐
CRITICAL:root:루시안
CRITICAL:root:바루스
CRITICAL:root:징크스
CRITICAL:root:카이사
CRITICAL:root:코그모
CRITICAL:root:파이크
CRITICAL:root:블리츠크랭크
CRITICAL:root:트위치
CRITICAL:root:아칼리
CRITICAL:root:빅토르
CRITICAL:root:제리
CRITICAL:root:칼리스타
CRITICAL:root:케일
CRITICAL:root:트리스타나
CRITICAL:root:레오나
CRITICAL:root:자야
CRITICAL:root:베이가
CRITICAL:root:케이틀린
CRITICAL:root:피오라
CRITICAL:root:아무무
CRITICAL:root:오리아나
CRITICAL:root:오리아나 == 오리아나
CRITICAL:root:야스오
CRITICAL:root:빅토르
CRITICAL:root:라이즈
CRITICAL:root:그라가스
CRITICAL:root:리 신
CRITICAL:root:그레이브즈
CRITICAL:root:니달리
CRITICAL:root:니달리 == 니달리
CRITICAL:root:이즈리얼
CRITICAL:root:케이틀린
CRITICAL:root:징크스
CRITICAL:root:카이사
CRITICAL:root:루시안
CRITICAL:root:세주아니
CRITICAL:root:마오카이
CRITICAL:root:쓰레쉬
CRITICAL:root:자야
CRITICAL:root:유미
CRITICAL:root:진
CRITICAL:root:미스 포츈
CRITICAL:root:애쉬
CRITICAL:root:바루스
CRITICAL:root:바루스 == 바루스
CRITICAL:root:제이스
CRITICAL:root:갱플랭크
CRITICAL:root:그웬
CRITICAL:root:그웬 == 그웬
CRITICAL:root:밀리오
CRITICAL:root:블리츠크랭크
CRITICAL:root:블리츠크랭크 == 블리츠크랭크
CRITICAL:root:갱플랭크
CRITICAL:root:그라가스
CRITICAL:root:나르
CRITICAL:root:징크스
CRITICAL:root:케이틀린
CRITICAL:root:이즈리얼
CRITICAL:root:자야
CRITICAL:root:말파이트
CRITICAL:root:진
CRITICAL:root:애쉬
CRITICAL:root:럭스
CRITICAL:root:럼블
CRITICAL:root:리 신
CRITICAL:root:제이스
CRITICAL:root:올라프
CRITICAL:root:룰루
CRITICAL:root:아무무
CRITICAL:root:미스 포츈
CRITICAL:root:카이사
CRITICAL:root:카이사 == 카이사
CRITICAL:root:그라가스
CRITICAL:root:그라가스 == 그라가스
CRITICAL:root:이즈리얼
CRITICAL:root:아우렐리온 솔
CRITICAL:root:자야
CRITICAL:root:제리
CRITICAL:root:루시안
CRITICAL:root:아펠리오스
CRITICAL:root:바루스
CRITICAL:root:카이사
CRITICAL:root:징크스
CRITICAL:root:드레이븐
CRITICAL:root:애쉬
CRITICAL:root:애쉬 == 애쉬
CRITICAL:root:베인
CRITICAL:root:자야
CRITICAL:root:징크스
CRITICAL:root:카이사
CRITICAL:root:루시안
CRITICAL:root:이즈리얼
CRITICAL:root:말파이트
CRITICAL:root:케이틀린
CRITICAL:root:코그모
CRITICAL:root:바루스
CRITICAL:root:제리
CRITICAL:root:밀리오
CRITICAL:root:애쉬
CRITICAL:root:진
CRITICAL:root:이렐리아
CRITICAL:root:세나
CRITICAL:root:크산테
CRITICAL:root:요네
CRITICAL:root:레나타 글라스크
CRITICAL:root:아무무
CRITICAL:root:트리스타나
CRITICAL:root:제드
CRITICAL:root:라이즈
CRITICAL:root:사일러스
CRITICAL:root:르블랑
CRITICAL:root:리븐
CRITICAL:root:시비르
CRITICAL:root:제라스
CRITICAL:root:아칼리
CRITICAL:root:사미라
CRITICAL:root:나미
CRITICAL:root:애니
CRITICAL:root:아리
CRITICAL:root:뽀삐
CRITICAL:root:미스 포츈
CRITICAL:root:레오나
CRITICAL:root:블리츠크랭크
CRITICAL:root:블리츠크랭크 == 블리츠크랭크
CRITICAL:root:아펠리오스
CRITICAL:root:제리
CRITICAL:root:자야
CRITICAL:root:징크스
CRITICAL:root:루시안
CRITICAL:root:이즈리얼
CRITICAL:root:시비르
CRITICAL:root:카이사
CRITICAL:root:바이
CRITICAL:root:카직스
CRITICAL:root:드레이븐
CRITICAL:root:신 짜오
CRITICAL:root:럭스
CRITICAL:root:뽀삐
CRITICAL:root:트리스타나
CRITICAL:root:비에고
CRITICAL:root:세주아니
CRITICAL:root:미스 포츈
CRITICAL:root:케이틀린
CRITICAL:root:헤카림
CRITICAL:root:애니
CRITICAL:root:코그모
CRITICAL:root:코그모 == 코그모
CRITICAL:root:루시안
CRITICAL:root:루시안 == 루시안
CRITICAL:root:탈론
CRITICAL:root:카타리나
CRITICAL:root:킨드레드
CRITICAL:root:이렐리아
CRITICAL:root:판테온
CRITICAL:root:판테온 == 판테온
CRITICAL:root:카이사
CRITICAL:root:사미라
CRITICAL:root:이즈리얼
CRITICAL:root:케이틀린
CRITICAL:root:진
CRITICAL:root:카르마
CRITICAL:root:루시안
CRITICAL:root:징크스
CRITICAL:root:자야
CRITICAL:root:노틸러스
CRITICAL:root:애쉬
CRITICAL:root:트리스타나
CRITICAL:root:나미
CRITICAL:root:바루스
CRITICAL:root:미스 포츈
CRITICAL:root:제리
CRITICAL:root:아펠리오스
CRITICAL:root:쓰레쉬
CRITICAL:root:제이스
CRITICAL:root:밀리오
CRITICAL:root:사일러스
CRITICAL:root:모데카이저
CRITICAL:root:리 신
CRITICAL:root:레나타 글라스크
CRITICAL:root:블리츠크랭크
CRITICAL:root:시비르
CRITICAL:root:아트록스
CRITICAL:root:르블랑
CRITICAL:root:이렐리아
CRITICAL:root:키아나
CRITICAL:root:트위치
CRITICAL:root:마오카이
CRITICAL:root:피오라
CRITICAL:root:니달리
CRITICAL:root:아리
CRITICAL:root:럭스
CRITICAL:root:카밀
CRITICAL:root:럼블
CRITICAL:root:베이가
CRITICAL:root:파이크
CRITICAL:root:말파이트
CRITICAL:root:말파이트 == 말파이트
CRITICAL:root:제리
CRITICAL:root:트리스타나
CRITICAL:root:루시안
CRITICAL:root:루시안 == 루시안
CRITICAL:root:말파이트
CRITICAL:root:갱플랭크
CRITICAL:root:마오카이
CRITICAL:root:마오카이 == 마오카이
CRITICAL:root:이즈리얼
CRITICAL:root:진
CRITICAL:root:자야
CRITICAL:root:바루스
CRITICAL:root:카이사
CRITICAL:root:징크스
CRITICAL:root:루시안
CRITICAL:root:아펠리오스
CRITICAL:root:사일러스
CRITICAL:root:리 신
CRITICAL:root:케이틀린
CRITICAL:root:이블린
CRITICAL:root:그레이브즈
CRITICAL:root:그레이브즈 == 그레이브즈
CRITICAL:root:진
CRITICAL:root:미스 포츈
CRITICAL:root:바루스
CRITICAL:root:징크스
CRITICAL:root:애니
CRITICAL:root:카르마
CRITICAL:root:소라카
CRITICAL:root:쉔
CRITICAL:root:판테온
CRITICAL:root:초가스
CRITICAL:root:말파이트
CRITICAL:root:이즈리얼
CRITICAL:root:퀸
CRITICAL:root:사이온
CRITICAL:root:오른
CRITICAL:root:시비르
CRITICAL:root:아무무
CRITICAL:root:문도 박사
CRITICAL:root:질리언
CRITICAL:root:케이틀린
CRITICAL:root:루시안
CRITICAL:root:밀리오
CRITICAL:root:트리스타나
CRITICAL:root:마오카이
CRITICAL:root:애쉬
CRITICAL:root:브라움
CRITICAL:root:레오나
CRITICAL:root:블리츠크랭크
CRITICAL:root:자야
CRITICAL:root:라칸
CRITICAL:root:코그모
CRITICAL:root:코그모 == 코그모
CRITICAL:root:럼블
CRITICAL:root:럼블 == 럼블
CRITICAL:root:엘리스
CRITICAL:root:엘리스 == 엘리스
CRITICAL:root:아펠리오스
CRITICAL:root:징크스
CRITICAL:root:바루스
CRITICAL:root:제리
CRITICAL:root:자야
CRITICAL:root:이즈리얼
CRITICAL:root:카이사
CRITICAL:root:니달리
CRITICAL:root:코그모
CRITICAL:root:진
CRITICAL:root:사미라
CRITICAL:root:칼리스타
CRITICAL:root:칼리스타 == 칼리스타
CRITICAL:root:아펠리오스
CRITICAL:root:사미라
CRITICAL:root:징크스
CRITICAL:root:쓰레쉬
CRITICAL:root:케이틀린
CRITICAL:root:세라핀
CRITICAL:root:룰루
CRITICAL:root:블리츠크랭크
CRITICAL:root:밀리오
CRITICAL:root:카르마
CRITICAL:root:유미
CRITICAL:root:진
CRITICAL:root:럭스
CRITICAL:root:루시안
CRITICAL:root:바루스
CRITICAL:root:이즈리얼
CRITICAL:root:자야
CRITICAL:root:노틸러스
CRITICAL:root:칼리스타
CRITICAL:root:드레이븐
CRITICAL:root:세나
CRITICAL:root:세나 == 세나
CRITICAL:root:제이스
CRITICAL:root:크산테
CRITICAL:root:그라가스
CRITICAL:root:피오라
CRITICAL:root:케넨
CRITICAL:root:라이즈
CRITICAL:root:나서스
CRITICAL:root:룰루
CRITICAL:root:레오나
CRITICAL:root:노틸러스
CRITICAL:root:블리츠크랭크
CRITICAL:root:트린다미어
CRITICAL:root:밀리오
CRITICAL:root:말파이트
CRITICAL:root:그웬
CRITICAL:root:마오카이
CRITICAL:root:다리우스
CRITICAL:root:사일러스
CRITICAL:root:케일
CRITICAL:root:잭스
CRITICAL:root:베인
CRITICAL:root:이렐리아
CRITICAL:root:럭스
CRITICAL:root:레넥톤
CRITICAL:root:아트록스
CRITICAL:root:제라스
CRITICAL:root:카밀
CRITICAL:root:세트
CRITICAL:root:가렌
CRITICAL:root:나르
CRITICAL:root:브라움
CRITICAL:root:브라움 == 브라움
CRITICAL:root:리븐
CRITICAL:root:리븐 == 리븐
CRITICAL:root:드레이븐
CRITICAL:root:룰루
CRITICAL:root:룰루 == 룰루
CRITICAL:root:그레이브즈
CRITICAL:root:카직스
CRITICAL:root:카직스 == 카직스
CRITICAL:root:야스오
CRITICAL:root:제드
CRITICAL:root:제드 == 제드
CRITICAL:root:크산테
CRITICAL:root:크산테 == 크산테
CRITICAL:root:이즈리얼
CRITICAL:root:자야
CRITICAL:root:자야 == 자야
CRITICAL:root:자크
CRITICAL:root:자크 == 자크
CRITICAL:root:탈론
CRITICAL:root:요네
CRITICAL:root:요네 == 요네
CRITICAL:root:럭스
CRITICAL:root:카타리나
CRITICAL:root:소라카
CRITICAL:root:소라카 == 소라카
CRITICAL:root:베이가
CRITICAL:root:징크스
CRITICAL:root:녹턴
CRITICAL:root:이즈리얼
CRITICAL:root:쓰레쉬
CRITICAL:root:쓰레쉬 == 쓰레쉬
CRITICAL:root:쓰레쉬
CRITICAL:root:쓰레쉬 == 쓰레쉬
CRITICAL:root:카타리나
CRITICAL:root:카타리나 == 카타리나
CRITICAL:root:니달리
CRITICAL:root:아펠리오스
CRITICAL:root:아리
CRITICAL:root:자야
CRITICAL:root:엘리스
CRITICAL:root:크산테
CRITICAL:root:사일러스
CRITICAL:root:뽀삐
CRITICAL:root:뽀삐 == 뽀삐
CRITICAL:root:쓰레쉬
CRITICAL:root:카르마
CRITICAL:root:카르마 == 카르마
CRITICAL:root:워윅
CRITICAL:root:초가스
CRITICAL:root:말파이트
CRITICAL:root:잭스
CRITICAL:root:레오나
CRITICAL:root:레오나 == 레오나
CRITICAL:root:신드라
CRITICAL:root:자크
CRITICAL:root:르블랑
CRITICAL:root:야스오
CRITICAL:root:카르마
CRITICAL:root:제드
CRITICAL:root:카이사
CRITICAL:root:드레이븐
CRITICAL:root:사미라
CRITICAL:root:이즈리얼
CRITICAL:root:크산테
CRITICAL:root:탈론
CRITICAL:root:라이즈
CRITICAL:root:신지드
CRITICAL:root:사일러스
CRITICAL:root:카타리나
CRITICAL:root:칼리스타
CRITICAL:root:일라오이
CRITICAL:root:알리스타
CRITICAL:root:아칼리
CRITICAL:root:바이
CRITICAL:root:카사딘
CRITICAL:root:마스터 이
CRITICAL:root:벡스
CRITICAL:root:룰루
CRITICAL:root:진
CRITICAL:root:케이틀린
CRITICAL:root:스웨인
CRITICAL:root:바루스
CRITICAL:root:판테온
CRITICAL:root:라칸
CRITICAL:root:애쉬
CRITICAL:root:말자하
CRITICAL:root:잭스
CRITICAL:root:요네
CRITICAL:root:쓰레쉬
CRITICAL:root:아리
CRITICAL:root:아리 == 아리
CRITICAL:root:사미라
CRITICAL:root:이즈리얼
CRITICAL:root:진
CRITICAL:root:바루스
CRITICAL:root:바루스 == 바루스
CRITICAL:root:자크
CRITICAL:root:볼리베어
CRITICAL:root:스웨인
CRITICAL:root:이렐리아
CRITICAL:root:브랜드
CRITICAL:root:빅토르
CRITICAL:root:아리
CRITICAL:root:오른
CRITICAL:root:오른 == 오른
CRITICAL:root:에코
CRITICAL:root:제리
CRITICAL:root:릴리아
CRITICAL:root:카르마
CRITICAL:root:카이사
CRITICAL:root:징크스
CRITICAL:root:카시오페아
CRITICAL:root:자야
CRITICAL:root:이즈리얼
CRITICAL:root:스웨인
CRITICAL:root:아칼리
CRITICAL:root:진
CRITICAL:root:진 == 진
CRITICAL:root:세트
CRITICAL:root:제이스
CRITICAL:root:쓰레쉬
CRITICAL:root:라칸
CRITICAL:root:요네
CRITICAL:root:리 신
CRITICAL:root:럭스
CRITICAL:root:아우렐리온 솔
CRITICAL:root:사일러스
CRITICAL:root:사미라
CRITICAL:root:사미라 == 사미라
CRITICAL:root:그라가스
CRITICAL:root:자크
CRITICAL:root:자크 == 자크
CRITICAL:root:아펠리오스
CRITICAL:root:이즈리얼
CRITICAL:root:징크스
CRITICAL:root:진
CRITICAL:root:진 == 진
CRITICAL:root:비에고
CRITICAL:root:비에고 == 비에고
CRITICAL:root:마오카이
CRITICAL:root:마오카이 == 마오카이
CRITICAL:root:조이
CRITICAL:root:잔나
CRITICAL:root:아리
CRITICAL:root:스웨인
CRITICAL:root:니코
CRITICAL:root:샤코
CRITICAL:root:질리언
CRITICAL:root:베이가
CRITICAL:root:말자하
CRITICAL:root:애니비아
CRITICAL:root:제라스
CRITICAL:root:제라스 == 제라스
CRITICAL:root:애니비아
CRITICAL:root:요네
CRITICAL:root:리 신
CRITICAL:root:제드
CRITICAL:root:럭스
CRITICAL:root:자르반 4세
CRITICAL:root:베인
CRITICAL:root:베인 == 베인
CRITICAL:root:제이스
CRITICAL:root:제이스 == 제이스
CRITICAL:root:블리츠크랭크
CRITICAL:root:쓰레쉬
CRITICAL:root:진
CRITICAL:root:누누와 윌럼프
CRITICAL:root:누누와 윌럼프 == 누누와 윌럼프
CRITICAL:root:징크스
CRITICAL:root:이즈리얼
CRITICAL:root:자야
CRITICAL:root:바루스
CRITICAL:root:미스 포츈
CRITICAL:root:코그모
CRITICAL:root:코그모 == 코그모
CRITICAL:root:에코
CRITICAL:root:에코 == 에코
CRITICAL:root:진
CRITICAL:root:자야
CRITICAL:root:이즈리얼
CRITICAL:root:이즈리얼 == 이즈리얼
CRITICAL:root:이즈리얼
CRITICAL:root:빅토르
CRITICAL:root:트위스티드 페이트
CRITICAL:root:트위스티드 페이트 == 트위스티드 페이트
CRITICAL:root:애니
CRITICAL:root:스웨인
CRITICAL:root:오른
CRITICAL:root:자크
CRITICAL:root:애니비아
CRITICAL:root:세라핀
CRITICAL:root:세라핀 == 세라핀
CRITICAL:root:쓰레쉬
CRITICAL:root:쓰레쉬 == 쓰레쉬
CRITICAL:root:제드
CRITICAL:root:제이스
CRITICAL:root:요네
CRITICAL:root:아지르
CRITICAL:root:갱플랭크
CRITICAL:root:빅토르
CRITICAL:root:사일러스
CRITICAL:root:비에고
CRITICAL:root:야스오
CRITICAL:root:야스오 == 야스오
CRITICAL:root:아펠리오스
CRITICAL:root:루시안
CRITICAL:root:징크스
CRITICAL:root:제리
CRITICAL:root:제리 == 제리
CRITICAL:root:제드
CRITICAL:root:사일러스
CRITICAL:root:이렐리아
CRITICAL:root:이렐리아 == 이렐리아
CRITICAL:root:세트
CRITICAL:root:세트 == 세트
CRITICAL:root:제리
CRITICAL:root:이즈리얼
CRITICAL:root:이즈리얼 == 이즈리얼
CRITICAL:root:피오라
CRITICAL:root:피오라 == 피오라
CRITICAL:root:그레이브즈
CRITICAL:root:그라가스
CRITICAL:root:사일러스
CRITICAL:root:잭스
CRITICAL:root:카직스
CRITICAL:root:사미라
CRITICAL:root:크산테
CRITICAL:root:아트록스
CRITICAL:root:피즈
CRITICAL:root:오공
CRITICAL:root:아무무
CRITICAL:root:그웬
CRITICAL:root:마오카이
CRITICAL:root:제드
CRITICAL:root:쓰레쉬
CRITICAL:root:렉사이
CRITICAL:root:비에고
CRITICAL:root:샤코
CRITICAL:root:다리우스
CRITICAL:root:나서스
CRITICAL:root:일라오이
CRITICAL:root:요네
CRITICAL:root:요네 == 요네
CRITICAL:root:이즈리얼
CRITICAL:root:징크스
CRITICAL:root:자야
CRITICAL:root:아펠리오스
CRITICAL:root:루시안
CRITICAL:root:진
CRITICAL:root:카이사
CRITICAL:root:쓰레쉬
CRITICAL:root:쓰레쉬 == 쓰레쉬
CRITICAL:root:룰루
CRITICAL:root:밀리오
CRITICAL:root:카르마
CRITICAL:root:카르마 == 카르마
CRITICAL:root:제이스
CRITICAL:root:잭스
CRITICAL:root:레넥톤
CRITICAL:root:피오라
CRITICAL:root:그웬
CRITICAL:root:그라가스
CRITICAL:root:케넨
CRITICAL:root:갱플랭크
CRITICAL:root:갱플랭크 == 갱플랭크
CRITICAL:root:드레이븐
CRITICAL:root:갱플랭크
CRITICAL:root:럼블
CRITICAL:root:바루스
CRITICAL:root:트린다미어
CRITICAL:root:제이스
CRITICAL:root:리 신
CRITICAL:root:이즈리얼
CRITICAL:root:자야
CRITICAL:root:사미라
CRITICAL:root:카이사
CRITICAL:root:케일
CRITICAL:root:자르반 4세
CRITICAL:root:진
CRITICAL:root:크산테
CRITICAL:root:잭스
CRITICAL:root:요릭
CRITICAL:root:케인
CRITICAL:root:말파이트
CRITICAL:root:탈론
CRITICAL:root:제드
CRITICAL:root:나서스
CRITICAL:root:초가스
CRITICAL:root:트리스타나
CRITICAL:root:오공
CRITICAL:root:애쉬
CRITICAL:root:아지르
CRITICAL:root:트위스티드 페이트
CRITICAL:root:트위스티드 페이트 == 트위스티드 페이트
CRITICAL:root:카이사
CRITICAL:root:사미라
CRITICAL:root:진
CRITICAL:root:루시안
CRITICAL:root:징크스
CRITICAL:root:징크스 == 징크스
CRITICAL:root:애쉬
CRITICAL:root:세라핀
CRITICAL:root:하이머딩거
CRITICAL:root:룰루
CRITICAL:root:밀리오
CRITICAL:root:세나
CRITICAL:root:알리스타
CRITICAL:root:카르마
CRITICAL:root:나미
CRITICAL:root:브라움
CRITICAL:root:쉔
CRITICAL:root:라칸
CRITICAL:root:라칸 == 라칸
CRITICAL:root:카타리나
CRITICAL:root:카타리나 == 카타리나
CRITICAL:root:카이사
CRITICAL:root:징크스
CRITICAL:root:진
CRITICAL:root:이즈리얼
CRITICAL:root:리 신
CRITICAL:root:나르
CRITICAL:root:케이틀린
CRITICAL:root:피오라
CRITICAL:root:사일러스
CRITICAL:root:루시안
CRITICAL:root:자야
CRITICAL:root:이렐리아
CRITICAL:root:쓰레쉬
CRITICAL:root:요네
CRITICAL:root:요네 == 요네
CRITICAL:root:제리
CRITICAL:root:제리 == 제리
CRITICAL:root:아크샨
CRITICAL:root:아크샨 == 아크샨
CRITICAL:root:리 신
CRITICAL:root:니달리
CRITICAL:root:니달리 == 니달리
CRITICAL:root:제이스
CRITICAL:root:제이스 == 제이스
CRITICAL:root:아크샨
CRITICAL:root:카직스
CRITICAL:root:카직스 == 카직스
CRITICAL:root:나미
CRITICAL:root:드레이븐
CRITICAL:root:쓰레쉬
CRITICAL:root:룰루
CRITICAL:root:제이스
CRITICAL:root:갱플랭크
CRITICAL:root:그라가스
CRITICAL:root:라이즈
CRITICAL:root:비에고
CRITICAL:root:파이크
CRITICAL:root:노틸러스
CRITICAL:root:그레이브즈
CRITICAL:root:라칸
CRITICAL:root:브라움
CRITICAL:root:잭스
CRITICAL:root:리 신
CRITICAL:root:카서스
CRITICAL:root:질리언
CRITICAL:root:질리언 == 질리언
CRITICAL:root:트위스티드 페이트
CRITICAL:root:말파이트
CRITICAL:root:진
CRITICAL:root:사일러스
CRITICAL:root:리산드라
CRITICAL:root:이렐리아
CRITICAL:root:애쉬
CRITICAL:root:벡스
CRITICAL:root:잭스
CRITICAL:root:자야
CRITICAL:root:아리
CRITICAL:root:카이사
CRITICAL:root:이즈리얼
CRITICAL:root:제이스
CRITICAL:root:노틸러스
CRITICAL:root:카사딘
CRITICAL:root:나서스
CRITICAL:root:카르마
CRITICAL:root:쉔
CRITICAL:root:쓰레쉬
CRITICAL:root:라이즈
CRITICAL:root:블라디미르
CRITICAL:root:판테온
CRITICAL:root:레넥톤
CRITICAL:root:사미라
CRITICAL:root:카시오페아
CRITICAL:root:초가스
CRITICAL:root:모르가나
CRITICAL:root:르블랑
CRITICAL:root:르블랑 == 르블랑
CRITICAL:root:닐라
CRITICAL:root:진
CRITICAL:root:세나
CRITICAL:root:세나 == 세나
CRITICAL:root:제리
CRITICAL:root:루시안
CRITICAL:root:아펠리오스
CRITICAL:root:바루스
CRITICAL:root:이즈리얼
CRITICAL:root:이즈리얼 == 이즈리얼
CRITICAL:root:아리
CRITICAL:root:르블랑
CRITICAL:root:이렐리아
CRITICAL:root:애쉬
CRITICAL:root:빅토르
CRITICAL:root:요네
CRITICAL:root:카이사
CRITICAL:root:이즈리얼
CRITICAL:root:사일러스
CRITICAL:root:카사딘
CRITICAL:root:케이틀린
CRITICAL:root:리 신
CRITICAL:root:럭스
CRITICAL:root:카시오페아
CRITICAL:root:카시오페아 == 카시오페아
CRITICAL:root:피들스틱
CRITICAL:root:피들스틱 == 피들스틱
CRITICAL:root:리 신
CRITICAL:root:바이
CRITICAL:root:카직스
CRITICAL:root:케인
CRITICAL:root:볼리베어
CRITICAL:root:진
CRITICAL:root:비에고
CRITICAL:root:그라가스
CRITICAL:root:탈론
CRITICAL:root:요네
CRITICAL:root:바루스
CRITICAL:root:벨베스
CRITICAL:root:그레이브즈
CRITICAL:root:제드
CRITICAL:root:제드 == 제드
CRITICAL:root:이즈리얼
CRITICAL:root:루시안
CRITICAL:root:제리
CRITICAL:root:자야
CRITICAL:root:징크스
CRITICAL:root:코그모
CRITICAL:root:진
CRITICAL:root:바루스
CRITICAL:root:애쉬
CRITICAL:root:판테온
CRITICAL:root:제라스
CRITICAL:root:리 신
CRITICAL:root:아리
CRITICAL:root:애니
CRITICAL:root:애니 == 애니
CRITICAL:root:르블랑
CRITICAL:root:이렐리아
CRITICAL:root:아칼리
CRITICAL:root:리 신
CRITICAL:root:사일러스
CRITICAL:root:제이스
CRITICAL:root:카사딘
CRITICAL:root:루시안
CRITICAL:root:요네
CRITICAL:root:비에고
CRITICAL:root:빅토르
CRITICAL:root:이즈리얼
CRITICAL:root:피오라
CRITICAL:root:스웨인
CRITICAL:root:아트록스
CRITICAL:root:애쉬
CRITICAL:root:엘리스
CRITICAL:root:신드라
CRITICAL:root:벡스
CRITICAL:root:트위스티드 페이트
CRITICAL:root:트위스티드 페이트 == 트위스티드 페이트
CRITICAL:root:리 신
CRITICAL:root:리 신 == 리 신
CRITICAL:root:애쉬
CRITICAL:root:아리
CRITICAL:root:이즈리얼
CRITICAL:root:이즈리얼 == 이즈리얼
CRITICAL:root:니달리
CRITICAL:root:렉사이
CRITICAL:root:리 신
CRITICAL:root:카직스
CRITICAL:root:킨드레드
CRITICAL:root:탈론
CRITICAL:root:카서스
CRITICAL:root:엘리스
CRITICAL:root:트위치
CRITICAL:root:라칸
CRITICAL:root:사이온
CRITICAL:root:그레이브즈
CRITICAL:root:그레이브즈 == 그레이브즈
CRITICAL:root:에코
CRITICAL:root:리 신
CRITICAL:root:니달리
CRITICAL:root:니달리 == 니달리
CRITICAL:root:말자하
CRITICAL:root:말자하 == 말자하
CRITICAL:root:탈론
CRITICAL:root:탈론 == 탈론
CRITICAL:root:케일 44762 1553
CRITICAL:root:Traceback (most recent call last):
  File "/Users/nicode./MainSpace/BigDataTermendProject/OpggProficiencyCrawler.py", line 35, in <module>
    cnn = elem.select_one("td:nth-child(2) > div.champion-container > div.summoner-name > a").text
AttributeError: 'NoneType' object has no attribute 'text'

CRITICAL:root:카르마
CRITICAL:root:카르마 == 카르마
CRITICAL:root:리 신
CRITICAL:root:그레이브즈
CRITICAL:root:마오카이
CRITICAL:root:니코
CRITICAL:root:이즈리얼
CRITICAL:root:사일러스
CRITICAL:root:벨베스
CRITICAL:root:그라가스
CRITICAL:root:다이애나
CRITICAL:root:바루스
CRITICAL:root:뽀삐
CRITICAL:root:카서스
CRITICAL:root:진
CRITICAL:root:드레이븐
CRITICAL:root:에코
CRITICAL:root:아펠리오스
CRITICAL:root:제이스
CRITICAL:root:베인
CRITICAL:root:케인
CRITICAL:root:마스터 이
CRITICAL:root:킨드레드
CRITICAL:root:우디르
CRITICAL:root:이렐리아
CRITICAL:root:잭스
CRITICAL:root:카밀
CRITICAL:root:트런들
CRITICAL:root:피들스틱
CRITICAL:root:이블린
CRITICAL:root:자크
CRITICAL:root:트리스타나
CRITICAL:root:제드
CRITICAL:root:엘리스
CRITICAL:root:니달리
CRITICAL:root:탈리야
CRITICAL:root:카직스
CRITICAL:root:갱플랭크
CRITICAL:root:자르반 4세
CRITICAL:root:피오라
CRITICAL:root:쉬바나
CRITICAL:root:비에고
CRITICAL:root:렝가
CRITICAL:root:렝가 == 렝가
CRITICAL:root:아지르
CRITICAL:root:아지르 == 아지르
CRITICAL:root:야스오
CRITICAL:root:제이스
CRITICAL:root:리 신
CRITICAL:root:요네
CRITICAL:root:카직스
CRITICAL:root:아칼리
CRITICAL:root:제드
CRITICAL:root:엘리스
CRITICAL:root:루시안
CRITICAL:root:이렐리아
CRITICAL:root:카시오페아
CRITICAL:root:럼블
CRITICAL:root:피즈
CRITICAL:root:피즈 == 피즈
CRITICAL:root:사일러스
CRITICAL:root:에코
CRITICAL:root:카직스
CRITICAL:root:야스오
CRITICAL:root:비에고
CRITICAL:root:이렐리아
CRITICAL:root:요네
CRITICAL:root:마스터 이
CRITICAL:root:피즈
CRITICAL:root:그웬
CRITICAL:root:그라가스
CRITICAL:root:그라가스 == 그라가스
CRITICAL:root:진
CRITICAL:root:밀리오
CRITICAL:root:밀리오 == 밀리오
CRITICAL:root:요네
CRITICAL:root:요네 == 요네
CRITICAL:root:카이사
CRITICAL:root:이즈리얼
CRITICAL:root:루시안
CRITICAL:root:탈론
CRITICAL:root:사미라
CRITICAL:root:케인
CRITICAL:root:바루스
CRITICAL:root:아펠리오스
CRITICAL:root:엘리스
CRITICAL:root:제드
CRITICAL:root:징크스
CRITICAL:root:키아나
CRITICAL:root:자야
CRITICAL:root:아칼리
CRITICAL:root:판테온
CRITICAL:root:케이틀린
CRITICAL:root:이렐리아
CRITICAL:root:사일러스
CRITICAL:root:애쉬
CRITICAL:root:아리
CRITICAL:root:코그모
CRITICAL:root:진
CRITICAL:root:진 == 진
CRITICAL:root:사미라
CRITICAL:root:징크스
CRITICAL:root:카이사
CRITICAL:root:판테온
CRITICAL:root:이즈리얼
CRITICAL:root:제리
CRITICAL:root:자야
CRITICAL:root:블리츠크랭크
CRITICAL:root:루시안
CRITICAL:root:진
CRITICAL:root:진 == 진
CRITICAL:root:크산테
CRITICAL:root:야스오
CRITICAL:root:이렐리아
CRITICAL:root:탈리야
CRITICAL:root:문도 박사
CRITICAL:root:카서스
CRITICAL:root:이즈리얼
CRITICAL:root:요네
CRITICAL:root:리 신
CRITICAL:root:리 신 == 리 신
CRITICAL:root:사미라
CRITICAL:root:사일러스
CRITICAL:root:자야
CRITICAL:root:이즈리얼
CRITICAL:root:징크스
CRITICAL:root:징크스 == 징크스
CRITICAL:root:다이애나
CRITICAL:root:다이애나 == 다이애나
CRITICAL:root:아펠리오스
CRITICAL:root:이즈리얼
CRITICAL:root:진
CRITICAL:root:케이틀린
CRITICAL:root:쓰레쉬
CRITICAL:root:자야
CRITICAL:root:루시안
CRITICAL:root:루시안 == 루시안
CRITICAL:root:제이스
CRITICAL:root:크산테
CRITICAL:root:아칼리
CRITICAL:root:피오라
CRITICAL:root:아리
CRITICAL:root:아트록스
CRITICAL:root:아트록스 == 아트록스
CRITICAL:root:사미라
CRITICAL:root:아펠리오스
CRITICAL:root:자야
CRITICAL:root:제리
CRITICAL:root:카이사
CRITICAL:root:징크스
CRITICAL:root:진
CRITICAL:root:바루스
CRITICAL:root:이즈리얼
CRITICAL:root:루시안
CRITICAL:root:베인
CRITICAL:root:케이틀린
CRITICAL:root:닐라
CRITICAL:root:모데카이저
CRITICAL:root:시비르
CRITICAL:root:트위치
CRITICAL:root:애쉬
CRITICAL:root:노틸러스
CRITICAL:root:레나타 글라스크
CRITICAL:root:쓰레쉬
CRITICAL:root:칼리스타
CRITICAL:root:칼리스타 == 칼리스타
CRITICAL:root:쓰레쉬
CRITICAL:root:밀리오
CRITICAL:root:노틸러스
CRITICAL:root:나미
CRITICAL:root:모르가나
CRITICAL:root:알리스타
CRITICAL:root:애쉬
CRITICAL:root:룰루
CRITICAL:root:블리츠크랭크
CRITICAL:root:세라핀
CRITICAL:root:유미
CRITICAL:root:라칸
CRITICAL:root:세나
CRITICAL:root:아무무
CRITICAL:root:카르마
CRITICAL:root:브라움
CRITICAL:root:럭스
CRITICAL:root:레오나
CRITICAL:root:레오나 == 레오나
CRITICAL:root:리 신
CRITICAL:root:리 신 == 리 신
CRITICAL:root:아지르
CRITICAL:root:야스오
CRITICAL:root:사일러스
CRITICAL:root:르블랑
CRITICAL:root:르블랑 == 르블랑
CRITICAL:root:직스
CRITICAL:root:직스 == 직스
CRITICAL:root:탈론
CRITICAL:root:탈론 == 탈론
CRITICAL:root:피오라
CRITICAL:root:트린다미어
CRITICAL:root:트린다미어 == 트린다미어
CRITICAL:root:럼블
CRITICAL:root:나서스
CRITICAL:root:일라오이
CRITICAL:root:아트록스
CRITICAL:root:알리스타
CRITICAL:root:제이스
CRITICAL:root:말파이트
CRITICAL:root:트런들
CRITICAL:root:리 신
CRITICAL:root:다리우스
CRITICAL:root:징크스
CRITICAL:root:징크스 == 징크스
CRITICAL:root:아펠리오스
CRITICAL:root:카이사
CRITICAL:root:루시안
CRITICAL:root:제리
CRITICAL:root:사미라
CRITICAL:root:사미라 == 사미라
CRITICAL:root:자크
CRITICAL:root:볼리베어
CRITICAL:root:리 신
CRITICAL:root:올라프
CRITICAL:root:자르반 4세
CRITICAL:root:루시안
CRITICAL:root:사일러스
CRITICAL:root:엘리스
CRITICAL:root:트런들
CRITICAL:root:헤카림
CRITICAL:root:녹턴
CRITICAL:root:야스오
CRITICAL:root:파이크
CRITICAL:root:가렌
CRITICAL:root:레넥톤
CRITICAL:root:판테온
CRITICAL:root:마스터 이
CRITICAL:root:그레이브즈
CRITICAL:root:그레이브즈 == 그레이브즈
CRITICAL:root:알리스타
CRITICAL:root:알리스타 == 알리스타
CRITICAL:root:갱플랭크
CRITICAL:root:징크스
CRITICAL:root:제이스
CRITICAL:root:아펠리오스
CRITICAL:root:럼블
CRITICAL:root:애쉬
CRITICAL:root:크산테
CRITICAL:root:그라가스
CRITICAL:root:루시안
CRITICAL:root:루시안 == 루시안
CRITICAL:root:피들스틱
CRITICAL:root:피들스틱 == 피들스틱
CRITICAL:root:카시오페아
CRITICAL:root:카시오페아 == 카시오페아
CRITICAL:root:판테온
CRITICAL:root:사일러스
CRITICAL:root:아리
CRITICAL:root:리 신
CRITICAL:root:케넨
CRITICAL:root:이블린
CRITICAL:root:야스오
CRITICAL:root:바루스
CRITICAL:root:아칼리
CRITICAL:root:르블랑
CRITICAL:root:제드
CRITICAL:root:엘리스
CRITICAL:root:피오라
CRITICAL:root:카시오페아
CRITICAL:root:블리츠크랭크
CRITICAL:root:라이즈
CRITICAL:root:다이애나
CRITICAL:root:이렐리아
CRITICAL:root:에코
CRITICAL:root:베인
CRITICAL:root:릴리아
CRITICAL:root:니달리
CRITICAL:root:럭스
CRITICAL:root:람머스
CRITICAL:root:제라스
CRITICAL:root:제라스 == 제라스
CRITICAL:root:트린다미어
CRITICAL:root:트린다미어 == 트린다미어
CRITICAL:root:우르곳
CRITICAL:root:우르곳 == 우르곳
CRITICAL:root:블리츠크랭크
CRITICAL:root:쓰레쉬
CRITICAL:root:노틸러스
CRITICAL:root:알리스타
CRITICAL:root:오른
CRITICAL:root:아무무
CRITICAL:root:라칸
CRITICAL:root:라칸 == 라칸
CRITICAL:root:키아나
CRITICAL:root:키아나 == 키아나
CRITICAL:root:코그모
CRITICAL:root:코그모 == 코그모
CRITICAL:root:애쉬
CRITICAL:root:세나
CRITICAL:root:소나
CRITICAL:root:밀리오
CRITICAL:root:밀리오 == 밀리오
CRITICAL:root:자야
CRITICAL:root:자야 == 자야
CRITICAL:root:탈론
CRITICAL:root:에코
CRITICAL:root:아크샨
CRITICAL:root:카이사
CRITICAL:root:제드
CRITICAL:root:제드 == 제드
CRITICAL:root:마스터 이
CRITICAL:root:카밀
CRITICAL:root:세트
CRITICAL:root:케이틀린
CRITICAL:root:요네
CRITICAL:root:제이스
CRITICAL:root:아트록스
CRITICAL:root:아트록스 == 아트록스
CRITICAL:root:말파이트
CRITICAL:root:쓰레쉬
CRITICAL:root:쉔
CRITICAL:root:카르마
CRITICAL:root:알리스타
CRITICAL:root:레넥톤
CRITICAL:root:모르가나
CRITICAL:root:모르가나 == 모르가나
CRITICAL:root:카이사
CRITICAL:root:라칸
CRITICAL:root:신드라
CRITICAL:root:신드라 == 신드라
CRITICAL:root:밀리오
CRITICAL:root:밀리오 == 밀리오
CRITICAL:root:그레이브즈
CRITICAL:root:킨드레드
CRITICAL:root:트위스티드 페이트
CRITICAL:root:카직스
CRITICAL:root:카직스 == 카직스
CRITICAL:root:카서스
CRITICAL:root:카이사
CRITICAL:root:이즈리얼
CRITICAL:root:사미라
CRITICAL:root:사미라 == 사미라
CRITICAL:root:키아나
CRITICAL:root:사일러스
CRITICAL:root:리 신
CRITICAL:root:니달리
CRITICAL:root:아펠리오스
CRITICAL:root:이즈리얼
CRITICAL:root:판테온
CRITICAL:root:이렐리아
CRITICAL:root:르블랑
CRITICAL:root:카이사
CRITICAL:root:그라가스
CRITICAL:root:케이틀린
CRITICAL:root:징크스
CRITICAL:root:카서스
CRITICAL:root:케인
CRITICAL:root:유미
CRITICAL:root:카직스
CRITICAL:root:조이
CRITICAL:root:바루스
CRITICAL:root:다이애나
CRITICAL:root:카르마
CRITICAL:root:진
CRITICAL:root:사미라
CRITICAL:root:카타리나
CRITICAL:root:엘리스
CRITICAL:root:갱플랭크
CRITICAL:root:아칼리
CRITICAL:root:자야
CRITICAL:root:쓰레쉬
CRITICAL:root:아리
CRITICAL:root:녹턴
CRITICAL:root:자르반 4세
CRITICAL:root:럼블
CRITICAL:root:트위스티드 페이트
CRITICAL:root:그레이브즈
CRITICAL:root:밀리오
CRITICAL:root:피오라
CRITICAL:root:비에고
CRITICAL:root:제이스
CRITICAL:root:파이크
CRITICAL:root:아크샨
CRITICAL:root:신드라
CRITICAL:root:바드
CRITICAL:root:코그모
CRITICAL:root:루시안
CRITICAL:root:바이
CRITICAL:root:바이 == 바이
CRITICAL:root:마오카이
CRITICAL:root:쓰레쉬
CRITICAL:root:리 신
CRITICAL:root:니달리
CRITICAL:root:이렐리아
CRITICAL:root:이즈리얼
CRITICAL:root:피오라
CRITICAL:root:제이스
CRITICAL:root:뽀삐
CRITICAL:root:카직스
CRITICAL:root:카서스
CRITICAL:root:탈리야
CRITICAL:root:사일러스
CRITICAL:root:자야
CRITICAL:root:르블랑
CRITICAL:root:말파이트
CRITICAL:root:제리
CRITICAL:root:헤카림
CRITICAL:root:트리스타나
CRITICAL:root:잭스
CRITICAL:root:블리츠크랭크
CRITICAL:root:요네
CRITICAL:root:그라가스
CRITICAL:root:그라가스 == 그라가스
CRITICAL:root:갈리오
CRITICAL:root:갈리오 == 갈리오
CRITICAL:root:이즈리얼
CRITICAL:root:파이크
CRITICAL:root:트위스티드 페이트
CRITICAL:root:진
CRITICAL:root:제드
CRITICAL:root:야스오
CRITICAL:root:바루스
CRITICAL:root:블리츠크랭크
CRITICAL:root:그라가스
CRITICAL:root:제이스
CRITICAL:root:드레이븐
CRITICAL:root:쓰레쉬
CRITICAL:root:말자하
CRITICAL:root:리 신
CRITICAL:root:요네
CRITICAL:root:뽀삐
CRITICAL:root:아펠리오스
CRITICAL:root:빅토르
CRITICAL:root:자야
CRITICAL:root:그레이브즈
CRITICAL:root:마오카이
CRITICAL:root:샤코
CRITICAL:root:탈론
CRITICAL:root:레넥톤
CRITICAL:root:노틸러스
CRITICAL:root:아우렐리온 솔
CRITICAL:root:케이틀린
CRITICAL:root:징크스
CRITICAL:root:카시오페아
CRITICAL:root:갱플랭크
CRITICAL:root:카이사
CRITICAL:root:조이
CRITICAL:root:아크샨
CRITICAL:root:알리스타
CRITICAL:root:리산드라
CRITICAL:root:아지르
CRITICAL:root:사일러스
CRITICAL:root:아리
CRITICAL:root:르블랑
CRITICAL:root:피즈
CRITICAL:root:판테온
CRITICAL:root:케넨
CRITICAL:root:엘리스
CRITICAL:root:아무무
CRITICAL:root:자르반 4세
CRITICAL:root:에코
CRITICAL:root:크산테
CRITICAL:root:니코
CRITICAL:root:마스터 이
CRITICAL:root:잭스
CRITICAL:root:애쉬
CRITICAL:root:스웨인
CRITICAL:root:제리
CRITICAL:root:루시안
CRITICAL:root:비에고
CRITICAL:root:럭스
CRITICAL:root:베이가
CRITICAL:root:카사딘
CRITICAL:root:말파이트
CRITICAL:root:럼블
CRITICAL:root:오리아나
CRITICAL:root:신드라
CRITICAL:root:카직스
CRITICAL:root:키아나
CRITICAL:root:렝가
CRITICAL:root:렝가 == 렝가
CRITICAL:root:샤코
CRITICAL:root:아이번
CRITICAL:root:케인
CRITICAL:root:케인 == 케인
CRITICAL:root:나르
CRITICAL:root:카밀
CRITICAL:root:카밀 == 카밀
CRITICAL:root:진
CRITICAL:root:자야
CRITICAL:root:케이틀린
CRITICAL:root:바루스
CRITICAL:root:징크스
CRITICAL:root:르블랑
CRITICAL:root:르블랑 == 르블랑
CRITICAL:root:피즈
CRITICAL:root:아크샨
CRITICAL:root:그레이브즈
CRITICAL:root:신드라
CRITICAL:root:카직스
CRITICAL:root:킨드레드
CRITICAL:root:엘리스
CRITICAL:root:렉사이
CRITICAL:root:렉사이 == 렉사이
CRITICAL:root:이즈리얼
CRITICAL:root:자르반 4세
CRITICAL:root:제리
CRITICAL:root:제리 == 제리
CRITICAL:root:잔나
CRITICAL:root:드레이븐
CRITICAL:root:아펠리오스
CRITICAL:root:코그모
CRITICAL:root:코그모 == 코그모
CRITICAL:root:트리스타나
CRITICAL:root:진
CRITICAL:root:이즈리얼
CRITICAL:root:코그모
CRITICAL:root:케이틀린
CRITICAL:root:아이번
CRITICAL:root:마오카이
CRITICAL:root:애쉬
CRITICAL:root:칼리스타
CRITICAL:root:바루스
CRITICAL:root:케인
CRITICAL:root:제리
CRITICAL:root:루시안
CRITICAL:root:아펠리오스
CRITICAL:root:트런들
CRITICAL:root:미스 포츈
CRITICAL:root:징크스
CRITICAL:root:세주아니
CRITICAL:root:피즈
CRITICAL:root:오리아나
CRITICAL:root:오리아나 == 오리아나
CRITICAL:root:럭스
CRITICAL:root:아리
CRITICAL:root:아리 == 아리
CRITICAL:root:자르반 4세
CRITICAL:root:헤카림
CRITICAL:root:헤카림 == 헤카림
CRITICAL:root:갱플랭크
CRITICAL:root:갱플랭크 == 갱플랭크
CRITICAL:root:레넥톤
CRITICAL:root:제이스
CRITICAL:root:아트록스
CRITICAL:root:니달리
CRITICAL:root:니달리 == 니달리
CRITICAL:root:잭스
CRITICAL:root:잭스 == 잭스
CRITICAL:root:아펠리오스
CRITICAL:root:제리
CRITICAL:root:루시안
CRITICAL:root:바루스
CRITICAL:root:징크스
CRITICAL:root:징크스 == 징크스
CRITICAL:root:유미
CRITICAL:root:유미 == 유미
CRITICAL:root:쓰레쉬
CRITICAL:root:쓰레쉬 == 쓰레쉬
CRITICAL:root:요네
CRITICAL:root:쓰레쉬
CRITICAL:root:탐 켄치
CRITICAL:root:탐 켄치 == 탐 켄치
CRITICAL:root:비에고
CRITICAL:root:비에고 == 비에고
CRITICAL:root:오른
CRITICAL:root:라칸
CRITICAL:root:노틸러스
CRITICAL:root:룰루
CRITICAL:root:밀리오
CRITICAL:root:쓰레쉬
CRITICAL:root:쓰레쉬 == 쓰레쉬
CRITICAL:root:아크샨
CRITICAL:root:아크샨 == 아크샨
CRITICAL:root:리산드라
CRITICAL:root:리산드라 == 리산드라
CRITICAL:root:세나
CRITICAL:root:징크스
CRITICAL:root:시비르
CRITICAL:root:사미라
CRITICAL:root:진
CRITICAL:root:자야
CRITICAL:root:루시안
CRITICAL:root:카이사
CRITICAL:root:카이사 == 카이사
CRITICAL:root:오른
CRITICAL:root:오른 == 오른
CRITICAL:root:루시안
CRITICAL:root:루시안 == 루시안
CRITICAL:root:사이온
CRITICAL:root:사이온 == 사이온
CRITICAL:root:아칼리
CRITICAL:root:아칼리 == 아칼리
CRITICAL:root:블리츠크랭크
CRITICAL:root:블리츠크랭크 == 블리츠크랭크
CRITICAL:root:카이사
CRITICAL:root:카이사 == 카이사
CRITICAL:root:진
CRITICAL:root:사미라
CRITICAL:root:사미라 == 사미라
CRITICAL:root:제드
CRITICAL:root:키아나
CRITICAL:root:아리
CRITICAL:root:아리 == 아리
CRITICAL:root:이즈리얼
CRITICAL:root:이즈리얼 == 이즈리얼
CRITICAL:root:카시오페아
CRITICAL:root:카시오페아 == 카시오페아
CRITICAL:root:징크스
CRITICAL:root:바루스
CRITICAL:root:케이틀린
CRITICAL:root:자야
CRITICAL:root:진
CRITICAL:root:진 == 진
CRITICAL:root:벨베스
CRITICAL:root:이즈리얼
CRITICAL:root:아펠리오스
CRITICAL:root:루시안
CRITICAL:root:애니
CRITICAL:root:트위치
CRITICAL:root:벡스
CRITICAL:root:바루스
CRITICAL:root:진
CRITICAL:root:카이사
CRITICAL:root:자이라
CRITICAL:root:카시오페아
CRITICAL:root:럼블
CRITICAL:root:트위스티드 페이트
CRITICAL:root:사미라
CRITICAL:root:애쉬
CRITICAL:root:헤카림
CRITICAL:root:레넥톤
CRITICAL:root:제라스
CRITICAL:root:엘리스
CRITICAL:root:바이
CRITICAL:root:마오카이
CRITICAL:root:코그모
CRITICAL:root:드레이븐
CRITICAL:root:시비르
CRITICAL:root:미스 포츈
CRITICAL:root:르블랑
CRITICAL:root:트리스타나
CRITICAL:root:오리아나
CRITICAL:root:노틸러스
CRITICAL:root:니코
CRITICAL:root:조이
CRITICAL:root:킨드레드
CRITICAL:root:킨드레드 == 킨드레드
CRITICAL:root:니달리
CRITICAL:root:아펠리오스
CRITICAL:root:카서스
CRITICAL:root:리 신
CRITICAL:root:이즈리얼
CRITICAL:root:탈론
CRITICAL:root:비에고
CRITICAL:root:카이사
CRITICAL:root:이렐리아
CRITICAL:root:루시안
CRITICAL:root:루시안 == 루시안
CRITICAL:root:사일러스
CRITICAL:root:아크샨
CRITICAL:root:아리
CRITICAL:root:판테온
CRITICAL:root:벡스
CRITICAL:root:요네
CRITICAL:root:베이가
CRITICAL:root:뽀삐
CRITICAL:root:리산드라
CRITICAL:root:야스오
CRITICAL:root:케넨
CRITICAL:root:벨베스
CRITICAL:root:벨베스 == 벨베스
CRITICAL:root:카타리나
CRITICAL:root:카타리나 == 카타리나
CRITICAL:root:유미
CRITICAL:root:유미 == 유미
CRITICAL:root:스웨인
CRITICAL:root:스웨인 == 스웨인
CRITICAL:root:럼블
CRITICAL:root:트위스티드 페이트
CRITICAL:root:판테온
CRITICAL:root:판테온 == 판테온
CRITICAL:root:가렌
CRITICAL:root:세트
CRITICAL:root:모데카이저
CRITICAL:root:다리우스
CRITICAL:root:다리우스 == 다리우스
CRITICAL:root:이렐리아
CRITICAL:root:사일러스
CRITICAL:root:드레이븐
CRITICAL:root:세트
CRITICAL:root:카르마
CRITICAL:root:아펠리오스
CRITICAL:root:카이사
CRITICAL:root:요네
CRITICAL:root:오른
CRITICAL:root:일라오이
CRITICAL:root:이즈리얼
CRITICAL:root:이즈리얼 == 이즈리얼
CRITICAL:root:럭스
CRITICAL:root:소라카
CRITICAL:root:카서스
CRITICAL:root:리 신
CRITICAL:root:리 신 == 리 신
CRITICAL:root:카이사
CRITICAL:root:케이틀린
CRITICAL:root:케이틀린 == 케이틀린
CRITICAL:root:닐라
CRITICAL:root:닐라 == 닐라
CRITICAL:root:징크스
CRITICAL:root:이즈리얼
CRITICAL:root:자야
CRITICAL:root:카이사
CRITICAL:root:진
CRITICAL:root:케이틀린
CRITICAL:root:케이틀린 == 케이틀린
CRITICAL:root:카이사
CRITICAL:root:베이가
CRITICAL:root:이즈리얼
CRITICAL:root:루시안
CRITICAL:root:제리
CRITICAL:root:세나
CRITICAL:root:사일러스
CRITICAL:root:요네
CRITICAL:root:리븐
CRITICAL:root:리 신
CRITICAL:root:비에고
CRITICAL:root:바루스
CRITICAL:root:아무무
CRITICAL:root:킨드레드
CRITICAL:root:킨드레드 == 킨드레드
CRITICAL:root:바루스
CRITICAL:root:징크스
CRITICAL:root:자야
CRITICAL:root:이즈리얼
CRITICAL:root:이즈리얼 == 이즈리얼
CRITICAL:root:세나
CRITICAL:root:제라스
CRITICAL:root:제라스 == 제라스
CRITICAL:root:세나
CRITICAL:root:세나 == 세나
CRITICAL:root:징크스
CRITICAL:root:징크스 == 징크스
CRITICAL:root:룰루
CRITICAL:root:소라카
CRITICAL:root:유미
CRITICAL:root:자이라
CRITICAL:root:아무무
CRITICAL:root:애쉬
CRITICAL:root:나미
CRITICAL:root:밀리오
CRITICAL:root:밀리오 == 밀리오
CRITICAL:root:카이사
CRITICAL:root:진
CRITICAL:root:바루스
CRITICAL:root:자야
CRITICAL:root:자야 == 자야
CRITICAL:root:엘리스
CRITICAL:root:라칸
CRITICAL:root:바이
CRITICAL:root:노틸러스
CRITICAL:root:레오나
CRITICAL:root:에코
CRITICAL:root:카르마
CRITICAL:root:세주아니
CRITICAL:root:나미
CRITICAL:root:럭스
CRITICAL:root:비에고
CRITICAL:root:사이온
CRITICAL:root:유미
CRITICAL:root:유미 == 유미
CRITICAL:root:사일러스
CRITICAL:root:리 신
CRITICAL:root:리 신 == 리 신
CRITICAL:root:제드
CRITICAL:root:렝가
CRITICAL:root:진
CRITICAL:root:잭스
CRITICAL:root:크산테
CRITICAL:root:리 신
CRITICAL:root:피들스틱
CRITICAL:root:우디르
CRITICAL:root:말파이트
CRITICAL:root:요릭
CRITICAL:root:자크
CRITICAL:root:니코
CRITICAL:root:라칸
CRITICAL:root:쓰레쉬
CRITICAL:root:마오카이
CRITICAL:root:그레이브즈
CRITICAL:root:판테온
CRITICAL:root:이즈리얼
CRITICAL:root:케넨
CRITICAL:root:세주아니
CRITICAL:root:요네
CRITICAL:root:그라가스
CRITICAL:root:애니
CRITICAL:root:다리우스
CRITICAL:root:야스오
CRITICAL:root:엘리스
CRITICAL:root:럭스
CRITICAL:root:니달리
CRITICAL:root:나서스
CRITICAL:root:루시안
CRITICAL:root:알리스타
CRITICAL:root:르블랑
CRITICAL:root:카이사
CRITICAL:root:밀리오
CRITICAL:root:징크스
CRITICAL:root:카직스
CRITICAL:root:킨드레드
CRITICAL:root:아지르
CRITICAL:root:나미
CRITICAL:root:나미 == 나미
CRITICAL:root:아트록스
CRITICAL:root:아트록스 == 아트록스
CRITICAL:root:소라카
CRITICAL:root:소라카 == 소라카
CRITICAL:root:사미라
CRITICAL:root:카이사
CRITICAL:root:사일러스
CRITICAL:root:야스오
CRITICAL:root:이즈리얼
CRITICAL:root:자야
CRITICAL:root:케이틀린
CRITICAL:root:징크스
CRITICAL:root:이렐리아
CRITICAL:root:베인
CRITICAL:root:제리
CRITICAL:root:아우렐리온 솔
CRITICAL:root:코그모
CRITICAL:root:코그모 == 코그모
CRITICAL:root:아지르
CRITICAL:root:아우렐리온 솔
CRITICAL:root:아리
CRITICAL:root:빅토르
CRITICAL:root:신드라
CRITICAL:root:레넥톤
CRITICAL:root:오리아나
CRITICAL:root:그라가스
CRITICAL:root:탈리야
CRITICAL:root:럼블
CRITICAL:root:제이스
CRITICAL:root:갈리오
CRITICAL:root:갈리오 == 갈리오
CRITICAL:root:가렌
CRITICAL:root:가렌 == 가렌
CRITICAL:root:빅토르
CRITICAL:root:이렐리아
CRITICAL:root:리 신
CRITICAL:root:가렌
CRITICAL:root:아펠리오스
CRITICAL:root:제이스
CRITICAL:root:밀리오
CRITICAL:root:마스터 이
CRITICAL:root:쓰레쉬
CRITICAL:root:니달리
CRITICAL:root:그레이브즈
CRITICAL:root:제드
CRITICAL:root:레넥톤
CRITICAL:root:레넥톤 == 레넥톤
CRITICAL:root:피오라
CRITICAL:root:아트록스
CRITICAL:root:케넨
CRITICAL:root:그라가스
CRITICAL:root:라이즈
CRITICAL:root:아리
CRITICAL:root:요네
CRITICAL:root:요네 == 요네
CRITICAL:root:사미라
CRITICAL:root:아펠리오스
CRITICAL:root:징크스
CRITICAL:root:케이틀린
CRITICAL:root:카이사
CRITICAL:root:제리
CRITICAL:root:드레이븐
CRITICAL:root:비에고
CRITICAL:root:리 신
CRITICAL:root:이즈리얼
CRITICAL:root:사일러스
CRITICAL:root:사일러스 == 사일러스
CRITICAL:root:카타리나
CRITICAL:root:카타리나 == 카타리나
CRITICAL:root:아펠리오스
CRITICAL:root:볼리베어
CRITICAL:root:징크스
CRITICAL:root:자야
CRITICAL:root:카이사
CRITICAL:root:제리
CRITICAL:root:사미라
CRITICAL:root:진
CRITICAL:root:마오카이
CRITICAL:root:이즈리얼
CRITICAL:root:애쉬
CRITICAL:root:루시안
CRITICAL:root:루시안 == 루시안
CRITICAL:root:다이애나
CRITICAL:root:카시오페아
CRITICAL:root:파이크
CRITICAL:root:갈리오
CRITICAL:root:갈리오 == 갈리오
CRITICAL:root:카르마
CRITICAL:root:진
CRITICAL:root:루시안
CRITICAL:root:케이틀린
CRITICAL:root:바루스
CRITICAL:root:밀리오
CRITICAL:root:밀리오 == 밀리오
CRITICAL:root:아우렐리온 솔
CRITICAL:root:제드
CRITICAL:root:르블랑
CRITICAL:root:사일러스
CRITICAL:root:판테온
CRITICAL:root:빅토르
CRITICAL:root:말자하
CRITICAL:root:야스오
CRITICAL:root:말파이트
CRITICAL:root:그라가스
CRITICAL:root:아리
CRITICAL:root:초가스
CRITICAL:root:신지드
CRITICAL:root:애니
CRITICAL:root:카시오페아
CRITICAL:root:리 신
CRITICAL:root:라이즈
CRITICAL:root:애니비아
CRITICAL:root:요네
CRITICAL:root:리산드라
CRITICAL:root:크산테
CRITICAL:root:자르반 4세
CRITICAL:root:피오라
CRITICAL:root:벡스
CRITICAL:root:스웨인
CRITICAL:root:마오카이
CRITICAL:root:사미라
CRITICAL:root:사이온
CRITICAL:root:그레이브즈
CRITICAL:root:엘리스
CRITICAL:root:쓰레쉬
CRITICAL:root:릴리아
CRITICAL:root:자크
CRITICAL:root:탐 켄치
CRITICAL:root:코르키
CRITICAL:root:브랜드
CRITICAL:root:제라스
CRITICAL:root:뽀삐
CRITICAL:root:블리츠크랭크
CRITICAL:root:케이틀린
CRITICAL:root:케일
CRITICAL:root:워윅
CRITICAL:root:알리스타
CRITICAL:root:세나
CRITICAL:root:그웬
CRITICAL:root:베이가
CRITICAL:root:이렐리아
CRITICAL:root:트위치
CRITICAL:root:신 짜오
CRITICAL:root:카사딘
CRITICAL:root:일라오이
CRITICAL:root:우르곳
CRITICAL:root:우르곳 == 우르곳
CRITICAL:root:애쉬
CRITICAL:root:애쉬 == 애쉬
CRITICAL:root:조이
CRITICAL:root:조이 == 조이
CRITICAL:root:빅토르
CRITICAL:root:라이즈
CRITICAL:root:탈리야
CRITICAL:root:트위스티드 페이트
CRITICAL:root:카사딘
CRITICAL:root:마오카이
CRITICAL:root:벡스
CRITICAL:root:조이
CRITICAL:root:그라가스
CRITICAL:root:바이
CRITICAL:root:코르키
CRITICAL:root:오리아나
CRITICAL:root:갈리오
CRITICAL:root:말자하
CRITICAL:root:바루스
CRITICAL:root:신드라
CRITICAL:root:세주아니
CRITICAL:root:룰루
CRITICAL:root:유미
CRITICAL:root:럭스
CRITICAL:root:제리
CRITICAL:root:오공
CRITICAL:root:리산드라
CRITICAL:root:진
CRITICAL:root:레넥톤
CRITICAL:root:럼블
CRITICAL:root:판테온
CRITICAL:root:오른
CRITICAL:root:트리스타나
CRITICAL:root:이즈리얼
CRITICAL:root:에코
CRITICAL:root:아무무
CRITICAL:root:카직스
CRITICAL:root:녹턴
CRITICAL:root:렉사이
CRITICAL:root:렉사이 == 렉사이
CRITICAL:root:이블린
CRITICAL:root:자크
CRITICAL:root:엘리스
CRITICAL:root:비에고
CRITICAL:root:카밀
CRITICAL:root:레넥톤
CRITICAL:root:탐 켄치
CRITICAL:root:마스터 이
CRITICAL:root:카르마
CRITICAL:root:카이사
CRITICAL:root:루시안
CRITICAL:root:아무무
CRITICAL:root:자르반 4세
CRITICAL:root:이즈리얼
CRITICAL:root:럼블
CRITICAL:root:마오카이
CRITICAL:root:리 신
CRITICAL:root:케넨
CRITICAL:root:케넨 == 케넨
CRITICAL:root:크산테
CRITICAL:root:아리
CRITICAL:root:카타리나
CRITICAL:root:오리아나
CRITICAL:root:제이스
CRITICAL:root:르블랑
CRITICAL:root:르블랑 == 르블랑
CRITICAL:root:잔나
CRITICAL:root:럭스
CRITICAL:root:아펠리오스
CRITICAL:root:이즈리얼
CRITICAL:root:리 신
CRITICAL:root:카르마
CRITICAL:root:카이사
CRITICAL:root:아리
CRITICAL:root:루시안
CRITICAL:root:루시안 == 루시안
CRITICAL:root:리 신
CRITICAL:root:카르마
CRITICAL:root:쓰레쉬
CRITICAL:root:쓰레쉬 == 쓰레쉬
CRITICAL:root:트위스티드 페이트
CRITICAL:root:트위스티드 페이트 == 트위스티드 페이트
CRITICAL:root:블라디미르
CRITICAL:root:블라디미르 == 블라디미르
CRITICAL:root:트리스타나
CRITICAL:root:모르가나
CRITICAL:root:이즈리얼
CRITICAL:root:진
CRITICAL:root:케이틀린
CRITICAL:root:아리
CRITICAL:root:아리 == 아리
CRITICAL:root:제라스
CRITICAL:root:제라스 == 제라스
CRITICAL:root:아펠리오스
CRITICAL:root:아펠리오스 == 아펠리오스
CRITICAL:root:럼블
CRITICAL:root:제이스
CRITICAL:root:말파이트
CRITICAL:root:케일
CRITICAL:root:나르
CRITICAL:root:마오카이
CRITICAL:root:사이온
CRITICAL:root:카밀
CRITICAL:root:레넥톤
CRITICAL:root:렝가
CRITICAL:root:크산테
CRITICAL:root:잭스
CRITICAL:root:쉔
CRITICAL:root:볼리베어
CRITICAL:root:바루스
CRITICAL:root:이렐리아
CRITICAL:root:케넨
CRITICAL:root:세트
CRITICAL:root:오른
CRITICAL:root:나서스
CRITICAL:root:피오라
CRITICAL:root:세주아니
CRITICAL:root:라이즈
CRITICAL:root:쉬바나
CRITICAL:root:블리츠크랭크
CRITICAL:root:아칼리
CRITICAL:root:렉사이
CRITICAL:root:니달리
CRITICAL:root:케이틀린
CRITICAL:root:노틸러스
CRITICAL:root:베인
CRITICAL:root:자이라
CRITICAL:root:리 신
CRITICAL:root:리 신 == 리 신
CRITICAL:root:사미라
CRITICAL:root:사미라 == 사미라
CRITICAL:root:아펠리오스
CRITICAL:root:아펠리오스 == 아펠리오스
CRITICAL:root:카서스
CRITICAL:root:카서스 == 카서스
CRITICAL:root:케인
CRITICAL:root:케인 == 케인
CRITICAL:root:쓰레쉬
CRITICAL:root:리 신
CRITICAL:root:블리츠크랭크
CRITICAL:root:노틸러스
CRITICAL:root:아펠리오스
CRITICAL:root:나미
CRITICAL:root:라칸
CRITICAL:root:그라가스
CRITICAL:root:카르마
CRITICAL:root:아이번
CRITICAL:root:아이번 == 아이번
CRITICAL:root:징크스
CRITICAL:root:카이사
CRITICAL:root:이즈리얼
CRITICAL:root:진
CRITICAL:root:제드
CRITICAL:root:케이틀린
CRITICAL:root:자야
CRITICAL:root:제리
CRITICAL:root:바루스
CRITICAL:root:애쉬
CRITICAL:root:카르마
CRITICAL:root:세나
CRITICAL:root:아리
CRITICAL:root:아칼리
CRITICAL:root:요네
CRITICAL:root:노틸러스
CRITICAL:root:카시오페아
CRITICAL:root:사일러스
CRITICAL:root:아무무
CRITICAL:root:야스오
CRITICAL:root:모르가나
CRITICAL:root:코그모
CRITICAL:root:코그모 == 코그모
CRITICAL:root:오른
CRITICAL:root:뽀삐
CRITICAL:root:뽀삐 == 뽀삐
CRITICAL:root:트리스타나
CRITICAL:root:트리스타나 == 트리스타나
CRITICAL:root:비에고
CRITICAL:root:비에고 == 비에고
CRITICAL:root:사일러스
CRITICAL:root:카이사
CRITICAL:root:리 신
CRITICAL:root:카직스
CRITICAL:root:니달리
CRITICAL:root:엘리스
CRITICAL:root:엘리스 == 엘리스
CRITICAL:root:리 신
CRITICAL:root:리 신 == 리 신
CRITICAL:root:아리
CRITICAL:root:제드
CRITICAL:root:사일러스
CRITICAL:root:신드라
CRITICAL:root:신드라 == 신드라
CRITICAL:root:리 신
CRITICAL:root:그레이브즈
CRITICAL:root:사일러스
CRITICAL:root:사일러스 == 사일러스
CRITICAL:root:아리
CRITICAL:root:루시안
CRITICAL:root:리 신
CRITICAL:root:이즈리얼
CRITICAL:root:빅토르
CRITICAL:root:자르반 4세
CRITICAL:root:진
CRITICAL:root:마오카이
CRITICAL:root:럼블
CRITICAL:root:럭스
CRITICAL:root:쓰레쉬
CRITICAL:root:쓰레쉬 == 쓰레쉬
CRITICAL:root:피오라
CRITICAL:root:아리
CRITICAL:root:리븐
CRITICAL:root:야스오
CRITICAL:root:판테온
CRITICAL:root:베인
CRITICAL:root:크산테
CRITICAL:root:크산테 == 크산테
CRITICAL:root:이렐리아
CRITICAL:root:키아나
CRITICAL:root:르블랑
CRITICAL:root:제드
CRITICAL:root:리 신
CRITICAL:root:카이사
CRITICAL:root:아리
CRITICAL:root:엘리스
CRITICAL:root:케이틀린
CRITICAL:root:사미라
CRITICAL:root:징크스
CRITICAL:root:카사딘
CRITICAL:root:룰루
CRITICAL:root:카밀
CRITICAL:root:피오라
CRITICAL:root:리븐
CRITICAL:root:니달리
CRITICAL:root:니달리 == 니달리
CRITICAL:root:헤카림
CRITICAL:root:다리우스
CRITICAL:root:판테온
CRITICAL:root:모데카이저
CRITICAL:root:진
CRITICAL:root:크산테
CRITICAL:root:크산테 == 크산테
CRITICAL:root:나서스
CRITICAL:root:나서스 == 나서스
CRITICAL:root:쓰레쉬
CRITICAL:root:카르마
CRITICAL:root:카르마 == 카르마
CRITICAL:root:일라오이
CRITICAL:root:쓰레쉬
CRITICAL:root:쓰레쉬 == 쓰레쉬
CRITICAL:root:케일
CRITICAL:root:케일 == 케일
CRITICAL:root:리 신
CRITICAL:root:리 신 == 리 신
CRITICAL:root:징크스
CRITICAL:root:이즈리얼
CRITICAL:root:트리스타나
CRITICAL:root:아펠리오스
CRITICAL:root:자야
CRITICAL:root:자야 == 자야
CRITICAL:root:조이
CRITICAL:root:조이 == 조이
CRITICAL:root:자야
CRITICAL:root:자야 == 자야
CRITICAL:root:아트록스
CRITICAL:root:제이스
CRITICAL:root:카밀
CRITICAL:root:오른
CRITICAL:root:신드라
CRITICAL:root:럼블
CRITICAL:root:판테온
CRITICAL:root:사일러스
CRITICAL:root:사일러스 == 사일러스
CRITICAL:root:샤코
CRITICAL:root:샤코 == 샤코
CRITICAL:root:오공
CRITICAL:root:베이가
CRITICAL:root:베이가 == 베이가
CRITICAL:root:아크샨
CRITICAL:root:트린다미어
CRITICAL:root:트린다미어 == 트린다미어
CRITICAL:root:조이
CRITICAL:root:제라스
CRITICAL:root:제라스 == 제라스
CRITICAL:root:스웨인
CRITICAL:root:스웨인 == 스웨인
CRITICAL:root:요네
CRITICAL:root:아리
CRITICAL:root:르블랑
CRITICAL:root:사일러스
CRITICAL:root:크산테
CRITICAL:root:아칼리
CRITICAL:root:이렐리아
CRITICAL:root:노틸러스
CRITICAL:root:노틸러스 == 노틸러스
CRITICAL:root:징크스
CRITICAL:root:징크스 == 징크스
CRITICAL:root:제드
CRITICAL:root:제드 == 제드
CRITICAL:root:렐
CRITICAL:root:쓰레쉬
CRITICAL:root:쓰레쉬 == 쓰레쉬
CRITICAL:root:탈론
CRITICAL:root:잭스
CRITICAL:root:릴리아
CRITICAL:root:비에고
CRITICAL:root:누누와 윌럼프
CRITICAL:root:사미라
CRITICAL:root:애니
CRITICAL:root:녹턴
CRITICAL:root:쉔
CRITICAL:root:탈리야
CRITICAL:root:아트록스
CRITICAL:root:사일러스
CRITICAL:root:아이번
CRITICAL:root:아이번 == 아이번
CRITICAL:root:카이사
CRITICAL:root:자야
CRITICAL:root:이즈리얼
CRITICAL:root:룰루
CRITICAL:root:바루스
CRITICAL:root:케이틀린
CRITICAL:root:케이틀린 == 케이틀린
CRITICAL:root:자야
CRITICAL:root:징크스
CRITICAL:root:이즈리얼
CRITICAL:root:리 신
CRITICAL:root:바루스
CRITICAL:root:카이사
CRITICAL:root:코그모
CRITICAL:root:코그모 == 코그모
CRITICAL:root:다리우스
CRITICAL:root:다리우스 == 다리우스
CRITICAL:root:이렐리아
CRITICAL:root:아우렐리온 솔
CRITICAL:root:카시오페아
CRITICAL:root:아크샨
CRITICAL:root:빅토르
CRITICAL:root:벡스
CRITICAL:root:바루스
CRITICAL:root:갈리오
CRITICAL:root:트위스티드 페이트
CRITICAL:root:카사딘
CRITICAL:root:야스오
CRITICAL:root:징크스
CRITICAL:root:리산드라
CRITICAL:root:아칼리
CRITICAL:root:카직스
CRITICAL:root:말파이트
CRITICAL:root:애니
CRITICAL:root:트위치
CRITICAL:root:렐
CRITICAL:root:제리
CRITICAL:root:드레이븐
CRITICAL:root:크산테
CRITICAL:root:레넥톤
CRITICAL:root:케일
CRITICAL:root:루시안
CRITICAL:root:애니비아
CRITICAL:root:세나
CRITICAL:root:제드
CRITICAL:root:카타리나
CRITICAL:root:마오카이
CRITICAL:root:사일러스
CRITICAL:root:베이가
CRITICAL:root:라칸
CRITICAL:root:그라가스
CRITICAL:root:아리
CRITICAL:root:리 신
CRITICAL:root:사이온
CRITICAL:root:유미
CRITICAL:root:쓰레쉬
CRITICAL:root:블리츠크랭크
CRITICAL:root:이즈리얼
CRITICAL:root:잭스
CRITICAL:root:카서스
CRITICAL:root:카서스 == 카서스
CRITICAL:root:징크스
CRITICAL:root:이즈리얼
CRITICAL:root:트리스타나
CRITICAL:root:진
CRITICAL:root:루시안
CRITICAL:root:블리츠크랭크
CRITICAL:root:자야
CRITICAL:root:제리
CRITICAL:root:제리 == 제리
CRITICAL:root:밀리오
CRITICAL:root:사미라
CRITICAL:root:자야
CRITICAL:root:유미
CRITICAL:root:소라카
CRITICAL:root:아무무
CRITICAL:root:벨베스
CRITICAL:root:알리스타
CRITICAL:root:쓰레쉬
CRITICAL:root:징크스
CRITICAL:root:잔나
CRITICAL:root:잔나 == 잔나
CRITICAL:root:자야
CRITICAL:root:카타리나
CRITICAL:root:카타리나 == 카타리나
CRITICAL:root:리 신
CRITICAL:root:제리
CRITICAL:root:사일러스
CRITICAL:root:오공
CRITICAL:root:오공 == 오공
CRITICAL:root:아펠리오스
CRITICAL:root:카이사
CRITICAL:root:이즈리얼
CRITICAL:root:이즈리얼 == 이즈리얼
CRITICAL:root:자크
CRITICAL:root:마오카이
CRITICAL:root:마오카이 == 마오카이
CRITICAL:root:탈론
CRITICAL:root:제리
CRITICAL:root:르블랑
CRITICAL:root:르블랑 == 르블랑
CRITICAL:root:말파이트
CRITICAL:root:말파이트 == 말파이트
CRITICAL:root:사일러스
CRITICAL:root:니달리
CRITICAL:root:리 신
CRITICAL:root:요네
CRITICAL:root:야스오
CRITICAL:root:야스오 == 야스오
CRITICAL:root:이렐리아
CRITICAL:root:이렐리아 == 이렐리아
CRITICAL:root:밀리오
CRITICAL:root:노틸러스
CRITICAL:root:라칸
CRITICAL:root:카르마
CRITICAL:root:유미
CRITICAL:root:쓰레쉬
CRITICAL:root:레오나
CRITICAL:root:애니
CRITICAL:root:레나타 글라스크
CRITICAL:root:룰루
CRITICAL:root:애쉬
CRITICAL:root:나미
CRITICAL:root:세라핀
CRITICAL:root:세나
CRITICAL:root:세나 == 세나
CRITICAL:root:리 신
CRITICAL:root:트위스티드 페이트
CRITICAL:root:에코
CRITICAL:root:갱플랭크
CRITICAL:root:야스오
CRITICAL:root:이즈리얼
CRITICAL:root:빅토르
CRITICAL:root:아리
CRITICAL:root:조이
CRITICAL:root:키아나
CRITICAL:root:르블랑
CRITICAL:root:브라움
CRITICAL:root:탈론
CRITICAL:root:제이스
CRITICAL:root:킨드레드
CRITICAL:root:사일러스
CRITICAL:root:알리스타
CRITICAL:root:카르마
CRITICAL:root:요네
CRITICAL:root:오공
CRITICAL:root:애쉬
CRITICAL:root:제드
CRITICAL:root:신 짜오
CRITICAL:root:파이크
CRITICAL:root:그레이브즈
CRITICAL:root:루시안
CRITICAL:root:모르가나
CRITICAL:root:카서스
CRITICAL:root:니달리
CRITICAL:root:세나
CRITICAL:root:카직스
CRITICAL:root:아크샨
CRITICAL:root:마스터 이
CRITICAL:root:진
CRITICAL:root:럭스
CRITICAL:root:럭스 == 럭스
CRITICAL:root:이렐리아
CRITICAL:root:빅토르
CRITICAL:root:빅토르 == 빅토르
CRITICAL:root:킨드레드
CRITICAL:root:킨드레드 == 킨드레드
CRITICAL:root:제리
CRITICAL:root:이즈리얼
CRITICAL:root:이즈리얼 == 이즈리얼
CRITICAL:root:리 신
CRITICAL:root:뽀삐
CRITICAL:root:헤카림
CRITICAL:root:그레이브즈
CRITICAL:root:탈론
CRITICAL:root:킨드레드
CRITICAL:root:카직스
CRITICAL:root:녹턴
CRITICAL:root:자르반 4세
CRITICAL:root:카이사
CRITICAL:root:케인
CRITICAL:root:말파이트
CRITICAL:root:잭스
CRITICAL:root:사일러스
CRITICAL:root:블리츠크랭크
CRITICAL:root:쓰레쉬
CRITICAL:root:신 짜오
CRITICAL:root:아칼리
CRITICAL:root:오공
CRITICAL:root:피오라
CRITICAL:root:비에고
CRITICAL:root:니달리
CRITICAL:root:럭스
CRITICAL:root:자크
CRITICAL:root:알리스타
CRITICAL:root:나미
CRITICAL:root:제드
CRITICAL:root:야스오
CRITICAL:root:릴리아
CRITICAL:root:그라가스
CRITICAL:root:케이틀린
CRITICAL:root:이즈리얼
CRITICAL:root:이즈리얼 == 이즈리얼
CRITICAL:root:피오라
CRITICAL:root:제이스
CRITICAL:root:잭스
CRITICAL:root:자야
CRITICAL:root:이렐리아
CRITICAL:root:자르반 4세
CRITICAL:root:그레이브즈
CRITICAL:root:칼리스타
CRITICAL:root:칼리스타 == 칼리스타
CRITICAL:root:세주아니
CRITICAL:root:이즈리얼
CRITICAL:root:잭스
CRITICAL:root:잭스 == 잭스
CRITICAL:root:갱플랭크
CRITICAL:root:잭스
CRITICAL:root:르블랑
CRITICAL:root:카이사
CRITICAL:root:리산드라
CRITICAL:root:이렐리아
CRITICAL:root:사일러스
CRITICAL:root:제리
CRITICAL:root:제리 == 제리
CRITICAL:root:브랜드
CRITICAL:root:뽀삐
CRITICAL:root:뽀삐 == 뽀삐
CRITICAL:root:이렐리아
CRITICAL:root:에코
CRITICAL:root:피오라
CRITICAL:root:피오라 == 피오라
CRITICAL:root:니코
CRITICAL:root:나르
CRITICAL:root:일라오이
CRITICAL:root:일라오이 == 일라오이
CRITICAL:root:루시안
CRITICAL:root:징크스
CRITICAL:root:시비르
CRITICAL:root:시비르 == 시비르
CRITICAL:root:쓰레쉬 01086239328 1746
CRITICAL:root:Traceback (most recent call last):
  File "/Users/nicode./MainSpace/BigDataTermendProject/OpggProficiencyCrawler.py", line 35, in <module>
    cnn = elem.select_one("td:nth-child(2) > div.champion-container > div.summoner-name > a").text
AttributeError: 'NoneType' object has no attribute 'text'

CRITICAL:root:제이스
CRITICAL:root:갱플랭크
CRITICAL:root:갱플랭크 == 갱플랭크
CRITICAL:root:룰루
CRITICAL:root:레오나
CRITICAL:root:나미
CRITICAL:root:카르마
CRITICAL:root:카르마 == 카르마
CRITICAL:root:진
CRITICAL:root:케이틀린
CRITICAL:root:쓰레쉬
CRITICAL:root:카이사
CRITICAL:root:잔나
CRITICAL:root:징크스
CRITICAL:root:블리츠크랭크
CRITICAL:root:블리츠크랭크 == 블리츠크랭크
CRITICAL:root:아무무
CRITICAL:root:아이번
CRITICAL:root:카직스
CRITICAL:root:이즈리얼
CRITICAL:root:진
CRITICAL:root:진 == 진
CRITICAL:root:샤코
CRITICAL:root:브랜드
CRITICAL:root:블리츠크랭크
CRITICAL:root:카르마
CRITICAL:root:이즈리얼
CRITICAL:root:미스 포츈
CRITICAL:root:나미
CRITICAL:root:나미 == 나미
CRITICAL:root:우르곳
CRITICAL:root:우르곳 == 우르곳
CRITICAL:root:아크샨 야타의 거울 1753
CRITICAL:root:Traceback (most recent call last):
  File "/Users/nicode./MainSpace/BigDataTermendProject/OpggProficiencyCrawler.py", line 35, in <module>
    cnn = elem.select_one("td:nth-child(2) > div.champion-container > div.summoner-name > a").text
AttributeError: 'NoneType' object has no attribute 'text'

CRITICAL:root:쓰레쉬
CRITICAL:root:쓰레쉬 == 쓰레쉬
CRITICAL:root:리 신
CRITICAL:root:비에고
CRITICAL:root:노틸러스
CRITICAL:root:유미
CRITICAL:root:라칸
CRITICAL:root:사일러스
CRITICAL:root:쓰레쉬
CRITICAL:root:블리츠크랭크
CRITICAL:root:아칼리
CRITICAL:root:오공
CRITICAL:root:케인
CRITICAL:root:밀리오
CRITICAL:root:그라가스
CRITICAL:root:판테온
CRITICAL:root:나미
CRITICAL:root:헤카림
CRITICAL:root:카르마
CRITICAL:root:카직스
CRITICAL:root:럭스
CRITICAL:root:모르가나
CRITICAL:root:야스오
CRITICAL:root:바이
CRITICAL:root:모데카이저
CRITICAL:root:알리스타
CRITICAL:root:녹턴
CRITICAL:root:파이크
CRITICAL:root:그레이브즈
CRITICAL:root:사이온
CRITICAL:root:엘리스
CRITICAL:root:마오카이
CRITICAL:root:니달리
CRITICAL:root:제라스
CRITICAL:root:레오나
CRITICAL:root:제이스
CRITICAL:root:피오라
CRITICAL:root:벨베스
CRITICAL:root:다리우스
CRITICAL:root:빅토르
CRITICAL:root:트위스티드 페이트
CRITICAL:root:탈론
CRITICAL:root:자르반 4세
CRITICAL:root:우디르
CRITICAL:root:세주아니
CRITICAL:root:람머스
CRITICAL:root:에코
CRITICAL:root:이즈리얼
CRITICAL:root:뽀삐
CRITICAL:root:브라움
CRITICAL:root:아무무
CRITICAL:root:미스 포츈
CRITICAL:root:레넥톤
CRITICAL:root:아트록스
CRITICAL:root:잭스
CRITICAL:root:바드
CRITICAL:root:말파이트
CRITICAL:root:아리
CRITICAL:root:블라디미르
CRITICAL:root:블라디미르 == 블라디미르
CRITICAL:root:사일러스
CRITICAL:root:자야
CRITICAL:root:카이사
CRITICAL:root:르블랑
CRITICAL:root:야스오
CRITICAL:root:벡스
CRITICAL:root:케이틀린
CRITICAL:root:요네
CRITICAL:root:요네 == 요네
CRITICAL:root:아크샨
CRITICAL:root:아크샨 == 아크샨
CRITICAL:root:아펠리오스
CRITICAL:root:아펠리오스 == 아펠리오스
CRITICAL:root:이렐리아
CRITICAL:root:케넨
CRITICAL:root:요네
CRITICAL:root:요네 == 요네
CRITICAL:root:라칸
CRITICAL:root:카르마
CRITICAL:root:블리츠크랭크
CRITICAL:root:쓰레쉬
CRITICAL:root:오공
CRITICAL:root:노틸러스
CRITICAL:root:다이애나
CRITICAL:root:파이크
CRITICAL:root:유미
CRITICAL:root:룰루
CRITICAL:root:비에고
CRITICAL:root:바이
CRITICAL:root:트린다미어
CRITICAL:root:클레드
CRITICAL:root:그웬
CRITICAL:root:카밀
CRITICAL:root:밀리오
CRITICAL:root:다리우스
CRITICAL:root:제이스
CRITICAL:root:질리언
CRITICAL:root:사일러스
CRITICAL:root:루시안
CRITICAL:root:케이틀린
CRITICAL:root:아칼리
CRITICAL:root:애쉬
CRITICAL:root:문도 박사
CRITICAL:root:레오나
CRITICAL:root:사미라
CRITICAL:root:브라움
CRITICAL:root:브라움 == 브라움
CRITICAL:root:카직스
CRITICAL:root:블리츠크랭크
CRITICAL:root:모르가나
CRITICAL:root:엘리스
CRITICAL:root:엘리스 == 엘리스
CRITICAL:root:제리
CRITICAL:root:자야
CRITICAL:root:이즈리얼
CRITICAL:root:징크스
CRITICAL:root:징크스 == 징크스
CRITICAL:root:코그모
CRITICAL:root:코그모 == 코그모
CRITICAL:root:말파이트
CRITICAL:root:케넨
CRITICAL:root:애니
CRITICAL:root:잭스
CRITICAL:root:리븐
CRITICAL:root:피오라
CRITICAL:root:사일러스
CRITICAL:root:아칼리
CRITICAL:root:제이스
CRITICAL:root:베인
CRITICAL:root:야스오
CRITICAL:root:제드
CRITICAL:root:요네
CRITICAL:root:리 신
CRITICAL:root:카사딘
CRITICAL:root:모데카이저
CRITICAL:root:블라디미르
CRITICAL:root:블라디미르 == 블라디미르
CRITICAL:root:카타리나
CRITICAL:root:카타리나 == 카타리나
CRITICAL:root:레넥톤
CRITICAL:root:이렐리아
CRITICAL:root:리 신
CRITICAL:root:제이스
CRITICAL:root:다리우스
CRITICAL:root:아칼리
CRITICAL:root:야스오
CRITICAL:root:요네
CRITICAL:root:사일러스
CRITICAL:root:갱플랭크
CRITICAL:root:갱플랭크 == 갱플랭크
CRITICAL:root:사일러스
CRITICAL:root:사일러스 == 사일러스
CRITICAL:root:이렐리아
CRITICAL:root:아칼리
CRITICAL:root:제이스
CRITICAL:root:아트록스
CRITICAL:root:크산테
CRITICAL:root:크산테 == 크산테
CRITICAL:root:에코
CRITICAL:root:아칼리
CRITICAL:root:아리
CRITICAL:root:비에고
CRITICAL:root:사일러스
CRITICAL:root:징크스
CRITICAL:root:라칸
CRITICAL:root:벡스
CRITICAL:root:벡스 == 벡스
CRITICAL:root:루시안
CRITICAL:root:자야
CRITICAL:root:징크스
CRITICAL:root:진
CRITICAL:root:시비르
CRITICAL:root:카이사
CRITICAL:root:케이틀린
CRITICAL:root:잔나
CRITICAL:root:애쉬
CRITICAL:root:세라핀
CRITICAL:root:자크
CRITICAL:root:코그모
CRITICAL:root:럭스
CRITICAL:root:이즈리얼
CRITICAL:root:그라가스
CRITICAL:root:밀리오
CRITICAL:root:리산드라
CRITICAL:root:트리스타나
CRITICAL:root:쓰레쉬
CRITICAL:root:아리
CRITICAL:root:세나
CRITICAL:root:바루스
CRITICAL:root:말파이트
CRITICAL:root:말파이트 == 말파이트
CRITICAL:root:징크스
CRITICAL:root:바루스
CRITICAL:root:카이사
CRITICAL:root:애쉬
CRITICAL:root:세나
CRITICAL:root:케이틀린
CRITICAL:root:자야
CRITICAL:root:미스 포츈
CRITICAL:root:레오나
CRITICAL:root:사미라
CRITICAL:root:마오카이
CRITICAL:root:시비르
CRITICAL:root:진
CRITICAL:root:카르마
CRITICAL:root:카르마 == 카르마
CRITICAL:root:럭스
CRITICAL:root:쓰레쉬
CRITICAL:root:블리츠크랭크
CRITICAL:root:블리츠크랭크 == 블리츠크랭크
CRITICAL:root:렝가
CRITICAL:root:판테온
CRITICAL:root:케인
CRITICAL:root:누누와 윌럼프
CRITICAL:root:갱플랭크
CRITICAL:root:블리츠크랭크
CRITICAL:root:카르마
CRITICAL:root:카르마 == 카르마
CRITICAL:root:다리우스
CRITICAL:root:아트록스
CRITICAL:root:아트록스 == 아트록스
CRITICAL:root:루시안
CRITICAL:root:니달리
CRITICAL:root:그레이브즈
CRITICAL:root:그레이브즈 == 그레이브즈
CRITICAL:root:밀리오
CRITICAL:root:밀리오 == 밀리오
CRITICAL:root:탈론
CRITICAL:root:파이크
CRITICAL:root:벡스
CRITICAL:root:리 신
CRITICAL:root:피즈
CRITICAL:root:빅토르
CRITICAL:root:판테온
CRITICAL:root:사일러스
CRITICAL:root:아칼리
CRITICAL:root:베이가
CRITICAL:root:라칸
CRITICAL:root:엘리스
CRITICAL:root:르블랑
CRITICAL:root:이즈리얼
CRITICAL:root:노틸러스
CRITICAL:root:루시안
CRITICAL:root:트위스티드 페이트
CRITICAL:root:카타리나
CRITICAL:root:그라가스
CRITICAL:root:아리
CRITICAL:root:제드
CRITICAL:root:블리츠크랭크
CRITICAL:root:킨드레드
CRITICAL:root:아우렐리온 솔
CRITICAL:root:렉사이
CRITICAL:root:렉사이 == 렉사이
CRITICAL:root:이즈리얼
CRITICAL:root:카이사
CRITICAL:root:케이틀린
CRITICAL:root:진
CRITICAL:root:애쉬
CRITICAL:root:리 신
CRITICAL:root:니달리
CRITICAL:root:징크스
CRITICAL:root:사미라
CRITICAL:root:루시안
CRITICAL:root:베인
CRITICAL:root:세나
CRITICAL:root:자야
CRITICAL:root:블리츠크랭크
CRITICAL:root:바루스
CRITICAL:root:쓰레쉬
CRITICAL:root:카르마
CRITICAL:root:카직스
CRITICAL:root:엘리스
CRITICAL:root:엘리스 == 엘리스
CRITICAL:root:이즈리얼
CRITICAL:root:자야
CRITICAL:root:바루스
CRITICAL:root:징크스
CRITICAL:root:진
CRITICAL:root:카이사
CRITICAL:root:신드라
CRITICAL:root:신드라 == 신드라
CRITICAL:root:모르가나 T1 JACE 1780
CRITICAL:root:Traceback (most recent call last):
  File "/Users/nicode./MainSpace/BigDataTermendProject/OpggProficiencyCrawler.py", line 35, in <module>
    cnn = elem.select_one("td:nth-child(2) > div.champion-container > div.summoner-name > a").text
AttributeError: 'NoneType' object has no attribute 'text'

CRITICAL:root:샤코
CRITICAL:root:제이스
CRITICAL:root:제라스
CRITICAL:root:니코
CRITICAL:root:르블랑
CRITICAL:root:판테온
CRITICAL:root:루시안
CRITICAL:root:나서스
CRITICAL:root:제드
CRITICAL:root:트위스티드 페이트
CRITICAL:root:말파이트
CRITICAL:root:직스
CRITICAL:root:사일러스
CRITICAL:root:이렐리아
CRITICAL:root:레넥톤
CRITICAL:root:아트록스
CRITICAL:root:아트록스 == 아트록스
CRITICAL:root:이렐리아
CRITICAL:root:카시오페아
CRITICAL:root:카시오페아 == 카시오페아
CRITICAL:root:야스오
CRITICAL:root:다리우스
CRITICAL:root:말파이트
CRITICAL:root:잭스
CRITICAL:root:레넥톤
CRITICAL:root:세트
CRITICAL:root:세트 == 세트
CRITICAL:root:그레이브즈
CRITICAL:root:비에고
CRITICAL:root:그라가스
CRITICAL:root:다이애나
CRITICAL:root:케인
CRITICAL:root:마오카이
CRITICAL:root:사일러스
CRITICAL:root:자크
CRITICAL:root:자크 == 자크
CRITICAL:root:사미라
CRITICAL:root:이즈리얼
CRITICAL:root:루시안
CRITICAL:root:진
CRITICAL:root:초가스
CRITICAL:root:사일러스
CRITICAL:root:베인
CRITICAL:root:제드
CRITICAL:root:야스오
CRITICAL:root:제라스
CRITICAL:root:카사딘
CRITICAL:root:자르반 4세
CRITICAL:root:마오카이
CRITICAL:root:파이크
CRITICAL:root:피즈
CRITICAL:root:피즈 == 피즈
CRITICAL:root:샤코
CRITICAL:root:세트
CRITICAL:root:일라오이
CRITICAL:root:초가스
CRITICAL:root:판테온
CRITICAL:root:질리언
CRITICAL:root:오리아나
CRITICAL:root:오리아나 == 오리아나
CRITICAL:root:쓰레쉬
CRITICAL:root:라칸
CRITICAL:root:카르마
CRITICAL:root:노틸러스
CRITICAL:root:애쉬
CRITICAL:root:나미
CRITICAL:root:레나타 글라스크
CRITICAL:root:룰루
CRITICAL:root:브라움
CRITICAL:root:밀리오
CRITICAL:root:밀리오 == 밀리오
CRITICAL:root:빅토르
CRITICAL:root:빅토르 == 빅토르
CRITICAL:root:트위스티드 페이트
CRITICAL:root:신드라
CRITICAL:root:오리아나
CRITICAL:root:오리아나 == 오리아나
CRITICAL:root:렉사이
CRITICAL:root:마오카이
CRITICAL:root:아펠리오스
CRITICAL:root:아펠리오스 == 아펠리오스
CRITICAL:root:갱플랭크
CRITICAL:root:크산테
CRITICAL:root:크산테 == 크산테
CRITICAL:root:아리
CRITICAL:root:잭스
CRITICAL:root:리 신
CRITICAL:root:나르
CRITICAL:root:쓰레쉬
CRITICAL:root:야스오
CRITICAL:root:이즈리얼
CRITICAL:root:이즈리얼 == 이즈리얼
CRITICAL:root:제드
CRITICAL:root:리 신
CRITICAL:root:야스오
CRITICAL:root:세트
CRITICAL:root:쓰레쉬
CRITICAL:root:사일러스
CRITICAL:root:블리츠크랭크
CRITICAL:root:블리츠크랭크 == 블리츠크랭크
CRITICAL:root:제이스
CRITICAL:root:크산테
CRITICAL:root:리산드라
CRITICAL:root:나르
CRITICAL:root:사일러스
CRITICAL:root:피오라
CRITICAL:root:그라가스
CRITICAL:root:르블랑
CRITICAL:root:카밀
CRITICAL:root:오리아나
CRITICAL:root:리 신
CRITICAL:root:잭스
CRITICAL:root:이렐리아
CRITICAL:root:제드
CRITICAL:root:아칼리
CRITICAL:root:빅토르
CRITICAL:root:카시오페아
CRITICAL:root:이즈리얼
CRITICAL:root:애니
CRITICAL:root:요네
CRITICAL:root:에코
CRITICAL:root:바루스
CRITICAL:root:케넨
CRITICAL:root:엘리스
CRITICAL:root:케이틀린
CRITICAL:root:야스오
CRITICAL:root:레넥톤
CRITICAL:root:판테온
CRITICAL:root:갈리오
CRITICAL:root:아리
CRITICAL:root:오공
CRITICAL:root:마오카이
CRITICAL:root:바이
CRITICAL:root:신드라
CRITICAL:root:카사딘
CRITICAL:root:니달리
CRITICAL:root:세주아니
CRITICAL:root:모데카이저
CRITICAL:root:애쉬
CRITICAL:root:쓰레쉬
CRITICAL:root:아트록스
CRITICAL:root:라칸
CRITICAL:root:아지르
CRITICAL:root:럭스
CRITICAL:root:루시안
CRITICAL:root:조이
CRITICAL:root:자크
CRITICAL:root:비에고
CRITICAL:root:진
CRITICAL:root:아우렐리온 솔
CRITICAL:root:트리스타나
CRITICAL:root:트린다미어
CRITICAL:root:제라스
CRITICAL:root:올라프
CRITICAL:root:벨베스
CRITICAL:root:벨베스 == 벨베스
CRITICAL:root:알리스타
CRITICAL:root:진
CRITICAL:root:자야
CRITICAL:root:유미
CRITICAL:root:룰루
CRITICAL:root:블리츠크랭크
CRITICAL:root:라칸
CRITICAL:root:노틸러스
CRITICAL:root:나미
CRITICAL:root:브라움
CRITICAL:root:브라움 == 브라움
CRITICAL:root:다리우스
CRITICAL:root:크산테
CRITICAL:root:리 신
CRITICAL:root:잭스
CRITICAL:root:판테온
CRITICAL:root:말파이트
CRITICAL:root:말파이트 == 말파이트
CRITICAL:root:징크스
CRITICAL:root:진
CRITICAL:root:카이사
CRITICAL:root:이즈리얼
CRITICAL:root:케이틀린
CRITICAL:root:애쉬
CRITICAL:root:사미라
CRITICAL:root:트리스타나
CRITICAL:root:시비르
CRITICAL:root:자야
CRITICAL:root:야스오
CRITICAL:root:루시안
CRITICAL:root:룰루
CRITICAL:root:베인
CRITICAL:root:노틸러스
CRITICAL:root:피오라
CRITICAL:root:제라스
CRITICAL:root:제라스 == 제라스
CRITICAL:root:퀸
CRITICAL:root:퀸 == 퀸
CRITICAL:root:케넨
CRITICAL:root:아트록스
CRITICAL:root:레넥톤
CRITICAL:root:세트
CRITICAL:root:판테온
CRITICAL:root:판테온 == 판테온
CRITICAL:root:야스오
CRITICAL:root:르블랑
CRITICAL:root:사일러스
CRITICAL:root:사일러스 == 사일러스
CRITICAL:root:니달리
CRITICAL:root:니달리 == 니달리
CRITICAL:root:잭스
CRITICAL:root:마오카이
CRITICAL:root:레넥톤
CRITICAL:root:말파이트
CRITICAL:root:크산테
CRITICAL:root:크산테 == 크산테
CRITICAL:root:유미
CRITICAL:root:밀리오
CRITICAL:root:라칸
CRITICAL:root:나미
CRITICAL:root:룰루
CRITICAL:root:룰루 == 룰루
CRITICAL:root:니달리
CRITICAL:root:리 신
CRITICAL:root:킨드레드
CRITICAL:root:카직스
CRITICAL:root:사일러스
CRITICAL:root:에코
CRITICAL:root:그레이브즈
CRITICAL:root:마스터 이
CRITICAL:root:그라가스
CRITICAL:root:자르반 4세
CRITICAL:root:오공
CRITICAL:root:비에고
CRITICAL:root:카서스
CRITICAL:root:케인
CRITICAL:root:렉사이
CRITICAL:root:렉사이 == 렉사이
CRITICAL:root:케인
CRITICAL:root:밀리오
CRITICAL:root:밀리오 == 밀리오
CRITICAL:root:노틸러스
CRITICAL:root:라칸
CRITICAL:root:룰루
CRITICAL:root:밀리오
CRITICAL:root:밀리오 == 밀리오
CRITICAL:root:판테온
CRITICAL:root:판테온 == 판테온
CRITICAL:root:쓰레쉬
CRITICAL:root:알리스타
CRITICAL:root:라칸
CRITICAL:root:마오카이
CRITICAL:root:애니
CRITICAL:root:그라가스
CRITICAL:root:렐
CRITICAL:root:블리츠크랭크
CRITICAL:root:룰루
CRITICAL:root:룰루 == 룰루
CRITICAL:root:잔나
CRITICAL:root:사이온
CRITICAL:root:유미
CRITICAL:root:유미 == 유미
CRITICAL:root:트리스타나
CRITICAL:root:리산드라
CRITICAL:root:오리아나
CRITICAL:root:트위스티드 페이트
CRITICAL:root:럼블
CRITICAL:root:럼블 == 럼블
CRITICAL:root:리 신
CRITICAL:root:리 신 == 리 신
CRITICAL:root:마스터 이
CRITICAL:root:카직스
CRITICAL:root:리 신
CRITICAL:root:판테온
CRITICAL:root:녹턴
CRITICAL:root:사일러스
CRITICAL:root:엘리스
CRITICAL:root:자크
CRITICAL:root:자크 == 자크
CRITICAL:root:케이틀린
CRITICAL:root:이즈리얼
CRITICAL:root:이즈리얼 == 이즈리얼
CRITICAL:root:자크
CRITICAL:root:다리우스
CRITICAL:root:다리우스 == 다리우스
CRITICAL:root:바루스
CRITICAL:root:리 신
CRITICAL:root:이즈리얼
CRITICAL:root:케이틀린
CRITICAL:root:자야
CRITICAL:root:피오라
CRITICAL:root:칼리스타
CRITICAL:root:진
CRITICAL:root:아펠리오스
CRITICAL:root:제리
CRITICAL:root:잭스
CRITICAL:root:카이사
CRITICAL:root:제이스
CRITICAL:root:카밀
CRITICAL:root:탈리야
CRITICAL:root:베이가
CRITICAL:root:레오나
CRITICAL:root:레오나 == 레오나
CRITICAL:root:애니
CRITICAL:root:드레이븐
CRITICAL:root:드레이븐 == 드레이븐
CRITICAL:root:가렌
CRITICAL:root:가렌 == 가렌
CRITICAL:root:징크스
CRITICAL:root:아펠리오스
CRITICAL:root:아펠리오스 == 아펠리오스
CRITICAL:root:이즈리얼
CRITICAL:root:르블랑
CRITICAL:root:트위스티드 페이트
CRITICAL:root:아리
CRITICAL:root:아리 == 아리
CRITICAL:root:이즈리얼
CRITICAL:root:이즈리얼 == 이즈리얼
CRITICAL:root:아리
CRITICAL:root:빅토르
CRITICAL:root:벡스
CRITICAL:root:오리아나
CRITICAL:root:카서스
CRITICAL:root:라이즈
CRITICAL:root:아우렐리온 솔
CRITICAL:root:아우렐리온 솔 == 아우렐리온 솔
CRITICAL:root:니코
CRITICAL:root:벨베스
CRITICAL:root:카직스
CRITICAL:root:마오카이
CRITICAL:root:케인
CRITICAL:root:헤카림
CRITICAL:root:사일러스
CRITICAL:root:자르반 4세
CRITICAL:root:자르반 4세 == 자르반 4세
CRITICAL:root:루시안
CRITICAL:root:루시안 == 루시안
CRITICAL:root:룰루
CRITICAL:root:카르마
CRITICAL:root:아무무
CRITICAL:root:라칸
CRITICAL:root:밀리오
CRITICAL:root:밀리오 == 밀리오
CRITICAL:root:쓰레쉬
CRITICAL:root:쓰레쉬 == 쓰레쉬
CRITICAL:root:잭스
CRITICAL:root:제이스
CRITICAL:root:니달리
CRITICAL:root:카밀
CRITICAL:root:말파이트
CRITICAL:root:블라디미르
CRITICAL:root:트린다미어
CRITICAL:root:초가스
CRITICAL:root:케일
CRITICAL:root:레넥톤
CRITICAL:root:모데카이저
CRITICAL:root:오른
CRITICAL:root:마오카이
CRITICAL:root:사이온
CRITICAL:root:킨드레드
CRITICAL:root:바이
CRITICAL:root:엘리스
CRITICAL:root:카시오페아
CRITICAL:root:렉사이
CRITICAL:root:카직스
CRITICAL:root:블리츠크랭크
CRITICAL:root:그라가스
CRITICAL:root:람머스
CRITICAL:root:트위치
CRITICAL:root:피오라
CRITICAL:root:케넨
CRITICAL:root:케인
CRITICAL:root:모르가나
CRITICAL:root:모르가나 == 모르가나
CRITICAL:root:루시안
CRITICAL:root:요네
CRITICAL:root:녹턴
CRITICAL:root:녹턴 == 녹턴
CRITICAL:root:피오라
CRITICAL:root:야스오
CRITICAL:root:야스오 == 야스오
CRITICAL:root:올라프
CRITICAL:root:아무무
CRITICAL:root:피즈
CRITICAL:root:피즈 == 피즈
CRITICAL:root:다리우스
CRITICAL:root:리 신
CRITICAL:root:진
CRITICAL:root:이즈리얼
CRITICAL:root:니달리
CRITICAL:root:그레이브즈
CRITICAL:root:사일러스
CRITICAL:root:아펠리오스
CRITICAL:root:루시안
CRITICAL:root:애쉬
CRITICAL:root:제이스
CRITICAL:root:그라가스
CRITICAL:root:에코
CRITICAL:root:아트록스
CRITICAL:root:카이사
CRITICAL:root:카이사 == 카이사
CRITICAL:root:오공
CRITICAL:root:카직스
CRITICAL:root:카직스 == 카직스
CRITICAL:root:징크스
CRITICAL:root:코그모
CRITICAL:root:진
CRITICAL:root:카이사
CRITICAL:root:케이틀린
CRITICAL:root:피오라
CRITICAL:root:베인
CRITICAL:root:베인 == 베인
CRITICAL:root:에코
CRITICAL:root:에코 == 에코
CRITICAL:root:블리츠크랭크
CRITICAL:root:나미
CRITICAL:root:나미 == 나미
CRITICAL:root:파이크
CRITICAL:root:파이크 == 파이크
CRITICAL:root:제드
CRITICAL:root:제드 == 제드
CRITICAL:root:피즈
CRITICAL:root:애니
CRITICAL:root:빅토르
CRITICAL:root:판테온
CRITICAL:root:아리
CRITICAL:root:벡스
CRITICAL:root:야스오
CRITICAL:root:사일러스
CRITICAL:root:니코
CRITICAL:root:리산드라
CRITICAL:root:제드
CRITICAL:root:카사딘
CRITICAL:root:징크스
CRITICAL:root:쓰레쉬
CRITICAL:root:트리스타나
CRITICAL:root:카시오페아
CRITICAL:root:베이가
CRITICAL:root:자야
CRITICAL:root:갈리오
CRITICAL:root:르블랑
CRITICAL:root:아지르
CRITICAL:root:아지르 == 아지르
CRITICAL:root:카직스
CRITICAL:root:카직스 == 카직스
CRITICAL:root:알리스타
CRITICAL:root:다리우스
CRITICAL:root:판테온
CRITICAL:root:럼블
CRITICAL:root:세트
CRITICAL:root:가렌
CRITICAL:root:블리츠크랭크
CRITICAL:root:볼리베어
CRITICAL:root:크산테
CRITICAL:root:뽀삐
CRITICAL:root:나르
CRITICAL:root:에코
CRITICAL:root:잭스
CRITICAL:root:그레이브즈
CRITICAL:root:말파이트
CRITICAL:root:쓰레쉬
CRITICAL:root:사일러스
CRITICAL:root:그라가스
CRITICAL:root:애니
CRITICAL:root:제이스
CRITICAL:root:노틸러스
CRITICAL:root:라칸
CRITICAL:root:벡스
CRITICAL:root:벡스 == 벡스
CRITICAL:root:카직스
CRITICAL:root:카직스 == 카직스
CRITICAL:root:사일러스
CRITICAL:root:크산테
CRITICAL:root:제리
CRITICAL:root:제리 == 제리
CRITICAL:root:루시안
CRITICAL:root:루시안 == 루시안
CRITICAL:root:아펠리오스
CRITICAL:root:징크스
CRITICAL:root:아우렐리온 솔
CRITICAL:root:빅토르
CRITICAL:root:카이사
CRITICAL:root:제리
CRITICAL:root:제리 == 제리
CRITICAL:root:아우렐리온 솔
CRITICAL:root:아우렐리온 솔 == 아우렐리온 솔
CRITICAL:root:제드
CRITICAL:root:아리
CRITICAL:root:신드라
CRITICAL:root:신드라 == 신드라
CRITICAL:root:리 신
CRITICAL:root:니달리
CRITICAL:root:니달리 == 니달리
CRITICAL:root:파이크
CRITICAL:root:파이크 == 파이크
CRITICAL:root:자야
CRITICAL:root:루시안
CRITICAL:root:루시안 == 루시안
CRITICAL:root:이즈리얼
CRITICAL:root:제리
CRITICAL:root:징크스
CRITICAL:root:사일러스
CRITICAL:root:루시안
CRITICAL:root:아펠리오스
CRITICAL:root:자야
CRITICAL:root:크산테
CRITICAL:root:바루스
CRITICAL:root:진
CRITICAL:root:카이사
CRITICAL:root:시비르
CRITICAL:root:비에고
CRITICAL:root:케이틀린
CRITICAL:root:요네
CRITICAL:root:트리스타나
CRITICAL:root:사미라
CRITICAL:root:그라가스
CRITICAL:root:르블랑
CRITICAL:root:말파이트
CRITICAL:root:베인
CRITICAL:root:블리츠크랭크
CRITICAL:root:야스오
CRITICAL:root:애니
CRITICAL:root:애쉬
CRITICAL:root:니달리
CRITICAL:root:카타리나
CRITICAL:root:닐라
CRITICAL:root:미스 포츈
CRITICAL:root:뽀삐
CRITICAL:root:니코
CRITICAL:root:아리
CRITICAL:root:리 신
CRITICAL:root:제이스
CRITICAL:root:아트록스
CRITICAL:root:아트록스 == 아트록스
CRITICAL:root:제드
CRITICAL:root:제드 == 제드
CRITICAL:root:자야
CRITICAL:root:제리
CRITICAL:root:이즈리얼
CRITICAL:root:진
CRITICAL:root:카이사
CRITICAL:root:라칸
CRITICAL:root:아펠리오스
CRITICAL:root:아펠리오스 == 아펠리오스
CRITICAL:root:갱플랭크
CRITICAL:root:갱플랭크 == 갱플랭크
CRITICAL:root:리 신
CRITICAL:root:렉사이
CRITICAL:root:렉사이 == 렉사이
CRITICAL:root:블리츠크랭크
CRITICAL:root:쓰레쉬
CRITICAL:root:리 신
CRITICAL:root:갱플랭크
CRITICAL:root:사일러스
CRITICAL:root:제이스
CRITICAL:root:아펠리오스
CRITICAL:root:니달리
CRITICAL:root:오공
CRITICAL:root:이즈리얼
CRITICAL:root:비에고
CRITICAL:root:카르마
CRITICAL:root:카르마 == 카르마
CRITICAL:root:사일러스
CRITICAL:root:쓰레쉬
CRITICAL:root:스웨인
CRITICAL:root:그라가스
CRITICAL:root:요네
CRITICAL:root:이렐리아
CRITICAL:root:말파이트
CRITICAL:root:세트
CRITICAL:root:샤코
CRITICAL:root:럭스
CRITICAL:root:신드라
CRITICAL:root:블리츠크랭크
CRITICAL:root:나미
CRITICAL:root:노틸러스
CRITICAL:root:모르가나
CRITICAL:root:소라카
CRITICAL:root:카르마
CRITICAL:root:제라스
CRITICAL:root:유미
CRITICAL:root:유미 == 유미
CRITICAL:root:카서스
CRITICAL:root:카서스 == 카서스
CRITICAL:root:사일러스
CRITICAL:root:징크스
CRITICAL:root:아펠리오스
CRITICAL:root:아펠리오스 == 아펠리오스
CRITICAL:root:크산테
CRITICAL:root:키아나
CRITICAL:root:키아나 == 키아나
CRITICAL:root:이즈리얼
CRITICAL:root:아펠리오스
CRITICAL:root:제리
CRITICAL:root:요네
CRITICAL:root:사일러스
CRITICAL:root:자야
CRITICAL:root:카이사
CRITICAL:root:갱플랭크
CRITICAL:root:사미라
CRITICAL:root:야스오
CRITICAL:root:진
CRITICAL:root:진 == 진
CRITICAL:root:트위치
CRITICAL:root:탈론
CRITICAL:root:탈론 == 탈론
CRITICAL:root:카타리나
CRITICAL:root:그라가스
CRITICAL:root:말파이트
CRITICAL:root:아칼리
CRITICAL:root:오른
CRITICAL:root:카이사
CRITICAL:root:오공
CRITICAL:root:비에고
CRITICAL:root:노틸러스
CRITICAL:root:이즈리얼
CRITICAL:root:이즈리얼 == 이즈리얼
CRITICAL:root:자이라
CRITICAL:root:자이라 == 자이라
CRITICAL:root:야스오
CRITICAL:root:리 신
CRITICAL:root:벡스
CRITICAL:root:럭스
CRITICAL:root:벨베스
CRITICAL:root:렉사이
CRITICAL:root:마스터 이
CRITICAL:root:사일러스
CRITICAL:root:사일러스 == 사일러스
CRITICAL:root:애니비아
CRITICAL:root:애니비아 == 애니비아
CRITICAL:root:아칼리
CRITICAL:root:아칼리 == 아칼리
CRITICAL:root:사이온
CRITICAL:root:제라스
CRITICAL:root:제라스 == 제라스
CRITICAL:root:이렐리아
CRITICAL:root:사일러스
CRITICAL:root:엘리스
CRITICAL:root:아펠리오스
CRITICAL:root:카이사
CRITICAL:root:마오카이
CRITICAL:root:그라가스
CRITICAL:root:나미
CRITICAL:root:이즈리얼
CRITICAL:root:르블랑
CRITICAL:root:아칼리
CRITICAL:root:케이틀린
CRITICAL:root:애쉬
CRITICAL:root:제리
CRITICAL:root:징크스
CRITICAL:root:바루스
CRITICAL:root:진
CRITICAL:root:라칸
CRITICAL:root:자야
CRITICAL:root:갈리오
CRITICAL:root:쓰레쉬
CRITICAL:root:그레이브즈
CRITICAL:root:그레이브즈 == 그레이브즈
CRITICAL:root:리 신
CRITICAL:root:리 신 == 리 신
CRITICAL:root:하이머딩거
CRITICAL:root:하이머딩거 == 하이머딩거
CRITICAL:root:샤코
CRITICAL:root:비에고
CRITICAL:root:애쉬
CRITICAL:root:판테온
CRITICAL:root:루시안
CRITICAL:root:요네
CRITICAL:root:이렐리아
CRITICAL:root:트위스티드 페이트
CRITICAL:root:그레이브즈
CRITICAL:root:신드라
CRITICAL:root:제이스
CRITICAL:root:피들스틱
CRITICAL:root:릴리아
CRITICAL:root:이즈리얼
CRITICAL:root:제드
CRITICAL:root:자르반 4세
CRITICAL:root:케이틀린
CRITICAL:root:피즈
CRITICAL:root:리 신
CRITICAL:root:카르마
CRITICAL:root:라이즈
CRITICAL:root:케일
CRITICAL:root:그라가스
CRITICAL:root:징크스
CRITICAL:root:일라오이
CRITICAL:root:카사딘
CRITICAL:root:칼리스타
CRITICAL:root:럼블
CRITICAL:root:니달리
CRITICAL:root:애니비아
CRITICAL:root:사일러스
CRITICAL:root:베인
CRITICAL:root:아트록스
CRITICAL:root:세트
CRITICAL:root:카서스
CRITICAL:root:야스오
CRITICAL:root:트위치
CRITICAL:root:킨드레드
CRITICAL:root:킨드레드 == 킨드레드
CRITICAL:root:트위치
CRITICAL:root:비에고
CRITICAL:root:제리
CRITICAL:root:아펠리오스
CRITICAL:root:진
CRITICAL:root:리 신
CRITICAL:root:카직스
CRITICAL:root:사일러스
CRITICAL:root:애쉬
CRITICAL:root:징크스
CRITICAL:root:루시안
CRITICAL:root:이즈리얼
CRITICAL:root:베인
CRITICAL:root:아칼리
CRITICAL:root:트위스티드 페이트
CRITICAL:root:자르반 4세
CRITICAL:root:나르
CRITICAL:root:그라가스
CRITICAL:root:카이사
CRITICAL:root:쓰레쉬
CRITICAL:root:유미
CRITICAL:root:사미라
CRITICAL:root:엘리스
CRITICAL:root:니달리
CRITICAL:root:세라핀
CRITICAL:root:클레드
CRITICAL:root:코그모
CRITICAL:root:그레이브즈
CRITICAL:root:케인
CRITICAL:root:케인 == 케인
CRITICAL:root:자르반 4세
CRITICAL:root:리 신
CRITICAL:root:세주아니
CRITICAL:root:세주아니 == 세주아니
CRITICAL:root:진
CRITICAL:root:카이사
CRITICAL:root:블리츠크랭크
CRITICAL:root:이즈리얼
CRITICAL:root:자야
CRITICAL:root:바루스
CRITICAL:root:케이틀린
CRITICAL:root:카르마
CRITICAL:root:사미라
CRITICAL:root:스웨인
CRITICAL:root:제라스
CRITICAL:root:루시안
CRITICAL:root:징크스
CRITICAL:root:애쉬
CRITICAL:root:마오카이
CRITICAL:root:알리스타
CRITICAL:root:쓰레쉬
CRITICAL:root:제드
CRITICAL:root:리 신
CRITICAL:root:밀리오
CRITICAL:root:룰루
CRITICAL:root:하이머딩거
CRITICAL:root:럭스
CRITICAL:root:자크
CRITICAL:root:시비르
CRITICAL:root:미스 포츈
CRITICAL:root:나미
CRITICAL:root:그라가스
CRITICAL:root:사일러스
CRITICAL:root:니달리
CRITICAL:root:뽀삐
CRITICAL:root:뽀삐 == 뽀삐
CRITICAL:root:바루스
CRITICAL:root:이즈리얼
CRITICAL:root:제이스
CRITICAL:root:아리
CRITICAL:root:케일
CRITICAL:root:야스오
CRITICAL:root:스웨인
CRITICAL:root:스웨인 == 스웨인
CRITICAL:root:바루스
CRITICAL:root:세트
CRITICAL:root:레넥톤
CRITICAL:root:레넥톤 == 레넥톤
CRITICAL:root:아리
CRITICAL:root:판테온
CRITICAL:root:럭스
CRITICAL:root:럭스 == 럭스
CRITICAL:root:이즈리얼
CRITICAL:root:이즈리얼 == 이즈리얼
CRITICAL:root:럭스
CRITICAL:root:스웨인
CRITICAL:root:스웨인 == 스웨인
CRITICAL:root:뽀삐
CRITICAL:root:모르가나
CRITICAL:root:모르가나 == 모르가나
CRITICAL:root:제이스
CRITICAL:root:제이스 == 제이스
CRITICAL:root:스웨인
CRITICAL:root:스웨인 == 스웨인
CRITICAL:root:트위치
CRITICAL:root:아무무
CRITICAL:root:아무무 == 아무무
CRITICAL:root:블리츠크랭크
CRITICAL:root:이렐리아
CRITICAL:root:제드
CRITICAL:root:쓰레쉬
CRITICAL:root:야스오
CRITICAL:root:럭스
CRITICAL:root:리 신
CRITICAL:root:제이스
CRITICAL:root:징크스
CRITICAL:root:이즈리얼
CRITICAL:root:아리
CRITICAL:root:트위스티드 페이트
CRITICAL:root:나미
CRITICAL:root:그웬
CRITICAL:root:베인
CRITICAL:root:카서스
CRITICAL:root:르블랑
CRITICAL:root:바루스
CRITICAL:root:아크샨
CRITICAL:root:아지르
CRITICAL:root:노틸러스
CRITICAL:root:미스 포츈
CRITICAL:root:피오라
CRITICAL:root:킨드레드
CRITICAL:root:킨드레드 == 킨드레드
CRITICAL:root:이즈리얼
CRITICAL:root:카이사
CRITICAL:root:카이사 == 카이사
CRITICAL:root:이렐리아
CRITICAL:root:아우렐리온 솔
CRITICAL:root:제이스
CRITICAL:root:아칼리
CRITICAL:root:애니
CRITICAL:root:오리아나
CRITICAL:root:야스오
CRITICAL:root:비에고
CRITICAL:root:요네
CRITICAL:root:사미라
CRITICAL:root:라이즈
CRITICAL:root:이즈리얼
CRITICAL:root:트위스티드 페이트
CRITICAL:root:베인
CRITICAL:root:아펠리오스
CRITICAL:root:아펠리오스 == 아펠리오스
CRITICAL:root:자르반 4세
CRITICAL:root:밀리오
CRITICAL:root:카직스
CRITICAL:root:블리츠크랭크
CRITICAL:root:마오카이
CRITICAL:root:케넨
CRITICAL:root:라이즈
CRITICAL:root:아무무
CRITICAL:root:자크
CRITICAL:root:라칸
CRITICAL:root:럼블
CRITICAL:root:제이스
CRITICAL:root:제라스
CRITICAL:root:제라스 == 제라스
CRITICAL:root:쓰레쉬
CRITICAL:root:블리츠크랭크
CRITICAL:root:블리츠크랭크 == 블리츠크랭크
CRITICAL:root:카직스
CRITICAL:root:카서스
CRITICAL:root:쉬바나
CRITICAL:root:쉬바나 == 쉬바나
CRITICAL:root:아크샨
CRITICAL:root:크산테
CRITICAL:root:탈론
CRITICAL:root:피즈
CRITICAL:root:피즈 == 피즈
CRITICAL:root:오공
CRITICAL:root:리 신
CRITICAL:root:엘리스
CRITICAL:root:그라가스
CRITICAL:root:바이
CRITICAL:root:럼블
CRITICAL:root:사일러스
CRITICAL:root:그레이브즈
CRITICAL:root:마오카이
CRITICAL:root:트위스티드 페이트
CRITICAL:root:카직스
CRITICAL:root:카직스 == 카직스
CRITICAL:root:쓰레쉬
CRITICAL:root:레나타 글라스크
CRITICAL:root:카르마
CRITICAL:root:노틸러스
CRITICAL:root:레오나
CRITICAL:root:렐
CRITICAL:root:렐 == 렐
CRITICAL:root:크산테
CRITICAL:root:아리
CRITICAL:root:아우렐리온 솔
CRITICAL:root:리산드라
CRITICAL:root:애니
CRITICAL:root:잭스
CRITICAL:root:레넥톤
CRITICAL:root:엘리스
CRITICAL:root:카밀
CRITICAL:root:레오나
CRITICAL:root:르블랑
CRITICAL:root:니코
CRITICAL:root:아지르
CRITICAL:root:그라가스
CRITICAL:root:요네
CRITICAL:root:제이스
CRITICAL:root:징크스
CRITICAL:root:케넨
CRITICAL:root:세트
CRITICAL:root:카직스
CRITICAL:root:마오카이
CRITICAL:root:카사딘
CRITICAL:root:신드라
CRITICAL:root:사미라
CRITICAL:root:자야
CRITICAL:root:애니비아
CRITICAL:root:이렐리아
CRITICAL:root:뽀삐
CRITICAL:root:나르
CRITICAL:root:리 신
CRITICAL:root:리 신 == 리 신
CRITICAL:root:신드라
CRITICAL:root:요네
CRITICAL:root:요네 == 요네
CRITICAL:root:카서스
CRITICAL:root:마오카이
CRITICAL:root:니달리
CRITICAL:root:헤카림
CRITICAL:root:르블랑
CRITICAL:root:리 신
CRITICAL:root:라칸
CRITICAL:root:렐
CRITICAL:root:아이번
CRITICAL:root:갱플랭크
CRITICAL:root:자야
CRITICAL:root:럼블
CRITICAL:root:킨드레드
CRITICAL:root:진
CRITICAL:root:자르반 4세
CRITICAL:root:블리츠크랭크
CRITICAL:root:그레이브즈
CRITICAL:root:트리스타나
CRITICAL:root:엘리스
CRITICAL:root:볼리베어
CRITICAL:root:볼리베어 == 볼리베어
CRITICAL:root:아리
CRITICAL:root:아리 == 아리
CRITICAL:root:에코
CRITICAL:root:킨드레드
CRITICAL:root:카직스
CRITICAL:root:카직스 == 카직스
CRITICAL:root:요릭
CRITICAL:root:나서스
CRITICAL:root:빅토르
CRITICAL:root:말파이트
CRITICAL:root:일라오이
CRITICAL:root:유미
CRITICAL:root:유미 == 유미
CRITICAL:root:샤코
CRITICAL:root:이즈리얼
CRITICAL:root:빅토르
CRITICAL:root:베인
CRITICAL:root:리 신
CRITICAL:root:리산드라
CRITICAL:root:트위스티드 페이트
CRITICAL:root:잭스
CRITICAL:root:니코
CRITICAL:root:바루스
CRITICAL:root:판테온
CRITICAL:root:루시안
CRITICAL:root:애쉬
CRITICAL:root:케이틀린
CRITICAL:root:오리아나
CRITICAL:root:오리아나 == 오리아나
CRITICAL:root:니달리
CRITICAL:root:리 신
CRITICAL:root:케이틀린
CRITICAL:root:마오카이
CRITICAL:root:렉사이
CRITICAL:root:카서스
CRITICAL:root:킨드레드
CRITICAL:root:엘리스
CRITICAL:root:루시안
CRITICAL:root:제리
CRITICAL:root:그레이브즈
CRITICAL:root:람머스
CRITICAL:root:사일러스
CRITICAL:root:유미
CRITICAL:root:진
CRITICAL:root:바루스
CRITICAL:root:아우렐리온 솔
CRITICAL:root:아펠리오스
CRITICAL:root:오공
CRITICAL:root:이즈리얼
CRITICAL:root:노틸러스
CRITICAL:root:이렐리아
CRITICAL:root:아리
CRITICAL:root:밀리오
CRITICAL:root:럭스
CRITICAL:root:에코
CRITICAL:root:카이사
CRITICAL:root:자르반 4세
CRITICAL:root:세주아니
CRITICAL:root:쓰레쉬
CRITICAL:root:쓰레쉬 == 쓰레쉬
CRITICAL:root:아펠리오스
CRITICAL:root:이즈리얼
CRITICAL:root:이즈리얼 == 이즈리얼
CRITICAL:root:제이스
CRITICAL:root:제드
CRITICAL:root:제드 == 제드
CRITICAL:root:레오나
CRITICAL:root:밀리오
CRITICAL:root:럭스
CRITICAL:root:카르마
CRITICAL:root:라칸
CRITICAL:root:쓰레쉬
CRITICAL:root:유미
CRITICAL:root:트위스티드 페이트
CRITICAL:root:노틸러스
CRITICAL:root:블리츠크랭크
CRITICAL:root:알리스타
CRITICAL:root:바드
CRITICAL:root:나미
CRITICAL:root:엘리스
CRITICAL:root:렐
CRITICAL:root:모르가나
CRITICAL:root:갈리오
CRITICAL:root:갈리오 == 갈리오
CRITICAL:root:탐 켄치
CRITICAL:root:말파이트
CRITICAL:root:요네
CRITICAL:root:티모
CRITICAL:root:모데카이저
CRITICAL:root:알리스타
CRITICAL:root:헤카림
CRITICAL:root:녹턴
CRITICAL:root:판테온
CRITICAL:root:오공
CRITICAL:root:쉔
CRITICAL:root:리 신
CRITICAL:root:쓰레쉬
CRITICAL:root:자르반 4세
CRITICAL:root:블리츠크랭크
CRITICAL:root:자크
CRITICAL:root:자크 == 자크
CRITICAL:root:아트록스
CRITICAL:root:카밀
CRITICAL:root:아펠리오스
CRITICAL:root:아펠리오스 == 아펠리오스
CRITICAL:root:스웨인
CRITICAL:root:다이애나
CRITICAL:root:비에고
CRITICAL:root:크산테
CRITICAL:root:아크샨
CRITICAL:root:아크샨 == 아크샨
CRITICAL:root:바루스
CRITICAL:root:카르마
CRITICAL:root:이즈리얼
CRITICAL:root:리 신
CRITICAL:root:쓰레쉬
CRITICAL:root:징크스
CRITICAL:root:리산드라
CRITICAL:root:리산드라 == 리산드라
CRITICAL:root:제드
CRITICAL:root:야스오
CRITICAL:root:리 신
CRITICAL:root:에코
CRITICAL:root:사일러스
CRITICAL:root:트위스티드 페이트
CRITICAL:root:빅토르
CRITICAL:root:리븐
CRITICAL:root:니달리
CRITICAL:root:카밀
CRITICAL:root:파이크
CRITICAL:root:카직스
CRITICAL:root:카직스 == 카직스
CRITICAL:root:케일
CRITICAL:root:그웬
CRITICAL:root:잭스
CRITICAL:root:피오라
CRITICAL:root:나서스
CRITICAL:root:나서스 == 나서스
CRITICAL:root:잭스
CRITICAL:root:요네
CRITICAL:root:야스오
CRITICAL:root:카사딘
CRITICAL:root:카이사
CRITICAL:root:사미라
CRITICAL:root:판테온
CRITICAL:root:사일러스
CRITICAL:root:신드라
CRITICAL:root:탈론
CRITICAL:root:밀리오
CRITICAL:root:리 신
CRITICAL:root:리 신 == 리 신
CRITICAL:root:말자하
CRITICAL:root:신지드
CRITICAL:root:제이스
CRITICAL:root:갈리오
CRITICAL:root:빅토르
CRITICAL:root:우디르
CRITICAL:root:탈리야
CRITICAL:root:트리스타나
CRITICAL:root:애쉬
CRITICAL:root:이즈리얼
CRITICAL:root:아우렐리온 솔
CRITICAL:root:자크
CRITICAL:root:벡스
CRITICAL:root:샤코
CRITICAL:root:판테온
CRITICAL:root:스웨인
CRITICAL:root:노틸러스
CRITICAL:root:코르키
CRITICAL:root:카르마
CRITICAL:root:라이즈
CRITICAL:root:카시오페아
CRITICAL:root:자야
CRITICAL:root:아지르
CRITICAL:root:아리
CRITICAL:root:아리 == 아리
CRITICAL:root:이블린
CRITICAL:root:자크
CRITICAL:root:자크 == 자크
CRITICAL:root:쓰레쉬
CRITICAL:root:쓰레쉬 == 쓰레쉬
CRITICAL:root:크산테
CRITICAL:root:워윅
CRITICAL:root:스웨인
CRITICAL:root:아트록스
CRITICAL:root:모데카이저
CRITICAL:root:바드
CRITICAL:root:밀리오
CRITICAL:root:세트
CRITICAL:root:라칸
CRITICAL:root:노틸러스
CRITICAL:root:그웬
CRITICAL:root:그웬 == 그웬
CRITICAL:root:아펠리오스
CRITICAL:root:아펠리오스 == 아펠리오스
CRITICAL:root:애쉬
CRITICAL:root:제라스
CRITICAL:root:아무무
CRITICAL:root:나미
CRITICAL:root:나미 == 나미
CRITICAL:root:아리
CRITICAL:root:사일러스
CRITICAL:root:판테온
CRITICAL:root:아지르
CRITICAL:root:아지르 == 아지르
CRITICAL:root:아펠리오스
CRITICAL:root:아펠리오스 == 아펠리오스
CRITICAL:root:바루스
CRITICAL:root:카이사
CRITICAL:root:사미라
CRITICAL:root:엘리스
CRITICAL:root:제리
CRITICAL:root:칼리스타
CRITICAL:root:다이애나
CRITICAL:root:루시안
CRITICAL:root:진
CRITICAL:root:애쉬
CRITICAL:root:애쉬 == 애쉬
CRITICAL:root:제이스
CRITICAL:root:요네
CRITICAL:root:그레이브즈
CRITICAL:root:잭스
CRITICAL:root:카밀
CRITICAL:root:아트록스
CRITICAL:root:그웬
CRITICAL:root:카직스
CRITICAL:root:리 신
CRITICAL:root:렉사이
CRITICAL:root:그라가스
CRITICAL:root:오른
CRITICAL:root:나서스
CRITICAL:root:애쉬
CRITICAL:root:사일러스
CRITICAL:root:나르
CRITICAL:root:케넨
CRITICAL:root:피오라
CRITICAL:root:갱플랭크
CRITICAL:root:리븐
CRITICAL:root:카사딘
CRITICAL:root:야스오
CRITICAL:root:자야
CRITICAL:root:파이크
CRITICAL:root:에코
CRITICAL:root:에코 == 에코
CRITICAL:root:이렐리아
CRITICAL:root:그라가스
CRITICAL:root:리 신
CRITICAL:root:빅토르
CRITICAL:root:벡스
CRITICAL:root:갈리오
CRITICAL:root:제드
CRITICAL:root:잭스
CRITICAL:root:잭스 == 잭스
CRITICAL:root:이즈리얼
CRITICAL:root:이즈리얼 == 이즈리얼
CRITICAL:root:쓰레쉬
CRITICAL:root:블리츠크랭크
CRITICAL:root:블리츠크랭크 == 블리츠크랭크
CRITICAL:root:아크샨
CRITICAL:root:아우렐리온 솔
CRITICAL:root:이렐리아
CRITICAL:root:카타리나
CRITICAL:root:바루스
CRITICAL:root:사미라
CRITICAL:root:루시안
CRITICAL:root:진
CRITICAL:root:스웨인
CRITICAL:root:애쉬
CRITICAL:root:제드
CRITICAL:root:유미
CRITICAL:root:야스오
CRITICAL:root:르블랑
CRITICAL:root:카이사
CRITICAL:root:이블린
CRITICAL:root:판테온
CRITICAL:root:초가스
CRITICAL:root:다리우스
CRITICAL:root:베인
CRITICAL:root:마스터 이
CRITICAL:root:마스터 이 == 마스터 이
CRITICAL:root:리 신
CRITICAL:root:니달리
CRITICAL:root:그레이브즈
CRITICAL:root:카직스
CRITICAL:root:카직스 == 카직스
CRITICAL:root:아펠리오스
CRITICAL:root:아펠리오스 == 아펠리오스
CRITICAL:root:카직스
CRITICAL:root:카직스 == 카직스
CRITICAL:root:애니비아
CRITICAL:root:아리
CRITICAL:root:아리 == 아리
CRITICAL:root:다리우스
CRITICAL:root:사미라
CRITICAL:root:그웬
CRITICAL:root:아크샨
CRITICAL:root:닐라
CRITICAL:root:닐라 == 닐라
CRITICAL:root:이렐리아
CRITICAL:root:피오라
CRITICAL:root:그웬
CRITICAL:root:아트록스
CRITICAL:root:리 신
CRITICAL:root:요네
CRITICAL:root:요네 == 요네
CRITICAL:root:아펠리오스
CRITICAL:root:아펠리오스 == 아펠리오스
CRITICAL:root:카타리나
CRITICAL:root:카사딘
CRITICAL:root:레오나
CRITICAL:root:레오나 == 레오나
CRITICAL:root:헤카림
CRITICAL:root:헤카림 == 헤카림
CRITICAL:root:워윅
CRITICAL:root:워윅 == 워윅
CRITICAL:root:조이
CRITICAL:root:갈리오
CRITICAL:root:크산테
CRITICAL:root:뽀삐
CRITICAL:root:뽀삐 == 뽀삐
CRITICAL:root:탈론
CRITICAL:root:카직스
CRITICAL:root:아이번
CRITICAL:root:리 신
CRITICAL:root:리 신 == 리 신
CRITICAL:root:리 신
CRITICAL:root:제이스
CRITICAL:root:사일러스
CRITICAL:root:니달리
CRITICAL:root:제드
CRITICAL:root:요네
CRITICAL:root:요네 == 요네
CRITICAL:root:헤카림
CRITICAL:root:미스 포츈
CRITICAL:root:쓰레쉬
CRITICAL:root:카이사
CRITICAL:root:카이사 == 카이사
CRITICAL:root:마오카이
CRITICAL:root:질리언
CRITICAL:root:블리츠크랭크
CRITICAL:root:블리츠크랭크 == 블리츠크랭크
CRITICAL:root:유미
CRITICAL:root:아리
CRITICAL:root:이즈리얼
CRITICAL:root:이즈리얼 == 이즈리얼
CRITICAL:root:킨드레드
CRITICAL:root:스웨인
CRITICAL:root:스웨인 == 스웨인
CRITICAL:root:드레이븐
CRITICAL:root:애쉬
CRITICAL:root:케이틀린
CRITICAL:root:바루스
CRITICAL:root:아무무
CRITICAL:root:카르마
CRITICAL:root:칼리스타
CRITICAL:root:럭스
CRITICAL:root:아펠리오스
CRITICAL:root:룰루
CRITICAL:root:노틸러스
CRITICAL:root:루시안
CRITICAL:root:자야
CRITICAL:root:징크스
CRITICAL:root:시비르
CRITICAL:root:레오나
CRITICAL:root:제리
CRITICAL:root:밀리오
CRITICAL:root:밀리오 == 밀리오
CRITICAL:root:리 신
CRITICAL:root:리 신 == 리 신
CRITICAL:root:리븐
CRITICAL:root:트린다미어
CRITICAL:root:피오라
CRITICAL:root:피오라 == 피오라
CRITICAL:root:카르마
CRITICAL:root:리 신
CRITICAL:root:노틸러스
CRITICAL:root:킨드레드
CRITICAL:root:알리스타
CRITICAL:root:카직스
CRITICAL:root:럼블
CRITICAL:root:애쉬
CRITICAL:root:그레이브즈
CRITICAL:root:룰루
CRITICAL:root:그라가스
CRITICAL:root:쉬바나
CRITICAL:root:카서스
CRITICAL:root:아무무
CRITICAL:root:자크
CRITICAL:root:레오나
CRITICAL:root:케이틀린
CRITICAL:root:세트
CRITICAL:root:트위스티드 페이트
CRITICAL:root:트위스티드 페이트 == 트위스티드 페이트
CRITICAL:root:마오카이
CRITICAL:root:이블린
CRITICAL:root:이블린 == 이블린
CRITICAL:root:유미
CRITICAL:root:진
CRITICAL:root:이즈리얼
CRITICAL:root:탈론
CRITICAL:root:루시안
CRITICAL:root:크산테
CRITICAL:root:드레이븐
CRITICAL:root:아펠리오스
CRITICAL:root:소나
CRITICAL:root:사일러스
CRITICAL:root:자야
CRITICAL:root:징크스
CRITICAL:root:시비르
CRITICAL:root:오른
CRITICAL:root:아우렐리온 솔
CRITICAL:root:코그모
CRITICAL:root:리 신
CRITICAL:root:트리스타나
CRITICAL:root:다리우스
CRITICAL:root:케이틀린
CRITICAL:root:초가스
CRITICAL:root:밀리오
CRITICAL:root:사미라
CRITICAL:root:베이가
CRITICAL:root:요네
CRITICAL:root:제라스
CRITICAL:root:카이사
CRITICAL:root:이렐리아
CRITICAL:root:마오카이
CRITICAL:root:볼리베어
CRITICAL:root:쓰레쉬
CRITICAL:root:카직스
CRITICAL:root:아지르
CRITICAL:root:애니비아
CRITICAL:root:바루스
CRITICAL:root:야스오
CRITICAL:root:에코
CRITICAL:root:말파이트
CRITICAL:root:알리스타
CRITICAL:root:그웬
CRITICAL:root:미스 포츈
CRITICAL:root:블리츠크랭크
CRITICAL:root:신지드
CRITICAL:root:닐라
CRITICAL:root:파이크
CRITICAL:root:케일
CRITICAL:root:워윅
CRITICAL:root:베인
CRITICAL:root:카르마
CRITICAL:root:제드
CRITICAL:root:나미
CRITICAL:root:나미 == 나미
CRITICAL:root:크산테
CRITICAL:root:밀리오
CRITICAL:root:밀리오 == 밀리오
CRITICAL:root:자르반 4세
CRITICAL:root:자크
CRITICAL:root:엘리스
CRITICAL:root:녹턴
CRITICAL:root:럭스
CRITICAL:root:세나
CRITICAL:root:오공
CRITICAL:root:리 신
CRITICAL:root:세주아니
CRITICAL:root:그라가스
CRITICAL:root:카직스
CRITICAL:root:럼블
CRITICAL:root:에코
CRITICAL:root:카르마
CRITICAL:root:하이머딩거
CRITICAL:root:나미
CRITICAL:root:신 짜오
CRITICAL:root:룰루
CRITICAL:root:룰루 == 룰루
CRITICAL:root:니달리
CRITICAL:root:니달리 == 니달리
CRITICAL:root:진
CRITICAL:root:트위치
CRITICAL:root:드레이븐
CRITICAL:root:드레이븐 == 드레이븐
CRITICAL:root:빅토르
CRITICAL:root:징크스
CRITICAL:root:녹턴
CRITICAL:root:이즈리얼
CRITICAL:root:아리
CRITICAL:root:카이사
CRITICAL:root:코그모
CRITICAL:root:진
CRITICAL:root:이블린
CRITICAL:root:이블린 == 이블린
CRITICAL:root:카이사
CRITICAL:root:징크스
CRITICAL:root:징크스 == 징크스
CRITICAL:root:카이사
CRITICAL:root:리 신
CRITICAL:root:이즈리얼
CRITICAL:root:그레이브즈
CRITICAL:root:자야
CRITICAL:root:베인
CRITICAL:root:루시안
CRITICAL:root:루시안 == 루시안
CRITICAL:root:스카너
CRITICAL:root:스카너 == 스카너
CRITICAL:root:에코
CRITICAL:root:리 신
CRITICAL:root:리 신 == 리 신
CRITICAL:root:파이크
CRITICAL:root:파이크 == 파이크
CRITICAL:root:카타리나
CRITICAL:root:카시오페아
CRITICAL:root:르블랑
CRITICAL:root:라이즈
CRITICAL:root:사일러스
CRITICAL:root:아리
CRITICAL:root:리 신
CRITICAL:root:빅토르
CRITICAL:root:애니
CRITICAL:root:카사딘
CRITICAL:root:엘리스
CRITICAL:root:아지르
CRITICAL:root:제드
CRITICAL:root:제드 == 제드
CRITICAL:root:세라핀
CRITICAL:root:룰루
CRITICAL:root:룰루 == 룰루
CRITICAL:root:라이즈
CRITICAL:root:라이즈 == 라이즈
CRITICAL:root:크산테
CRITICAL:root:크산테 == 크산테
CRITICAL:root:자르반 4세
CRITICAL:root:이즈리얼
CRITICAL:root:이즈리얼 == 이즈리얼
CRITICAL:root:아크샨
CRITICAL:root:탈리야
CRITICAL:root:블라디미르
CRITICAL:root:라이즈
CRITICAL:root:아리
CRITICAL:root:스웨인
CRITICAL:root:조이
CRITICAL:root:이즈리얼
CRITICAL:root:그레이브즈
CRITICAL:root:그레이브즈 == 그레이브즈
CRITICAL:root:렝가
CRITICAL:root:렝가 == 렝가
CRITICAL:root:카이사
CRITICAL:root:징크스
CRITICAL:root:징크스 == 징크스
CRITICAL:root:자르반 4세
CRITICAL:root:자르반 4세 == 자르반 4세
CRITICAL:root:이블린
CRITICAL:root:이블린 == 이블린
CRITICAL:root:코그모
CRITICAL:root:루시안
CRITICAL:root:자야
CRITICAL:root:자크
CRITICAL:root:쓰레쉬
CRITICAL:root:밀리오
CRITICAL:root:사이온
CRITICAL:root:진
CRITICAL:root:제리
CRITICAL:root:바루스
CRITICAL:root:렝가
CRITICAL:root:이즈리얼
CRITICAL:root:아리
CRITICAL:root:라이즈
CRITICAL:root:징크스
CRITICAL:root:징크스 == 징크스
CRITICAL:root:야스오
CRITICAL:root:야스오 == 야스오
CRITICAL:root:니달리
CRITICAL:root:리 신
CRITICAL:root:케이틀린
CRITICAL:root:마오카이
CRITICAL:root:렉사이
CRITICAL:root:카서스
CRITICAL:root:카서스 == 카서스
CRITICAL:root:제드
CRITICAL:root:제드 == 제드
CRITICAL:root:베인
CRITICAL:root:아리
CRITICAL:root:오리아나
CRITICAL:root:그레이브즈
CRITICAL:root:그레이브즈 == 그레이브즈
CRITICAL:root:징크스
CRITICAL:root:트리스타나
CRITICAL:root:렐
CRITICAL:root:렐 == 렐
CRITICAL:root:볼리베어
CRITICAL:root:제라스
CRITICAL:root:쓰레쉬
CRITICAL:root:이즈리얼
CRITICAL:root:질리언
CRITICAL:root:럭스
CRITICAL:root:진
CRITICAL:root:밀리오
CRITICAL:root:밀리오 == 밀리오
CRITICAL:root:이렐리아
CRITICAL:root:요네
CRITICAL:root:제이스
CRITICAL:root:조이
CRITICAL:root:아트록스
CRITICAL:root:야스오
CRITICAL:root:르블랑
CRITICAL:root:르블랑 == 르블랑
CRITICAL:root:키아나
CRITICAL:root:키아나 == 키아나
CRITICAL:root:엘리스
CRITICAL:root:비에고
CRITICAL:root:그레이브즈
CRITICAL:root:뽀삐
CRITICAL:root:리 신
CRITICAL:root:이즈리얼
CRITICAL:root:이즈리얼 == 이즈리얼
CRITICAL:root:바루스
CRITICAL:root:징크스
CRITICAL:root:자야
CRITICAL:root:이즈리얼
CRITICAL:root:사미라
CRITICAL:root:아펠리오스
CRITICAL:root:카이사
CRITICAL:root:제리
CRITICAL:root:진
CRITICAL:root:쓰레쉬
CRITICAL:root:노틸러스
CRITICAL:root:오른
CRITICAL:root:루시안
CRITICAL:root:코그모
CRITICAL:root:애니
CRITICAL:root:말파이트
CRITICAL:root:애쉬
CRITICAL:root:자르반 4세
CRITICAL:root:카르마
CRITICAL:root:뽀삐
CRITICAL:root:마오카이
CRITICAL:root:벡스
CRITICAL:root:시비르
CRITICAL:root:라칸
CRITICAL:root:그라가스
CRITICAL:root:케이틀린
CRITICAL:root:유미
CRITICAL:root:레오나
CRITICAL:root:초가스
CRITICAL:root:베이가
CRITICAL:root:사일러스
CRITICAL:root:자크
CRITICAL:root:람머스
CRITICAL:root:람머스 == 람머스
CRITICAL:root:르블랑
CRITICAL:root:그라가스
CRITICAL:root:야스오
CRITICAL:root:세트
CRITICAL:root:애쉬
CRITICAL:root:진
CRITICAL:root:진 == 진
CRITICAL:root:오리아나
CRITICAL:root:오리아나 == 오리아나
CRITICAL:root:유미
CRITICAL:root:유미 == 유미
CRITICAL:root:리 신
CRITICAL:root:애쉬
CRITICAL:root:라칸
CRITICAL:root:쓰레쉬
CRITICAL:root:사일러스
CRITICAL:root:밀리오
CRITICAL:root:밀리오 == 밀리오
CRITICAL:root:제드
CRITICAL:root:제드 == 제드
CRITICAL:root:럼블
CRITICAL:root:라칸
CRITICAL:root:애쉬
CRITICAL:root:브라움
CRITICAL:root:블리츠크랭크
CRITICAL:root:트리스타나
CRITICAL:root:파이크
CRITICAL:root:쓰레쉬
CRITICAL:root:아펠리오스
CRITICAL:root:모르가나
CRITICAL:root:카이사
CRITICAL:root:카이사 == 카이사
CRITICAL:root:트린다미어
CRITICAL:root:트린다미어 == 트린다미어
CRITICAL:root:니달리
CRITICAL:root:그레이브즈
CRITICAL:root:카직스
CRITICAL:root:카직스 == 카직스
CRITICAL:root:럼블
CRITICAL:root:럼블 == 럼블
CRITICAL:root:말자하
CRITICAL:root:말자하 == 말자하
CRITICAL:root:징크스
CRITICAL:root:징크스 == 징크스
CRITICAL:root:다리우스
CRITICAL:root:피오라
CRITICAL:root:피오라 == 피오라
CRITICAL:root:쓰레쉬
CRITICAL:root:블리츠크랭크
CRITICAL:root:바드
CRITICAL:root:바드 == 바드
CRITICAL:root:탈론
CRITICAL:root:탈론 == 탈론
CRITICAL:root:아이번
CRITICAL:root:아이번 == 아이번
CRITICAL:root:세주아니
CRITICAL:root:세주아니 == 세주아니
CRITICAL:root:크산테
CRITICAL:root:우디르
CRITICAL:root:제드
CRITICAL:root:벨베스
CRITICAL:root:판테온
CRITICAL:root:요네
CRITICAL:root:리 신
CRITICAL:root:올라프
CRITICAL:root:말파이트
CRITICAL:root:갱플랭크
CRITICAL:root:워윅
CRITICAL:root:아트록스
CRITICAL:root:초가스
CRITICAL:root:가렌
CRITICAL:root:렐
CRITICAL:root:아크샨
CRITICAL:root:진
CRITICAL:root:마스터 이
CRITICAL:root:잭스
CRITICAL:root:신 짜오
CRITICAL:root:케일
CRITICAL:root:아우렐리온 솔
CRITICAL:root:갈리오
CRITICAL:root:말자하
CRITICAL:root:비에고
CRITICAL:root:다리우스
CRITICAL:root:사이온
CRITICAL:root:야스오
CRITICAL:root:케인
CRITICAL:root:녹턴
CRITICAL:root:그라가스
CRITICAL:root:루시안
CRITICAL:root:트린다미어
CRITICAL:root:카직스
CRITICAL:root:카직스 == 카직스
CRITICAL:root:바루스
CRITICAL:root:바루스 == 바루스
CRITICAL:root:잭스
CRITICAL:root:이렐리아
CRITICAL:root:이렐리아 == 이렐리아
CRITICAL:root:니달리
CRITICAL:root:리 신
CRITICAL:root:다이애나
CRITICAL:root:다이애나 == 다이애나
CRITICAL:root:요네
CRITICAL:root:판테온
CRITICAL:root:이즈리얼
CRITICAL:root:리 신
CRITICAL:root:루시안
CRITICAL:root:진
CRITICAL:root:크산테
CRITICAL:root:아리
CRITICAL:root:야스오
CRITICAL:root:말파이트
CRITICAL:root:잭스
CRITICAL:root:피즈
CRITICAL:root:킨드레드
CRITICAL:root:녹턴
CRITICAL:root:쓰레쉬
CRITICAL:root:릴리아
CRITICAL:root:럭스
CRITICAL:root:노틸러스
CRITICAL:root:제이스
CRITICAL:root:비에고
CRITICAL:root:세나
CRITICAL:root:사미라
CRITICAL:root:요릭
CRITICAL:root:피오라
CRITICAL:root:신드라
CRITICAL:root:신드라 == 신드라
CRITICAL:root:아펠리오스
CRITICAL:root:제리
CRITICAL:root:바루스
CRITICAL:root:이즈리얼
CRITICAL:root:이즈리얼 == 이즈리얼
CRITICAL:root:다리우스
CRITICAL:root:요네
CRITICAL:root:요릭
CRITICAL:root:아트록스
CRITICAL:root:아트록스 == 아트록스
CRITICAL:root:드레이븐
CRITICAL:root:노틸러스
CRITICAL:root:트위스티드 페이트
CRITICAL:root:트위스티드 페이트 == 트위스티드 페이트
CRITICAL:root:리 신
CRITICAL:root:니달리
CRITICAL:root:그레이브즈
CRITICAL:root:엘리스
CRITICAL:root:사일러스
CRITICAL:root:사일러스 == 사일러스
CRITICAL:root:진
CRITICAL:root:이즈리얼
CRITICAL:root:징크스
CRITICAL:root:징크스 == 징크스
CRITICAL:root:레오나 시럽스푼 2009
CRITICAL:root:Traceback (most recent call last):
  File "/Users/nicode./MainSpace/BigDataTermendProject/OpggProficiencyCrawler.py", line 35, in <module>
    cnn = elem.select_one("td:nth-child(2) > div.champion-container > div.summoner-name > a").text
AttributeError: 'NoneType' object has no attribute 'text'

CRITICAL:root:징크스
CRITICAL:root:자야
CRITICAL:root:케이틀린
CRITICAL:root:카이사
CRITICAL:root:이즈리얼
CRITICAL:root:바루스
CRITICAL:root:루시안
CRITICAL:root:아펠리오스
CRITICAL:root:아펠리오스 == 아펠리오스
CRITICAL:root:마오카이
CRITICAL:root:마오카이 == 마오카이
CRITICAL:root:리 신
CRITICAL:root:리 신 == 리 신
CRITICAL:root:사일러스
CRITICAL:root:비에고
CRITICAL:root:니달리
CRITICAL:root:리 신
CRITICAL:root:제이스
CRITICAL:root:뽀삐
CRITICAL:root:갱플랭크
CRITICAL:root:엘리스
CRITICAL:root:오공
CRITICAL:root:다리우스
CRITICAL:root:그레이브즈
CRITICAL:root:자르반 4세
CRITICAL:root:럼블
CRITICAL:root:질리언
CRITICAL:root:질리언 == 질리언
CRITICAL:root:유미
CRITICAL:root:파이크
CRITICAL:root:트위스티드 페이트
CRITICAL:root:밀리오
CRITICAL:root:카이사
CRITICAL:root:카사딘
CRITICAL:root:사일러스
CRITICAL:root:갈리오
CRITICAL:root:피즈
CRITICAL:root:르블랑
CRITICAL:root:제드
CRITICAL:root:요네
CRITICAL:root:아리
CRITICAL:root:카밀
CRITICAL:root:빅토르
CRITICAL:root:피오라
CRITICAL:root:룰루
CRITICAL:root:오리아나
CRITICAL:root:아지르
CRITICAL:root:바루스
CRITICAL:root:벡스
CRITICAL:root:코르키
CRITICAL:root:그웬
CRITICAL:root:신드라
CRITICAL:root:라이즈
CRITICAL:root:말파이트
CRITICAL:root:애쉬
CRITICAL:root:애니비아
CRITICAL:root:조이
CRITICAL:root:리산드라
CRITICAL:root:블라디미르
CRITICAL:root:아칼리
CRITICAL:root:비에고
CRITICAL:root:세라핀
CRITICAL:root:세라핀 == 세라핀
CRITICAL:root:마오카이
CRITICAL:root:사일러스
CRITICAL:root:리 신
CRITICAL:root:카직스
CRITICAL:root:오공
CRITICAL:root:킨드레드
CRITICAL:root:에코
CRITICAL:root:바이
CRITICAL:root:그라가스
CRITICAL:root:자르반 4세
CRITICAL:root:그레이브즈
CRITICAL:root:뽀삐
CRITICAL:root:뽀삐 == 뽀삐
CRITICAL:root:이즈리얼
CRITICAL:root:이즈리얼 == 이즈리얼
CRITICAL:root:빅토르
CRITICAL:root:빅토르 == 빅토르
CRITICAL:root:이즈리얼
CRITICAL:root:제드
CRITICAL:root:루시안
CRITICAL:root:진
CRITICAL:root:요네
CRITICAL:root:사일러스
CRITICAL:root:징크스
CRITICAL:root:아리
CRITICAL:root:쓰레쉬
CRITICAL:root:르블랑
CRITICAL:root:카이사
CRITICAL:root:카이사 == 카이사
CRITICAL:root:그레이브즈
CRITICAL:root:크산테
CRITICAL:root:판테온
CRITICAL:root:우디르
CRITICAL:root:아크샨
CRITICAL:root:티모
CRITICAL:root:다리우스
CRITICAL:root:세나
CRITICAL:root:케일
CRITICAL:root:나서스
CRITICAL:root:가렌
CRITICAL:root:세트
CRITICAL:root:쉔
CRITICAL:root:브랜드
CRITICAL:root:카사딘
CRITICAL:root:카사딘 == 카사딘
CRITICAL:root:아리
CRITICAL:root:트위스티드 페이트
CRITICAL:root:징크스
CRITICAL:root:징크스 == 징크스
CRITICAL:root:루시안
CRITICAL:root:루시안 == 루시안
CRITICAL:root:바이
CRITICAL:root:그라가스
CRITICAL:root:그라가스 == 그라가스
CRITICAL:root:애니
CRITICAL:root:자르반 4세
CRITICAL:root:신 짜오
CRITICAL:root:아무무
CRITICAL:root:아무무 == 아무무
CRITICAL:root:유미
CRITICAL:root:유미 == 유미
CRITICAL:root:이렐리아
CRITICAL:root:오리아나
CRITICAL:root:벡스
CRITICAL:root:벡스 == 벡스
CRITICAL:root:블리츠크랭크
CRITICAL:root:노틸러스
CRITICAL:root:쓰레쉬
CRITICAL:root:카르마
CRITICAL:root:카르마 == 카르마
CRITICAL:root:리 신
CRITICAL:root:자야
CRITICAL:root:자야 == 자야
CRITICAL:root:노틸러스
CRITICAL:root:벨코즈
CRITICAL:root:브라움
CRITICAL:root:브라움 == 브라움
CRITICAL:root:블리츠크랭크
CRITICAL:root:세라핀
CRITICAL:root:쓰레쉬
CRITICAL:root:아무무
CRITICAL:root:파이크
CRITICAL:root:밀리오
CRITICAL:root:레나타 글라스크
CRITICAL:root:렐
CRITICAL:root:라칸
CRITICAL:root:소라카
CRITICAL:root:나미
CRITICAL:root:럭스
CRITICAL:root:레오나
CRITICAL:root:애니
CRITICAL:root:룰루
CRITICAL:root:룰루 == 룰루
CRITICAL:root:이즈리얼
CRITICAL:root:이즈리얼 == 이즈리얼
CRITICAL:root:야스오
CRITICAL:root:야스오 == 야스오
CRITICAL:root:룰루
CRITICAL:root:유미
CRITICAL:root:유미 == 유미
CRITICAL:root:이즈리얼
CRITICAL:root:이즈리얼 == 이즈리얼
CRITICAL:root:아펠리오스
CRITICAL:root:이즈리얼
CRITICAL:root:칼리스타
CRITICAL:root:바루스
CRITICAL:root:바루스 == 바루스
CRITICAL:root:쉬바나
CRITICAL:root:럭스
CRITICAL:root:제드
CRITICAL:root:제드 == 제드
CRITICAL:root:세트
CRITICAL:root:세트 == 세트
CRITICAL:root:우르곳
CRITICAL:root:야스오
CRITICAL:root:야스오 == 야스오
CRITICAL:root:이즈리얼
CRITICAL:root:진
CRITICAL:root:리 신
CRITICAL:root:사일러스
CRITICAL:root:판테온
CRITICAL:root:파이크
CRITICAL:root:카이사
CRITICAL:root:징크스
CRITICAL:root:제라스
CRITICAL:root:자야
CRITICAL:root:루시안
CRITICAL:root:코그모
CRITICAL:root:바루스
CRITICAL:root:노틸러스
CRITICAL:root:이렐리아
CRITICAL:root:아리
CRITICAL:root:리산드라
CRITICAL:root:브라움
CRITICAL:root:애쉬
CRITICAL:root:요네
CRITICAL:root:세트
CRITICAL:root:아무무
CRITICAL:root:레오나
CRITICAL:root:자르반 4세
CRITICAL:root:제리
CRITICAL:root:애니비아
CRITICAL:root:다이애나
CRITICAL:root:카르마
CRITICAL:root:트리스타나
CRITICAL:root:트리스타나 == 트리스타나
CRITICAL:root:올라프
CRITICAL:root:마오카이
CRITICAL:root:마오카이 == 마오카이
CRITICAL:root:니코
CRITICAL:root:니코 == 니코
CRITICAL:root:카시오페아
CRITICAL:root:요네
CRITICAL:root:빅토르
CRITICAL:root:자야
CRITICAL:root:헤카림
CRITICAL:root:제리
CRITICAL:root:제리 == 제리
CRITICAL:root:제이스
CRITICAL:root:크산테
CRITICAL:root:크산테 == 크산테
CRITICAL:root:파이크
CRITICAL:root:라칸
CRITICAL:root:밀리오
CRITICAL:root:쓰레쉬
CRITICAL:root:트위치
CRITICAL:root:블리츠크랭크
CRITICAL:root:유미
CRITICAL:root:브라움
CRITICAL:root:하이머딩거
CRITICAL:root:카르마
CRITICAL:root:카르마 == 카르마
CRITICAL:root:카이사
CRITICAL:root:아펠리오스
CRITICAL:root:애니
CRITICAL:root:이즈리얼
CRITICAL:root:미스 포츈
CRITICAL:root:케이틀린
CRITICAL:root:시비르
CRITICAL:root:애쉬
CRITICAL:root:탈리야
CRITICAL:root:키아나
CRITICAL:root:문도 박사
CRITICAL:root:트리스타나
CRITICAL:root:라이즈
CRITICAL:root:소라카
CRITICAL:root:진
CRITICAL:root:진 == 진
CRITICAL:root:사일러스
CRITICAL:root:사일러스 == 사일러스
CRITICAL:root:말파이트
CRITICAL:root:야스오
CRITICAL:root:그라가스
CRITICAL:root:아칼리
CRITICAL:root:이즈리얼
CRITICAL:root:사일러스
CRITICAL:root:르블랑
CRITICAL:root:르블랑 == 르블랑
CRITICAL:root:르블랑
CRITICAL:root:오리아나
CRITICAL:root:탈론
CRITICAL:root:트위스티드 페이트
CRITICAL:root:트위스티드 페이트 == 트위스티드 페이트
CRITICAL:root:이즈리얼
CRITICAL:root:탈론
CRITICAL:root:징크스
CRITICAL:root:진
CRITICAL:root:크산테
CRITICAL:root:요릭
CRITICAL:root:이렐리아
CRITICAL:root:야스오
CRITICAL:root:야스오 == 야스오
CRITICAL:root:다리우스
CRITICAL:root:트린다미어
CRITICAL:root:트린다미어 == 트린다미어
CRITICAL:root:제이스
CRITICAL:root:나르
CRITICAL:root:그웬
CRITICAL:root:모데카이저
CRITICAL:root:모데카이저 == 모데카이저
CRITICAL:root:밀리오
CRITICAL:root:카르마
CRITICAL:root:모르가나
CRITICAL:root:룰루
CRITICAL:root:럭스
CRITICAL:root:소라카
CRITICAL:root:니코
CRITICAL:root:애쉬
CRITICAL:root:세라핀
CRITICAL:root:아리
CRITICAL:root:나미
CRITICAL:root:자야
CRITICAL:root:라칸
CRITICAL:root:라칸 == 라칸
CRITICAL:root:사일러스
CRITICAL:root:킨드레드
CRITICAL:root:벡스
CRITICAL:root:엘리스
CRITICAL:root:빅토르
CRITICAL:root:케인
CRITICAL:root:바이
CRITICAL:root:르블랑
CRITICAL:root:리 신
CRITICAL:root:그레이브즈
CRITICAL:root:아칼리
CRITICAL:root:카직스
CRITICAL:root:신드라
CRITICAL:root:람머스
CRITICAL:root:카사딘
CRITICAL:root:릴리아
CRITICAL:root:루시안
CRITICAL:root:뽀삐
CRITICAL:root:제리
CRITICAL:root:카이사
CRITICAL:root:블리츠크랭크
CRITICAL:root:에코
CRITICAL:root:피즈
CRITICAL:root:카시오페아
CRITICAL:root:파이크
CRITICAL:root:판테온
CRITICAL:root:니코
CRITICAL:root:베인
CRITICAL:root:렝가
CRITICAL:root:렝가 == 렝가
CRITICAL:root:제드
CRITICAL:root:빅토르
CRITICAL:root:그레이브즈
CRITICAL:root:카타리나
CRITICAL:root:아칼리
CRITICAL:root:사일러스
CRITICAL:root:쓰레쉬
CRITICAL:root:이렐리아
CRITICAL:root:파이크
CRITICAL:root:파이크 == 파이크
CRITICAL:root:갱플랭크
CRITICAL:root:갱플랭크 == 갱플랭크
CRITICAL:root:오른
CRITICAL:root:오른 == 오른
CRITICAL:root:티모
CRITICAL:root:티모 == 티모
CRITICAL:root:자크
CRITICAL:root:그라가스
CRITICAL:root:그라가스 == 그라가스
CRITICAL:root:바루스
CRITICAL:root:칼리스타
CRITICAL:root:칼리스타 == 칼리스타
CRITICAL:root:피오라
CRITICAL:root:리 신
CRITICAL:root:아리
CRITICAL:root:비에고
CRITICAL:root:럭스
CRITICAL:root:케일
CRITICAL:root:사일러스
CRITICAL:root:자르반 4세
CRITICAL:root:오른
CRITICAL:root:케넨
CRITICAL:root:블리츠크랭크
CRITICAL:root:애니
CRITICAL:root:애니 == 애니
CRITICAL:root:벡스
CRITICAL:root:벡스 == 벡스
CRITICAL:root:이즈리얼
CRITICAL:root:루시안
CRITICAL:root:트리스타나
CRITICAL:root:트리스타나 == 트리스타나
CRITICAL:root:루시안
CRITICAL:root:제드
CRITICAL:root:바이
CRITICAL:root:애쉬
CRITICAL:root:아펠리오스
CRITICAL:root:그레이브즈
CRITICAL:root:킨드레드
CRITICAL:root:잭스
CRITICAL:root:레오나
CRITICAL:root:마오카이
CRITICAL:root:신 짜오
CRITICAL:root:세주아니
CRITICAL:root:다리우스
CRITICAL:root:사일러스
CRITICAL:root:라칸
CRITICAL:root:오공
CRITICAL:root:리 신
CRITICAL:root:카이사
CRITICAL:root:카이사 == 카이사
CRITICAL:root:제이스
CRITICAL:root:갱플랭크
CRITICAL:root:트리스타나
CRITICAL:root:일라오이
CRITICAL:root:케일
CRITICAL:root:피오라
CRITICAL:root:뽀삐
CRITICAL:root:다리우스
CRITICAL:root:다리우스 == 다리우스
CRITICAL:root:나미
CRITICAL:root:나미 == 나미
CRITICAL:root:요네
CRITICAL:root:요네 == 요네
CRITICAL:root:아트록스
CRITICAL:root:아트록스 == 아트록스
CRITICAL:root:벨베스
CRITICAL:root:이블린
CRITICAL:root:아우렐리온 솔
CRITICAL:root:피들스틱
CRITICAL:root:사일러스
CRITICAL:root:니코
CRITICAL:root:자르반 4세
CRITICAL:root:아무무
CRITICAL:root:뽀삐
CRITICAL:root:람머스
CRITICAL:root:벡스
CRITICAL:root:빅토르
CRITICAL:root:애니
CRITICAL:root:요네
CRITICAL:root:다이애나
CRITICAL:root:세트
CRITICAL:root:아리
CRITICAL:root:스웨인
CRITICAL:root:볼리베어
CRITICAL:root:레오나
CRITICAL:root:킨드레드
CRITICAL:root:신 짜오
CRITICAL:root:렐
CRITICAL:root:리 신
CRITICAL:root:알리스타
CRITICAL:root:헤카림
CRITICAL:root:가렌
CRITICAL:root:신드라
CRITICAL:root:말파이트
CRITICAL:root:다리우스
CRITICAL:root:모데카이저
CRITICAL:root:에코
CRITICAL:root:티모
CRITICAL:root:티모 == 티모
CRITICAL:root:럼블
CRITICAL:root:럼블 == 럼블
CRITICAL:root:그레이브즈
CRITICAL:root:니달리
CRITICAL:root:케이틀린
CRITICAL:root:케이틀린 == 케이틀린
CRITICAL:root:타릭
CRITICAL:root:나미
CRITICAL:root:요네
CRITICAL:root:질리언
CRITICAL:root:말파이트
CRITICAL:root:잔나
CRITICAL:root:카직스
CRITICAL:root:사일러스
CRITICAL:root:피즈
CRITICAL:root:유미
CRITICAL:root:그라가스
CRITICAL:root:제리
CRITICAL:root:야스오
CRITICAL:root:카르마
CRITICAL:root:레나타 글라스크
CRITICAL:root:자르반 4세
CRITICAL:root:리 신
CRITICAL:root:에코
CRITICAL:root:피들스틱
CRITICAL:root:빅토르
CRITICAL:root:밀리오
CRITICAL:root:헤카림
CRITICAL:root:판테온
CRITICAL:root:카사딘
CRITICAL:root:다이애나
CRITICAL:root:소나
CRITICAL:root:렐
CRITICAL:root:렐 == 렐
CRITICAL:root:럼블
CRITICAL:root:뽀삐
CRITICAL:root:나서스
CRITICAL:root:말파이트
CRITICAL:root:말파이트 == 말파이트
CRITICAL:root:그레이브즈
CRITICAL:root:그레이브즈 == 그레이브즈
CRITICAL:root:킨드레드
CRITICAL:root:리 신
CRITICAL:root:비에고
CRITICAL:root:렉사이
CRITICAL:root:릴리아
CRITICAL:root:릴리아 == 릴리아
CRITICAL:root:제드
CRITICAL:root:야스오
CRITICAL:root:리븐
CRITICAL:root:이렐리아
CRITICAL:root:블리츠크랭크
CRITICAL:root:리 신
CRITICAL:root:잭스
CRITICAL:root:쓰레쉬
CRITICAL:root:그레이브즈
CRITICAL:root:르블랑
CRITICAL:root:파이크
CRITICAL:root:모르가나
CRITICAL:root:카사딘
CRITICAL:root:사일러스
CRITICAL:root:케인
CRITICAL:root:제이스
CRITICAL:root:요네
CRITICAL:root:사미라
CRITICAL:root:카이사
CRITICAL:root:아무무
CRITICAL:root:아무무 == 아무무
CRITICAL:root:나미
CRITICAL:root:유미
CRITICAL:root:룰루
CRITICAL:root:라칸
CRITICAL:root:잔나
CRITICAL:root:밀리오
CRITICAL:root:카르마
CRITICAL:root:카르마 == 카르마
CRITICAL:root:카타리나
CRITICAL:root:카타리나 == 카타리나
CRITICAL:root:세트
CRITICAL:root:아트록스
CRITICAL:root:오른
CRITICAL:root:이렐리아
CRITICAL:root:요릭
CRITICAL:root:사일러스
CRITICAL:root:그라가스
CRITICAL:root:자크
CRITICAL:root:피오라
CRITICAL:root:쓰레쉬
CRITICAL:root:진
CRITICAL:root:이즈리얼
CRITICAL:root:야스오
CRITICAL:root:비에고
CRITICAL:root:케이틀린
CRITICAL:root:잭스
CRITICAL:root:잭스 == 잭스
CRITICAL:root:진
CRITICAL:root:징크스
CRITICAL:root:드레이븐
CRITICAL:root:이즈리얼
CRITICAL:root:자야
CRITICAL:root:바루스
CRITICAL:root:아펠리오스
CRITICAL:root:제리
CRITICAL:root:아리
CRITICAL:root:케이틀린
CRITICAL:root:카이사
CRITICAL:root:루시안
CRITICAL:root:루시안 == 루시안
CRITICAL:root:나서스
CRITICAL:root:야스오
CRITICAL:root:아리
CRITICAL:root:아리 == 아리
CRITICAL:root:루시안
CRITICAL:root:아리
CRITICAL:root:신드라
CRITICAL:root:사일러스
CRITICAL:root:사일러스 == 사일러스
CRITICAL:root:리 신
CRITICAL:root:니달리
CRITICAL:root:그레이브즈
CRITICAL:root:사일러스
CRITICAL:root:이즈리얼
CRITICAL:root:마오카이
CRITICAL:root:마오카이 == 마오카이
CRITICAL:root:사이온
CRITICAL:root:오른
CRITICAL:root:오른 == 오른
CRITICAL:root:다리우스
CRITICAL:root:다리우스 == 다리우스
CRITICAL:root:아우렐리온 솔
CRITICAL:root:아우렐리온 솔 == 아우렐리온 솔
CRITICAL:root:가렌
CRITICAL:root:가렌 == 가렌
CRITICAL:root:이렐리아
CRITICAL:root:아펠리오스
CRITICAL:root:아펠리오스 == 아펠리오스
CRITICAL:root:블리츠크랭크
CRITICAL:root:블리츠크랭크 == 블리츠크랭크
CRITICAL:root:이즈리얼
CRITICAL:root:루시안
CRITICAL:root:카이사
CRITICAL:root:자야
CRITICAL:root:카르마
CRITICAL:root:징크스
CRITICAL:root:진
CRITICAL:root:오른
CRITICAL:root:오른 == 오른
CRITICAL:root:렉사이
CRITICAL:root:렉사이 == 렉사이
CRITICAL:root:리 신
CRITICAL:root:그레이브즈
CRITICAL:root:마오카이
CRITICAL:root:니코
CRITICAL:root:이즈리얼
CRITICAL:root:사일러스
CRITICAL:root:벨베스
CRITICAL:root:그라가스
CRITICAL:root:다이애나
CRITICAL:root:바루스
CRITICAL:root:뽀삐
CRITICAL:root:카서스
CRITICAL:root:진
CRITICAL:root:드레이븐
CRITICAL:root:에코
CRITICAL:root:아펠리오스
CRITICAL:root:제이스
CRITICAL:root:베인
CRITICAL:root:케인
CRITICAL:root:마스터 이
CRITICAL:root:킨드레드
CRITICAL:root:우디르
CRITICAL:root:이렐리아
CRITICAL:root:잭스
CRITICAL:root:카밀
CRITICAL:root:트런들
CRITICAL:root:피들스틱
CRITICAL:root:이블린
CRITICAL:root:자크
CRITICAL:root:트리스타나
CRITICAL:root:제드
CRITICAL:root:엘리스
CRITICAL:root:니달리
CRITICAL:root:탈리야
CRITICAL:root:카직스
CRITICAL:root:갱플랭크
CRITICAL:root:자르반 4세
CRITICAL:root:피오라
CRITICAL:root:쉬바나
CRITICAL:root:비에고
CRITICAL:root:비에고 == 비에고
CRITICAL:root:이즈리얼
CRITICAL:root:사미라
CRITICAL:root:카이사
CRITICAL:root:자야
CRITICAL:root:징크스
CRITICAL:root:징크스 == 징크스
CRITICAL:root:카직스
CRITICAL:root:렉사이
CRITICAL:root:렉사이 == 렉사이
CRITICAL:root:사일러스
CRITICAL:root:그라가스
CRITICAL:root:탈론
CRITICAL:root:탈론 == 탈론
CRITICAL:root:사일러스
CRITICAL:root:아우렐리온 솔
CRITICAL:root:가렌
CRITICAL:root:제드
CRITICAL:root:야스오
CRITICAL:root:리 신
CRITICAL:root:판테온
CRITICAL:root:요네
CRITICAL:root:신드라
CRITICAL:root:자크
CRITICAL:root:비에고
CRITICAL:root:자르반 4세
CRITICAL:root:애니
CRITICAL:root:벡스
CRITICAL:root:아지르
CRITICAL:root:베이가
CRITICAL:root:나서스
CRITICAL:root:말파이트
CRITICAL:root:렝가
CRITICAL:root:빅토르
CRITICAL:root:갈리오
CRITICAL:root:크산테
CRITICAL:root:워윅
CRITICAL:root:그라가스
CRITICAL:root:카밀
CRITICAL:root:아크샨
CRITICAL:root:카사딘
CRITICAL:root:일라오이
CRITICAL:root:볼리베어
CRITICAL:root:볼리베어 == 볼리베어
CRITICAL:root:요네
CRITICAL:root:사일러스
CRITICAL:root:사일러스 == 사일러스
CRITICAL:root:리 신
CRITICAL:root:비에고
CRITICAL:root:빅토르
CRITICAL:root:마오카이
CRITICAL:root:킨드레드
CRITICAL:root:엘리스
CRITICAL:root:엘리스 == 엘리스
CRITICAL:root:킨드레드
CRITICAL:root:리 신
CRITICAL:root:리 신 == 리 신
CRITICAL:root:갱플랭크
CRITICAL:root:갱플랭크 == 갱플랭크
CRITICAL:root:모데카이저
CRITICAL:root:말파이트
CRITICAL:root:이즈리얼
CRITICAL:root:이즈리얼 == 이즈리얼
CRITICAL:root:갈리오
CRITICAL:root:리 신
CRITICAL:root:제드
CRITICAL:root:니달리
CRITICAL:root:트위스티드 페이트
CRITICAL:root:오리아나
CRITICAL:root:요네
CRITICAL:root:빅토르
CRITICAL:root:마오카이
CRITICAL:root:신드라
CRITICAL:root:야스오
CRITICAL:root:사일러스
CRITICAL:root:아칼리
CRITICAL:root:라이즈
CRITICAL:root:레넥톤
CRITICAL:root:밀리오
CRITICAL:root:루시안
CRITICAL:root:카르마
CRITICAL:root:나미
CRITICAL:root:나미 == 나미
CRITICAL:root:세트
CRITICAL:root:판테온
CRITICAL:root:올라프
CRITICAL:root:다리우스
CRITICAL:root:가렌
CRITICAL:root:아트록스
CRITICAL:root:나서스
CRITICAL:root:쓰레쉬
CRITICAL:root:쓰레쉬 == 쓰레쉬
CRITICAL:root:아펠리오스
CRITICAL:root:제리
CRITICAL:root:제리 == 제리
CRITICAL:root:이렐리아
CRITICAL:root:이렐리아 == 이렐리아
CRITICAL:root:카사딘
CRITICAL:root:하이머딩거
CRITICAL:root:빅토르
CRITICAL:root:제리
CRITICAL:root:그레이브즈
CRITICAL:root:이렐리아
CRITICAL:root:블리츠크랭크
CRITICAL:root:아펠리오스
CRITICAL:root:아펠리오스 == 아펠리오스
CRITICAL:root:제이스
CRITICAL:root:크산테
CRITICAL:root:잭스
CRITICAL:root:요네
CRITICAL:root:레넥톤
CRITICAL:root:말파이트
CRITICAL:root:럼블
CRITICAL:root:다리우스
CRITICAL:root:라이즈
CRITICAL:root:그라가스
CRITICAL:root:마오카이
CRITICAL:root:카밀
CRITICAL:root:올라프
CRITICAL:root:리 신
CRITICAL:root:트린다미어
CRITICAL:root:사일러스
CRITICAL:root:그웬
CRITICAL:root:나르
CRITICAL:root:피오라
CRITICAL:root:바루스
CRITICAL:root:카직스
CRITICAL:root:갱플랭크
CRITICAL:root:바이
CRITICAL:root:아트록스
CRITICAL:root:자르반 4세
CRITICAL:root:나서스
CRITICAL:root:빅토르
CRITICAL:root:빅토르 == 빅토르
CRITICAL:root:카직스
CRITICAL:root:샤코
CRITICAL:root:사이온
CRITICAL:root:탈론
CRITICAL:root:케인
CRITICAL:root:그레이브즈
CRITICAL:root:우디르
CRITICAL:root:비에고
CRITICAL:root:사일러스
CRITICAL:root:문도 박사
CRITICAL:root:문도 박사 == 문도 박사
CRITICAL:root:제리
CRITICAL:root:루시안
CRITICAL:root:이즈리얼
CRITICAL:root:이즈리얼 == 이즈리얼
CRITICAL:root:세트
CRITICAL:root:마스터 이
CRITICAL:root:루시안
CRITICAL:root:녹턴
CRITICAL:root:녹턴 == 녹턴
CRITICAL:root:아리
CRITICAL:root:사일러스
CRITICAL:root:제이스
CRITICAL:root:르블랑
CRITICAL:root:트리스타나
CRITICAL:root:이즈리얼
CRITICAL:root:럼블
CRITICAL:root:조이
CRITICAL:root:니코
CRITICAL:root:니코 == 니코
CRITICAL:root:피오라
CRITICAL:root:오른
CRITICAL:root:아트록스
CRITICAL:root:나서스
CRITICAL:root:모데카이저
CRITICAL:root:소라카
CRITICAL:root:라칸
CRITICAL:root:알리스타
CRITICAL:root:밀리오
CRITICAL:root:블리츠크랭크
CRITICAL:root:블리츠크랭크 == 블리츠크랭크
CRITICAL:root:룰루
CRITICAL:root:노틸러스
CRITICAL:root:라칸
CRITICAL:root:라칸 == 라칸
CRITICAL:root:잭스
CRITICAL:root:잭스 == 잭스
CRITICAL:root:사미라
CRITICAL:root:이즈리얼
CRITICAL:root:이즈리얼 == 이즈리얼
CRITICAL:root:이렐리아
CRITICAL:root:이렐리아 == 이렐리아
CRITICAL:root:니달리
CRITICAL:root:리 신
CRITICAL:root:갱플랭크
CRITICAL:root:징크스
CRITICAL:root:그레이브즈
CRITICAL:root:그레이브즈 == 그레이브즈
CRITICAL:root:아펠리오스
CRITICAL:root:코그모
CRITICAL:root:이즈리얼
CRITICAL:root:트리스타나
CRITICAL:root:닐라
CRITICAL:root:직스
CRITICAL:root:징크스
CRITICAL:root:세나
CRITICAL:root:쓰레쉬
CRITICAL:root:라칸
CRITICAL:root:자야
CRITICAL:root:노틸러스
CRITICAL:root:레오나
CRITICAL:root:아무무
CRITICAL:root:아리
CRITICAL:root:애쉬
CRITICAL:root:블리츠크랭크
CRITICAL:root:블리츠크랭크 == 블리츠크랭크
CRITICAL:root:아트록스
CRITICAL:root:이렐리아
CRITICAL:root:카직스
CRITICAL:root:리븐
CRITICAL:root:요네
CRITICAL:root:카시오페아
CRITICAL:root:니달리
CRITICAL:root:제드
CRITICAL:root:제이스
CRITICAL:root:그레이브즈
CRITICAL:root:벡스
CRITICAL:root:피오라
CRITICAL:root:아리
CRITICAL:root:레넥톤
CRITICAL:root:야스오
CRITICAL:root:사일러스
CRITICAL:root:리 신
CRITICAL:root:리 신 == 리 신
CRITICAL:root:루시안
CRITICAL:root:자야
CRITICAL:root:이즈리얼
CRITICAL:root:이즈리얼 == 이즈리얼
